--------- beginning of main
11-03 17:47:55.272  2041  2300 I HwPacketFilterBypass: isBypassAllowed not allowed reason: DATA_OFF
11-03 17:47:55.272  2041  2300 I HwPacketFilterBypass: kernelAddTrackUid uid:10216 allowed:false
11-03 17:47:55.297 25998 26170 I SecureX509TrustManager: checkServerTrusted: begin
11-03 17:47:55.297 25998 26170 I SecureX509TrustManager: checkServerTrusted: check server i : 0
11-03 17:47:55.459 25998 26170 I HiAdKit.Response:  setNetDuration1 305
11-03 17:47:55.460 25998 26170 I HiAdKit.HiAdResponseDataLogger:  response data: {"retcode":200}
11-03 17:47:55.460 25998 26170 I HiAdKit.Response:  setNetDuration2 305
11-03 17:47:55.460 25998 26170 I HiAdKit.OkHttpCaller:  end request
11-03 17:47:55.461 25998 26170 I HiAdKit.HttpCall:  response http code: 200 exception: 
11-03 17:47:55.475 16502 16502 D RcsPackageManagerUtils: onReceive action:android.intent.action.PACKAGE_ADDED
11-03 17:47:55.475 16502 16502 D RcsPackageManagerUtils: onReceive packageName:com.example.androidmkdemo
11-03 17:47:55.475 16502 16502 D RcsPackageManagerUtils: not native rcs app added
11-03 17:47:55.548  1364  1658 I TrafficMonitor: update:rxPkts:34,txPkts:18,rxBytes:12987,txBytes:2806
11-03 17:47:55.548  1364  1658 I TrafficMonitor: start expired. level:-1
11-03 17:47:55.548  1364  1658 I TrafficMonitor: gettimer:interval=2000
11-03 17:47:55.556 25998 26181 I TaskRunMonitor: DEC - task count: 10
11-03 17:47:55.556 25998 26181 I TaskRunMonitor: DEC - task count: 9
11-03 17:47:55.556 25998 26181 I TaskRunMonitor: DEC - task count: 8
11-03 17:47:55.556 25998 26181 I TaskRunMonitor: DEC - task count: 7
11-03 17:47:55.556 25998 26181 I TaskRunMonitor: DEC - task count: 6
11-03 17:47:55.556 25998 26181 I TaskRunMonitor: DEC - task count: 5
11-03 17:47:55.556 25998 26181 I TaskRunMonitor: DEC - task count: 4
11-03 17:47:55.556 25998 26181 I TaskRunMonitor: DEC - task count: 3
11-03 17:47:55.556 25998 26181 I TaskRunMonitor: DEC - task count: 2
11-03 17:47:55.556 25998 26181 I TaskRunMonitor: DEC - task count: 1
11-03 17:47:55.556 25998 26181 I TaskRunMonitor: startTimerTask
11-03 17:47:55.556 25998 26181 I TaskRunMonitor: schedule at 5000
11-03 17:47:55.556 25998 26181 I TaskRunMonitor: DEC - task count: 0
11-03 17:47:55.675   884  3249 E LOGSERVER_UTILS: [ERecovery]ReadEvent: ERecoveryEventManager ReadEvent 0
11-03 17:47:56.273  2041  4194 D ConnCureStateMonitor: handleMessage: msg[4]
11-03 17:47:56.274  2041  4194 D ConnCureStateMonitor: canPerformConnCure: network is not in service.
11-03 17:47:56.363   634   634 E WifiHAL : enter wifi_get_link_stats
11-03 17:47:56.368  1364  1659 E WificondControl: Noise: 0, Snr: 0, Chload: -1
11-03 17:47:56.370  1364  1659 V HwWifiServiceFactory: get AllImpl object = com.android.server.wifi.HwWifiServiceFactoryImpl@91d5c64
11-03 17:47:56.373  1364  1659 D TelephonyManager: getAllCellInfo calling app is android
11-03 17:47:56.374  2195  2783 W PhoneInterfaceManager: shouldBlockLocation running ...
11-03 17:47:56.374  2195  2783 I PhoneInterfaceManager: shouldBlockLocation  ret:false
11-03 17:47:56.460   852   878 D AwareLog: iawared: WorkingsetProcessCommand subCmd = 357, userId=10216, pid=26030, com.example.androidmkdemo
11-03 17:47:56.460   852   878 D AwareLog: iawared: WorkingsetPauseCollect com.example.androidmkdemo
11-03 17:47:56.543  1364  1658 I TrafficMonitor: expired arrive. level:-1
11-03 17:47:56.543  1364  1658 I TrafficMonitor: during_ms:2004,period_ms:2000
11-03 17:47:56.543  1364  1658 I TrafficMonitor: count:892,rx_sum:34,tx_sum:18,rxBytes:12987,during_ms:2004,rx_speed:6480.538922155689,tx_speed:1400.1996007984033,rto:1.8888888888888888
11-03 17:47:56.715   884  3249 E LOGSERVER_UTILS: [ERecovery]ReadEvent: ERecoveryEventManager ReadEvent 0
11-03 17:47:56.720   852 30002 I Pged-IPgedBinderService: ****action is 2, pid num is 2***
11-03 17:47:56.721   852 30002 I Pged-Freezer: thawPids
11-03 17:47:56.722  2169  2751 D PgedBinderAdapter: unF_Z ok, pid: [19727]
--------- beginning of system
11-03 17:47:56.742  1364  1495 I ActivityManager: App 10037/com.android.packageinstaller targets O+, restricted
11-03 17:47:56.742  1364  1495 W BroadcastQueue: Background execution not allowed: receiving Intent { act=android.intent.action.PACKAGE_ADDED dat=package:com.example.androidmkdemo flg=0x4000010 (has extras) } to com.android.packageinstaller/.PackageInstalledReceiver
11-03 17:47:56.749 21930 21930 W ContextImpl: Calling a method in the system process without a qualified user: android.app.ContextImpl.startService:1674 android.content.ContextWrapper.startService:669 android.content.ContextWrapper.startService:669 com.android.settings.applications.BlackListReceiver.onReceive:42 android.app.ActivityThread.handleReceiver:4349 
11-03 17:47:56.751 28709 28709 E HwLauncher: HwAppMarketDownloadModel handleInstallAction op: 2
11-03 17:47:56.761 28709 28709 W HwLauncher: HwAppMarketDownloadModel get getBundleExtra with downloadtask all return null!
11-03 17:47:56.764 21930 21930 W BlackListService: settings app is pulled up, onCreate is called
11-03 17:47:56.766  1364  1495 I ActivityManager: App 10099/com.huawei.gameassistant targets O+, restricted
11-03 17:47:56.774 26040 26040 I HwGameAssistant-10.1.2.300-InstallPackageIntentReceiver: packagename=com.example.androidmkdemo
11-03 17:47:56.775 21930 21930 W BlackListService: settings app is pulled up, onDestroy is called
11-03 17:47:56.783  1364  1706 D HwConnectivityServiceEx: set cache by key is 10099 interfaceName iswlan0 value is false
11-03 17:47:56.784 26176 26176 I HiDecision: PackageRecevier: PackageReceiver: action is: android.intent.action.PACKAGE_ADDED, pkg：com.example.androidmkdemo
11-03 17:47:56.784 26040 26192 I HwGameAssistant-10.1.2.300-ProtocolManager: user not agree local protocol.
11-03 17:47:56.785 26040 26192 I HwGameAssistant-10.1.2.300-GameDataManager: has not AgreeAccessNetwork.
11-03 17:47:56.786 26040 26192 I HwGameAssistant-10.1.2.300-GameDataManager: query iawaresdk req:[com.example.androidmkdemo]
11-03 17:47:56.789 26040 26192 I HwGameAssistant-10.1.2.300-GameDataManager: query iawaresdk res:{com.example.androidmkdemo=-1}
11-03 17:47:56.798 26176 17628 W HiDecision: PackageRecevier: pkg is not hiboard or intelligent
11-03 17:47:56.798 19727 19795 E HiApp.InstalledAppDataMgr: main{1} <<< ERROR >>> the installed app list is not initial yet. it's useless to update!
11-03 17:47:56.826 20049 20117 W HSM_UI  : TrafficProcessToPackage:The component info list is null
11-03 17:47:56.829  1364  2112 V ActivityManager: Successfully start provider ContentProviderRecord{2950b4c u0 com.huawei.systemmanager/.netassistant.db.traffic.TrafficDBProvider} launchingApp=null caller pid= 20049
11-03 17:47:56.830  1364  1706 D HwConnectivityServiceEx: set cache by key is 10022 interfaceName iswlan0 value is false
11-03 17:47:56.837 20049 20049 W ContextImpl: Calling a method in the system process without a qualified user: android.app.ContextImpl.startService:1674 android.content.ContextWrapper.startService:669 android.content.ContextWrapper.startService:669 com.huawei.securitycenter.antivirus.utils.c.r:73 com.huawei.securitycenter.antivirus.AntiVirusReceiver.onReceive:46 
11-03 17:47:56.840  1364  1706 D ConnectivityService: get Network state from cache, cacheBlock is 0
11-03 17:47:56.844  2075  2075 W ContextImpl: Calling a method in the system process without a qualified user: android.app.ContextImpl.startService:1674 android.content.ContextWrapper.startService:669 com.huawei.securitycenter.antivirus.AntiVirusService.s:33 com.huawei.securitycenter.antivirus.AntiVirusService.onStartCommand:72 android.app.ActivityThread.handleServiceArgs:4663 
11-03 17:47:56.826 20049 20117 W HSM_UI  : TrafficProcessToPackage:The component info list is null
11-03 17:47:56.845  1364  1706 I DeviceIdentifiers: udid has been read success, return!
11-03 17:47:56.851  1364  1706 D ConnectivityService: get Network state from cache, cacheBlock is 0
11-03 17:47:56.864  1364  1710 D HwConnectivityServiceEx: set cache by key is 1000 interfaceName iswlan0 value is false
11-03 17:47:56.870  1364 20936 D ConnectivityService: get Network state from cache, cacheBlock is 0
11-03 17:47:56.871 20096 20135 D QVS_SDK_TAG: in install() curNum 1
11-03 17:47:56.872 20096 20135 D QVS_SDK_TAG: install()
11-03 17:47:56.872 20096 20135 D QVS_SDK_TAG: install() bind service
11-03 17:47:56.872 20096 20135 W ContextImpl: Calling a method in the system process without a qualified user: android.app.ContextImpl.bindService:1753 android.content.ContextWrapper.bindService:705 com.qihoo.qvssdk.AntivirusEngineImpl.install:44 com.qihoo.qvssdk.AntivirusProviderImpl.install:213 com.huawei.securitycenter.antivirus.newengine.b$c.call:118 
11-03 17:47:56.873  1364  1986 V BroadcastQueue: Finished with ordered broadcast BroadcastRecord{54e920a u0 android.intent.action.PACKAGE_ADDED}
11-03 17:47:56.887  1364 20936 D ConnectivityService: get Network state from cache, cacheBlock is 0
11-03 17:47:56.889 20096 20135 D QVS_SDK_TAG: install: DeepScan prepare init, thread: Thread[NewEngineUtils_146568888,5,main]
11-03 17:47:56.889 20096 20135 D QVS_SDK_TAG: install: DeepScan wait: 0
11-03 17:47:56.890 20096 20096 D QVS_SDK_TAG: com.huawei.systemmanager/com.qihoo.security.services.DeepScanService connected! thread: Thread[main,5,main]
11-03 17:47:56.892  1364 20936 D ConnectivityService: get Network state from cache, cacheBlock is 0
11-03 17:47:56.908 21930 21930 W ContextImpl: Calling a method in the system process without a qualified user: android.app.ContextImpl.startService:1674 android.content.ContextWrapper.startService:669 android.content.ContextWrapper.startService:669 com.android.settings.applications.BlackListReceiver.onReceive:42 android.app.ActivityThread.handleReceiver:4349 
11-03 17:47:56.924 21930 21930 W BlackListService: settings app is pulled up, onCreate is called
11-03 17:47:56.927 26176 26176 I HiDecision: PackageRecevier: PackageReceiver: action is: android.intent.action.PACKAGE_REPLACED, pkg：com.example.androidmkdemo
11-03 17:47:56.928 21930 21930 W BlackListService: settings app is pulled up, onDestroy is called
11-03 17:47:56.928 26176 17684 W HiDecision: SystemUtil: operate: 1, pkg: com.example.androidmkdemo, has record!
11-03 17:47:56.928 26176 17684 W HiDecision: PackageRecevier: pkg is not hiboard or intelligent
11-03 17:47:56.952  1364  1706 V BroadcastQueue: Finished with ordered broadcast BroadcastRecord{6762770 u0 android.intent.action.PACKAGE_REPLACED}
11-03 17:47:56.964  2075  2490 E HSC_SEC_BG: AppChangeReceiver:handlePackageReplace DbPermissionItem is null for com.example.androidmkdemo
11-03 17:47:56.967  2075  2075 W HSM_BG  : HsmIntentService:still has some task running, don't stop service.
11-03 17:47:56.983 26040 26192 E HwGameAssistant-10.1.2.300-GameDataManager: appDataTss is null!
11-03 17:47:56.985 26040 26192 E HwGameAssistant-10.1.2.300-BuoyDataManager: appDataTss is null!
11-03 17:47:56.985  2075  2490 E HSC_SEC_BG: AddViewAppManager:updateDataToFramework blackListItems is null or empty
11-03 17:47:56.988 26040 26202 E HwGameAssistant-10.1.2.300-GameDataManager: HTTP-REQUEST access store Server failed: httpStatusCode = -2, exception = null
11-03 17:47:56.989 20096 20135 D QVS_SDK_TAG: install: DeepScan wait: 100
11-03 17:47:56.990 20096 20135 D QVS_SDK_TAG: install: DeepScan init finished
11-03 17:47:56.990 20096 20135 D QVS_SDK_TAG: scanInstalledPackage()
11-03 17:47:56.992 20096 26205 D QVS_SDK_TAG: doSingleScan type:3 engine:6 param:com.example.androidmkdemo
11-03 17:47:56.992 20096 26205 I qvs-i   : se.ct
11-03 17:47:56.993 20096 26205 I qvs-i   : mc.reg
11-03 17:47:56.993 20096 26205 I ao      : mc.init 1
11-03 17:47:56.995 20096 26205 I qvs-i   : se.it
11-03 17:47:56.995 26040 26192 I meassistant:br: System.exit called, status: 0
11-03 17:47:56.995 26040 26192 I AndroidRuntime: VM exiting with result code 0, cleanup skipped.
11-03 17:47:57.021 20096 26205 I qvs-i   : se.it
11-03 17:47:57.023 20096 26205 I qvs-i   : se.it
11-03 17:47:57.024 20096 26205 D QVS_SDK_TAG: [2331022]Scan onReady
11-03 17:47:57.068 20096 26198 W AVLSDK-3.1.25: ExtraUtil:getKeyHashFail, path:/data/app/com.example.androidmkdemo-H2n6UUPR2hh9SeP0FZR5fg==/base.apk
11-03 17:47:57.069  1364 14540 I ActivityManager: Process com.huawei.gameassistant:brd (pid 26040) has died: cch+15 CEM 
11-03 17:47:57.069  1364  1706 D ConnectivityService: get Network state from cache, cacheBlock is 0
11-03 17:47:57.069   570   570 I Zygote  : Process 26040 exited cleanly (0)
11-03 17:47:57.069  1364  1497 I libprocessgroup: Successfully killed process cgroup uid 10099 pid 26040 in 0ms
11-03 17:47:57.072  1364  1490 I HwPowerManagerService: appdie release wakelock, pid = 26040, uid = 10099
11-03 17:47:57.072  1364 14540 D ActivityManager: cleanUpApplicationRecord app: ProcessRecord{8e1d754 26040:com.huawei.gameassistant:brd/u0a99}, app.bad: false, restarting: false, allowRestart: true
11-03 17:47:57.076  2041 23504 I BoosterSwitchP: notifyUidState do nothing
11-03 17:47:57.076  2041 23504 I DeepNoDisturbP: notifyUidState
11-03 17:47:57.076  2041 23504 I BrowserChrP: notifyUidState
11-03 17:47:57.079  2041 17985 E HsmCoreServiceImpl: onTransact in code is: 102
11-03 17:47:57.080  2041 17985 I MediaProcessHandler: processOp opType: 1, uid: 10099, pid: 26040
11-03 17:47:57.080  2041 17985 W MediaProcessHandler: remove target not exist, maybe the UI process: uid: 10099, pid: 26040
11-03 17:47:57.080  2041 17985 I MediaProcessHandler: executedCallBack opType: 1 mMediaStatusObservers.size=0
11-03 17:47:57.086   569  1066 W /system/bin/netd: A binder object at 0x72f2379480 is being transacted on, however, this object is in the same process as its proxy. Transacting with this binder is expensive compared to just calling the corresponding functionality in the same process.
11-03 17:47:57.087   569  1066 I PreDnsController: canPreDnsQuery,persist.sys.predns is false!
11-03 17:47:57.116  1364  1706 D ConnectivityService: get Network state from cache, cacheBlock is 0
11-03 17:47:57.119  1364  1706 I DeviceIdentifiers: udid has been read success, return!
11-03 17:47:57.117  1364  1706 D ConnectivityService: get Network state from cache, cacheBlock is 0
11-03 17:47:57.162  1364  1706 D HwConnectivityServiceEx: set cache by key is 1000 interfaceName isNULL value is false
11-03 17:47:57.163  1364  1706 D ConnectivityService: get Network state from cache, cacheBlock is 0
11-03 17:47:57.179 20096 26206 D QVS_SDK_TAG: [2331022]Scan Process
11-03 17:47:57.274  1364  1745 W Binder  : Outgoing transactions from this process must be FLAG_ONEWAY
11-03 17:47:57.274  1364  1745 W Binder  : java.lang.Throwable
11-03 17:47:57.274  1364  1745 W Binder  : 	at android.os.BinderProxy.transact(BinderProxy.java:496)
11-03 17:47:57.274  1364  1745 W Binder  : 	at com.android.server.hidata.hinetwork.IAppNetService$Stub$Proxy.getEstablishedInfo(IAppNetService.java:147)
11-03 17:47:57.274  1364  1745 W Binder  : 	at com.android.server.hidata.hinetwork.HwHiNetworkManager.getEstablishedInfo(HwHiNetworkManager.java:632)
11-03 17:47:57.274  1364  1745 W Binder  : 	at com.android.server.hidata.hinetwork.HwHiNetworkManager.onAppStartEx(HwHiNetworkManager.java:383)
11-03 17:47:57.274  1364  1745 W Binder  : 	at com.android.server.hidata.hinetwork.HwHiNetworkManager.access$900(HwHiNetworkManager.java:47)
11-03 17:47:57.274  1364  1745 W Binder  : 	at com.android.server.hidata.hinetwork.HwHiNetworkManager$3.handleMessage(HwHiNetworkManager.java:283)
11-03 17:47:57.274  1364  1745 W Binder  : 	at android.os.Handler.dispatchMessage(Handler.java:107)
11-03 17:47:57.274  1364  1745 W Binder  : 	at android.os.Looper.loop(Looper.java:213)
11-03 17:47:57.274  1364  1745 W Binder  : 	at android.os.HandlerThread.run(HandlerThread.java:67)
11-03 17:47:57.277 17040 17146 I HwGameAssistant-10.1.2.300-ProtocolManager: user not agree local protocol.
11-03 17:47:57.278 17040 26211 I HwGameAssistant-10.1.2.300-BoosterModelValidHelper: access JXS server
11-03 17:47:57.279 17040 26211 E HwGameAssistant-10.1.2.300-BoosterModelValidHelper: access JXS Server failed: httpStatusCode = -2, exception = null
11-03 17:47:57.392   842   842 E Thermal-daemon: [ap] temp_new :35  temp_old :34
11-03 17:47:57.393   842   842 E Thermal-daemon: Report temperature: [ap] temp :35  report_threshold:1
11-03 17:47:57.398   569  1066 W /system/bin/netd: A binder object at 0x72f2379480 is being transacted on, however, this object is in the same process as its proxy. Transacting with this binder is expensive compared to just calling the corresponding functionality in the same process.
11-03 17:47:57.398   569  1066 I PreDnsController: canPreDnsQuery,persist.sys.predns is false!
11-03 17:47:57.392  1364  1706 I chatty  : uid=1000(system) Binder:1364_3 identical 49 lines
11-03 17:47:57.393  1364  1706 D ConnectivityService: get Network state from cache, cacheBlock is 0
11-03 17:47:57.466  1364 14540 D ConnectivityService: get Network state from cache, cacheBlock is 0
11-03 17:47:57.508 20096 26210 I qvs-i   : mc.task.done false
11-03 17:47:57.513 20096 26210 I qvs-i   : mc.taskq.fin
11-03 17:47:57.524  7577  7577 I HiBoard_10.0.6.300_LauncherOverlayService: onUnbind
11-03 17:47:57.524  7577  7577 I HiBoard_10.0.6.300_LauncherOverlayService: onDestroy
11-03 17:47:57.552  1364  1658 I TrafficMonitor: update:rxPkts:32,txPkts:28,rxBytes:9490,txBytes:5857
11-03 17:47:57.552  1364  1658 I TrafficMonitor: start expired. level:-1
11-03 17:47:57.552  1364  1658 I TrafficMonitor: gettimer:interval=2000
11-03 17:47:57.572   605 23049 I audio_hw_primary: usb_ext_get_parameters: check show hires (false)
11-03 17:47:57.614 19727 19742 W System  : A resource failed to call close. 
11-03 17:47:57.755   884  3249 E LOGSERVER_UTILS: [ERecovery]ReadEvent: ERecoveryEventManager ReadEvent 0
11-03 17:47:57.777 20096 26215 I qvs-i   : mc.task.done false
11-03 17:47:57.777 20096 26215 I qvs-i   : mc.taskq.fin
11-03 17:47:57.785 20096 26206 D QVS_SDK_TAG: [2331022]Scan Process
11-03 17:47:57.945   569  7556 I netd    : trafficSwapActiveStatsMap() <11.81ms>
11-03 17:47:57.951  2169  3915 I DownloadState: singleUid: 10059 [com.huawei.hwid] speed: 1262 real speed: 1250 (rxB:4334 txB:1977 rxP:9 txP:9) scroff: false
11-03 17:47:57.953  2169  3915 E AppInfoMgr: not find pkgs by uid: 1051
11-03 17:47:57.956  2169  3915 I DownloadState: singleUid: 10022 [com.huawei.appmarket] speed: 546 real speed: 541 (rxB:759 txB:1973 rxP:2 txP:4) scroff: false
11-03 17:47:57.978 20096 26206 I qvs-i   : pm.fin
11-03 17:47:57.982  2169  3915 I DownloadState: shareUid: 0 default_socket transmitting data speed : 54 bytes/s (rxB:40 txB:231 rxP:1 txP:5 iface:1) scroff: false
11-03 17:47:57.982  2169  3915 I DownloadState: shareUid: 1000 com.huawei.iaware transmitting data speed : 240 bytes/s (rxB:559 txB:641 rxP:3 txP:5 iface:1) scroff: false
11-03 17:47:57.982  2169  3915 I DownloadState: shareUid: 0 default_sk transmitting data speed : 73 bytes/s (rxB:365 txB:0 rxP:1 txP:0 iface:1) scroff: false
11-03 17:47:57.982  2169  3915 I DownloadState: shareUid: 0 /system/bin/netd transmitting data speed : 118 bytes/s (rxB:400 txB:192 rxP:3 txP:3 iface:1) scroff: false
11-03 17:47:57.982  2169  3915 I DownloadState: shareUid: 1000 com.huawei.systemmanager transmitting data speed : 1738 bytes/s (rxB:4971 txB:3720 rxP:14 txP:21 iface:1) scroff: false
11-03 17:47:57.994 20096 26206 I qvs-i   : mc.fin com.qihoo.qvssdk.VirusScanCallback@23918e
11-03 17:47:57.994 20096 26206 D QVS_SDK_TAG: [2331022]Scan onFinished hasMore: false
11-03 17:47:57.994 20096 26206 D QVS_SDK_TAG: [2331022]Scan consume time 970ms from callerId 27521
11-03 17:47:57.994 20096 26205 I QVS_SDK_TAG: [2331022]reset: called
11-03 17:47:57.994 20096 26205 I qvs-i   : mc.reset
11-03 17:47:57.480  1364 14540 D ConnectivityService: get Network state from cache, cacheBlock is 0
11-03 17:47:58.005  1364  1706 D ConnectivityService: get Network state from cache, cacheBlock is 0
11-03 17:47:58.016 20096 26218 I qvs-i   : mc.cl
11-03 17:47:58.016 20096 26218 I qvs-i   : enum.eng.sp
11-03 17:47:58.016 20096 20135 D QVS_SDK_TAG: in uninstall() curNum 0
11-03 17:47:58.016 20096 20135 D QVS_SDK_TAG: uninstall()
11-03 17:47:58.016 20096 20135 D QVS_SDK_TAG: ScanTask Cancel Sync Scan 20402949
11-03 17:47:58.016 20096 26218 I qvs-i   : mc.unreg
11-03 17:47:58.016 20096 26218 I qvs-i   : mc.unit 0
11-03 17:47:58.016 20096 26218 I qvs-i   : tqm.cl
11-03 17:47:58.018 20096 20135 I QVS_SDK_TAG: [2331022]reset: called
11-03 17:47:58.008  1364  1706 I chatty  : uid=1000(system) Binder:1364_3 identical 1 line
11-03 17:47:58.009  1364  1706 D ConnectivityService: get Network state from cache, cacheBlock is 0
11-03 17:47:58.018  1364  1710 D ConnectivityService: get Network state from cache, cacheBlock is 0
11-03 17:47:58.019 20096 26218 I qvs-i   : mc.taskq.cl
11-03 17:47:58.020 20096 26218 I qvs-i   : se.unit
11-03 17:47:58.020 20096 26218 I NetQuery: Cancel handle: 479635405824
11-03 17:47:58.021 20096 26218 I CloudHttpClient: Cancel called. id:245900683
11-03 17:47:58.021 20096 26218 I NetQuery: Destroy handle: 479635405824
11-03 17:47:58.021 20096 26218 I qvs-i   : Destroy handle: 0
11-03 17:47:58.024  1364 14540 D ConnectivityService: get Network state from cache, cacheBlock is 0
11-03 17:47:58.031 20096 20135 W ContextImpl: Calling a method in the system process without a qualified user: android.app.ContextImpl.stopService:1686 android.content.ContextWrapper.stopService:679 com.qihoo.qvssdk.AntivirusEngineImpl.uninstall:41 com.qihoo.qvssdk.AntivirusProviderImpl.uninstall:40 com.huawei.securitycenter.antivirus.newengine.b$c.Th:7 
11-03 17:47:58.033 20096 20135 D QVS_SDK_TAG: susiu
11-03 17:47:58.034  1364  2112 I AlarmManager: remove alarm:Alarm{efe042a type 1 when 1604396949132 PendingIntent{3218244: PendingIntentRecord{d950cc5 com.huawei.systemmanager broadcastIntent}}com.huawei.systemmanager procName com.huawei.systemmanager:security_scan} according to operation:2dbd915
11-03 17:47:58.041  1364  2112 D ConnectivityService: get Network state from cache, cacheBlock is 0
11-03 17:47:58.043  1364  2112 I chatty  : uid=1000(system) Binder:1364_B identical 1 line
11-03 17:47:58.077  1364  2112 D ConnectivityService: get Network state from cache, cacheBlock is 0
11-03 17:47:58.118  1364  2112 V ActivityManager: Successfully start provider ContentProviderRecord{51ec38c u0 com.huawei.systemmanager/.rainbow.db.RainbowDBProvider} launchingApp=null caller pid= 20096
11-03 17:47:58.226  1364  2112 V ActivityManager: Successfully start provider ContentProviderRecord{c1f7e8c u0 com.huawei.systemmanager/com.huawei.library.push.PushFileProvider} launchingApp=null caller pid= 20096
11-03 17:47:58.228  2075 22874 W HSM_BG  : PushFileProvider:file does not exist which uri is content://com.huawei.systemmanager.push.provider/HwSystemManager/hsm_virus_pkgs.xml
11-03 17:47:58.229 20096 20472 E HSC_SEC : VirusPkgParser:parse InputStream is null
11-03 17:47:58.231  1364  2112 V ActivityManager: Successfully start provider ContentProviderRecord{e3fb9d5 u0 com.huawei.systemmanager/com.huawei.securitycenter.antivirus.db.AntiVirusDBProvider} launchingApp=null caller pid= 20096
11-03 17:47:58.247  1364  2112 V ActivityManager: Successfully start provider ContentProviderRecord{dfa2c76 u0 com.huawei.systemmanager/.comm.preferenceprovider.SharedPreferenceProvider} launchingApp=null caller pid= 20096
11-03 17:47:58.583   884  1005 D ScreemCommon: <LOGMGR> <SceneEnd> [Entry]
11-03 17:47:58.583   884  1005 D ScreemCommon: <LOGMGR> <SceneEnd> [scene status ok,status:1 lastId:-1762529028]
11-03 17:47:58.584   884  1005 D ScreemCommon: <LOGMGR> <SceneClose> [Entry]
11-03 17:47:58.584   884  1005 D ScreemCommon: <LOGMGR> <SceneClose> [scene status ok,status:2 lastId:-1762529028]
11-03 17:47:58.703 25998 25998 D AwareBitmapCacher: handleInit disable com.huawei.hwid.pps
11-03 17:47:58.779   884  3249 E LOGSERVER_UTILS: [ERecovery]ReadEvent: ERecoveryEventManager ReadEvent 0
11-03 17:47:58.813  1364  2112 I PackageManager: getInstalledPackages cost 4 ms, flags: 786432, userId: 0, callingUid: 1000, callingPid: 2169
11-03 17:47:58.821  2169  2347 I AppTypeRecogManager: refresh app type start.
11-03 17:47:58.825  1364 14540 I PackageManager: getInstalledPackages cost 4 ms, flags: 786432, userId: 0, callingUid: 1000, callingPid: 2169
11-03 17:47:58.882  2169  2347 I AppTypeRecogManager: refresh app type, spent: 61
11-03 17:47:58.984 26030 26030 D AwareBitmapCacher: handleInit switch not opened pid=26030
11-03 17:47:59.331  1364  1492 D ZrHung.AppEyeTransparentWindow: handleMessage CHECK_TRANS_WINDOW_ERROR_MSG
11-03 17:47:59.381   634   634 E WifiHAL : enter wifi_get_link_stats
11-03 17:47:59.387  1364  1659 E WificondControl: Noise: 0, Snr: 0, Chload: -1
11-03 17:47:59.390  1364  1659 V HwWifiServiceFactory: get AllImpl object = com.android.server.wifi.HwWifiServiceFactoryImpl@91d5c64
11-03 17:47:59.397  1364  1659 D TelephonyManager: getAllCellInfo calling app is android
11-03 17:47:59.398  2195  2783 W PhoneInterfaceManager: shouldBlockLocation running ...
11-03 17:47:59.399  2195  2783 I PhoneInterfaceManager: shouldBlockLocation  ret:false
11-03 17:47:59.557  1364  1658 I TrafficMonitor: update:rxPkts:19,txPkts:4,rxBytes:6373,txBytes:375
11-03 17:47:59.557  1364  1658 I TrafficMonitor: start expired. level:-1
11-03 17:47:59.558  1364  1658 I TrafficMonitor: gettimer:interval=2000
11-03 17:47:59.819   884  3249 E LOGSERVER_UTILS: [ERecovery]ReadEvent: ERecoveryEventManager ReadEvent 0
11-03 17:48:00.011  1364  1611 I HwAlarmManagerService: hwSetAlarm listenerTag: TIME_TICK
11-03 17:48:00.020  1808  1808 W ClockView1:  action android.intent.action.TIME_TICK
11-03 17:48:00.020  1808  1808 W ClockView1:  action android.intent.action.TIME_TICK
11-03 17:48:00.037  1808  1808 E DateView: DateView,mCurrentTime: 1604396880037
11-03 17:48:00.064  1808  1808 E ndroid.systemu: No package ID ff found for ID 0xffffffff.
11-03 17:48:00.066  1808  1808 W ClockView1: onreceive tz is Asia/Shanghai time:Tue Nov 03 17:48:00 GMT+08:00 2020 timezone:libcore.util.ZoneInfo[id="Asia/Shanghai",mRawOffset=28800000,mEarliestRawOffset=28800000,mUseDst=false,mDstSavings=0,transitions=28]
11-03 17:48:00.068  1808  1808 E ndroid.systemu: No package ID ff found for ID 0xffffffff.
11-03 17:48:00.069  1808  1808 W ClockView1: onreceive tz is Asia/Shanghai time:Tue Nov 03 17:48:00 GMT+08:00 2020 timezone:libcore.util.ZoneInfo[id="Asia/Shanghai",mRawOffset=28800000,mEarliestRawOffset=28800000,mUseDst=false,mDstSavings=0,transitions=28]
11-03 17:48:00.106  2195  2195 E HwModemCapability: isCapabilitySupport java.lang.StringIndexOutOfBoundsException: length=7; index=7
11-03 17:48:00.110  1364 14540 E HwModemCapability: isCapabilitySupport java.lang.StringIndexOutOfBoundsException: length=7; index=7
11-03 17:48:00.120  1808  1808 W HwLockScreenPanel: Handle message: 133
11-03 17:48:00.122  1808  1808 W HwLockScreenPanel: Handle message: 133
11-03 17:48:00.556 25998 26183 I TaskRunMonitor: cancelTask
11-03 17:48:00.557 25998 26183 I TaskRunMonitor: clear memory
11-03 17:48:00.564 25998 26183 I HiAdKit.SystemUtil:  exit process: com.huawei.hwid.pps
11-03 17:48:00.564 25998 26183 I Process : Sending signal. PID: 25998 SIG: 9
11-03 17:48:00.637   570   570 I Zygote  : Process 25998 exited due to signal 9 (Killed)
11-03 17:48:00.638  1364  1706 I ActivityManager: Process com.huawei.hwid.pps (pid 25998) has died: prev LAST
11-03 17:48:00.638  1364  1497 I libprocessgroup: Successfully killed process cgroup uid 10059 pid 25998 in 0ms
11-03 17:48:00.638  1364  1706 D ActivityManager: cleanUpApplicationRecord app: ProcessRecord{2fc6afb 25998:com.huawei.hwid.pps/u0a59}, app.bad: false, restarting: false, allowRestart: true
11-03 17:48:00.640  1364  1490 I HwPowerManagerService: appdie release wakelock, pid = 25998, uid = 10059
11-03 17:48:00.643  2041 17985 E HsmCoreServiceImpl: onTransact in code is: 102
11-03 17:48:00.643  2041 17985 I MediaProcessHandler: processOp opType: 1, uid: 10059, pid: 25998
11-03 17:48:00.643  2041 17985 W MediaProcessHandler: remove target not exist, maybe the UI process: uid: 10059, pid: 25998
11-03 17:48:00.643  2041 17985 I MediaProcessHandler: executedCallBack opType: 1 mMediaStatusObservers.size=0
11-03 17:48:00.644  2041 23504 I BoosterSwitchP: notifyUidState do nothing
11-03 17:48:00.644  2041 23504 I DeepNoDisturbP: notifyUidState
11-03 17:48:00.644  2041 23504 I BrowserChrP: notifyUidState
11-03 17:48:00.827   884  3249 E LOGSERVER_UTILS: [ERecovery]ReadEvent: ERecoveryEventManager ReadEvent 0
11-03 17:48:00.880   717   717 I aptouch_daemon: check_afe_status, idle out.
11-03 17:48:00.882   717   717 I aptouch_daemon: print_log, touch:1, down:1 (+0)
11-03 17:48:00.892  1364  1505 D DisplayPowerController: mPowerState.mScreenChangedReason: 65537 mPendingRequestLocked.mScreenChangeReason 65537
11-03 17:48:00.894  1364  1505 V DisplayPowerController: Brightness [73] reason changing to: 'automatic', previous reason: 'automatic [ dim ]'.
11-03 17:48:00.895 26030 26030 W Settings: Setting device_provisioned has moved from android.provider.Settings.Secure to android.provider.Settings.Global.
11-03 17:48:00.897 26030 26030 V HiTouch_HiTouchSensor: User setup is finished.
11-03 17:48:00.898  1364  1505 D HwNormalizedRampAnimator: hbm_dimming target=2862 rate=180 duration=0.5
11-03 17:48:00.971   717   717 I aptouch_daemon: print_log, touch:0, down:0 
11-03 17:48:01.141   605 23049 I audio_hw_primary: usb_ext_get_parameters: check show hires (false)
11-03 17:48:01.400  1364  1505 D DisplayPowerController: mPowerState.mScreenChangedReason: 65537 mPendingRequestLocked.mScreenChangeReason 65537
11-03 17:48:01.403  1364  1505 D FpDataCollector: case xxx, not a fingerprint unlock 
11-03 17:48:01.550   717   717 I aptouch_daemon: copy_frame, grid_data is nullptr
11-03 17:48:01.550   717   717 I aptouch_daemon: check_afe_status, idle in. 300
11-03 17:48:01.563  1364  1658 I TrafficMonitor: update:rxPkts:30,txPkts:4,rxBytes:7089,txBytes:191
11-03 17:48:01.563  1364  1658 I TrafficMonitor: start expired. level:-1
11-03 17:48:01.563  1364  1658 I TrafficMonitor: gettimer:interval=2000
11-03 17:48:01.620   717   717 I aptouch_daemon: check_afe_status, idle out.
11-03 17:48:01.638   717   717 I aptouch_daemon: print_log, touch:1, down:1 (+0)
11-03 17:48:01.650  1364  1659 E WificondControl: Noise: 0, Snr: 0, Chload: -1
11-03 17:48:01.655  1364  1752 D HuaweiWifiWatchdogStateMachine: nothing to do
11-03 17:48:01.656  1364  1658 D WiFi_PRO: MSG_RETURN_AP_CURRY_RSSI rssi = -67
11-03 17:48:01.656  1364  1658 I QosMonitor: queryRtt: rttType = 3
11-03 17:48:01.656  1364  1658 I HwWifiProServiceProxy: ctrlHwWifiNetwork pkgName: WIFIPRO_SERVICE interfaceId: 8
11-03 17:48:01.656  1364 26234 I HwUidTcpMonitor: TcpStatisticsRun run
11-03 17:48:01.657  1364  1752 I HuaweiWifiWatchdogStateMachine: POta txb txg rxg:0, 80, 0. Lr =0% Totpkt=80
11-03 17:48:01.657  1364  1658 I QosMonitor: postEventFromNative: msg=100,arg1=4,arg2=10
11-03 17:48:01.657  1364  1658 I HwWifiProServiceProxy: ctrlHwWifiNetwork pkgName: WIFIPRO_SERVICE interfaceId: 8
11-03 17:48:01.658  1364  1658 I QosMonitor: postEventFromNative: msg=100,arg1=0,arg2=10
11-03 17:48:01.658  1364  1658 D HuaweiWifiWatchdogStateMachine: nothing to do
11-03 17:48:01.658  1364 26234 I HwWifiProServiceProxy: ctrlHwWifiNetwork pkgName: WIFIPRO_SERVICE interfaceId: 79
11-03 17:48:01.658  1364  9200 D HwConnectivityServiceEx: set cache by key is 1000 interfaceName iswlan0 value is false
11-03 17:48:01.659  1364  1752 I HuaweiWifiWatchdogStateMachine: PTcp RTT:424, rtt pkt=17, tcp_rx=31, tcp_tx=54, tcp_reTran=1, rtRate=0.02
11-03 17:48:01.659  1364  1752 D HuaweiWifiWatchdogStateMachine: rssi bad, mrssi=-67 < TargetRssi=-67
11-03 17:48:01.659  1364  1658 I MQoS    : rtt=424,tcpTxPkts=2470660,tcpRxPkts=3333846
11-03 17:48:01.659  1364  1658 I QosMonitor: resetRtt: rttType = 3
11-03 17:48:01.659  1364  1658 I HwWifiProServiceProxy: ctrlHwWifiNetwork pkgName: WIFIPRO_SERVICE interfaceId: 8
11-03 17:48:01.661  1364 26235 I HwWifiProServiceProxy: TcpStatisticsRun run
11-03 17:48:01.662  1364 26235 D HwUidTcpMonitor: parseWlanUidTcpStatistics lastUidTcpStatInfo = [ mUid = 1051 mPacketName = com.example.androidmkdemo mSendSegs = 63 mResendSegs = 0 mRcvSegs = 0 ]
11-03 17:48:01.662  1364 26235 D HwUidTcpMonitor: parseWlanUidTcpStatistics lastUidTcpStatInfo = [ mUid = 10059 mPacketName = com.example.androidmkdemo mSendSegs = 85 mResendSegs = 1 mRcvSegs = 77 ]
11-03 17:48:01.662  1364 26235 D HwUidTcpMonitor: parseWlanUidTcpStatistics lastUidTcpStatInfo = [ mUid = 10022 mPacketName = com.huawei.android.launcher mSendSegs = 123 mResendSegs = 1 mRcvSegs = 108 ]
11-03 17:48:01.663  1364  9200 I MQoS    : QOS_level:0(0),wifi-link;SIM error;use level-0
11-03 17:48:01.701 26030 26030 I HwViewRootImpl: removeInvalidNode all the node in jank list is out of time
11-03 17:48:01.720   717   717 I aptouch_daemon: print_log, touch:0, down:0 
11-03 17:48:01.725 26030 26030 V AudioManager: querySoundEffectsEnabled...
11-03 17:48:01.728 26030 26030 E FFMPEG  : 22222222
11-03 17:48:01.729 26030 26240 E FFMPEG  : 视频url http://ivi.bupt.edu.cn/hls/cctv1hd.m3u8
11-03 17:48:01.731   569  1066 W /system/bin/netd: A binder object at 0x72f2379480 is being transacted on, however, this object is in the same process as its proxy. Transacting with this binder is expensive compared to just calling the corresponding functionality in the same process.
11-03 17:48:01.731   569  1066 I PreDnsController: canPreDnsQuery,persist.sys.predns is false!
11-03 17:48:01.867   884  3249 E LOGSERVER_UTILS: [ERecovery]ReadEvent: ERecoveryEventManager ReadEvent 0
11-03 17:48:01.952   569  1066 W /system/bin/netd: A binder object at 0x72f2379480 is being transacted on, however, this object is in the same process as its proxy. Transacting with this binder is expensive compared to just calling the corresponding functionality in the same process.
11-03 17:48:01.952   569  1066 I PreDnsController: canPreDnsQuery,persist.sys.predns is false!
11-03 17:48:02.137   569  1066 W /system/bin/netd: A binder object at 0x72f2379480 is being transacted on, however, this object is in the same process as its proxy. Transacting with this binder is expensive compared to just calling the corresponding functionality in the same process.
11-03 17:48:02.137   569  1066 I PreDnsController: canPreDnsQuery,persist.sys.predns is false!
11-03 17:48:02.300   717   717 I aptouch_daemon: copy_frame, grid_data is nullptr
11-03 17:48:02.300   717   717 I aptouch_daemon: check_afe_status, idle in. 300
11-03 17:48:02.403   634   634 E WifiHAL : enter wifi_get_link_stats
11-03 17:48:02.406  1364  1659 E WificondControl: Noise: 0, Snr: 0, Chload: -1
11-03 17:48:02.410  1364  1659 V HwWifiServiceFactory: get AllImpl object = com.android.server.wifi.HwWifiServiceFactoryImpl@91d5c64
11-03 17:48:02.417  1364  1659 D TelephonyManager: getAllCellInfo calling app is android
11-03 17:48:02.418  2195  2783 W PhoneInterfaceManager: shouldBlockLocation running ...
11-03 17:48:02.418  2195  2783 I PhoneInterfaceManager: shouldBlockLocation  ret:false
11-03 17:48:02.461   852   878 D AwareLog: iawared: WorkingsetProcessCommand subCmd = 352, userId=10216, pid=26030, com.example.androidmkdemo
11-03 17:48:02.462   852   878 D AwareLog: iawared: WorkingsetStop com.example.androidmkdemo
11-03 17:48:02.554  1364  1658 I TrafficMonitor: expired arrive. level:-1
11-03 17:48:02.554  1364  1658 I TrafficMonitor: during_ms:2005,period_ms:2000
11-03 17:48:02.554  1364  1658 I TrafficMonitor: count:895,rx_sum:30,tx_sum:4,rxBytes:7089,during_ms:2005,rx_speed:3535.6608478802996,tx_speed:95.26184538653366,rto:7.5
11-03 17:48:02.907   884  3249 E LOGSERVER_UTILS: [ERecovery]ReadEvent: ERecoveryEventManager ReadEvent 0
11-03 17:48:03.007   569  7556 I netd    : trafficSwapActiveStatsMap() <23.09ms>
11-03 17:48:03.013  2169  3915 E AppInfoMgr: not find pkgs by uid: 0
11-03 17:48:03.013  2169  3915 I DownloadState: singleUid: 10059 [com.huawei.hwid] speed: 24 real speed: 23 (rxB:40 txB:80 rxP:1 txP:2) scroff: false
11-03 17:48:03.017  2169  3915 I DownloadState: singleUid: 10216 [com.example.androidmkdemo] speed: 51168 real speed: 50651 (rxB:247450 txB:8393 rxP:194 txP:197) scroff: false
11-03 17:48:03.027  2169  3915 I DownloadState: shareUid: 0 default_socket transmitting data speed : 52 bytes/s (rxB:40 txB:222 rxP:1 txP:4 iface:1) scroff: false
11-03 17:48:03.027  2169  3915 I DownloadState: shareUid: 1000 com.huawei.systemmanager transmitting data speed : 78 bytes/s (rxB:157 txB:233 rxP:1 txP:2 iface:1) scroff: false
11-03 17:48:03.512  2169  2347 I ApplistMgr: Scene strict ctrl apps: []
11-03 17:48:03.566  1364  1658 I TrafficMonitor: update:rxPkts:246,txPkts:232,rxBytes:296991,txBytes:9824
11-03 17:48:03.566  1364  1658 I TrafficMonitor: no expired. level:5
11-03 17:48:03.566  1364  1658 I TrafficMonitor: gettimer:interval=2000
11-03 17:48:03.567  1364  1658 I TrafficMonitor: during_ms:2004,period_ms:2000
11-03 17:48:03.567  1364  1658 I TrafficMonitor: count:896,rx_sum:246,tx_sum:232,rxBytes:296991,during_ms:2004,rx_speed:148199.1017964072,tx_speed:4902.195608782436,rto:1.0603448275862069
11-03 17:48:03.567  1364  1658 D HuaweiWifiWatchdogStateMachine: checkGoodSpd at rssi:-67, spd:144K > 80K, unit:20K, score:0.82
11-03 17:48:03.740   569  7556 I netd    : trafficSwapActiveStatsMap() <14.85ms>
11-03 17:48:03.948   884  3249 E LOGSERVER_UTILS: [ERecovery]ReadEvent: ERecoveryEventManager ReadEvent 0
11-03 17:48:04.621  2075  2075 W StorageMonitorS: type=1400 audit(0.0:5138721): avc: granted { getattr } for pid=2075 name="/" dev="sdcardfs" ino=109 scontext=u:r:system_app:s0 tcontext=u:object_r:sdcardfs:s0 tclass=filesystem
11-03 17:48:04.897   634   634 E WifiHAL : enter wifi_get_link_stats
11-03 17:48:04.904  1364  1501 D TelephonyManager: requestModemActivityInfo calling app is android
11-03 17:48:04.904  1364  1501 E BatteryExternalStatsWorker: no controller energy info supplied for bluetooth
11-03 17:48:04.955   884  3249 E LOGSERVER_UTILS: [ERecovery]ReadEvent: ERecoveryEventManager ReadEvent 0
11-03 17:48:04.963   569  7556 I netd    : trafficSwapActiveStatsMap() <20.24ms>
11-03 17:48:04.965   569  7556 W IptablesRestoreController: command: *filter
11-03 17:48:04.965   569  7556 W IptablesRestoreController: -nvx -L tetherctrl_counters
11-03 17:48:04.965   569  7556 W IptablesRestoreController: COMMIT
11-03 17:48:04.965   569  7556 W IptablesRestoreController: .
11-03 17:48:04.995 26245 26245 I         : iptables cmd:iptables-restore
11-03 17:48:04.997   569  7556 W IptablesRestoreController: command: *filter
11-03 17:48:04.997   569  7556 W IptablesRestoreController: -nvx -L tetherctrl_counters
11-03 17:48:04.997   569  7556 W IptablesRestoreController: COMMIT
11-03 17:48:04.997   569  7556 W IptablesRestoreController: .
11-03 17:48:05.019 26246 26246 I         : iptables cmd:ip6tables-restore
11-03 17:48:05.021   569  7556 I netd    : tetherGetStats() <55.17ms>
11-03 17:48:05.025  1364  1501 W BatteryExternalStatsWorker: modem info is invalid: ModemActivityInfo{ mTimestamp=0 mSleepTimeMs=0 mIdleTimeMs=0 mTxTimeMs[]=[0, 0, 0, 0, 0] mRxTimeMs=0 mEnergyUsed=0}
11-03 17:48:05.423   634   634 E WifiHAL : enter wifi_get_link_stats
11-03 17:48:05.427  1364  1659 E WificondControl: Noise: 0, Snr: 0, Chload: -1
11-03 17:48:05.430  1364  1659 V HwWifiServiceFactory: get AllImpl object = com.android.server.wifi.HwWifiServiceFactoryImpl@91d5c64
11-03 17:48:05.438  1364  1659 D TelephonyManager: getAllCellInfo calling app is android
11-03 17:48:05.439  2195  2783 W PhoneInterfaceManager: shouldBlockLocation running ...
11-03 17:48:05.440  2195  2783 I PhoneInterfaceManager: shouldBlockLocation  ret:false
11-03 17:48:05.570  1364  1658 I TrafficMonitor: update:rxPkts:300,txPkts:190,rxBytes:372131,txBytes:7600
11-03 17:48:05.571  1364  1658 I TrafficMonitor: start expired. level:5
11-03 17:48:05.571  1364  1658 I TrafficMonitor: gettimer:interval=2000
11-03 17:48:05.700 26030 26240 E FFMPEG  : streams sizei = 2 
11-03 17:48:05.701 26030 26240 E FFMPEG  : new Videochannel
11-03 17:48:05.707 26030 26240 E zenglw  : native start
11-03 17:48:05.707 26030 26240 E FFMPEG  : videochannel
11-03 17:48:05.707 26030 26240 E FFMPEG  : play
11-03 17:48:05.708 26030 26247 E FFMPEG  : Deocde task0
11-03 17:48:05.708 26030 26247 E FFMPEG  : pop lock
11-03 17:48:05.708 26030 26247 E FFMPEG  : pop wait
11-03 17:48:05.709 26030 26250 E FFMPEG  : render_task
11-03 17:48:05.718 26030 26250 E FFMPEG  : render imple 1
11-03 17:48:05.718 26030 26251 E FFMPEG  : pop lock
11-03 17:48:05.718 26030 26251 E FFMPEG  : pop wait
11-03 17:48:05.720 26030 26253 E FFMPEG  : play_task
11-03 17:48:05.720 26030 26253 E FFMPEG  : _start 1
11-03 17:48:05.720 26030 26253 E FFMPEG  : 获取音频流 1
11-03 17:48:05.720 26030 26253 E FFMPEG  : push lock
11-03 17:48:05.720 26030 26250 E FFMPEG  : pop lock
11-03 17:48:05.720 26030 26250 E FFMPEG  : pop wait
11-03 17:48:05.720 26030 26253 E FFMPEG  : size = -362901104 1
11-03 17:48:05.720 26030 26253 E FFMPEG  : push signal
11-03 17:48:05.720 26030 26253 E FFMPEG  : 获取音频流 1
11-03 17:48:05.720 26030 26251 E FFMPEG  : pop 取出-362901104 1
11-03 17:48:05.720 26030 26253 E FFMPEG  : push lock
11-03 17:48:05.720 26030 26251 E FFMPEG  : pop unlock
11-03 17:48:05.720 26030 26253 E FFMPEG  : size = -362901104 1
11-03 17:48:05.720 26030 26253 E FFMPEG  : push signal
11-03 17:48:05.721 26030 26253 E FFMPEG  : 获取音频流 1
11-03 17:48:05.721 26030 26253 E FFMPEG  : push lock
11-03 17:48:05.721 26030 26253 E FFMPEG  : size = -362901104 2
11-03 17:48:05.721 26030 26253 E FFMPEG  : push signal
11-03 17:48:05.721 26030 26253 E FFMPEG  : 获取音频流 1
11-03 17:48:05.721 26030 26253 E FFMPEG  : push lock
11-03 17:48:05.721 26030 26253 E FFMPEG  : size = -362901104 3
11-03 17:48:05.721 26030 26253 E FFMPEG  : push signal
11-03 17:48:05.721 26030 26253 E FFMPEG  : 获取音频流 1
11-03 17:48:05.721 26030 26253 E FFMPEG  : push lock
11-03 17:48:05.721 26030 26253 E FFMPEG  : size = -362901104 4
11-03 17:48:05.721 26030 26253 E FFMPEG  : push signal
11-03 17:48:05.721 26030 26253 E FFMPEG  : 获取到的是视频流 0
11-03 17:48:05.721 26030 26253 E FFMPEG  : push lock
11-03 17:48:05.721 26030 26253 E FFMPEG  : size = -866829168 1
11-03 17:48:05.721 26030 26253 E FFMPEG  : push signal
11-03 17:48:05.721 26030 26253 E FFMPEG  : 获取到的是视频流 0
11-03 17:48:05.721 26030 26253 E FFMPEG  : push lock
11-03 17:48:05.721 26030 26253 E FFMPEG  : size = -866829168 2
11-03 17:48:05.721 26030 26253 E FFMPEG  : push signal
11-03 17:48:05.721 26030 26253 E FFMPEG  : 获取到的是视频流 0
11-03 17:48:05.721 26030 26253 E FFMPEG  : push lock
11-03 17:48:05.721 26030 26253 E FFMPEG  : size = -866829168 3
11-03 17:48:05.721 26030 26253 E FFMPEG  : push signal
11-03 17:48:05.721 26030 26253 E FFMPEG  : 获取到的是视频流 0
11-03 17:48:05.721 26030 26253 E FFMPEG  : push lock
11-03 17:48:05.721 26030 26253 E FFMPEG  : size = -866829168 4
11-03 17:48:05.721 26030 26253 E FFMPEG  : push signal
11-03 17:48:05.721 26030 26253 E FFMPEG  : 获取音频流 1
11-03 17:48:05.721 26030 26253 E FFMPEG  : push lock
11-03 17:48:05.721 26030 26253 E FFMPEG  : size = -362901104 5
11-03 17:48:05.721 26030 26253 E FFMPEG  : push signal
11-03 17:48:05.721 26030 26253 E FFMPEG  : 获取音频流 1
11-03 17:48:05.721 26030 26253 E FFMPEG  : push lock
11-03 17:48:05.721 26030 26253 E FFMPEG  : size = -362901104 6
11-03 17:48:05.721 26030 26253 E FFMPEG  : push signal
11-03 17:48:05.721 26030 26253 E FFMPEG  : 获取音频流 1
11-03 17:48:05.721 26030 26253 E FFMPEG  : push lock
11-03 17:48:05.721 26030 26251 E FFMPEG  : push lock
11-03 17:48:05.721 26030 26253 E FFMPEG  : size = -362901104 7
11-03 17:48:05.721 26030 26247 E FFMPEG  : pop 取出-866829168 4
11-03 17:48:05.721 26030 26253 E FFMPEG  : push signal
11-03 17:48:05.721 26030 26247 E FFMPEG  : pop unlock
11-03 17:48:05.721 26030 26253 E FFMPEG  : 获取音频流 1
11-03 17:48:05.721 26030 26253 E FFMPEG  : push lock
11-03 17:48:05.721 26030 26251 E FFMPEG  : size = -362901060 1
11-03 17:48:05.721 26030 26253 E FFMPEG  : size = -362901104 8
11-03 17:48:05.721 26030 26251 E FFMPEG  : push signal
11-03 17:48:05.721 26030 26253 E FFMPEG  : push signal
11-03 17:48:05.721 26030 26251 E FFMPEG  : pop lock
11-03 17:48:05.721 26030 26253 E FFMPEG  : 获取音频流 1
11-03 17:48:05.721 26030 26253 E FFMPEG  : push lock
11-03 17:48:05.721 26030 26251 E FFMPEG  : pop 取出-362901104 8
11-03 17:48:05.721 26030 26251 E FFMPEG  : pop unlock
11-03 17:48:05.721 26030 26253 E FFMPEG  : size = -362901104 8
11-03 17:48:05.721 26030 26253 E FFMPEG  : push signal
11-03 17:48:05.721 26030 26253 E FFMPEG  : 获取音频流 1
11-03 17:48:05.721 26030 26253 E FFMPEG  : push lock
11-03 17:48:05.721 26030 26253 E FFMPEG  : size = -362901104 9
11-03 17:48:05.721 26030 26253 E FFMPEG  : push signal
11-03 17:48:05.721 26030 26253 E FFMPEG  : 获取音频流 1
11-03 17:48:05.721 26030 26253 E FFMPEG  : push lock
11-03 17:48:05.721 26030 26253 E FFMPEG  : size = -362901104 10
11-03 17:48:05.721 26030 26253 E FFMPEG  : push signal
11-03 17:48:05.721 26030 26253 E FFMPEG  : 获取音频流 1
11-03 17:48:05.721 26030 26253 E FFMPEG  : push lock
11-03 17:48:05.721 26030 26253 E FFMPEG  : size = -362901104 11
11-03 17:48:05.721 26030 26253 E FFMPEG  : push signal
11-03 17:48:05.721 26030 26253 E FFMPEG  : 获取到的是视频流 0
11-03 17:48:05.721 26030 26253 E FFMPEG  : push lock
11-03 17:48:05.721 26030 26253 E FFMPEG  : size = -866829168 4
11-03 17:48:05.721 26030 26253 E FFMPEG  : push signal
11-03 17:48:05.721 26030 26253 E FFMPEG  : 获取到的是视频流 0
11-03 17:48:05.721 26030 26253 E FFMPEG  : push lock
11-03 17:48:05.721 26030 26253 E FFMPEG  : size = -866829168 5
11-03 17:48:05.722 26030 26253 E FFMPEG  : push signal
11-03 17:48:05.722 26030 26253 E FFMPEG  : 获取到的是视频流 0
11-03 17:48:05.722 26030 26253 E FFMPEG  : push lock
11-03 17:48:05.722 26030 26253 E FFMPEG  : size = -866829168 6
11-03 17:48:05.722 26030 26253 E FFMPEG  : push signal
11-03 17:48:05.722 26030 26253 E FFMPEG  : 获取到的是视频流 0
11-03 17:48:05.722 26030 26253 E FFMPEG  : push lock
11-03 17:48:05.722 26030 26253 E FFMPEG  : size = -866829168 7
11-03 17:48:05.722 26030 26253 E FFMPEG  : push signal
11-03 17:48:05.722 26030 26253 E FFMPEG  : 获取音频流 1
11-03 17:48:05.722 26030 26253 E FFMPEG  : push lock
11-03 17:48:05.722 26030 26253 E FFMPEG  : size = -362901104 12
11-03 17:48:05.722 26030 26253 E FFMPEG  : push signal
11-03 17:48:05.722 26030 26253 E FFMPEG  : 获取音频流 1
11-03 17:48:05.722 26030 26253 E FFMPEG  : push lock
11-03 17:48:05.722 26030 26253 E FFMPEG  : size = -362901104 13
11-03 17:48:05.722 26030 26253 E FFMPEG  : push signal
11-03 17:48:05.722 26030 26253 E FFMPEG  : 获取音频流 1
11-03 17:48:05.722 26030 26253 E FFMPEG  : push lock
11-03 17:48:05.722 26030 26251 E FFMPEG  : push lock
11-03 17:48:05.722 26030 26253 E FFMPEG  : size = -362901104 14
11-03 17:48:05.722 26030 26253 E FFMPEG  : push signal
11-03 17:48:05.722 26030 26251 E FFMPEG  : size = -362901060 2
11-03 17:48:05.722 26030 26251 E FFMPEG  : push signal
11-03 17:48:05.722 26030 26253 E FFMPEG  : 获取音频流 1
11-03 17:48:05.722 26030 26253 E FFMPEG  : push lock
11-03 17:48:05.722 26030 26251 E FFMPEG  : pop lock
11-03 17:48:05.722 26030 26253 E FFMPEG  : size = -362901104 15
11-03 17:48:05.722 26030 26253 E FFMPEG  : push signal
11-03 17:48:05.722 26030 26253 E FFMPEG  : 获取音频流 1
11-03 17:48:05.722 26030 26251 E FFMPEG  : pop 取出-362901104 15
11-03 17:48:05.722 26030 26253 E FFMPEG  : push lock
11-03 17:48:05.722 26030 26251 E FFMPEG  : pop unlock
11-03 17:48:05.722 26030 26253 E FFMPEG  : size = -362901104 15
11-03 17:48:05.722 26030 26253 E FFMPEG  : push signal
11-03 17:48:05.722 26030 26253 E FFMPEG  : 获取音频流 1
11-03 17:48:05.722 26030 26253 E FFMPEG  : push lock
11-03 17:48:05.722 26030 26253 E FFMPEG  : size = -362901104 16
11-03 17:48:05.722 26030 26253 E FFMPEG  : push signal
11-03 17:48:05.722 26030 26253 E FFMPEG  : 获取音频流 1
11-03 17:48:05.722 26030 26253 E FFMPEG  : push lock
11-03 17:48:05.722 26030 26253 E FFMPEG  : size = -362901104 17
11-03 17:48:05.722 26030 26253 E FFMPEG  : push signal
11-03 17:48:05.722 26030 26253 E FFMPEG  : 获取音频流 1
11-03 17:48:05.722 26030 26253 E FFMPEG  : push lock
11-03 17:48:05.722 26030 26253 E FFMPEG  : size = -362901104 18
11-03 17:48:05.722 26030 26253 E FFMPEG  : push signal
11-03 17:48:05.722 26030 26253 E FFMPEG  : 获取到的是视频流 0
11-03 17:48:05.722 26030 26253 E FFMPEG  : push lock
11-03 17:48:05.722 26030 26253 E FFMPEG  : size = -866829168 8
11-03 17:48:05.722 26030 26253 E FFMPEG  : push signal
11-03 17:48:05.722 26030 26253 E FFMPEG  : 获取到的是视频流 0
11-03 17:48:05.722 26030 26253 E FFMPEG  : push lock
11-03 17:48:05.722 26030 26253 E FFMPEG  : size = -866829168 9
11-03 17:48:05.722 26030 26253 E FFMPEG  : push signal
11-03 17:48:05.722 26030 26253 E FFMPEG  : 获取到的是视频流 0
11-03 17:48:05.722 26030 26253 E FFMPEG  : push lock
11-03 17:48:05.722 26030 26253 E FFMPEG  : size = -866829168 10
11-03 17:48:05.722 26030 26253 E FFMPEG  : push signal
11-03 17:48:05.722 26030 26253 E FFMPEG  : 获取到的是视频流 0
11-03 17:48:05.722 26030 26253 E FFMPEG  : push lock
11-03 17:48:05.722 26030 26253 E FFMPEG  : size = -866829168 11
11-03 17:48:05.722 26030 26253 E FFMPEG  : push signal
11-03 17:48:05.722 26030 26253 E FFMPEG  : 获取到的是视频流 0
11-03 17:48:05.722 26030 26253 E FFMPEG  : push lock
11-03 17:48:05.722 26030 26253 E FFMPEG  : size = -866829168 12
11-03 17:48:05.722 26030 26253 E FFMPEG  : push signal
11-03 17:48:05.722 26030 26251 E FFMPEG  : push lock
11-03 17:48:05.722 26030 26253 E FFMPEG  : 获取音频流 1
11-03 17:48:05.722 26030 26251 E FFMPEG  : size = -362901060 3
11-03 17:48:05.722 26030 26253 E FFMPEG  : push lock
11-03 17:48:05.722 26030 26251 E FFMPEG  : push signal
11-03 17:48:05.722 26030 26253 E FFMPEG  : size = -362901104 19
11-03 17:48:05.722 26030 26251 E FFMPEG  : pop lock
11-03 17:48:05.722 26030 26253 E FFMPEG  : push signal
11-03 17:48:05.723 26030 26253 E FFMPEG  : 获取音频流 1
