11-07 18:07:43.748  1364  2112 W         : Failed to UpdateQosForCgroupInner, tid=0, policy=10
11-07 18:07:43.749  1364  1482 W ActivityManager: setHasOverlayUi called on unknown pid: 23052
11-07 18:07:43.751  2169  2910 I PGServer: report state:10000 event type:2 pid:0 uid:0 pkg:com.example.androidmkdemo to pid: 1364
11-07 18:07:43.751  2169  2910 I PGServer: report state:10010 event type:1 pid:0 uid:0 pkg:com.huawei.android.launcher to pid: 2041
11-07 18:07:43.751  2169  2910 I PGServer: report state:10010 event type:1 pid:0 uid:0 pkg:com.huawei.android.launcher to pid: 2169
11-07 18:07:43.751  2169  2910 I SceneReceiver: state type: 10010 eventType:1 pid:0 uid:0 pkg:com.huawei.android.launcher
11-07 18:07:43.751  2041 23504 D HicomMonitor: notifyForegroundAppChanged: pkg:com.huawei.android.launcher
11-07 18:07:43.751  2041 23504 D Hicom_EmcomManagerService: onForegroundAppChanged, pkgName:com.huawei.android.launcher
11-07 18:07:43.751  2169  3446 D HwThermalStateManager: current foreapp pkg : com.huawei.android.launcher
11-07 18:07:43.751  2041 23504 D SmartcareProc: onForegroundAppChanged, pkgName:com.huawei.android.launcher
11-07 18:07:43.751  2169  3449 D ThermalTrace_ThermalRaise: current pkg:com.example.androidmkdemo
11-07 18:07:43.752  2041 23504 W FIControl: Failed to find configuration for com.huawei.android.launcher
11-07 18:07:43.755  2041  4195 D DollieActivityManagerAdapter: [UidGone]  uid:10216
11-07 18:07:43.752  2041 23504 D Hicom_SysEnvMonitor: onForegroundAppChanged, pkgName: com.huawei.android.launcher
11-07 18:07:43.755  2041  4195 E DollieAdapterService: notifyActivityState pkg:com.example.androidmkdemo/com.example.androidmkdemo.MainActivity state:20 fg:false mUid:10216
11-07 18:07:43.755  2041  2778 D Hicom_PolicyCenterService: policencenterservice receive handleMessage: 88
11-07 18:07:43.755  2041  2778 D Hicom_PolicyCenterService: handleForegroundAppChanged new foreground app 10061
11-07 18:07:43.755  2041  2778 D Hicom_AppLifeCycleManager: sAppAllSocketClosed NOT contain: 10216
11-07 18:07:43.755  2041  2778 D Hicom_PolicyCenterService: mCurrentForegroundUid is not policy exist
11-07 18:07:43.756  2041  2778 D Hicom_MpFlowDecisionSystem: handleForegroundAppChanged try start MPFlow for cur app: com.huawei.android.launcher, uid:10061
11-07 18:07:43.756  2041  2778 E Hicom_MpFlowDecisionSystem: getMultipathFlowByPkgName. multipathPolicy is illegal
11-07 18:07:43.756  2041  2778 E Hicom_MpFlowDecisionSystem: startMpFlow. multipathFlow is illegal
11-07 18:07:43.756  2041  4195 I HidataAppQoeP: foregroundUidRemove uid: 10216 name: com.example.androidmkdemo
11-07 18:07:43.757  2041  2300 I HwPacketFilterBypass: handleActivityUidStateChanged uid:10216 -1 foreground:0
11-07 18:07:43.757  2041  2300 I HwPacketFilterBypass: isAllowSendSmartCureToChr false, no exceptions occur, dropCnt:0
11-07 18:07:43.757  1554  1554 I HiBoard_10.0.6.300_Workspace: onWindowVisibilityChanged0 isOverlayClosed:true
11-07 18:07:43.757  2169  2910 I PGServer: report state:10010 event type:1 pid:0 uid:0 pkg:com.huawei.android.launcher to pid: 1364
11-07 18:07:43.758  2169  9194 I PGServer: checkPkgType. calling pkg: android
11-07 18:07:43.760  2041  2041 D SmartDualCardConfig: getAppType,pkgName=com.example.androidmkdemo,appType=-1
11-07 18:07:43.761  2041  2041 D SmartDualCardConfig: getAppType,pkgName=com.example.androidmkdemo,appType=-1
11-07 18:07:43.761  2041  2041 E SmartDualCardConfig: isAppInBlackList false,items==null
11-07 18:07:43.761  2041  2041 D SmartDualCardSM: onUidStateUpdate,uid=10216,appName=com.example.androidmkdemo,state=BACKGROUND
11-07 18:07:43.761  2041  2041 D SmartDualCardConfig: removeAppFromList,after remove,size()=0,uid=10216
11-07 18:07:43.762  2169  3447 E AwareLog: SPKSchedFeature: Uid has been sent, ignore.
11-07 18:07:43.763  2041  2041 D SmartDualCardConfig: getAppType,pkgName=com.example.androidmkdemo,appType=-1
11-07 18:07:43.763  2041  2041 D SmartDualCardSM: updateAppState mAppState=1
11-07 18:07:43.763  2041  2041 D SmartDualCardSM: IdleState:got msg.what=EVENT_APP_MOVE_BACKGROUND
11-07 18:07:43.763  2041  2041 D SmartDualCardSM: startAppBackgroundTimer
11-07 18:07:43.763  2041  2487 I DollieChr: handleForegroundAppUpdateMsg,mAppState=2,scenes=1,mForegroundAppName=com.example.androidmkdemo
11-07 18:07:43.773  2041 23504 I BoosterSwitchP: notifyUidState do nothing
11-07 18:07:43.773  2041 23504 I DeepNoDisturbP: notifyUidState
11-07 18:07:43.773  2041 23504 I BrowserChrP: notifyUidState
11-07 18:07:43.774  2075  2552 E HSC_SEC_BG: AiProtectionUtils:AI is not supported, current platform is:kirin710
11-07 18:07:43.775 21898 21915 I HiSearch10.0.4.303: [LauncherOverlayService]: LAUNCHER_INTERACTION from launcher and invoke invokeId = -111
11-07 18:07:43.775 21898 21915 I HiSearch10.0.4.303: [LauncherOverlayService]: isOverlayClosed = true
11-07 18:07:43.775 21898 21915 I HiSearch10.0.4.303: [LauncherOverlayService]: LAUNCHER_INTERACTION from launcher and invoke, overlay closed, return. 
11-07 18:07:43.776 13301 13301 I HwLauncher: Model loadWidgetsAfterUserUnlockIfNeeded, sLoadWidgetOnResume is false!
11-07 18:07:43.778  1364  2230 I HwNetworkPolicy: onTransact, code = 203
11-07 18:07:43.778  2075  2692 I HwNetworkPolicyManager: getHwUidPolicy uid = 10061 policy = 0
11-07 18:07:43.779  1554  3403 D mali_winsys: EGLint new_window_surface(egl_winsys_display *, void *, EGLSurface, EGLConfig, egl_winsys_surface **, EGLBoolean) returns 0x3000
11-07 18:07:43.780  1364  1490 W SecurityProfileService: Activity life state callback extras get package null!
11-07 18:07:43.780  2101 23373 I OPCollectLog: AppChangeImpl:call onAppChange.
11-07 18:07:43.781  1364  1490 I HwAudioServiceEx: ComponentInfo : className = com.huawei.android.launcher.unihome.UniHomeLauncher, flag=onResume, isHomeActivity=, isTop=true
11-07 18:07:43.781  2041  4195 D DollieActivityManagerAdapter: [Resumed] bg:true pid:13301 uid:10061 ComponentInfo{com.huawei.android.launcher/com.huawei.android.launcher.unihome.UniHomeLauncher}
11-07 18:07:43.781 11347  2683 I AppLifeChangeSensor: CAWARENESS: activityResumed componentName = ComponentInfo{com.huawei.android.launcher/com.huawei.android.launcher.unihome.UniHomeLauncher}
11-07 18:07:43.781  2041  4195 E DollieAdapterService: notifyActivityState pkg:com.huawei.android.launcher/com.huawei.android.launcher.unihome.UniHomeLauncher state:2 fg:true mUid:10061
11-07 18:07:43.781  2101  2522 I OPCollectLog: HwForegroundAppAction:handleMessage 
11-07 18:07:43.781  2101  2522 D OPCollectLog: HwForegroundAppAction:FG executeWithArgs
11-07 18:07:43.781  2101  2522 I OPCollectLog: OPCollectUtils:ODMF Api Version:2.14.1
11-07 18:07:43.781  2041  2300 I UidCloseNrStateMachine: enter uidStateChanged, ForeGrountApp = com.huawei.android.launcher, mIsCallOn = false, mIsUsbPlugged = true
11-07 18:07:43.781  2101  2522 I OPCollectLog: Action:HwForegroundAppAction executed successfully
11-07 18:07:43.781  2101  2522 D OPCollectLog: OdmfCollectScheduler:handleMessage msg: 4
11-07 18:07:43.781  2101  2522 I OPCollectLog: OdmfHelper:opcollectCache 1
11-07 18:07:43.781  2101  2522 I OPCollectLog: OdmfHelper:opcollectCache curTime: 4893143307, interval: 23261
11-07 18:07:43.784   589   589 I GRALLOC : getCallingPid=640, shrFd=10,fmt=0x1,intFmt=0x200000001,btStrd=4352,size=10399744,pid=589 
11-07 18:07:43.784   589   589 I GRALLOC : 	 yuv=2,w=1080,h=2340,Stride u=0 v=0,offset u=0 v=0 
11-07 18:07:43.784   589   589 I GRALLOC : 	 iova_size=10399744,conUsg=0xb00,proUsg=0xb00,	 strd=1088,[afbc]HdrStrd=1088 PyldStrd=69632 Scrmbl=2,ionhnd = 0 
11-07 18:07:43.784 11347 11396 I FenceManager: CAWARENESS: isSatisfyFenceTime() topKey : com.huawei.recsys_1:1;11,1,1~{"column0":"com.huawei.android.launcher"} type : 11 startTime : 20H0 endTime : 22H0
11-07 18:07:43.786 11347 11396 W FenceManager: CAWARENESS: isSatisfyFenceTime() do not satisfy fence trigger time topKey : com.huawei.recsys_1:1;11,1,1~{"column0":"com.huawei.android.launcher"}
11-07 18:07:43.786 11347 11396 I FenceManager: CAWARENESS: doNotifyListKeyChange() topKey : com.huawei.recsys_1:1;11,1,1~{"column0":"com.huawei.android.launcher"} isSatisfy time condition: false
11-07 18:07:43.786  2041  2041 D SmartDualCardConfig: getAppType,pkgName=com.huawei.android.launcher,appType=28
11-07 18:07:43.787  2041  2041 D SmartDualCardSM: onUidStateUpdate isSkip,uid=10061,pkgName=com.huawei.android.launcher,pkgNameByComponentName=com.huawei.android.launcher
11-07 18:07:43.788   589   589 I GRALLOC : getCallingPid=640, shrFd=10,fmt=0x1,intFmt=0x200000001,btStrd=4352,size=10399744,pid=589 
11-07 18:07:43.788   589   589 I GRALLOC : 	 yuv=2,w=1080,h=2340,Stride u=0 v=0,offset u=0 v=0 
11-07 18:07:43.788   589   589 I GRALLOC : 	 iova_size=10399744,conUsg=0xb00,proUsg=0xb00,	 strd=1088,[afbc]HdrStrd=1088 PyldStrd=69632 Scrmbl=2,ionhnd = 0 
11-07 18:07:43.788   884  1005 D ScreemCommon: <LOGMGR> <SceneStart> [Entry]
11-07 18:07:43.788   884  1005 D ScreemCommon: <LOGMGR> <SceneStart> [new scene start -1497276224]
11-07 18:07:43.790  1364  1428 V HwPhoneWindowManager: updateSystemUiColorLw window=Window{f842bcb u0 com.huawei.android.launcher/com.huawei.android.launcher.unihome.UniHomeLauncher},EmuiStyle=-1,StatusBarColor=0x0,NavigationBarColor=0x0, mForceNotchStatusBar=false
11-07 18:07:43.790  1364  1428 D ZrHung.AppEyeFocusWindow: FocusWindowErrorScene cancelCheckFreezeScreen
11-07 18:07:43.791  1364  1428 D ZrHung.AppEyeTransparentWindow: TransparentWindow mHungConfigStatus = 0,mHungConfigEnable = 1
11-07 18:07:43.792   640   723 D         : DoWinFrameOptStatusRecog begin to recog Layer result=2
11-07 18:07:43.793 13301 15536 D mali_winsys: EGLint new_window_surface(egl_winsys_display *, void *, EGLSurface, EGLConfig, egl_winsys_surface **, EGLBoolean) returns 0x3000
11-07 18:07:43.794   640   723 D         : DoWinFrameOptStatusRecog begin to recog Layer result=2
11-07 18:07:43.794   589   589 I GRALLOC : getCallingPid=640, shrFd=10,fmt=0x1,intFmt=0x200000001,btStrd=4352,size=10399744,pid=589 
11-07 18:07:43.794   589   589 I GRALLOC : 	 yuv=2,w=1080,h=2340,Stride u=0 v=0,offset u=0 v=0 
11-07 18:07:43.794   589   589 I GRALLOC : 	 iova_size=10399744,conUsg=0xb00,proUsg=0xb00,	 strd=1088,[afbc]HdrStrd=1088 PyldStrd=69632 Scrmbl=2,ionhnd = 0 
11-07 18:07:43.796   589 14866 I GRALLOC : getCallingPid=640, shrFd=10,fmt=0x1,intFmt=0x200000001,btStrd=4352,size=10399744,pid=589 
11-07 18:07:43.796   589 14866 I GRALLOC : 	 yuv=2,w=1080,h=2340,Stride u=0 v=0,offset u=0 v=0 
11-07 18:07:43.796   589 14866 I GRALLOC : 	 iova_size=10399744,conUsg=0xb00,proUsg=0xb00,	 strd=1088,[afbc]HdrStrd=1088 PyldStrd=69632 Scrmbl=2,ionhnd = 0 
11-07 18:07:43.798   589 14866 I GRALLOC : getCallingPid=640, shrFd=10,fmt=0x1,intFmt=0x200000001,btStrd=4352,size=10399744,pid=589 
11-07 18:07:43.798   589 14866 I GRALLOC : 	 yuv=2,w=1080,h=2340,Stride u=0 v=0,offset u=0 v=0 
11-07 18:07:43.798   589 14866 I GRALLOC : 	 iova_size=10399744,conUsg=0xb00,proUsg=0xb00,	 strd=1088,[afbc]HdrStrd=1088 PyldStrd=69632 Scrmbl=2,ionhnd = 0 
11-07 18:07:43.800   640   723 D         : DoWinFrameOptStatusRecog begin to recog Layer result=2
11-07 18:07:43.801  1554  1554 I HwViewRootImpl: removeInvalidNode all the node in jank list is out of time
11-07 18:07:43.801   589 14866 I GRALLOC : getCallingPid=640, shrFd=10,fmt=0x1,intFmt=0x200000001,btStrd=4352,size=10399744,pid=589 
11-07 18:07:43.801   589 14866 I GRALLOC : 	 yuv=2,w=1080,h=2340,Stride u=0 v=0,offset u=0 v=0 
11-07 18:07:43.801   589 14866 I GRALLOC : 	 iova_size=10399744,conUsg=0xb00,proUsg=0xb00,	 strd=1088,[afbc]HdrStrd=1088 PyldStrd=69632 Scrmbl=2,ionhnd = 0 
11-07 18:07:43.801  2101  2522 I OPCollectLog: OdmfHelper:isCharging: true
11-07 18:07:43.802  1554  1554 I HiBoard_10.0.6.300_LauncherOverlayService: onCreate
11-07 18:07:43.804   861   861 D SensorHub: SENSOR_TYPE_PROXIMITY data[0] = 5.000000
11-07 18:07:43.807  1364  1745 I PackageManager: getInstalledPackages cost 8 ms, flags: 786432, userId: 0, callingUid: 1000, callingPid: 1364
11-07 18:07:43.808  1554  1554 I HiBoard_10.0.6.300_Utils: isLauncherSupportHiBoardRtl: isSupport: true
11-07 18:07:43.808  1554  1554 I HiBoard_10.0.6.300_WorkspaceManager: initServiceOnCreate mIsWindowAttached true, mIsLauncherSupportHiBoardRtl: true
11-07 18:07:43.808  1554  1554 I HiBoard_10.0.6.300_Utils: updateViewWidth()
11-07 18:07:43.809  1364 20936 I HwAudioService: now type = -1,reportForegroundAppType = 28,pkg = null,systemload = -1mVoipOptimizeInGameModetrue
11-07 18:07:43.809   640  1509 E BufferQueueProducer: [GestureNavLeft#0]:1338: disconnect: not connected (req=1)
11-07 18:07:43.810  1364  1744 W libEGL  : EGLNativeWindowType 0x70200b6dd0 disconnect failed
11-07 18:07:43.810   636 17266 D SwsHandle: SWS set game flag false
11-07 18:07:43.810   636 17266 I HuaweiAudioFlinger: karaoke white list size=0
11-07 18:07:43.810  1364  1622 D HwAppTransitionImpl: windowAnimations = 0 dose not come from system, not to override it.
11-07 18:07:43.810  1364  1622 E WindowManager: win=Window{76e74bd u0 GestureNavLeft} destroySurfaces: appStopped=true win.mWindowRemovalAllowed=false win.mRemoveOnExit=false
11-07 18:07:43.810   605 17846 I audio_hw_effect: get streamType fail: -2
11-07 18:07:43.810   605 17846 I audio_hw_primary: update stream types 0
11-07 18:07:43.810   605 17846 I audio_cust_utils: setparam_list_search:find item game_mode=off
11-07 18:07:43.810   605 17846 I audio_custom: game mode exit
11-07 18:07:43.810   605 17846 I dsp_soc : set primary algo bypass 0 succ
11-07 18:07:43.814  8491  8540 I HwNaturalBase: [CommonHandler]: dsCollectEncrypt's size is 1M.
11-07 18:07:43.814  2101  2522 I OPCollectLog: OdmfHelper:insert database success 
11-07 18:07:43.814  2101  2522 I OPCollectLog: OdmfHelper:opcollectCache size: 1
11-07 18:07:43.814  2101  2522 I OPCollectLog: OdmfHelper:opcollectCache lastTime: 4893143340
11-07 18:07:43.816  1554  1554 I HiBoard_10.0.6.300_Utils: getScreenHeightWidthInch screenHeight =2340screenWidth =1080screenInch =6.340918756517228
11-07 18:07:43.817   640   721 E BufferQueueProducer: [GestureNavRight#0]:1338: disconnect: not connected (req=1)
11-07 18:07:43.817  1364  1744 W libEGL  : EGLNativeWindowType 0x70200b7910 disconnect failed
11-07 18:07:43.817 11347 11378 E FindCurApp: CAWARENESS: appInWhiteList illegal parameters
11-07 18:07:43.818 11347 11378 E FindCurApp: CAWARENESS: appInWhiteList illegal parameters
11-07 18:07:43.816  1554  1554 I HiBoard_10.0.6.300_Utils: getScreenInch screenInch=6.340918756517228
11-07 18:07:43.818  1554  1554 I HiBoard_10.0.6.300_Utils: initScreenType: screenType = 0
11-07 18:07:43.819  8039  8130 I HiDecision: OdmfCollectScheduler: handleMessage msg: 6
11-07 18:07:43.819  1364  1622 D HwAppTransitionImpl: windowAnimations = 0 dose not come from system, not to override it.
11-07 18:07:43.819  1364  1622 E WindowManager: win=Window{c5fae0a u0 GestureNavRight} destroySurfaces: appStopped=true win.mWindowRemovalAllowed=false win.mRemoveOnExit=false
11-07 18:07:43.820  1554  1554 I HiBoard_10.0.6.300_LauncherOverlayService: onBind
11-07 18:07:43.830 13301 13301 I HwViewRootImpl: removeInvalidNode all the node in jank list is out of time
11-07 18:07:43.831  1364  1483 I WindowManager: New wallpaper target: Window{f842bcb u0 com.huawei.android.launcher/com.huawei.android.launcher.unihome.UniHomeLauncher} prevTarget: null
11-07 18:07:43.833 15182 15182 D HWUCD_GLWallpaper: onVisibilityChanged isPreview : false
11-07 18:07:43.833 15182 15182 D HWUCD_GLWallpaper: onVisibilityChanged true
11-07 18:07:43.834  1364  1483 I HwWindowManagerServiceEx: closing apps count = 0
11-07 18:07:43.836 15182 15243 D mali_winsys: EGLint new_window_surface(egl_winsys_display *, void *, EGLSurface, EGLConfig, egl_winsys_surface **, EGLBoolean) returns 0x3000
11-07 18:07:43.836 15182 15243 D HWUCD_GLSurfaceView: onSurfaceChanged 1080, 2340
11-07 18:07:43.836  1364  1483 D HwWindowManagerServiceEx: is app exit to launcher info: transit = 13, app = AppWindowToken{794f7a9 token=Token{b67f30 ActivityRecord{7162dad u0 com.huawei.android.launcher/.unihome.UniHomeLauncher t1}}}, window = Window{f842bcb u0 com.huawei.android.launcher/com.huawei.android.launcher.unihome.UniHomeLauncher}, mClosingApps = {}, topOpeningApp = AppWindowToken{794f7a9 token=Token{b67f30 ActivityRecord{7162dad u0 com.huawei.android.launcher/.unihome.UniHomeLauncher t1}}}, mExitIconBitmap = android.graphics.Bitmap@482a1ca, mExitIconHeight = 170, mExitIconWidth = 170
11-07 18:07:43.836 15182 15243 D HWUCD_GLSurfaceView: onDrawFrame
11-07 18:07:43.836  1364  1483 E WindowManager: icon is null!!
11-07 18:07:43.836  1364  1483 I HwWindowManagerServiceEx: {} is closing and {AppWindowToken{794f7a9 token=Token{b67f30 ActivityRecord{7162dad u0 com.huawei.android.launcher/.unihome.UniHomeLauncher t1}}}}is opening
11-07 18:07:43.839   589 14866 I GRALLOC : getCallingPid=640, shrFd=10,fmt=0x2,intFmt=0x200000002,btStrd=4352,size=10399744,pid=589 
11-07 18:07:43.839   589 14866 I GRALLOC : 	 yuv=2,w=1080,h=2340,Stride u=0 v=0,offset u=0 v=0 
11-07 18:07:43.839   589 14866 I GRALLOC : 	 iova_size=10399744,conUsg=0xb00,proUsg=0xb00,	 strd=1088,[afbc]HdrStrd=1088 PyldStrd=69632 Scrmbl=2,ionhnd = 0 
11-07 18:07:43.840  1364  1483 D HwAppTransitionImpl: windowAnimations = 0 dose not come from system, not to override it.
11-07 18:07:43.840  1364  1483 I HwWindowManagerServiceEx: exit info has been reset.
11-07 18:07:43.844 13301 13443 D HwRecentsTaskUtils: refreshToCache
11-07 18:07:43.844 13301 13443 D HwRecentsTaskUtils: searchFromDate
11-07 18:07:43.849  1364 20936 V ActivityManager: Successfully start provider ContentProviderRecord{6535819 u0 com.android.systemui/.recents.HwRecentsLockProdiver} launchingApp=null caller pid= 13301
11-07 18:07:43.850  1554  3557 I HiBoard_10.0.6.300_LauncherOverlayService: windowAttached
11-07 18:07:43.850  1554  3557 I HiBoard_10.0.6.300_WorkspaceManager: overlayStatusChanged state 1
11-07 18:07:43.850  1554  1554 I HiBoard_10.0.6.300_WorkspaceManager: handleMessage ATTACHWINDOW
11-07 18:07:43.850  1554  1554 I HiBoard_10.0.6.300_WorkspaceManager: windowAttached mIsWindowAttached true
11-07 18:07:43.850  1554  1554 I HiBoard_10.0.6.300_WorkspaceManager: windowAttached token is the same, no need init
11-07 18:07:43.853  2041 16134 E HsmCoreServiceImpl: onTransact in code is: 103
11-07 18:07:43.853  1364  1480 D HwPhoneWindowManager: Transact:setSystemUIColor to status bar service
11-07 18:07:43.853  2041 16134 I MediaProcessHandler: playingUids: 
11-07 18:07:43.853  1808 16921 I HwCommandQueue: updateBarBgColor
11-07 18:07:43.853  1808 16921 D HwCommandQueue: CommandQueue, setBarBackgroundColor
11-07 18:07:43.854  1364  1480 I StatusBarDisable: setFlags what=0 which=1 pkg=Window{f842bcb u0 com.huawei.android.launcher/com.huawei.android.launcher.unihome.UniHomeLauncher}
11-07 18:07:43.858 13301 13301 E HwLauncher: NegativeScreenClientCallBack onServiceStateChanged overlayAttached = true mServiceState = 0
11-07 18:07:43.861 10764 10764 I HuaweiIME: SysInfo.getSysParam: orientation=1||config d=3.0,w=1080,h=2259||metrics d=3.0,w=1080,h=2259||sdk=29,bar_h=81||appScale=3.3,sysScale=3.0||isMultiWin=false,isPadMode=false, boardw=1080, boardH=705, candH=130, boardL=0, boardR=1080, ver=8.2.8.50, realW=1080, realH=2340, isInLargeWinMode=false
11-07 18:07:43.862 10764 10764 I HuaweiIME: isPortrait-adjustOffset-r: 5
11-07 18:07:43.884   861   861 D SensorHub: SENSOR_TYPE_PROXIMITY data[0] = 5.000000
11-07 18:07:43.894   884  1005 D ScreemCommon: <LOGMGR> <complete_pm> [Entry]
11-07 18:07:43.920   717   717 I aptouch_daemon: copy_frame, grid_data is nullptr
11-07 18:07:43.920   717   717 I aptouch_daemon: check_afe_status, idle in. 300
11-07 18:07:43.963   861   861 D SensorHub: SENSOR_TYPE_PROXIMITY data[0] = 5.000000
11-07 18:07:44.029   570   570 D Zygote  : Forked child process 23397
11-07 18:07:44.031  1364  1496 I ActivityManager: Start proc 23397:com.android.contacts/u0a23 for start application com.android.contacts
11-07 18:07:44.031  1364  2009 E ProcessInfoCollector: getProcessInfo: failed to find this proc 
11-07 18:07:44.033   569 32655 I netd    : trafficSwapActiveStatsMap() <11.98ms>
11-07 18:07:44.037 23397 23397 I ndroid.contact: Reinit property: dalvik.vm.checkjni= false
11-07 18:07:44.039 23397 23397 E ndroid.contact: Not starting debugger since process cannot load the jdwp agent.
11-07 18:07:44.042   861   861 D SensorHub: SENSOR_TYPE_PROXIMITY data[0] = 5.000000
11-07 18:07:44.051 23397 23397 D ActivityThread: Attach thread to application
11-07 18:07:44.052   569 32655 I netd    : trafficSwapActiveStatsMap() <15.80ms>
11-07 18:07:44.063 23397 23397 D ApplicationLoaders: Returning zygote-cached class loader: /system/framework/android.hidl.base-V1.0-java.jar
11-07 18:07:44.063 23397 23397 D ApplicationLoaders: Returning zygote-cached class loader: /system/framework/android.hidl.manager-V1.0-java.jar
11-07 18:07:44.063 23397 23397 D ApplicationLoaders: Returning zygote-cached class loader: /system/framework/android.hidl.base-V1.0-java.jar
11-07 18:07:44.079 23397 23397 W ndroid.contact: JIT profile information will not be recorded: profile file does not exits.
11-07 18:07:44.083  1364  2755 I ActivityManager: Force stopping com.example.androidmkdemo appid=10216 user=0: from pid 23419by app
11-07 18:07:44.089  1364  1364 I AlarmManager: UninstallReceiver onReceive action:android.intent.action.PACKAGE_RESTARTED
11-07 18:07:44.091  1364  1364 D HwBastetService: BroadcastReceiver android.intent.action.PACKAGE_RESTARTED
11-07 18:07:44.093  2041  2041 I HwCoreAppHelperService: LocalReceiver receives:android.intent.action.PACKAGE_RESTARTED,pkg:com.example.androidmkdemo,uid:10216
11-07 18:07:44.095  2195  2195 D CarrierSvcBindHelper: No carrier app for: 0
11-07 18:07:44.096  2195  2195 D CarrierSvcBindHelper: No carrier app for: 1
11-07 18:07:44.100 23397 23418 I AwareBitmapCacher: init processName:com.android.contacts pid=23397 uid=10023
11-07 18:07:44.108 23397 23397 I HwApiCacheMangerEx: apicache path=/storage/emulated/0 state=mounted key=com.android.contacts#10023#256
11-07 18:07:44.122   861   861 D SensorHub: SENSOR_TYPE_PROXIMITY data[0] = 5.000000
11-07 18:07:44.125 23397 23397 D RcsService: RcsXmlParser - sIsHwRcsServiceInstalled: true
11-07 18:07:44.125 23397 23397 D RcsService: RcsXmlParser - sIsSupportDecoupling: true
11-07 18:07:44.126 23397 23397 D RcsService: RcsXmlParser - initPlmnLocalStore context is null or appTag is null
11-07 18:07:44.128 23397 23397 E RcsService: RcsXmlParser - mContext or mccmnc is null return
11-07 18:07:44.132 23397 23425 D RcsService: RcsFeatureEnabler - rcsProductEnabled: true rcsVendorEnabled: true
11-07 18:07:44.143  1364  2755 V ActivityManager: Successfully start provider ContentProviderRecord{6f1c3ab u0 com.android.providers.settings/.hwext.HwSettingsProvider} launchingApp=null caller pid= 23397
11-07 18:07:44.160  1364  1706 D StubTelephonyRegistry: uid:10023 pid:23397 PhoneStateListener.LISTEN_CELL_LOCATION:16 events:1
11-07 18:07:44.161  1364  1706 I LocationAccessPolicy: Allowing com.android.contacts fine because it doesn't target API 29 yet. Please fix this app. Called from TelephonyRegistry push
11-07 18:07:44.164  1364  1706 D CountryDetector: isValidCountryIso: CN
11-07 18:07:44.167 23397 23427 D HwFrameworkSecurityPartsFactory: HwFrameworkSecurityPartsFactory in.
11-07 18:07:44.167 23397 23427 I HwFrameworkSecurityPartsFactory: add HwFrameworkSecurityPartsFactory to memory.
11-07 18:07:44.168  1364  1706 D HwSecurityService: find this Resident Plugin
11-07 18:07:44.169  1364  1706 I HwPermDBAdapter: shouldMonitor mUidToPkgNameCache: {10019=com.android.email, 10023=com.huawei.contacts.sync, 10027=com.example.android.notepad, 10029=com.huawei.screenrecorder, 10033=com.huawei.hwvplayer.youku, 10056=com.huawei.hifolder, 10077=com.huawei.mycenter, 10097=com.android.imedia.syncplay, 10098=com.huawei.lives, 10099=com.huawei.gameassistant, 10100=com.huawei.gamebox, 10101=com.huawei.fastapp, 10102=com.huawei.hiskytone, 10103=com.huawei.hwread.al, 10105=com.huawei.scanner, 10106=com.zhihu.android, 10107=com.eg.android.AlipayGphone, 10108=com.tencent.mtt, 10109=com.baidu.haokan, 10110=com.wuba, 10111=com.jingdong.app.mall, 10112=com.baidu.BaiduMap, 10113=com.ss.android.ugc.aweme, 10114=com.taobao.taobao, 10115=com.taobao.mobile.dipei, 10116=cn.wps.moffice_eng, 10117=com.ss.android.article.news, 10118=com.Qunar, 10119=com.tencent.news, 10120=com.smile.gifmaker, 10121=com.xunmeng.pinduoduo, 10122=com.baidu.searchbox, 10123=com.sina.weibo, 10124=com.sankuai.meituan, 10128=com.huawei.fans, 10129=com.vmall.client, 10130=com.hicloud.android.clone, 10136=cn.honor.qinxuan, 10141=com.wandoujia.phoenix2, 10144=com.tencent.mm, 10183=com.ss.android.article.lite, 10198=com.yunjiheji.heji, 10211=com.imaginer.yunji}
11-07 18:07:44.170 23397 23427 I StubController: system app validUid:10023, isFriend:false
11-07 18:07:44.170 23397 23427 V StubController: hsm should not control this permission: 1
11-07 18:07:44.171  1364  1706 I ActivityManager: Need to start process android.process.acore for provider ContentProviderInfo{name=contacts;com.android.contacts className=com.android.providers.contacts.ContactsProvider2}, callerApp: ProcessRecord{7b6b9c 23397:com.android.contacts/u0a23}
11-07 18:07:44.171  1364  1706 V ActivityManager: startProcess: name=android.process.acore app=null knownToBeDead=false thread=null pid=-1
11-07 18:07:44.172  1364  1706 V ActivityManager_MU: Waiting to start provider ContentProviderRecord{b45485d u0 com.android.providers.contacts/.ContactsProvider2} launchingApp=ProcessRecord{96f9234 0:android.process.acore/u0a5} caller pid= 23397 for 20000 ms
11-07 18:07:44.183 23397 23397 V HwWidgetFactory: : successes to get AllImpl object and return....
11-07 18:07:44.186   570   570 D Zygote  : Forked child process 23431
11-07 18:07:44.187  1364  1496 I ActivityManager: Start proc 23431:android.process.acore/u0a5 for content provider {com.android.providers.contacts/com.android.providers.contacts.ContactsProvider2}
11-07 18:07:44.193 23431 23431 I d.process.acor: Reinit property: dalvik.vm.checkjni= false
11-07 18:07:44.194 23431 23431 E d.process.acor: Not starting debugger since process cannot load the jdwp agent.
11-07 18:07:44.194  1364  2009 E ProcessInfoCollector: getProcessInfo: failed to find this proc 
11-07 18:07:44.200   884  3249 E LOGSERVER_UTILS: [ERecovery]ReadEvent: ERecoveryEventManager ReadEvent 0
11-07 18:07:44.201   861   893 D SensorHub: SENSOR_TYPE_PROXIMITY data[0] = 5.000000
11-07 18:07:44.205 23397 23397 I HwWidgetSafeInsets: parse cutout mode : 0
11-07 18:07:44.208 23431 23431 D ActivityThread: Attach thread to application
11-07 18:07:44.229   605 17846 I audio_hw_primary: usb_ext_get_parameters: check show hires (false)
11-07 18:07:44.241 23431 23431 D ApplicationLoaders: Returning zygote-cached class loader: /system/framework/android.hidl.base-V1.0-java.jar
11-07 18:07:44.241 23431 23431 D ApplicationLoaders: Returning zygote-cached class loader: /system/framework/android.hidl.manager-V1.0-java.jar
11-07 18:07:44.241 23431 23431 D ApplicationLoaders: Returning zygote-cached class loader: /system/framework/android.hidl.base-V1.0-java.jar
11-07 18:07:44.252 23397 23397 I FloatingActionButton: Setting a custom background is not supported.
11-07 18:07:44.270  1364  2098 D StubTelephonyRegistry: uid:10005 pid:23431 PhoneStateListener.LISTEN_CELL_LOCATION:16 events:1
11-07 18:07:44.272  1364  2098 I LocationAccessPolicy: Allowing com.android.providers.contacts fine because it doesn't target API 29 yet. Please fix this app. Called from TelephonyRegistry push
11-07 18:07:44.276  1364  2098 D CountryDetector: isValidCountryIso: CN
11-07 18:07:44.277 23431 23431 W ContactsProvider: CountryMonitor CountryIso changed.
11-07 18:07:44.280   861   893 D SensorHub: SENSOR_TYPE_PROXIMITY data[0] = 5.000000
11-07 18:07:44.303 23397 23397 I CommonUtilMethods: enabledInPad = false,isPcCastMode = false
11-07 18:07:44.307 23397 23397 E Resource: printErrorResource, maybe not a error because module has entative access to resource called by =android.content.res.HwResourcesImpl.printErrorResource:2634 android.content.res.ResourcesImpl.getValue:297 android.content.res.Resources.getDimensionPixelSize:823 com.android.contacts.hap.widget.AlphaScroller.initTextSize:1616 com.android.contacts.hap.widget.AlphaScroller.init:559 com.android.contacts.hap.widget.AlphaScroller.<init>:404 
11-07 18:07:44.307 23397 23397 I ResourcesImplEx: The apk asset path = ApkAssets{path=/system/framework/framework-res.apk}
11-07 18:07:44.307 23397 23397 I ResourcesImplEx: The apk asset path = ApkAssets{path=/system/framework/framework-res-hwext.apk}
11-07 18:07:44.307 23397 23397 I ResourcesImplEx: The apk asset path = ApkAssets{path=/preas/china/overlay/GmsConfigOverlay.apk}
11-07 18:07:44.307 23397 23397 I ResourcesImplEx: The apk asset path = ApkAssets{path=/hw_product/overlay/frameworkResOverlay.apk}
11-07 18:07:44.307 23397 23397 I ResourcesImplEx: The apk asset path = ApkAssets{path=/odm/overlay/frameworkResOverlay.apk}
11-07 18:07:44.307 23397 23397 I ResourcesImplEx: The apk asset path = ApkAssets{path=/system/priv-app/Contacts/Contacts.apk}
11-07 18:07:44.307 23397 23397 I ResourcesImplEx: The apk asset path = ApkAssets{path=/system/emui/base/overlay/frameworkhwexthonor/frameworkhwexthonor.apk}
11-07 18:07:44.319 13301 13301 W HwLauncher: FolderIcondrawSelectedLabel bitmap null
11-07 18:07:44.320 13301 13301 I chatty  : uid=10061(com.huawei.android.launcher) identical 1 line
11-07 18:07:44.321 13301 13301 W HwLauncher: FolderIcondrawSelectedLabel bitmap null
11-07 18:07:44.328 13301 15536 W OpenGLRenderer: Incorrectly called buildLayer on View: ShortcutAndWidgetContainer, destroying layer...
11-07 18:07:44.328 13301 15536 W OpenGLRenderer: Incorrectly called buildLayer on View: ShortcutAndWidgetContainer, destroying layer...
11-07 18:07:44.331 23397 23397 I CommonUtilMethods: enabledInPad = false,isPcCastMode = false
11-07 18:07:44.332 23397 23397 E Resource: printErrorResource, maybe not a error because module has entative access to resource called by =android.content.res.HwResourcesImpl.printErrorResource:2634 android.content.res.ResourcesImpl.getValue:297 android.content.res.Resources.getDimensionPixelSize:823 com.android.contacts.hap.widget.AlphaScroller.initTextSize:1616 com.android.contacts.hap.widget.AlphaScroller.init:559 com.android.contacts.hap.widget.AlphaScroller.initAlphaScroller:430 
11-07 18:07:44.332 23397 23397 I ResourcesImplEx: The apk asset path = ApkAssets{path=/system/framework/framework-res.apk}
11-07 18:07:44.332 23397 23397 I ResourcesImplEx: The apk asset path = ApkAssets{path=/system/framework/framework-res-hwext.apk}
11-07 18:07:44.332 23397 23397 I ResourcesImplEx: The apk asset path = ApkAssets{path=/preas/china/overlay/GmsConfigOverlay.apk}
11-07 18:07:44.332 23397 23397 I ResourcesImplEx: The apk asset path = ApkAssets{path=/hw_product/overlay/frameworkResOverlay.apk}
11-07 18:07:44.332 23397 23397 I ResourcesImplEx: The apk asset path = ApkAssets{path=/odm/overlay/frameworkResOverlay.apk}
11-07 18:07:44.332 23397 23397 I ResourcesImplEx: The apk asset path = ApkAssets{path=/system/priv-app/Contacts/Contacts.apk}
11-07 18:07:44.332 23397 23397 I ResourcesImplEx: The apk asset path = ApkAssets{path=/system/emui/base/overlay/frameworkhwexthonor/frameworkhwexthonor.apk}
11-07 18:07:44.340  1364  2098 D HwConnectivityServiceEx: set cache by key is 10032 interfaceName iswlan0 value is false
11-07 18:07:44.359 23397 23397 I HwWidgetSafeInsets: parse cutout mode : 0
11-07 18:07:44.361   861   893 D SensorHub: SENSOR_TYPE_PROXIMITY data[0] = 5.000000
11-07 18:07:44.519   861   893 I chatty  : uid=1000(system) HwBinder:861_1 identical 2 lines
11-07 18:07:44.600   861   893 D SensorHub: SENSOR_TYPE_PROXIMITY data[0] = 5.000000
11-07 18:07:45.155   861   893 D SensorHub: SENSOR_TYPE_PROXIMITY data[0] = 0.000000
11-07 18:07:45.235   861   893 D SensorHub: SENSOR_TYPE_PROXIMITY data[0] = 0.000000
11-07 18:07:45.240   884  3249 E LOGSERVER_UTILS: [ERecovery]ReadEvent: ERecoveryEventManager ReadEvent 0
11-07 18:07:45.313   861   893 D SensorHub: SENSOR_TYPE_PROXIMITY data[0] = 0.000000
11-07 18:07:45.340  1364  2098 V ActivityManager: Successfully start provider ContentProviderRecord{6f1c3ab u0 com.android.providers.settings/.hwext.HwSettingsProvider} launchingApp=null caller pid= 23431
11-07 18:07:45.393   861   861 D SensorHub: SENSOR_TYPE_PROXIMITY data[0] = 0.000000
11-07 18:07:45.469  1364  1658 I TrafficMonitor: update:rxPkts:7,txPkts:0,rxBytes:2019,txBytes:0
11-07 18:07:45.469  1364  1658 I TrafficMonitor: start expired. level:-1
11-07 18:07:45.469  1364  1658 I TrafficMonitor: gettimer:interval=2000
11-07 18:07:45.472   861   861 D SensorHub: SENSOR_TYPE_PROXIMITY data[0] = 5.000000
11-07 18:07:45.469 23456 23456 W ls      : type=1400 audit(0.0:5342665): avc: granted { read } for pid=23456 name="crashDump" dev="sdcardfs" ino=40605 scontext=u:r:shell:s0 tcontext=u:object_r:sdcardfs:s0 tclass=dir
11-07 18:07:45.552   861   861 D SensorHub: SENSOR_TYPE_PROXIMITY data[0] = 5.000000
11-07 18:07:45.631   861   861 I chatty  : uid=1000(system) sensors@1.0-ser identical 1 line
11-07 18:07:45.711   861   861 D SensorHub: SENSOR_TYPE_PROXIMITY data[0] = 5.000000
11-07 18:07:45.746 23397 23425 D HwGalleryCacheManagerImpl: mIsEffect:false
11-07 18:07:45.762 23397 23425 I CommonUtilMethods: enabledInPad = false,isPcCastMode = false
11-07 18:07:45.775 23431 23455 D HwFrameworkSecurityPartsFactory: HwFrameworkSecurityPartsFactory in.
11-07 18:07:45.775 23431 23455 I HwFrameworkSecurityPartsFactory: add HwFrameworkSecurityPartsFactory to memory.
11-07 18:07:45.777 23431 23449 I HwApiCacheMangerEx: apicache path=/storage/emulated/0 state=mounted key=com.android.providers.contacts#10005#256
11-07 18:07:45.779 23431 23449 I HwApiCacheMangerEx: apicache path=/storage/emulated/0 state=mounted key=com.android.providers.contacts#10005#0
11-07 18:07:45.782 23431 23455 D ActivityThread: Loading provider call_log_shadow: com.android.providers.contacts.ShadowCallLogProvider
11-07 18:07:45.786 23431 23449 I AwareBitmapCacher: init processName:android.process.acore pid=23431 uid=10005
11-07 18:07:45.789   861   861 D SensorHub: SENSOR_TYPE_PROXIMITY data[0] = 5.000000
11-07 18:07:45.790 23431 23431 D ActivityThread: Loading provider call_log_shadow: com.android.providers.contacts.ShadowCallLogProvider
11-07 18:07:45.791 23397 23458 V StubController: hsm should not control this permission: 1
11-07 18:07:45.794 23397 23459 V StubController: hsm should not control this permission: 1
11-07 18:07:45.798  1364  2755 I ActivityManager: Need to start process com.huawei.hwvoipservice for provider ContentProviderInfo{name=com.huawei.hwvoipservice.hicall className=com.huawei.hwvoipservice.contactmgr.provider.CaasHiCallStatusProvider}, callerApp: ProcessRecord{7b6b9c 23397:com.android.contacts/u0a23}
11-07 18:07:45.798  1364  2755 V ActivityManager: startProcess: name=com.huawei.hwvoipservice app=null knownToBeDead=false thread=null pid=-1
11-07 18:07:45.802  1364  2755 V ActivityManager_MU: Waiting to start provider ContentProviderRecord{1dfd782 u0 com.huawei.hwvoipservice/.contactmgr.provider.CaasHiCallStatusProvider} launchingApp=ProcessRecord{d8e02cd 0:com.huawei.hwvoipservice/1001} caller pid= 23397 for 20000 ms
11-07 18:07:45.835   570   570 D Zygote  : Forked child process 23465
11-07 18:07:45.839  1364  1496 I ActivityManager: Start proc 23465:com.huawei.hwvoipservice/1001 for content provider {com.huawei.hwvoipservice/com.huawei.hwvoipservice.contactmgr.provider.CaasHiCallStatusProvider}
11-07 18:07:45.841  1364  2009 E ProcessInfoCollector: getProcessInfo: failed to find this proc 
11-07 18:07:45.851 23465 23465 I i.hwvoipservic: Reinit property: dalvik.vm.checkjni= false
11-07 18:07:45.853 23465 23465 E i.hwvoipservic: Not starting debugger since process cannot load the jdwp agent.
11-07 18:07:45.869   861   861 D SensorHub: SENSOR_TYPE_PROXIMITY data[0] = 5.000000
11-07 18:07:45.874 23465 23465 D ActivityThread: Attach thread to application
11-07 18:07:45.875 23397 23425 V StubController: hsm should not control this permission: 1
11-07 18:07:45.877 23397 23397 E SQLiteLog: (1) 
11-07 18:07:45.905 23465 23465 D ApplicationLoaders: Returning zygote-cached class loader: /system/framework/android.hidl.base-V1.0-java.jar
11-07 18:07:45.905 23465 23465 D ApplicationLoaders: Returning zygote-cached class loader: /system/framework/android.hidl.manager-V1.0-java.jar
11-07 18:07:45.905 23465 23465 D ApplicationLoaders: Returning zygote-cached class loader: /system/framework/android.hidl.base-V1.0-java.jar
11-07 18:07:45.926 23397 23487 V StubController: hsm should not control this permission: 1
11-07 18:07:45.928  1397  1437 I OAM     : [check_file_size:249]/data/vendor/log/hi110x/bfg_log/bfg_log_1 log file beyond size=10240Byte, creat new file
11-07 18:07:45.928  1397  1437 I OAM     : [rename_old_file:154]rename_old_file
11-07 18:07:45.928  1397  1437 I OAM     : 
11-07 18:07:45.947 23431 23431 W ContactsProvider: ContactsDatabaseHelper [initExclusiveUid] exclusiveUid10023
11-07 18:07:45.949   861   861 D SensorHub: SENSOR_TYPE_PROXIMITY data[0] = 5.000000
11-07 18:07:45.950 23431 23431 D ActivityThread: Loading provider contacts;com.android.contacts: com.android.providers.contacts.ContactsProvider2
11-07 18:07:45.955  1364  1428 I AlarmManager: remove alarm:Alarm{ebe4283 type 1 when 1604826298304 PendingIntent{ff4542e: PendingIntentRecord{24880dd com.android.providers.contacts broadcastIntent}}com.android.providers.contacts procName android.process.acore} according to operation:f412532
11-07 18:07:45.958 23465 23465 D CaasContactsProvider: CaasContactsProvider onCreate start
11-07 18:07:45.960 23465 23465 D CaasHiCallStatusProvider: CaasHiCallStatusProvider onCreate start
11-07 18:07:45.962 23465 23486 I HwApiCacheMangerEx: apicache path=/storage/emulated/0 state=mounted key=com.huawei.hwvoipservice#1001#256
11-07 18:07:45.966 23465 23465 D CaasMigrateProvider: CaasMigrateProvider onCreate start
11-07 18:07:45.972 23465 23486 I HwApiCacheMangerEx: apicache path=/storage/emulated/0 state=mounted key=com.huawei.hwvoipservice#1001#0
11-07 18:07:45.974  1364  2755 V ActivityManager: Successfully start provider ContentProviderRecord{1dfd782 u0 com.huawei.hwvoipservice/.contactmgr.provider.CaasHiCallStatusProvider} launchingApp=ProcessRecord{d8e02cd 23465:com.huawei.hwvoipservice/1001} caller pid= 23397
11-07 18:07:45.974 23465 23465 I HwPhoneApplication: HwPhoneApplication: onCreate..
11-07 18:07:45.979 23465 23484 D HwFrameworkSecurityPartsFactory: HwFrameworkSecurityPartsFactory in.
11-07 18:07:45.980 23465 23484 I HwFrameworkSecurityPartsFactory: add HwFrameworkSecurityPartsFactory to memory.
11-07 18:07:45.983 23465 23486 I AwareBitmapCacher: init processName:com.huawei.hwvoipservice pid=23465 uid=1001
11-07 18:07:45.988 23465 23465 I PowerKitApi: match for intent,  packageName:com.huawei.powergenie className:com.huawei.android.powerkit.PowerKitService
11-07 18:07:45.994 23465 23465 V PowerKitApi: bind powerkit service, ret = true
11-07 18:07:45.996 23465 23465 D CaasLogUtils: getLogPath: /storage/emulated/0/Android/data/com.huawei.hwvoipservice/files/Hvslog
11-07 18:07:45.998 23465 23465 D CaasLogUtils: getLogPath: /storage/emulated/0/Android/data/com.huawei.hwvoipservice/files/Hvslog
11-07 18:07:45.999 23465 23465 I HwCaasEngine: new HwCaasEngine
11-07 18:07:45.999 23465 23465 I HwCaasEngine: initialBaseModules
11-07 18:07:46.000 23465 23465 D HwCaasUtil: get app path = /data/user/0/com.huawei.hwvoipservice/files
11-07 18:07:46.005 23465 23465 W i.hwvoipservice: type=1400 audit(0.0:5342667): avc: granted { write } for pid=23465 name="Hvslog" dev="sdcardfs" ino=36731 scontext=u:r:radio:s0 tcontext=u:object_r:sdcardfs:s0 tclass=dir
11-07 18:07:46.005 23465 23465 W i.hwvoipservice: type=1400 audit(0.0:5342668): avc: granted { add_name } for pid=23465 name="uspa_3.log" scontext=u:r:radio:s0 tcontext=u:object_r:sdcardfs:s0 tclass=dir
11-07 18:07:46.005 23465 23465 W i.hwvoipservice: type=1400 audit(0.0:5342669): avc: granted { create } for pid=23465 name="uspa_3.log" scontext=u:r:radio:s0 tcontext=u:object_r:sdcardfs:s0 tclass=file
11-07 18:07:46.027   861   861 D SensorHub: SENSOR_TYPE_PROXIMITY data[0] = 5.000000
11-07 18:07:46.032  1364  2229 V ActivityManager: Successfully start provider ContentProviderRecord{6f1c3ab u0 com.android.providers.settings/.hwext.HwSettingsProvider} launchingApp=null caller pid= 23465
11-07 18:07:46.176  1364  2229 I AlarmManager: remove alarm:Alarm{35c52f5 type 1 when 1604743665954 PendingIntent{f412532: PendingIntentRecord{24880dd com.android.providers.contacts broadcastIntent}}com.android.providers.contacts procName android.process.acore} according to operation:918482c
11-07 18:07:46.187   861   861 I chatty  : uid=1000(system) sensors@1.0-ser identical 2 lines
11-07 18:07:46.266   861   861 D SensorHub: SENSOR_TYPE_PROXIMITY data[0] = 5.000000
11-07 18:07:46.280   884  3249 E LOGSERVER_UTILS: [ERecovery]ReadEvent: ERecoveryEventManager ReadEvent 0
11-07 18:07:46.330  1364  1706 V ActivityManager: Successfully start provider ContentProviderRecord{b45485d u0 com.android.providers.contacts/.ContactsProvider2} launchingApp=ProcessRecord{96f9234 23431:android.process.acore/u0a5} caller pid= 23397
11-07 18:07:46.345  1364  1428 V ActivityManager: Successfully start provider ContentProviderRecord{b45485d u0 com.android.providers.contacts/.ContactsProvider2} launchingApp=ProcessRecord{96f9234 23431:android.process.acore/u0a5} caller pid= 23397
11-07 18:07:46.345   861   861 D SensorHub: SENSOR_TYPE_PROXIMITY data[0] = 5.000000
11-07 18:07:46.354  1364  1706 V ActivityManager: Successfully start provider ContentProviderRecord{b45485d u0 com.android.providers.contacts/.ContactsProvider2} launchingApp=ProcessRecord{96f9234 23431:android.process.acore/u0a5} caller pid= 23397
11-07 18:07:46.354 23431 23431 D PrivacyCallLogManager:  startRequestProcessing: 
11-07 18:07:46.464  1364  1658 I TrafficMonitor: expired arrive. level:-1
11-07 18:07:46.464  1364  1658 I TrafficMonitor: during_ms:2003,period_ms:2000
11-07 18:07:46.464  1364  1658 I TrafficMonitor: count:100,rx_sum:7,tx_sum:0,rxBytes:2019,during_ms:2003,rx_speed:1007.9880179730404,tx_speed:0.0,rto:0.0
11-07 18:07:46.601 23431 23450 W LetterCountCache: familynames is null or familynames.length = 0
11-07 18:07:46.631   634   634 E WifiHAL : enter wifi_get_link_stats
11-07 18:07:46.636  1364  1659 E WificondControl: Noise: 0, Snr: 0, Chload: -1
11-07 18:07:46.359  1364  1706 I chatty  : uid=1000(system) Binder:1364_3 identical 1 line
11-07 18:07:46.365  1364  1706 V ActivityManager: Successfully start provider ContentProviderRecord{b45485d u0 com.android.providers.contacts/.ContactsProvider2} launchingApp=ProcessRecord{96f9234 23431:android.process.acore/u0a5} caller pid= 23397
11-07 18:07:46.641  1364  1667 D ConnectivityService: notifyType CALLBACK_CAP_CHANGED for NetworkAgentInfo [WIFI () - 667]
11-07 18:07:46.642  1364  1659 V HwWifiServiceFactory: get AllImpl object = com.android.server.wifi.HwWifiServiceFactoryImpl@91d5c64
11-07 18:07:46.647  1364  1678 D HwConnectivityServiceEx: set cache by key is 10183 interfaceName iswlan0 value is true
11-07 18:07:46.647  1364  1678 D ConnectivityService: ActiveNetwork is blocked, uid = 10183, ignoreBlocked = false
11-07 18:07:46.647  1364  1678 D HwConnectivityServiceEx: set cache by key is 10141 interfaceName iswlan0 value is true
11-07 18:07:46.647  1364  1678 D ConnectivityService: ActiveNetwork is blocked, uid = 10141, ignoreBlocked = false
11-07 18:07:46.647  1364  1678 D HwConnectivityServiceEx: set cache by key is 10028 interfaceName iswlan0 value is false
11-07 18:07:46.648  1364  1678 D ConnectivityService: get Network state from cache, cacheBlock is 0
11-07 18:07:46.648  1364  1678 D HwConnectivityServiceEx: set cache by key is 10022 interfaceName iswlan0 value is false
11-07 18:07:46.648  1364  1678 D ConnectivityService: get Network state from cache, cacheBlock is 0
11-07 18:07:46.648  1364  1678 D HwConnectivityServiceEx: set cache by key is 1001 interfaceName iswlan0 value is false
11-07 18:07:46.648  1364  1678 D ConnectivityService: get Network state from cache, cacheBlock is 0
11-07 18:07:46.648  1364  1678 D HwConnectivityServiceEx: set cache by key is 1000 interfaceName iswlan0 value is false
11-07 18:07:46.648  1364  1678 D ConnectivityService: get Network state from cache, cacheBlock is 0
11-07 18:07:46.649  1364  1659 D TelephonyManager: getAllCellInfo calling app is android
11-07 18:07:46.650  2195  2783 W PhoneInterfaceManager: shouldBlockLocation running ...
11-07 18:07:46.651  2195  2783 I PhoneInterfaceManager: shouldBlockLocation  ret:false
11-07 18:07:46.654  1364  1749 D HwWifiConnectivityMonitor: signal level changed: 3 --> 4, 802.11v = false
11-07 18:07:46.654  1364  1751 I HwWifiProServiceProxy: ctrlHwWifiNetwork pkgName: WIFIPRO_SERVICE interfaceId: 9
11-07 18:07:46.657  2041  2778 D Hicom_SysEnvMonitor: onWifiRssiChanged. mWiFiSignalLevel: 3 new Rssi: -64
11-07 18:07:46.657  2041  2778 D Hicom_PolicyCenterService: policencenterservice receive handleMessage: 100
11-07 18:07:46.663  1364  1658 I QosMonitor: queryRtt: rttType = 3
11-07 18:07:46.663  1364  1658 I HwWifiProServiceProxy: ctrlHwWifiNetwork pkgName: WIFIPRO_SERVICE interfaceId: 8
11-07 18:07:46.664  2101  2348 D HwWifiStatStore: updateLinkSpeed linkSpeed =65 mLastSpdLev =2 index =2
11-07 18:07:46.664  2101  2348 D HwWifiCHRStateManager: handleUpdateChannel:2462
11-07 18:07:46.665  1364  1658 I QosMonitor: postEventFromNative: msg=100,arg1=4,arg2=10
11-07 18:07:46.665  1364  1658 I QosMonitor: resetRtt: rttType = 3
11-07 18:07:46.665  1364  1658 I HwWifiProServiceProxy: ctrlHwWifiNetwork pkgName: WIFIPRO_SERVICE interfaceId: 8
11-07 18:07:46.649  1364  1678 I chatty  : uid=1000(system) ConnectivityThr identical 3 lines
11-07 18:07:46.649  1364  1678 D ConnectivityService: get Network state from cache, cacheBlock is 0
11-07 18:07:46.665  1364  1364 W WindowManager: removeWindowToken: Attempted to remove non-existing token: android.os.Binder@610e82d
11-07 18:07:46.667  1364  1479 D ConnectivityService: get Network state from cache, cacheBlock is 0
11-07 18:07:46.671  1364  1706 D ConnectivityService: get Network state from cache, cacheBlock is 0
11-07 18:07:46.672 23465 23465 D HwCaasUtil: get app path = /data/user/0/com.huawei.hwvoipservice/files
11-07 18:07:46.672 23465 23465 D HwCaasEngine: copyFilesFassets  newPath is: /data/user/0/com.huawei.hwvoipservice/conf
11-07 18:07:46.672  2041  2776 D SmartMpControl: onCapabilitiesChanged network 667 networkCapabilities [ Transports: WIFI Capabilities: NOT_METERED&INTERNET&NOT_RESTRICTED&TRUSTED&NOT_VPN&VALIDATED&NOT_ROAMING&FOREGROUND&NOT_CONGESTED&NOT_SUSPENDED LinkUpBandwidth>=1048576Kbps LinkDnBandwidth>=1048576Kbps SignalStrength: -64 SSID: *****]
11-07 18:07:46.674  1364  2230 D ConnectivityService: get Network state from cache, cacheBlock is 0
11-07 18:07:46.677  1364  1706 E WifiService: enforceCanAccessScanResults: hiding ssid and bssidUID 10022 has no location permission
11-07 18:07:46.675  1364  2230 I chatty  : uid=1000(system) Binder:1364_11 identical 1 line
11-07 18:07:46.679  1364  2230 D ConnectivityService: get Network state from cache, cacheBlock is 0
11-07 18:07:46.680  1364  2755 D ConnectivityService: get Network state from cache, cacheBlock is 0
11-07 18:07:46.680   569 32655 I netd    : trafficSwapActiveStatsMap() <42.95ms>
11-07 18:07:46.682  1364  2755 E WifiService: enforceCanAccessScanResults: hiding ssid and bssidUID 10022 has no location permission
11-07 18:07:46.686  1364  2230 E WifiService: enforceCanAccessScanResults: hiding ssid and bssidUID 10022 has no location permission
11-07 18:07:46.720 23397 23487 W ndroid.contact: resources.arsc in APK '/data/app/com.tencent.mm-UwirZu9CaiNiT3W6cFXTuA==/base.apk' is compressed.
11-07 18:07:46.723 23465 23465 D ConnectivityManager: requestNetwork and the calling app is: com.huawei.hwvoipservice
11-07 18:07:46.684  1364  2755 D ConnectivityService: get Network state from cache, cacheBlock is 0
11-07 18:07:46.726  1364  2230 D ConnectivityService: requestNetwork for uid/pid:1001/23465 NetworkRequest [ TRACK_DEFAULT id=2894, [ Capabilities: INTERNET&NOT_RESTRICTED&TRUSTED Uid: 1001] ]
11-07 18:07:46.727  1364  1667 D ConnectivityService: rematching NetworkAgentInfo [WIFI () - 667]
11-07 18:07:46.727  1364  1667 D ConnectivityService: Network NetworkAgentInfo [WIFI () - 667] was already satisfying request 10. No change.
11-07 18:07:46.727  1364  1667 D ConnectivityService: Network NetworkAgentInfo [WIFI () - 667] was already satisfying request 14. No change.
11-07 18:07:46.727  1364  1667 D ConnectivityService: Network NetworkAgentInfo [WIFI () - 667] was already satisfying request 35. No change.
11-07 18:07:46.727  1364  1667 D ConnectivityService: currentScore = 0, newScore = 60
11-07 18:07:46.727  1364  1667 D ConnectivityService: rematch for NetworkAgentInfo [WIFI () - 667]
11-07 18:07:46.727  1364  1667 D ConnectivityService:    accepting network in place of null
11-07 18:07:46.727  1364  1667 D ConnectivityService: sending new Min Network Score(60): NetworkRequest [ TRACK_DEFAULT id=2894, [ Capabilities: INTERNET&NOT_RESTRICTED&TRUSTED Uid: 1001] ]
11-07 18:07:46.728  1364  1728 D Ethernet: got request NetworkRequest [ TRACK_DEFAULT id=2894, [ Capabilities: INTERNET&NOT_RESTRICTED&TRUSTED Uid: 1001] ] with score 60 and serial -1
11-07 18:07:46.730  2195  2195 D PhoneSwitcherNetworkRequstListener: got request NetworkRequest [ TRACK_DEFAULT id=2894, [ Capabilities: INTERNET&NOT_RESTRICTED&TRUSTED Uid: 1001] ] with score 60 and serial -1
