--------- beginning of system
11-07 18:07:25.670  1364  2107 D ConnectivityService: get Network state from cache, cacheBlock is 0
11-07 18:07:25.673  1364  2107 D ConnectivityService: get Network state from cache, cacheBlock is 0
11-07 18:07:25.675  1364  1706 D ConnectivityService: get Network state from cache, cacheBlock is 0
--------- beginning of main
11-07 18:07:25.698   861   893 D SensorHub: SENSOR_TYPE_PROXIMITY data[0] = 5.000000
11-07 18:07:25.682  1364  1706 I chatty  : uid=1000(system) Binder:1364_3 identical 3 lines
11-07 18:07:25.683  1364  1706 D ConnectivityService: get Network state from cache, cacheBlock is 0
11-07 18:07:25.718  1364  2107 D ConnectivityService: get Network state from cache, cacheBlock is 0
11-07 18:07:25.732  1364  1706 D ConnectivityService: get Network state from cache, cacheBlock is 0
11-07 18:07:25.761  1364  1706 V ActivityManager: Successfully start provider ContentProviderRecord{51ec38c u0 com.huawei.systemmanager/.rainbow.db.RainbowDBProvider} launchingApp=null caller pid= 23251
11-07 18:07:25.792  1364  2107 V ActivityManager: Successfully start provider ContentProviderRecord{c1f7e8c u0 com.huawei.systemmanager/com.huawei.library.push.PushFileProvider} launchingApp=null caller pid= 23251
11-07 18:07:25.778   861   893 D SensorHub: SENSOR_TYPE_PROXIMITY data[0] = 5.000000
11-07 18:07:25.794  2075 22565 W HSM_BG  : PushFileProvider:file does not exist which uri is content://com.huawei.systemmanager.push.provider/HwSystemManager/hsm_virus_pkgs.xml
11-07 18:07:25.796 23251 23283 E HSC_SEC : VirusPkgParser:parse InputStream is null
11-07 18:07:25.804  1364  2107 V ActivityManager: Successfully start provider ContentProviderRecord{e3fb9d5 u0 com.huawei.systemmanager/com.huawei.securitycenter.antivirus.db.AntiVirusDBProvider} launchingApp=null caller pid= 23251
11-07 18:07:25.820  1364  2107 D HwSecurityService: find this Resident Plugin
11-07 18:07:25.827  1364  2107 V ActivityManager: Successfully start provider ContentProviderRecord{dfa2c76 u0 com.huawei.systemmanager/.comm.preferenceprovider.SharedPreferenceProvider} launchingApp=null caller pid= 23251
11-07 18:07:25.858   861   893 D SensorHub: SENSOR_TYPE_PROXIMITY data[0] = 5.000000
11-07 18:07:26.096   861   893 I chatty  : uid=1000(system) HwBinder:861_1 identical 3 lines
11-07 18:07:26.175   861   893 D SensorHub: SENSOR_TYPE_PROXIMITY data[0] = 5.000000
11-07 18:07:26.213  2075  2075 W StorageMonitorS: type=1400 audit(0.0:5342589): avc: granted { getattr } for pid=2075 name="/" dev="sdcardfs" ino=109 scontext=u:r:system_app:s0 tcontext=u:object_r:sdcardfs:s0 tclass=filesystem
11-07 18:07:26.255   861   893 D SensorHub: SENSOR_TYPE_PROXIMITY data[0] = 5.000000
11-07 18:07:26.334   861   893 I chatty  : uid=1000(system) HwBinder:861_1 identical 1 line
11-07 18:07:26.413   861   893 D SensorHub: SENSOR_TYPE_PROXIMITY data[0] = 5.000000
11-07 18:07:26.421  1364  1658 I TrafficMonitor: expired arrive. level:-1
11-07 18:07:26.421  1364  1658 I TrafficMonitor: during_ms:2003,period_ms:2000
11-07 18:07:26.422  1364  1658 I TrafficMonitor: count:90,rx_sum:24,tx_sum:20,rxBytes:7454,during_ms:2003,rx_speed:3721.4178731902143,tx_speed:1874.687968047928,rto:1.2
11-07 18:07:26.493   861   893 D SensorHub: SENSOR_TYPE_PROXIMITY data[0] = 5.000000
11-07 18:07:26.581   884  3249 E LOGSERVER_UTILS: [ERecovery]ReadEvent: ERecoveryEventManager ReadEvent 0
11-07 18:07:26.596   569 32655 I netd    : trafficSwapActiveStatsMap() <13.76ms>
11-07 18:07:26.793 23007 23242 I TaskRunMonitor: cancelTask
11-07 18:07:26.793 23007 23242 I TaskRunMonitor: clear memory
11-07 18:07:26.802 23007 23242 I HiAdKit.SystemUtil:  exit process: com.huawei.hwid.pps
11-07 18:07:26.802 23007 23242 I Process : Sending signal. PID: 23007 SIG: 9
11-07 18:07:26.857  1364  1706 I ActivityManager: Process com.huawei.hwid.pps (pid 23007) has died: prev LAST
11-07 18:07:26.857  1364  1706 D ActivityManager: cleanUpApplicationRecord app: ProcessRecord{6491e49 23007:com.huawei.hwid.pps/u0a59}, app.bad: false, restarting: false, allowRestart: true
11-07 18:07:26.858   570   570 I Zygote  : Process 23007 exited due to signal 9 (Killed)
11-07 18:07:26.859  1364  1490 I HwPowerManagerService: appdie release wakelock, pid = 23007, uid = 10059
11-07 18:07:26.859  1364  1497 I libprocessgroup: Successfully killed process cgroup uid 10059 pid 23007 in 0ms
11-07 18:07:26.860  2041 21643 E HsmCoreServiceImpl: onTransact in code is: 102
11-07 18:07:26.860  2041 21643 I MediaProcessHandler: processOp opType: 1, uid: 10059, pid: 23007
11-07 18:07:26.860  2041 21643 W MediaProcessHandler: remove target not exist, maybe the UI process: uid: 10059, pid: 23007
11-07 18:07:26.860  2041 21643 I MediaProcessHandler: executedCallBack opType: 1 mMediaStatusObservers.size=0
11-07 18:07:26.864  2041 16134 I BoosterSwitchP: notifyUidState do nothing
11-07 18:07:26.865  2041 16134 I DeepNoDisturbP: notifyUidState
11-07 18:07:26.865  2041 16134 I BrowserChrP: notifyUidState
11-07 18:07:27.360   605 24565 I audio_hw_primary: usb_ext_get_parameters: check show hires (false)
11-07 18:07:27.431  1364  1658 I TrafficMonitor: update:rxPkts:17,txPkts:9,rxBytes:3951,txBytes:720
11-07 18:07:27.432  1364  1658 I TrafficMonitor: start expired. level:-1
11-07 18:07:27.432  1364  1658 I TrafficMonitor: gettimer:interval=2000
11-07 18:07:27.460   569 32655 I netd    : trafficSwapActiveStatsMap() <20.44ms>
11-07 18:07:27.470  2169  1914 I DownloadState: singleUid: 10059 [com.huawei.hwid] speed: 24 real speed: 23 (rxB:40 txB:80 rxP:1 txP:2) scroff: false
11-07 18:07:27.473  2169  1914 E AppInfoMgr: not find pkgs by uid: 1051
11-07 18:07:27.478  2169  1914 I DownloadState: singleUid: 10022 [com.huawei.appmarket] speed: 3390 real speed: 3379 (rxB:12278 txB:4675 rxP:36 txP:36) scroff: false
11-07 18:07:27.491  2169  1914 I DownloadState: shareUid: 0 default_socket transmitting data speed : 24 bytes/s (rxB:80 txB:40 rxP:2 txP:1 iface:1) scroff: false
11-07 18:07:27.491  2169  1914 I DownloadState: shareUid: 0 /system/bin/netd transmitting data speed : 114 bytes/s (rxB:375 txB:196 rxP:3 txP:3 iface:1) scroff: false
11-07 18:07:27.491  2169  1914 I DownloadState: shareUid: 1000 com.huawei.systemmanager transmitting data speed : 1987 bytes/s (rxB:5666 txB:4271 rxP:19 txP:25 iface:1) scroff: false
11-07 18:07:27.620   884  3249 E LOGSERVER_UTILS: [ERecovery]ReadEvent: ERecoveryEventManager ReadEvent 0
11-07 18:07:28.124 23251 23251 D AwareBitmapCacher: handleInit system app disable uid=1000
11-07 18:07:28.403  2125  2784 I HwNaturalBase: [Timer-0]: MultiUserManagerService:  getNotActiveUser start
11-07 18:07:28.474   634   634 E WifiHAL : enter wifi_get_link_stats
11-07 18:07:28.480  1364  1659 E WificondControl: Noise: 0, Snr: 0, Chload: -1
11-07 18:07:28.483  1364  1659 V HwWifiServiceFactory: get AllImpl object = com.android.server.wifi.HwWifiServiceFactoryImpl@91d5c64
11-07 18:07:28.490  1364  1659 D TelephonyManager: getAllCellInfo calling app is android
11-07 18:07:28.491  2195  2783 W PhoneInterfaceManager: shouldBlockLocation running ...
11-07 18:07:28.492  2195  2783 I PhoneInterfaceManager: shouldBlockLocation  ret:false
11-07 18:07:28.660   884  3249 E LOGSERVER_UTILS: [ERecovery]ReadEvent: ERecoveryEventManager ReadEvent 0
11-07 18:07:28.711   852   878 D AwareLog: iawared: WorkingsetProcessCommand subCmd = 352, userId=10216, pid=23052, com.example.androidmkdemo
11-07 18:07:28.712   852   878 D AwareLog: iawared: WorkingsetStop com.example.androidmkdemo
11-07 18:07:28.966  1364  1505 D DisplayPowerController: mPowerState.mScreenChangedReason: 65638 mPendingRequestLocked.mScreenChangeReason 65638
11-07 18:07:29.435  1364  1658 I TrafficMonitor: update:rxPkts:7,txPkts:1,rxBytes:1899,txBytes:40
11-07 18:07:29.435  1364  1658 I TrafficMonitor: start expired. level:-1
11-07 18:07:29.435  1364  1658 I TrafficMonitor: gettimer:interval=2000
11-07 18:07:29.540  2169  2347 I ApplistMgr: Scene strict ctrl apps: []
11-07 18:07:29.672   884  3249 E LOGSERVER_UTILS: [ERecovery]ReadEvent: ERecoveryEventManager ReadEvent 0
11-07 18:07:29.841  7746 20659 I HiAction_XChannel.XChannelClient-499: getFromMsgReqQueue(): 
11-07 18:07:30.163   717   717 I aptouch_daemon: check_afe_status, idle out.
11-07 18:07:30.180   717   717 I aptouch_daemon: print_log, touch:1, down:1 (+0)
11-07 18:07:30.188  1364  1505 D DisplayPowerController: mPowerState.mScreenChangedReason: 65638 mPendingRequestLocked.mScreenChangeReason 65638
11-07 18:07:30.189  1364  1505 V DisplayPowerController: Brightness [67] reason changing to: 'automatic', previous reason: 'automatic [ dim ]'.
11-07 18:07:30.191 23052 23052 W Settings: Setting device_provisioned has moved from android.provider.Settings.Secure to android.provider.Settings.Global.
11-07 18:07:30.194 23052 23052 V HiTouch_HiTouchSensor: User setup is finished.
11-07 18:07:30.199  1364  1505 D HwNormalizedRampAnimator: hbm_dimming target=2627 rate=180 duration=0.5
11-07 18:07:30.235   717   717 I aptouch_daemon: print_log, touch:0, down:0 
11-07 18:07:30.278 23052 23052 I HwViewRootImpl: removeInvalidNode all the node in jank list is out of time
11-07 18:07:30.293 23052 23052 V AudioManager: querySoundEffectsEnabled...
11-07 18:07:30.298   569  1066 W /system/bin/netd: A binder object at 0x72f2379480 is being transacted on, however, this object is in the same process as its proxy. Transacting with this binder is expensive compared to just calling the corresponding functionality in the same process.
11-07 18:07:30.298   569  1066 I PreDnsController: canPreDnsQuery,persist.sys.predns is false!
11-07 18:07:30.413   569  1066 W /system/bin/netd: A binder object at 0x72f2379480 is being transacted on, however, this object is in the same process as its proxy. Transacting with this binder is expensive compared to just calling the corresponding functionality in the same process.
11-07 18:07:30.413   569  1066 I PreDnsController: canPreDnsQuery,persist.sys.predns is false!
11-07 18:07:30.488  1364 22928 W AwareLog: AwareMem_Reclaim: generateCompressList procsGroups error!
11-07 18:07:30.491   852   878 I         : HibSTrategy::HibStrategySwapCandidateProcessAdd packagename com.yubo.flutterosc
11-07 18:07:30.528  2169 26881 I PGServer: getTopFrontApp. calling pkg: android
11-07 18:07:30.696  1364  1505 D DisplayPowerController: mPowerState.mScreenChangedReason: 65638 mPendingRequestLocked.mScreenChangeReason 65638
11-07 18:07:30.699  1364  1505 D FpDataCollector: case xxx, not a fingerprint unlock 
11-07 18:07:30.711   569  1066 W /system/bin/netd: A binder object at 0x72f2379480 is being transacted on, however, this object is in the same process as its proxy. Transacting with this binder is expensive compared to just calling the corresponding functionality in the same process.
11-07 18:07:30.711   569  1066 I PreDnsController: canPreDnsQuery,persist.sys.predns is false!
11-07 18:07:30.712   884  3249 E LOGSERVER_UTILS: [ERecovery]ReadEvent: ERecoveryEventManager ReadEvent 0
11-07 18:07:30.786   852  3620 I         : HiberManagerService::do_reclaim ok, pid=22445, reclaim_mode = hiber_anon
11-07 18:07:30.786   852  3620 I         : getReclaimResult:reclaim_kb=25908, swap_kb=25908, swap_us=216876
11-07 18:07:30.786   852  3620 I         : HibStrategy::HibStrategySwapCandidateProcessRemove packagename is com.yubo.flutterosc
11-07 18:07:30.786   852  3620 I         : HiberManagerService::sendMessagetoHiberTask successful
11-07 18:07:30.787  1364 22928 W AwareLog: AwareMem_Reclaim: getPssForPid error skip! procName=com.huawei.hwid.persistent
11-07 18:07:30.787  1364 22928 W AwareLog: AwareMem_Reclaim: getPssForPid error skip! procName=com.huawei.hiai.engineservice
11-07 18:07:30.788   852   878 I         : HibSTrategy::HibStrategySwapCandidateProcessAdd packagename com.baidu.input_huawei
11-07 18:07:30.788  2169 26881 I PGServer: getTopFrontApp. calling pkg: android
11-07 18:07:30.789   852  3620 I         : HibStrategy::HibStrategySwapCandidateProcessRemove packagename is com.baidu.input_huawei
11-07 18:07:30.789   852  3620 I         : HiberManagerService::sendMessagetoHiberTask successful
11-07 18:07:30.811   717   717 I aptouch_daemon: copy_frame, grid_data is nullptr
11-07 18:07:30.812   717   717 I aptouch_daemon: check_afe_status, idle in. 300
11-07 18:07:30.829   852   878 I         : HibSTrategy::HibStrategySwapCandidateProcessAdd packagename com.huawei.android.totemweather
11-07 18:07:30.869  2169 26881 I PGServer: getTopFrontApp. calling pkg: android
11-07 18:07:30.875   569  1066 W /system/bin/netd: A binder object at 0x72f2379480 is being transacted on, however, this object is in the same process as its proxy. Transacting with this binder is expensive compared to just calling the corresponding functionality in the same process.
11-07 18:07:30.876   569  1066 I PreDnsController: canPreDnsQuery,persist.sys.predns is false!
11-07 18:07:30.941   852  3620 I         : HiberManagerService::do_reclaim ok, pid=9024, reclaim_mode = hiber_anon
11-07 18:07:30.942   852  3620 I         : getReclaimResult:reclaim_kb=2136, swap_kb=2136, swap_us=32556
11-07 18:07:30.942   852  3620 I         : HibStrategy::HibStrategySwapCandidateProcessRemove packagename is com.huawei.android.totemweather
11-07 18:07:30.942   852  3620 I         : HiberManagerService::sendMessagetoHiberTask successful
11-07 18:07:31.439  1364  1658 I TrafficMonitor: update:rxPkts:165,txPkts:168,rxBytes:204743,txBytes:8321
11-07 18:07:31.439  1364  1658 I TrafficMonitor: no expired. level:5
11-07 18:07:31.439  1364  1658 I TrafficMonitor: gettimer:interval=2000
11-07 18:07:31.439  1364  1658 I TrafficMonitor: during_ms:2005,period_ms:2000
11-07 18:07:31.440  1364  1658 I TrafficMonitor: count:93,rx_sum:165,tx_sum:168,rxBytes:204743,during_ms:2005,rx_speed:102116.20947630923,tx_speed:4150.124688279302,rto:0.9821428571428571
11-07 18:07:31.498   634   634 E WifiHAL : enter wifi_get_link_stats
11-07 18:07:31.504  1364  1659 E WificondControl: Noise: 0, Snr: 0, Chload: -1
11-07 18:07:31.509  1364  1659 V HwWifiServiceFactory: get AllImpl object = com.android.server.wifi.HwWifiServiceFactoryImpl@91d5c64
11-07 18:07:31.518  1364  1659 D TelephonyManager: getAllCellInfo calling app is android
11-07 18:07:31.519  2195  2783 W PhoneInterfaceManager: shouldBlockLocation running ...
11-07 18:07:31.519  2195  2783 I PhoneInterfaceManager: shouldBlockLocation  ret:false
11-07 18:07:31.752   884  3249 E LOGSERVER_UTILS: [ERecovery]ReadEvent: ERecoveryEventManager ReadEvent 0
11-07 18:07:32.508   569 32655 I netd    : trafficSwapActiveStatsMap() <15.48ms>
11-07 18:07:32.516  2169  1914 E AppInfoMgr: not find pkgs by uid: 1051
11-07 18:07:32.520  2169  1914 I DownloadState: singleUid: 10216 [com.example.androidmkdemo] speed: 186750 real speed: 184791 (rxB:906929 txB:26824 rxP:657 txP:654) scroff: false
11-07 18:07:32.531  2169  1914 I DownloadState: shareUid: 0 default_socket transmitting data speed : 16 bytes/s (rxB:40 txB:40 rxP:1 txP:1 iface:1) scroff: false
11-07 18:07:32.531  2169  1914 I DownloadState: shareUid: 0 /system/bin/netd transmitting data speed : 78 bytes/s (rxB:269 txB:122 rxP:2 txP:2 iface:1) scroff: false
11-07 18:07:32.531  2169  1914 I DownloadState: shareUid: 1000 com.huawei.systemmanager transmitting data speed : 1404 bytes/s (rxB:5646 txB:1375 rxP:9 txP:12 iface:1) scroff: false
11-07 18:07:32.775  2041  4190 E Booster_Jni: NetlinkInitCant:create netlink socket
11-07 18:07:32.776  2041  4190 E Booster_Jni: sendDataToKernel:socket open fail
11-07 18:07:32.792   884  3249 E LOGSERVER_UTILS: [ERecovery]ReadEvent: ERecoveryEventManager ReadEvent 0
11-07 18:07:33.074  1364  1654 I NetworkStats: performPollLocked, pid = 1364
11-07 18:07:33.088   569 32655 I netd    : trafficSwapActiveStatsMap() <13.12ms>
11-07 18:07:33.090   569 32655 W IptablesRestoreController: command: *filter
11-07 18:07:33.090   569 32655 W IptablesRestoreController: -nvx -L tetherctrl_counters
11-07 18:07:33.090   569 32655 W IptablesRestoreController: COMMIT
11-07 18:07:33.090   569 32655 W IptablesRestoreController: .
11-07 18:07:33.119 23365 23365 I         : iptables cmd:iptables-restore
11-07 18:07:33.120   569 32655 W IptablesRestoreController: command: *filter
11-07 18:07:33.120   569 32655 W IptablesRestoreController: -nvx -L tetherctrl_counters
11-07 18:07:33.120   569 32655 W IptablesRestoreController: COMMIT
11-07 18:07:33.120   569 32655 W IptablesRestoreController: .
11-07 18:07:33.141 23366 23366 I         : iptables cmd:ip6tables-restore
11-07 18:07:33.143   569 32655 I netd    : tetherGetStats() <52.18ms>
11-07 18:07:33.156  1364  1654 D HwNetworkStatsService: hwRecordUidAndProcSnapshotLocked currentTime = 1604743649255
11-07 18:07:33.168  1364  1654 I HwNetworkManagementService: request swap success.
11-07 18:07:33.168  1364  1654 I NetworkStatsFactoryEx: Request swap successful.
11-07 18:07:33.168  1364  1654 I NetworkStatsFactoryEx: vars recycled successful.
11-07 18:07:33.208  2075  2499 W HSM_BG  : TrafficNotifyDelegate:Current data imsi is null, so return.
11-07 18:07:33.209   569 32655 I netd    : bandwidthSetGlobalAlert(2097152) <0.62ms>
11-07 18:07:33.248  1364  1659 E WificondControl: Noise: 0, Snr: 0, Chload: -1
11-07 18:07:33.251  1364  1752 D HuaweiWifiWatchdogStateMachine: nothing to do
11-07 18:07:33.251  1364  1658 D WiFi_PRO: MSG_RETURN_AP_CURRY_RSSI rssi = -64
11-07 18:07:33.251  1364  1658 I QosMonitor: queryRtt: rttType = 3
11-07 18:07:33.252  1364  1658 I HwWifiProServiceProxy: ctrlHwWifiNetwork pkgName: WIFIPRO_SERVICE interfaceId: 8
11-07 18:07:33.252  1364  1752 I HuaweiWifiWatchdogStateMachine: POta txb txg rxg:0, 961, 0. Lr =0% Totpkt=961
11-07 18:07:33.252  1364 23367 I HwUidTcpMonitor: TcpStatisticsRun run
11-07 18:07:33.254  1364  1755 I HwWifiProServiceProxy: ctrlHwWifiNetwork pkgName: WIFIPRO_SERVICE interfaceId: 9
11-07 18:07:33.254  1364  1658 I QosMonitor: postEventFromNative: msg=100,arg1=4,arg2=10
11-07 18:07:33.255  1364 23367 I HwWifiProServiceProxy: ctrlHwWifiNetwork pkgName: WIFIPRO_SERVICE interfaceId: 79
11-07 18:07:33.256  1364  1658 I HwWifiProServiceProxy: ctrlHwWifiNetwork pkgName: WIFIPRO_SERVICE interfaceId: 8
11-07 18:07:33.257  1364 23368 I HwWifiProServiceProxy: TcpStatisticsRun run
11-07 18:07:33.257  1364  1658 I QosMonitor: postEventFromNative: msg=100,arg1=0,arg2=10
11-07 18:07:33.257  1364  1658 D HuaweiWifiWatchdogStateMachine: nothing to do
11-07 18:07:33.257  1364  1755 D HwDualBandManager: MonitorState m24GRssi = -64 , sceneLimited = false
11-07 18:07:33.257  1364  1658 I MQoS    : rtt=396,tcpTxPkts=3170606,tcpRxPkts=4330520
11-07 18:07:33.257  1364  1658 I QosMonitor: resetRtt: rttType = 3
11-07 18:07:33.257  1364  1658 I HwWifiProServiceProxy: ctrlHwWifiNetwork pkgName: WIFIPRO_SERVICE interfaceId: 8
11-07 18:07:33.257  1364  9200 D HwConnectivityServiceEx: set cache by key is 1000 interfaceName iswlan0 value is false
11-07 18:07:33.258  1364 23368 D HwUidTcpMonitor: parseWlanUidTcpStatistics lastUidTcpStatInfo = [ mUid = 1051 mPacketName = com.example.androidmkdemo mSendSegs = 7 mResendSegs = 0 mRcvSegs = 0 ]
11-07 18:07:33.258  1364 23368 D HwWifiConnectivityMonitor: ENTER: notifyTopUidTcpInfo, tx = 936, rx = 979, reTx = 1, uid = 10216, tr = 0.0010683761
11-07 18:07:33.258  1364 23368 D HwWifiConnectivityMonitor: ENTER: notifyTopUidTcpInfo, rtt = 648, rttPkts = 5, aveRtt = 129.6, app = com.example.androidmkdemo
11-07 18:07:33.258  1364 23368 D HwUidTcpMonitor: parseWlanUidTcpStatistics newUidTcpStatInfo = [ mUid = 10216 mPacketName = com.example.androidmkdemo mSendSegs = 936 mResendSegs = 1 mRcvSegs = 979 ]
11-07 18:07:33.258  1364  1752 I HuaweiWifiWatchdogStateMachine: PTcp RTT:396, rtt pkt=22, tcp_rx=996, tcp_tx=961, tcp_reTran=1, rtRate=0
11-07 18:07:33.258  1364  1752 D HuaweiWifiWatchdogStateMachine: rssi bad, mrssi=-64 < TargetRssi=-65
11-07 18:07:33.259  1364  1752 D HuaweiWifiWatchdogStateMachine: Leave updateQoeLevel level = 3
11-07 18:07:33.259  1364  1658 D WiFi_PRO_WifiProStateMachine: onWifiBqeDetectionResult =  3
11-07 18:07:33.259  1364  1749 D HwWifiConnectivityMonitor: handleTopUidInternetStatusChanged, uid = 10216, status = 0
11-07 18:07:33.259  1364  1751 D WiFi_PRO_WifiProStateMachine: "yunji-guest"  TCPRTT  level = 3
11-07 18:07:33.262  1364  1751 D WiFi_PRO_EvaluateController: "yunji-guest",crurrent rssi =  -64, last  rssi = -77, isSemiAuto, last evaluate is Valid
11-07 18:07:33.262  1364  1751 D WiFi_PRO_WifiProStateMachine: updateWifiQosLevel, mCurrentSsid: "yunji-guest" ,isWiFiNoInternet: false, qosLevel: 3
11-07 18:07:33.262  1364  1751 D WiFi_PRO_EvaluateController: internetAccessType not change, can not update
11-07 18:07:33.262  1364  1751 D WiFi_PRO_EvaluateController: updateEvaluate Level  succeed!.new Level = 3
11-07 18:07:33.264  1364  9200 I MQoS    : QOS_level:0(0),wifi-link;SIM error;use level-0
11-07 18:07:33.269  1364  1659 I HwAlarmManagerService: hwSetAlarm listenerTag: WriteBufferAlarm
11-07 18:07:33.442  1364  1658 I TrafficMonitor: update:rxPkts:832,txPkts:783,rxBytes:1159963,txBytes:31320
11-07 18:07:33.443  1364  1658 I TrafficMonitor: start expired. level:5
11-07 18:07:33.443  1364  1658 I TrafficMonitor: gettimer:interval=2000
11-07 18:07:33.603 23052 23359 E FFMPEG  : fps = 25
11-07 18:07:33.607 23052 23359 E FFMPEG  : isPlaying 1
11-07 18:07:33.609 23052 23359 E FFMPEG  : native start
11-07 18:07:33.622 23052 23359 E FFMPEG  : play
11-07 18:07:33.628   636   776 D AudioFlinger: thread 0x79f8125540 type 0 TID 776 waking up
11-07 18:07:33.628   636   780 D AudioFlinger: thread 0x79f81ac5c0 type 0 TID 780 waking up
11-07 18:07:33.628 23052 23372 D         : PlayerBase::PlayerBase()
11-07 18:07:33.629   636   780 D AudioFlinger: acquireWakeLock_l() AudioOut_15 status 0 mWakeLockToken 0x79f6e0ea40
11-07 18:07:33.629   636   776 D AudioFlinger: acquireWakeLock_l() AudioOut_D status 0 mWakeLockToken 0x79f6e0e6b0
11-07 18:07:33.631 23052 23372 D         : TrackPlayerBase::TrackPlayerBase()
11-07 18:07:33.631 23052 23372 I libOpenSLES: Emulating old channel mask behavior (ignoring positional mask 0x3, using default mask 0x3 based on channel count of 2)
11-07 18:07:33.633   636   741 I AudioPolicyManagerCustomImpl: sample rate: 44100, format: 0x1, channel_mask: 0x3usage=1 content=0 flags=0x0 tags=bitsPerSample: 16, channelCount = 2 streamType =3
11-07 18:07:33.635   636   741 I AudioPolicyManagerCustomImpl: isInLowLatency() 0
11-07 18:07:33.635   605 24565 I DspAudioAlgo: get_parameter_from_dsp input para null : path = direct, name = devices, key = (null)
11-07 18:07:33.635   605 24565 I audio_hw_primary: adev_get_direct_devices_parameters: get direct_devices (536870912)
11-07 18:07:33.636   636   741 W AudioPolicyManagerCustomImpl: isDirectOutputSupported: headset is not onsite, not support
11-07 18:07:33.636   636   741 W AudioPolicyManagerCustomImpl: isDirectOutputSupported: is unsupport stream
11-07 18:07:33.637  1364  2230 W ProcBatteryStats: timer is running , not start, name: audioserver, uid: 1041, tag: AudioMix
11-07 18:07:33.638   636   741 D AudioPolicyIntefaceImpl: getOutputForAttr() session 2737, attr->flags 0x0, flags 0x104, selectedDeviceId 0, pid 23052, uid 10216
11-07 18:07:33.640   636   741 I APM_AudioPolicyManager: queryLowlatencyUid=10216 mpClientInterface->getParameters with result false
11-07 18:07:33.640   636   741 I APM_AudioPolicyManager: getOutputForDevice() stream 3, flags 100, forceMutingHaptic 0
11-07 18:07:33.640   636   741 I APM_AudioPolicyManager: getOutputForDevice() returns output 13
11-07 18:07:33.640   636   741 D APM_AudioPolicyManager: getOutputForAttr() returns output 13 requestedPortId 0 selectedDeviceId 3 for port ID 292
11-07 18:07:33.641   636   741 I AudioFlinger: createTrack() sessionId: 2737
11-07 18:07:33.641   636   741 W AudioFlinger: createTrack_l(): mismatch between requested flags (00000104) and output flags (00000002)
11-07 18:07:33.641   636   741 D AudioFlinger: Client defaulted notificationFrames to 590 for frameCount 1772
11-07 18:07:33.641   636   741 D AudioFlinger: createTrack_l : sharedBuffer=0x0 requestframeCnt=0 actualframeCnt=1772 format=0x1 mFormat=0x1 channelMask=0x3 sampleRate=44100 mSampleRate=48000 requestflags=0x104 actualflags=0 outputflags=0x2 requestnotificationFrameCount=0, notificationFrameCount=590, hasFastMixer=0 pid=23052 tid=23375
11-07 18:07:33.644   636   741 D AF::TrackHandle: OpPlayAudio: track:313 usage:1 not muted
11-07 18:07:33.646   636   741 D AudioFlinger: DevSched: uid is 10216, factor is 1.000000, mode_eq is 0
11-07 18:07:33.651  2169  2347 I PGAudioState: AUDIO_CREATAE_TRACK, audioInfo : [trackId : 313, sessionId : 2737, type : audio_out, threadType : MIXER, streamType : MUSIC, pid : 23052, uid : 10216, createState : new, playState : stop, audioTrackVolume: 1.0, finalVolume : 0.0, loop : false, stopByZeroTime : 0]
11-07 18:07:33.652  2169  2764 I PG_ash  : view add pid:23052 uid:10216
11-07 18:07:33.665 23052 23372 W AudioTrack: createTrack_l(0): AUDIO_OUTPUT_FLAG_FAST denied by server; frameCount 0 -> 1772
11-07 18:07:33.666  1364  1428 V WindowManager: addWindow: Window{44b91ae u0 Toast}
11-07 18:07:33.667   636   741 I AudioFlinger: start output session(2737) pid(23052) 
11-07 18:07:33.668   636   738 I HuaweiAudioFlinger: karaoke white list size=0
11-07 18:07:33.669  1364  1364 D AudioManager: dispatching onPlaybackConfigChanged()
11-07 18:07:33.669  1364  1364 D AudioPlayerStateMonitor: Found a new active media playback. ID:2903 -- type:OpenSL ES AudioPlayer (Buffer Queue) -- u/pid:10216/23052 -- state:started -- attr:AudioAttributes: usage=USAGE_MEDIA content=CONTENT_TYPE_UNKNOWN flags=0x0 tags= bundle=null
11-07 18:07:33.670  1364  1364 D MediaSessionStack: updateMediaButtonSessionIfNeeded, callers=com.android.server.media.MediaSessionService.lambda$onStart$0$MediaSessionService:203 com.android.server.media.-$$Lambda$MediaSessionService$za_9dlUSlnaiZw6eCdPVEZq0XLw.onAudioPlayerActiveStateChanged:2 
11-07 18:07:33.671 23052 23191 D OpenGLRenderer: disableOutlineDraw is true
11-07 18:07:33.673   605 24565 I audio_hw_effect: get streamType fail: -2
11-07 18:07:33.674   605 24565 I audio_hw_primary: start stream 3, 8, need change to soc
11-07 18:07:33.674   605 24565 I audio_hw_primary: update stream types 8
11-07 18:07:33.674  4554  6624 D AudioManager: dispatching onPlaybackConfigChanged()
11-07 18:07:33.675   636   741 I APM_AudioPolicyManager: startOutput() output 13, stream 3, session 2737, portId 292, phoneState 0, communiCf 0, mediaCf 0
11-07 18:07:33.675   636   741 D APM::AudioOutputDescriptor: IOprofile maxActiveCount == 0 curActiveCount = 0
11-07 18:07:33.675   636   741 D APM::AudioOutputDescriptor: start, profile name: primary out,  curActiveCount: 1
11-07 18:07:33.686   636   741 I APM_AudioPolicyManager: getNewOutputDevices selected devices {type:0x2} connectdeDevices(10003)
11-07 18:07:33.686   636   741 I APM_AudioPolicyManager: setOutputDevices device {type:0x2} delayMs 0 force 0 outputDesc 13
11-07 18:07:33.688   636   738 I stereoWidening_frame: SwsParamsSetFloat volumeDb = -38.000000
11-07 18:07:33.688   636   738 I HuaweiAudioFlinger: karaoke white list size=0
11-07 18:07:33.689   605 24565 I audio_hw_effect: get streamType fail: -2
11-07 18:07:33.689   605 24565 I audio_hw_primary: update stream types 8
11-07 18:07:33.691   636   741 I APM_AudioPolicyManager: setOutputDevices: suppressing checkDeviceMuteStrategies
11-07 18:07:33.691   636   741 I APM_AudioPolicyManager: setOutputDevices setting same device {type:0x2} or null device, force=0, patch handle=255
11-07 18:07:33.691   636   741 I APM::AudioOutputDescriptor: do not setVolume.
11-07 18:07:33.691   636   741 I APM_AudioPolicyManager: checkAndSetVolume volumeSource 6, index 3, device 00000002, volumeDb -38.000000, output 13 
11-07 18:07:33.693   636   738 I stereoWidening_frame: SwsParamsSetFloat volumeDb = -38.000000
11-07 18:07:33.693   636   738 I HuaweiAudioFlinger: karaoke white list size=0
11-07 18:07:33.693   605 24565 I audio_hw_effect: get streamType fail: -2
11-07 18:07:33.693   605 24565 I audio_hw_effect: sws current device is speaker: 2
11-07 18:07:33.694   605 24565 I audio_hw_primary: update stream types 8
11-07 18:07:33.696  1364  2739 I WindowManager: relayoutVisibleWindow: set isFormatChanged
11-07 18:07:33.698   636   738 I HuaweiAudioFlinger: karaoke white list size=0
11-07 18:07:33.698   605 24565 I audio_hw_effect: voice enhance volume index value: 3
11-07 18:07:33.699   605 24565 I audio_hw_primary: update stream types 8
11-07 18:07:33.700   636   741 D AudioPolicyManagerCustomImpl: virtual audio log:getDeviceForOutVirtualAudio,after instead  device 2
11-07 18:07:33.702   636   738 I HuaweiAudioFlinger: karaoke white list size=0
11-07 18:07:33.702   605 17846 I audio_hw_effect: get streamType fail: -2
11-07 18:07:33.702   605 17846 I audio_hw_primary: update stream types 8
11-07 18:07:33.703   636   741 D AudioPolicyManagerCustomImpl: SmartPA_LowVolume=on
11-07 18:07:33.704   636   738 I HuaweiAudioFlinger: karaoke white list size=0
11-07 18:07:33.705   605 24565 I audio_hw_effect: get streamType fail: -2
11-07 18:07:33.705   605 24565 I virtual_btn_hal: audio is run
11-07 18:07:33.706   636   741 I APM_AudioPolicyManager: sendAudioCloseOrOpen changed isAudioOpen=1
11-07 18:07:33.706   636   776 I AudioMixer: Pid:636 add track, name 313
11-07 18:07:33.707 23052 23375 D         : PlayerBase::stop() from IPlayer
11-07 18:07:33.707 23052 23375 D AudioTrack: stop(292): called with 0 frames delivered
11-07 18:07:33.708 23052 23370 E FFMPEG  : home render
11-07 18:07:33.708 23052 23372 E FFMPEG  : audio clock 14170.249467
11-07 18:07:33.711   589   589 I GRALLOC : getCallingPid=640, shrFd=10,fmt=0x1,intFmt=0x1,btStrd=7680,size=8294400,pid=589 
11-07 18:07:33.711   589   589 I GRALLOC : 	 yuv=2,w=1920,h=1080,Stride u=0 v=0,offset u=0 v=0 
11-07 18:07:33.711   589   589 I GRALLOC : 	 iova_size=8294400,conUsg=0x906,proUsg=0x966,	 strd=1920,[afbc]HdrStrd=0 PyldStrd=0 Scrmbl=0,ionhnd = 0 
11-07 18:07:33.711  2169  2347 I PGAudioState: AUDIO_ADD_ACTIVE_TRACK, track id : 313
11-07 18:07:33.712  2169  2347 I PGAudioState: not start audio out because audio inactive pid: 23052 uid:10216
11-07 18:07:33.712  1364  1364 D AudioManager: dispatching onPlaybackConfigChanged()
11-07 18:07:33.713 23052 23375 E FFMPEG  : audio clock 14170.270800
11-07 18:07:33.713   605 17712 I audio_hw_primary: start_output_stream++:type=0, device=0x2,pcm=NULL, voice_pcm=NULL
11-07 18:07:33.714   605 17712 I audio_hw_primary: select_devices++ mode[0]
11-07 18:07:33.715   605 17712 I audio_hw_primary: soundtrigger_standing wakeup path no need to open, standby = 1, mode = 0
11-07 18:07:33.715   605 17712 I audio_hw_primary: input_source_id 0, output_device_id 0x2
11-07 18:07:33.715   605 17712 I audio_hw_primary: select_devices d:0x2 is:0 or:media-speaker ir:none id:0
11-07 18:07:33.715   605 17712 E spk_dev_interface_V2: _dev_power_off is :0x0 
11-07 18:07:33.715   605 17712 I dsp_common: dsp_common_control_algo:set device = 2
11-07 18:07:33.715   605 17712 D audio_route: Apply path: media-speaker
11-07 18:07:33.715   605 17712 I audio_hw_primary: soundtrigger_standing wakeup path no need to open, standby = 1, mode = 0
11-07 18:07:33.715   605 17712 D audio_route: Apply path: media-speaker
11-07 18:07:33.715   605 17712 I audio_hw_primary: soundtrigger_standing wakeup path no need to open, standby = 1, mode = 0
11-07 18:07:33.715 23052 23370 E ion     : ioctl c0044901 failed with code -1: Not a typewriter
11-07 18:07:33.715  1364  1364 D MediaSessionStack: updateMediaButtonSessionIfNeeded, callers=com.android.server.media.MediaSessionService.lambda$onStart$0$MediaSessionService:203 com.android.server.media.-$$Lambda$MediaSessionService$za_9dlUSlnaiZw6eCdPVEZq0XLw.onAudioPlayerActiveStateChanged:2 
11-07 18:07:33.721  2169  2347 I PGAudioState: already clear stopByZero Time  sessionId : 2737
11-07 18:07:33.721  2169  2347 I PGAudioState: not start audio out because audio inactive pid: 23052 uid:10216
11-07 18:07:33.722  4554  6624 D AudioManager: dispatching onPlaybackConfigChanged()
11-07 18:07:33.723 23052 23191 D mali_winsys: EGLint new_window_surface(egl_winsys_display *, void *, EGLSurface, EGLConfig, egl_winsys_surface **, EGLBoolean) returns 0x3000
11-07 18:07:33.724  1364  1364 D AudioManager: dispatching onPlaybackConfigChanged()
11-07 18:07:33.724  4554  6624 D AudioManager: dispatching onPlaybackConfigChanged()
11-07 18:07:33.724   589   589 I GRALLOC : getCallingPid=640, shrFd=10,fmt=0x1,intFmt=0x1,btStrd=1280,size=192512,pid=589 
11-07 18:07:33.724   589   589 I GRALLOC : 	 yuv=2,w=312,h=147,Stride u=0 v=0,offset u=0 v=0 
11-07 18:07:33.724   589   589 I GRALLOC : 	 iova_size=192512,conUsg=0xb00,proUsg=0xb00,	 strd=320,[afbc]HdrStrd=0 PyldStrd=0 Scrmbl=0,ionhnd = 0 
11-07 18:07:33.725  1364  1364 D AudioPlayerStateMonitor: Found a new active media playback. ID:2903 -- type:OpenSL ES AudioPlayer (Buffer Queue) -- u/pid:10216/23052 -- state:started -- attr:AudioAttributes: usage=USAGE_MEDIA content=CONTENT_TYPE_UNKNOWN flags=0x0 tags= bundle=null
11-07 18:07:33.725  1364  1364 D MediaSessionStack: updateMediaButtonSessionIfNeeded, callers=com.android.server.media.MediaSessionService.lambda$onStart$0$MediaSessionService:203 com.android.server.media.-$$Lambda$MediaSessionService$za_9dlUSlnaiZw6eCdPVEZq0XLw.onAudioPlayerActiveStateChanged:2 
11-07 18:07:33.725   589   589 I GRALLOC : getCallingPid=640, shrFd=10,fmt=0x1,intFmt=0x1,btStrd=1280,size=192512,pid=589 
11-07 18:07:33.725   589   589 I GRALLOC : 	 yuv=2,w=312,h=147,Stride u=0 v=0,offset u=0 v=0 
11-07 18:07:33.725   589   589 I GRALLOC : 	 iova_size=192512,conUsg=0xb00,proUsg=0xb00,	 strd=320,[afbc]HdrStrd=0 PyldStrd=0 Scrmbl=0,ionhnd = 0 
11-07 18:07:33.727   589   589 I GRALLOC : getCallingPid=640, shrFd=10,fmt=0x1,intFmt=0x1,btStrd=1280,size=192512,pid=589 
11-07 18:07:33.727   589   589 I GRALLOC : 	 yuv=2,w=312,h=147,Stride u=0 v=0,offset u=0 v=0 
11-07 18:07:33.727   589   589 I GRALLOC : 	 iova_size=192512,conUsg=0xb00,proUsg=0xb00,	 strd=320,[afbc]HdrStrd=0 PyldStrd=0 Scrmbl=0,ionhnd = 0 
11-07 18:07:33.729 23052 23370 E FFMPEG  : home render
11-07 18:07:33.731   589   589 I GRALLOC : getCallingPid=640, shrFd=10,fmt=0x1,intFmt=0x1,btStrd=7680,size=8294400,pid=589 
11-07 18:07:33.731   589   589 I GRALLOC : 	 yuv=2,w=1920,h=1080,Stride u=0 v=0,offset u=0 v=0 
11-07 18:07:33.731   589   589 I GRALLOC : 	 iova_size=8294400,conUsg=0x906,proUsg=0x966,	 strd=1920,[afbc]HdrStrd=0 PyldStrd=0 Scrmbl=0,ionhnd = 0 
11-07 18:07:33.731   605 17712 I dsp_common: dsp_common_control_algo:set device = 2
11-07 18:07:33.732   605 17712 E spk_dev_interface_V2: _dev_power_on is :0x0 
11-07 18:07:33.732   605 17712 I audio_hw_primary: select_devices--
11-07 18:07:33.732   605 17712 I audio_hw_primary: start_output_stream--
11-07 18:07:33.732   605 17712 I falling_pop_elim: pop_device_open succeed, falling num = 384, bytes = 3840, output_type = 0, format = 1
11-07 18:07:33.734  2169  2347 I PGAudioState: AUDIO_SET_FINAL_VOLUME, track id : 313, final volume : 0.012589
11-07 18:07:33.734  2169  2347 I PGServer: report state:2 event type:1 pid:23052 uid:10216 pkg:null to pid: 2169
11-07 18:07:33.734  2169  2347 I PGServer: report state:2 event type:1 pid:23052 uid:10216 pkg:null to pid: 1364
11-07 18:07:33.735  2169  2347 D PGAudioState: audio type:out state:start pid:23052 uid:10216
11-07 18:07:33.739  2169 26881 I PGServer: checkPkgType. calling pkg: android
11-07 18:07:33.740 23052 23375 E FFMPEG  : audio clock 14170.292133
11-07 18:07:33.740  1364  2230 I HwAudioServiceEx: VBR HwAudioService:music app enter -1
11-07 18:07:33.740  1364  2230 V HwAudioServiceEx: no process apptype
11-07 18:07:33.746 23052 23370 E FFMPEG  : home render
11-07 18:07:33.748   589   589 I GRALLOC : getCallingPid=640, shrFd=10,fmt=0x1,intFmt=0x1,btStrd=7680,size=8294400,pid=589 
11-07 18:07:33.748   589   589 I GRALLOC : 	 yuv=2,w=1920,h=1080,Stride u=0 v=0,offset u=0 v=0 
11-07 18:07:33.748   589   589 I GRALLOC : 	 iova_size=8294400,conUsg=0x906,proUsg=0x966,	 strd=1920,[afbc]HdrStrd=0 PyldStrd=0 Scrmbl=0,ionhnd = 0 
11-07 18:07:33.749 23052 23375 E FFMPEG  : audio clock 14170.313467
11-07 18:07:33.754   636   776 D AudioFlinger: mixer(0x79f8125540) throttle end: throttle time(7)
11-07 18:07:33.757 23052 23375 E FFMPEG  : audio clock 14170.334800
11-07 18:07:33.763 23052 23370 E FFMPEG  : home render
11-07 18:07:33.774 23052 23370 E FFMPEG  : home render
11-07 18:07:33.776 23052 23375 E FFMPEG  : audio clock 14170.356133
11-07 18:07:33.782 23052 23370 E FFMPEG  : home render
11-07 18:07:33.794   636   776 I AudioFlinger: pid(23052):mVol=1.000000, tVol=0.012589, pVol=1.000000, sVol=1.000000, scale=1.000000, output=13, mDevice=0x2, mStreamType=3
11-07 18:07:33.795 23052 23370 E FFMPEG  : home render
11-07 18:07:33.797 23052 23375 E FFMPEG  : audio clock 14170.377467
11-07 18:07:33.797   589   589 I GRALLOC : getCallingPid=640, shrFd=10,fmt=0x1,intFmt=0x1,btStrd=7680,size=8294400,pid=589 
11-07 18:07:33.797   589   589 I GRALLOC : 	 yuv=2,w=1920,h=1080,Stride u=0 v=0,offset u=0 v=0 
11-07 18:07:33.797   589   589 I GRALLOC : 	 iova_size=8294400,conUsg=0x906,proUsg=0x966,	 strd=1920,[afbc]HdrStrd=0 PyldStrd=0 Scrmbl=0,ionhnd = 0 
11-07 18:07:33.808 23052 23370 E FFMPEG  : home render
11-07 18:07:33.816 23052 23375 E FFMPEG  : audio clock 14170.398800
11-07 18:07:33.817 23052 23370 E FFMPEG  : home render
11-07 18:07:33.832   884  3249 E LOGSERVER_UTILS: [ERecovery]ReadEvent: ERecoveryEventManager ReadEvent 0
11-07 18:07:33.833 23052 23370 E FFMPEG  : home render
11-07 18:07:33.835 23052 23375 E FFMPEG  : audio clock 14170.420133
11-07 18:07:33.856 23052 23375 E FFMPEG  : audio clock 14170.441467
11-07 18:07:33.864  1364  1483 I DebugKeepScreenOn: setHoldScreenLocked newHoldScreen:Session{13bd160 23052:u0a10216} currentHoldScreen:null wakeLockState:false
11-07 18:07:33.864  1364  1483 I DebugKeepScreenOn: Acquiring screen wakelock due to Window{44b91ae u0 Toast}
11-07 18:07:33.867 23052 23370 E FFMPEG  : home render
11-07 18:07:33.872  1364  1682 I HwAudioServiceEx: restart dms isMusicActive : true, isRingActive : false, isAlarmActive : false
11-07 18:07:33.876 23052 23375 E FFMPEG  : audio clock 14170.462800
11-07 18:07:33.880 23052 23370 E FFMPEG  : home render
11-07 18:07:33.894 23052 23370 E FFMPEG  : home render
11-07 18:07:33.897 23052 23375 E FFMPEG  : audio clock 14170.484133
11-07 18:07:33.908 23052 23370 E FFMPEG  : home render
11-07 18:07:33.922 23052 23370 E FFMPEG  : home render
11-07 18:07:33.923 23052 23375 E FFMPEG  : audio clock 14170.505467
11-07 18:07:33.936 23052 23370 E FFMPEG  : home render
11-07 18:07:33.937 23052 23375 E FFMPEG  : audio clock 14170.526800
11-07 18:07:33.949 23052 23370 E FFMPEG  : home render
11-07 18:07:33.964 23052 23375 E FFMPEG  : audio clock 14170.548133
11-07 18:07:33.965 23052 23370 E FFMPEG  : home render
11-07 18:07:33.978 23052 23375 E FFMPEG  : audio clock 14170.569467
11-07 18:07:33.979 23052 23370 E FFMPEG  : home render
11-07 18:07:33.995 23052 23370 I chatty  : uid=10216(com.example.androidmkdemo) Thread-3 identical 1 line
11-07 18:07:34.012 23052 23370 E FFMPEG  : home render
11-07 18:07:34.017 23052 23375 E FFMPEG  : audio clock 14170.590800
11-07 18:07:34.029 23052 23370 E FFMPEG  : home render
11-07 18:07:34.039 23052 23375 E FFMPEG  : audio clock 14170.612133
11-07 18:07:34.045 23052 23370 E FFMPEG  : home render
11-07 18:07:34.059 23052 23375 E FFMPEG  : audio clock 14170.633467
11-07 18:07:34.062 23052 23370 E FFMPEG  : home render
11-07 18:07:34.079 23052 23370 E FFMPEG  : home render
11-07 18:07:34.079 23052 23375 E FFMPEG  : audio clock 14170.654800
11-07 18:07:34.095 23052 23370 E FFMPEG  : home render
11-07 18:07:34.100 23052 23375 E FFMPEG  : audio clock 14170.676133
11-07 18:07:34.112 23052 23370 E FFMPEG  : home render
11-07 18:07:34.119 23052 23375 E FFMPEG  : audio clock 14170.697467
11-07 18:07:34.128 23052 23370 E FFMPEG  : home render
11-07 18:07:34.141 23052 23375 E FFMPEG  : audio clock 14170.718800
11-07 18:07:34.158 23052 23375 E FFMPEG  : audio clock 14170.740133
11-07 18:07:34.180 23052 23375 E FFMPEG  : audio clock 14170.761467
11-07 18:07:34.199 23052 23375 E FFMPEG  : audio clock 14170.782800
11-07 18:07:34.221 23052 23375 E FFMPEG  : audio clock 14170.804133
11-07 18:07:34.247 23052 23375 E FFMPEG  : audio clock 14170.825467
11-07 18:07:34.263 23052 23375 E FFMPEG  : audio clock 14170.846800
11-07 18:07:34.287 23052 23375 E FFMPEG  : audio clock 14170.868133
11-07 18:07:34.301 23052 23375 E FFMPEG  : audio clock 14170.889467
11-07 18:07:34.339 23052 23375 E FFMPEG  : audio clock 14170.910800
11-07 18:07:34.359 23052 23375 E FFMPEG  : audio clock 14170.932133
11-07 18:07:34.379 23052 23375 E FFMPEG  : audio clock 14170.953467
11-07 18:07:34.397 23052 23370 E FFMPEG  : home render
11-07 18:07:34.399 23052 23375 E FFMPEG  : audio clock 14170.974800
11-07 18:07:34.417 23052 23375 E FFMPEG  : audio clock 14170.996133
11-07 18:07:34.421 23052 23370 E FFMPEG  : home render
11-07 18:07:34.436 23052 23375 E FFMPEG  : audio clock 14171.017467
11-07 18:07:34.439 23052 23370 E FFMPEG  : home render
11-07 18:07:34.456 23052 23375 E FFMPEG  : audio clock 14171.038800
11-07 18:07:34.473 23052 23370 E FFMPEG  : home render
11-07 18:07:34.476 23052 23375 E FFMPEG  : audio clock 14171.060133
11-07 18:07:34.500 23052 23375 E FFMPEG  : audio clock 14171.081467
11-07 18:07:34.516 23052 23375 E FFMPEG  : audio clock 14171.102800
11-07 18:07:34.524   634   634 E WifiHAL : enter wifi_get_link_stats
11-07 18:07:34.533  1364  1659 E WificondControl: Noise: 0, Snr: 0, Chload: -1
11-07 18:07:34.535  1364  1659 V HwWifiServiceFactory: get AllImpl object = com.android.server.wifi.HwWifiServiceFactoryImpl@91d5c64
11-07 18:07:34.540 23052 23375 E FFMPEG  : audio clock 14171.124133
11-07 18:07:34.543  1364  1659 D TelephonyManager: getAllCellInfo calling app is android
11-07 18:07:34.544  2195  2783 W PhoneInterfaceManager: shouldBlockLocation running ...
11-07 18:07:34.544  2195  2783 I PhoneInterfaceManager: shouldBlockLocation  ret:false
11-07 18:07:34.557 23052 23375 E FFMPEG  : audio clock 14171.145467
11-07 18:07:34.579 23052 23375 E FFMPEG  : audio clock 14171.166800
11-07 18:07:34.590 23052 23370 E FFMPEG  : home render
11-07 18:07:34.606 23052 23375 E FFMPEG  : audio clock 14171.188133
11-07 18:07:34.619 23052 23375 E FFMPEG  : audio clock 14171.209467
11-07 18:07:34.630 23052 23370 E FFMPEG  : home render
11-07 18:07:34.656 23052 23375 E FFMPEG  : audio clock 14171.230800
11-07 18:07:34.677 23052 23375 E FFMPEG  : audio clock 14171.252133
11-07 18:07:34.696 23052 23375 E FFMPEG  : audio clock 14171.273467
11-07 18:07:34.716 23052 23375 E FFMPEG  : audio clock 14171.294800
11-07 18:07:34.736 23052 23375 E FFMPEG  : audio clock 14171.316133
11-07 18:07:34.756 23052 23375 E FFMPEG  : audio clock 14171.337467
11-07 18:07:34.776 23052 23375 E FFMPEG  : audio clock 14171.358800
11-07 18:07:34.795   636   776 I AudioFlinger: pid(23052):mVol=1.000000, tVol=0.012589, pVol=1.000000, sVol=1.000000, scale=1.000000, output=13, mDevice=0x2, mStreamType=3
11-07 18:07:34.797 23052 23375 E FFMPEG  : audio clock 14171.380133
11-07 18:07:34.815 23166 23380 D AdBlock_AbsAdRequest: doRequest
11-07 18:07:34.826 23052 23375 E FFMPEG  : audio clock 14171.401467
11-07 18:07:33.925  1364  1682 I HwAudioServiceEx: restart dms isMusicActive : true, isRingActive : false, isAlarmActive : false
11-07 18:07:34.826  1364  2230 V ActivityManager: Successfully start provider ContentProviderRecord{33ad4db u0 com.huawei.systemmanager/.optimize.smcs.SMCSProvider} launchingApp=null caller pid= 23166
11-07 18:07:34.836 23052 23375 E FFMPEG  : audio clock 14171.422800
11-07 18:07:34.841 23166 23380 D AdBlock_AbsAdRequest: getPostRequestParam param: apps=%5B%7B%22pkgName%22%3A%22com.example.androidmkdemo%22%2C%22versionCode%22%3A1%2C%22version%22%3A%221.0%22%7D%5D&buildNumber=HRY-AL00a+10.0.0.168%28C00E70R2P7%29&clientPackage=com.huawei.systemmanager&emuiVer=EmotionUI_10.0.0&firmwareVersion=10&locale=zh_CN&method=store.getControlStrategy&phoneType=HRY-AL00a&resolution=1080x2340&sysBits=2&ts=1604743654822&version=10.1.0.328
11-07 18:07:34.858 23166 23380 D NetworkSecurityConfig: Using Network Security Config from resource security_center_network_security_config debugBuild: false
11-07 18:07:34.860 23166 23380 D HsmJoinRequest: http request.
11-07 18:07:34.860 23166 23380 D HsmJoinRequest: https request.
11-07 18:07:34.860 23052 23375 E FFMPEG  : audio clock 14171.444133
11-07 18:07:34.872   884  3249 E LOGSERVER_UTILS: [ERecovery]ReadEvent: ERecoveryEventManager ReadEvent 0
11-07 18:07:34.876 23052 23375 E FFMPEG  : audio clock 14171.465467
11-07 18:07:34.885 23166 23380 D HsmGzipRequest: setRequestProperty jsonObject already!
11-07 18:07:34.889   569  1066 W /system/bin/netd: A binder object at 0x72f2379480 is being transacted on, however, this object is in the same process as its proxy. Transacting with this binder is expensive compared to just calling the corresponding functionality in the same process.
11-07 18:07:34.889   569  1066 I PreDnsController: canPreDnsQuery,persist.sys.predns is false!
11-07 18:07:34.900 23052 23375 E FFMPEG  : audio clock 14171.486800
11-07 18:07:34.926 23052 23375 E FFMPEG  : audio clock 14171.508133
11-07 18:07:34.998 23052 23375 E FFMPEG  : audio clock 14171.529467
11-07 18:07:34.999 23052 23375 E FFMPEG  : audio clock 14171.550800
11-07 18:07:35.010 23052 23375 E FFMPEG  : audio clock 14171.572133
11-07 18:07:35.021 23052 23375 E FFMPEG  : audio clock 14171.593467
11-07 18:07:35.036 23052 23375 E FFMPEG  : audio clock 14171.614800
11-07 18:07:35.036 23052 23370 E FFMPEG  : home render
11-07 18:07:35.056 23052 23375 E FFMPEG  : audio clock 14171.636133
11-07 18:07:35.060 23052 23370 E FFMPEG  : home render
11-07 18:07:35.076 23052 23375 E FFMPEG  : audio clock 14171.657467
11-07 18:07:35.096 23052 23375 E FFMPEG  : audio clock 14171.678800
11-07 18:07:35.099 23166 23380 D HsmGzipRequest: doPostRequest finally closeOutputStream!
11-07 18:07:35.183  4554  6622 V AudioManager: isMusicActive...
11-07 18:07:35.188 23166 23380 D HsmGzipRequest: Release connection
11-07 18:07:35.195   605   771 D asd_pop : pop_recognition AudioAudio stream find POP[stream = 3 ; device = 2 ; ratio = 0.624900 ; wavelet_buf_qsum = 1048.500052]
11-07 18:07:35.213  1364  1495 I AlarmManager: remove alarm:Alarm{96c10e0 type 1 when 1604752940314 PendingIntent{674de2: PendingIntentRecord{4833573 com.huawei.systemmanager broadcastIntent}}com.huawei.systemmanager procName com.huawei.systemmanager:service} according to operation:674de2
11-07 18:07:35.227  4554  6622 V AudioManager: isMusicActive...
11-07 18:07:35.233  4554  6622 V AudioManager: isMusicActive...
11-07 18:07:35.447  1364  1658 I TrafficMonitor: update:rxPkts:206,txPkts:192,rxBytes:263878,txBytes:8912
11-07 18:07:35.448  1364  1658 I TrafficMonitor: start expired. level:5
11-07 18:07:35.448  1364  1658 I TrafficMonitor: gettimer:interval=2000
11-07 18:07:35.650  2169  2764 I PG_ash  : view remove pid:23052 uid:10216
11-07 18:07:35.653   640   722 E BufferQueueProducer: [Toast#0]:1338: disconnect: not connected (req=1)
11-07 18:07:35.654 23052 23191 W libEGL  : EGLNativeWindowType 0xd6af5ac8 disconnect failed
11-07 18:07:35.660   636   776 I AudioFlinger: BUFFER TIMEOUT: remove(313) from active list on thread 0x79f8125540
11-07 18:07:35.661   636   776 I AudioFlinger: stop output session(2737) pid(23052) 
11-07 18:07:35.661  1364  2739 V WindowManager: removeIfPossible: Window{44b91ae u0 Toast} callers=com.android.server.wm.WindowState.removeIfPossible:2260 com.android.server.wm.WindowManagerService.removeWindow:2011 com.android.server.wm.Session.remove:176 android.view.IWindowSession$Stub.onTransact:634 com.android.server.wm.Session.onTransact:134 
11-07 18:07:35.661  1364  2739 V WindowManager: Not removing Window{44b91ae u0 Toast EXITING} due to exit animation 
11-07 18:07:35.662  1364  1428 D BatteryStatsService: begin noteStopAudio
11-07 18:07:35.662   636   738 I HuaweiAudioFlinger: karaoke white list size=0
11-07 18:07:35.663   605 24565 I audio_hw_effect: get streamType fail: -2
11-07 18:07:35.663   605 24565 I audio_hw_primary: update stream types 0
11-07 18:07:35.664  1364  1428 D BatteryStatsService: end noteStopAudio
11-07 18:07:35.664   636   739 I APM_AudioPolicyManager: stopOutput() output 13, stream 3, session 2737, portId 292
11-07 18:07:35.664   636   739 I APM_AudioPolicyManager: getNewOutputDevices selected devices AUDIO_DEVICE_NONE connectdeDevices(10003)
11-07 18:07:35.664   636   739 I APM_AudioPolicyManager: setOutputDevices device AUDIO_DEVICE_NONE delayMs 80 force 0 outputDesc 13
11-07 18:07:35.665   636   739 D AudioPolicyManagerCustomImpl: virtual audio log:getDeviceForOutVirtualAudio,after instead  device 2
11-07 18:07:35.665   636   739 I APM_AudioPolicyManager: setOutputDevices setting same device AUDIO_DEVICE_NONE or null device, force=0, patch handle=255
11-07 18:07:35.665   636   739 D AudioPolicyManagerCustomImpl: virtual audio log:getDeviceForOutVirtualAudio,after instead  device 2
11-07 18:07:35.665   636   739 I APM_AudioPolicyManager: getNewOutputDevices selected devices AUDIO_DEVICE_NONE connectdeDevices(10003)
11-07 18:07:35.665   636   739 D APM::AudioOutputDescriptor: stop, profile name: primary out,  curActiveCount: 0
11-07 18:07:35.667   636   738 I HuaweiAudioFlinger: karaoke white list size=0
11-07 18:07:35.667   605 24565 I audio_hw_effect: get streamType fail: -2
11-07 18:07:35.667   605 24565 I virtual_btn_hal: audio is off
11-07 18:07:35.668   636   739 I APM_AudioPolicyManager: sendAudioCloseOrOpen changed isAudioOpen=0
11-07 18:07:35.669  2169  2347 I PGAudioState: AUDIO_REMOVE_ACTIVE_TRACK, trackId : 313
11-07 18:07:35.669  2169  2347 I PGServer: report state:2 event type:2 pid:23052 uid:10216 pkg:null to pid: 2169
