--------- beginning of main
11-07 16:39:36.157   814  2210 E CamX    : [ERROR][NCS    ] camxncsservice.cpp:582 EnqueueJob() Can not enqueue jobs when thread is stopped
11-07 16:39:36.213   683 13268 I netd    : trafficSwapActiveStatsMap() <0.90ms>
11-07 16:39:36.217   683 13268 I netd    : tetherGetStats() <1.09ms>
11-07 16:39:36.226   683 13268 I netd    : trafficSwapActiveStatsMap() <0.25ms>
11-07 16:39:36.235   683 13268 I netd    : tetherGetStats() <2.41ms>
11-07 16:39:36.257   814  2210 E CamX    : [ERROR][NCS    ] camxncsservice.cpp:582 EnqueueJob() Can not enqueue jobs when thread is stopped
11-07 16:39:36.557   814  2210 I chatty  : uid=1047(cameraserver) provider@2.4-se identical 2 lines
11-07 16:39:36.857   814  2210 E CamX    : [ERROR][NCS    ] camxncsservice.cpp:582 EnqueueJob() Can not enqueue jobs when thread is stopped
11-07 16:39:36.957  1612  4009 I MiuiNetworkPolicy: bandwidth: 1 KB/s, Max bandwidth: 919 KB/s
11-07 16:39:37.157   814  2210 E CamX    : [ERROR][NCS    ] camxncsservice.cpp:582 EnqueueJob() Can not enqueue jobs when thread is stopped
11-07 16:39:37.242   683 13268 I netd    : trafficSwapActiveStatsMap() <0.30ms>
11-07 16:39:37.245   683 13268 I netd    : tetherGetStats() <1.13ms>
11-07 16:39:37.254   683 13268 I netd    : trafficSwapActiveStatsMap() <0.26ms>
11-07 16:39:37.256   683 13268 I netd    : tetherGetStats() <0.83ms>
11-07 16:39:37.437   814  2210 E CamX    : [ERROR][NCS    ] camxncsservice.cpp:582 EnqueueJob() Can not enqueue jobs when thread is stopped
11-07 16:39:37.536   814  2210 I chatty  : uid=1047(cameraserver) provider@2.4-se identical 1 line
11-07 16:39:37.637   814  2210 E CamX    : [ERROR][NCS    ] camxncsservice.cpp:582 EnqueueJob() Can not enqueue jobs when thread is stopped
11-07 16:39:37.960 25564 25609 I MonitorThread: HEAP monitor run
11-07 16:39:37.960 25564 25609 I HeapMonitor: 5.099444 80.0
11-07 16:39:38.252 15815 15820 E subsystem_ramdump: Uevent msg overflow; ignoring
11-07 16:39:38.266   683 13268 I netd    : trafficSwapActiveStatsMap() <1.17ms>
11-07 16:39:38.279   683 13268 I netd    : tetherGetStats() <4.33ms>
11-07 16:39:38.282   822   822 W health@2.0-serv: type=1400 audit(0.0:2577552): avc: denied { search } for name="wireless" dev="sysfs" ino=77885 scontext=u:r:hal_health_default:s0 tcontext=u:object_r:sysfs_wireless_supply:s0 tclass=dir permissive=0
11-07 16:39:38.282   822   822 W health@2.0-serv: type=1400 audit(0.0:2577553): avc: denied { search } for name="idt" dev="sysfs" ino=64886 scontext=u:r:hal_health_default:s0 tcontext=u:object_r:sysfs_wireless_supply:s0 tclass=dir permissive=0
11-07 16:39:38.289   683 13268 I netd    : trafficSwapActiveStatsMap() <1.38ms>
11-07 16:39:38.290  4529  4529 D NetworkSpeedTracker: receive actionandroid.intent.action.BATTERY_CHANGED
11-07 16:39:38.290  4529  4529 D NetworkSpeedTracker: onReceive ACTION_BATTERY_CHANGED mBatteryLevel = 74;mIsCharging =true
11-07 16:39:38.293  6335  6335 I BatteryInfoReceiver: ACTION_BATTERY_CHANGED
11-07 16:39:38.293  4162  4162 D KeyguardUpdateMonitor: received broadcast android.intent.action.BATTERY_CHANGED
11-07 16:39:38.296  7638  7817 D PowerCheckerService: onBatteryChanged, mBatteryLevel = 74, status = 2, level = 74, plug = 2, scale = 100
11-07 16:39:38.300   683 13268 I netd    : tetherGetStats() <4.54ms>
11-07 16:39:38.307 15815 15820 E subsystem_ramdump: Uevent msg overflow; ignoring
11-07 16:39:38.314   822   822 W health@2.0-serv: type=1400 audit(0.0:2577554): avc: denied { search } for name="wireless" dev="sysfs" ino=77885 scontext=u:r:hal_health_default:s0 tcontext=u:object_r:sysfs_wireless_supply:s0 tclass=dir permissive=0
11-07 16:39:38.314   822   822 W health@2.0-serv: type=1400 audit(0.0:2577555): avc: denied { search } for name="idt" dev="sysfs" ino=64886 scontext=u:r:hal_health_default:s0 tcontext=u:object_r:sysfs_wireless_supply:s0 tclass=dir permissive=0
11-07 16:39:38.537   814  2210 E CamX    : [ERROR][NCS    ] camxncsservice.cpp:582 EnqueueJob() Can not enqueue jobs when thread is stopped
11-07 16:39:38.626  4162  4162 D SignalClusterView: updateMobileTypeImage  0
11-07 16:39:38.641  4162  4162 I chatty  : uid=1000(system) com.android.systemui identical 1 line
11-07 16:39:38.643  4162  4162 D SignalClusterView: updateMobileTypeImage  0
11-07 16:39:38.661  4162  4162 D NavBarTintController: onSampleCollected 1.0
11-07 16:39:38.760  4162  4162 D SignalClusterView: updateMobileTypeImage  0
11-07 16:39:38.777  4162  4162 I chatty  : uid=1000(system) com.android.systemui identical 5 lines
11-07 16:39:38.779  4162  4162 D SignalClusterView: updateMobileTypeImage  0
11-07 16:39:38.784  4162  4162 D NavBarTintController: onSampleCollected 1.0
11-07 16:39:38.901  4162  4162 D NavBarTintController: onSampleCollected 1.0
11-07 16:39:39.312   683 13268 I netd    : trafficSwapActiveStatsMap() <1.78ms>
11-07 16:39:39.326   683 13268 I netd    : tetherGetStats() <4.13ms>
11-07 16:39:39.336   683 13268 I netd    : trafficSwapActiveStatsMap() <0.55ms>
11-07 16:39:39.346   683 13268 I netd    : tetherGetStats() <3.09ms>
--------- beginning of system
11-07 16:39:31.788  1612  1755 I chatty  : uid=1000(system) PowerManagerSer expire 1 line
11-07 16:39:33.698  1612  1755 I BackLightController:  grayScale = 0.6 factor = 1.0 inBrightness = 680 outBrightness = 680
11-07 16:39:39.444  1612  1755 I BackLightController:  grayScale = 0.6 factor = 1.0 inBrightness = 918 outBrightness = 918
11-07 16:39:39.479   965  5029 D SurfaceFlinger: getHBMOverlayAlpha backlight=681, mFodSystemBacklight=902, mBrightnessBackup=681, mode=2
11-07 16:39:39.479  1352  1790 D libsensor-B2SNotifier: Backlight2SlpiNotifier brightness = 340
11-07 16:39:39.479   965  5029 D SurfaceFlinger: brightness=681; alpha=0.620302 mode=2
11-07 16:39:39.479   965  5029 D SurfaceFlinger: , previous mode:1
11-07 16:39:39.479   864   928 D DisplayFeatureHal: writeDCBacklight setting backlight to 340
11-07 16:39:39.482   965  5029 D SurfaceFlinger: getHBMOverlayAlpha backlight=682, mFodSystemBacklight=902, mBrightnessBackup=682, mode=2
11-07 16:39:39.482   965  5029 D SurfaceFlinger: brightness=682; alpha=0.620048 mode=2
11-07 16:39:39.482   965  5029 D SurfaceFlinger: , previous mode:1
11-07 16:39:39.483   864   928 D DisplayFeatureHal: successfully write 340 into /sys/class/backlight/panel0-backlight/brightness
11-07 16:39:39.484   864   928 D DisplayFeatureHal: writeDCBacklight setting backlight to 340
11-07 16:39:39.488  1352  1790 D libsensor-B2SNotifier: Backlight2SlpiNotifier brightness = 340
11-07 16:39:39.489   864   928 D DisplayFeatureHal: successfully write 340 into /sys/class/backlight/panel0-backlight/brightness
11-07 16:39:39.493  1352  1790 D libsensor-B2SNotifier: Backlight2SlpiNotifier brightness = 340
11-07 16:39:39.499   965  5029 D SurfaceFlinger: getHBMOverlayAlpha backlight=683, mFodSystemBacklight=902, mBrightnessBackup=683, mode=2
11-07 16:39:39.499   965  5029 D SurfaceFlinger: brightness=683; alpha=0.619795 mode=2
11-07 16:39:39.499   965  5029 D SurfaceFlinger: , previous mode:1
11-07 16:39:39.499   864   928 D DisplayFeatureHal: writeDCBacklight setting backlight to 341
11-07 16:39:39.501  1352  1790 D libsensor-B2SNotifier: Backlight2SlpiNotifier brightness = 341
11-07 16:39:39.503   864   928 D DisplayFeatureHal: successfully write 341 into /sys/class/backlight/panel0-backlight/brightness
11-07 16:39:39.506  1352  1790 D libsensor-B2SNotifier: Backlight2SlpiNotifier brightness = 341
11-07 16:39:39.533   965  5029 D SurfaceFlinger: getHBMOverlayAlpha backlight=684, mFodSystemBacklight=902, mBrightnessBackup=684, mode=2
11-07 16:39:39.533   965  5029 D SurfaceFlinger: brightness=684; alpha=0.619542 mode=2
11-07 16:39:39.533   965  5029 D SurfaceFlinger: , previous mode:1
11-07 16:39:39.533   864   928 D DisplayFeatureHal: writeDCBacklight setting backlight to 341
11-07 16:39:39.535  1352  1790 D libsensor-B2SNotifier: Backlight2SlpiNotifier brightness = 341
11-07 16:39:39.537   864   928 D DisplayFeatureHal: successfully write 341 into /sys/class/backlight/panel0-backlight/brightness
11-07 16:39:39.549  1352  1790 D libsensor-B2SNotifier: Backlight2SlpiNotifier brightness = 341
11-07 16:39:39.550   965  5029 D SurfaceFlinger: getHBMOverlayAlpha backlight=685, mFodSystemBacklight=902, mBrightnessBackup=685, mode=2
11-07 16:39:39.550   965  5029 D SurfaceFlinger: brightness=685; alpha=0.619290 mode=2
11-07 16:39:39.550   965  5029 D SurfaceFlinger: , previous mode:1
11-07 16:39:39.550   864   928 D DisplayFeatureHal: writeDCBacklight setting backlight to 342
11-07 16:39:39.552   864   928 D DisplayFeatureHal: successfully write 342 into /sys/class/backlight/panel0-backlight/brightness
11-07 16:39:39.556  1352  1790 D libsensor-B2SNotifier: Backlight2SlpiNotifier brightness = 342
11-07 16:39:39.558 32107 32107 W unknown : type=1400 audit(0.0:2577556): avc: denied { read } for name="drivers" dev="proc" ino=4026531852 scontext=u:r:untrusted_app_27:s0:c512,c768 tcontext=u:object_r:proc_tty_drivers:s0 tclass=file permissive=0
11-07 16:39:39.562 32107 32107 W unknown : type=1400 audit(0.0:2577557): avc: denied { read } for name="tcp" dev="proc" ino=4026532282 scontext=u:r:untrusted_app_27:s0:c512,c768 tcontext=u:object_r:proc_net_tcp_udp:s0 tclass=file permissive=0
11-07 16:39:39.566   965  5029 D SurfaceFlinger: getHBMOverlayAlpha backlight=686, mFodSystemBacklight=902, mBrightnessBackup=686, mode=2
11-07 16:39:39.566   965  5029 D SurfaceFlinger: brightness=686; alpha=0.619037 mode=2
11-07 16:39:39.566   965  5029 D SurfaceFlinger: , previous mode:1
11-07 16:39:39.566   864   928 D DisplayFeatureHal: writeDCBacklight setting backlight to 342
11-07 16:39:39.568  1352  1790 D libsensor-B2SNotifier: Backlight2SlpiNotifier brightness = 342
11-07 16:39:39.570   864   928 D DisplayFeatureHal: successfully write 342 into /sys/class/backlight/panel0-backlight/brightness
11-07 16:39:39.572  1352  1790 D libsensor-B2SNotifier: Backlight2SlpiNotifier brightness = 342
11-07 16:39:39.587   965  5029 D SurfaceFlinger: getHBMOverlayAlpha backlight=687, mFodSystemBacklight=902, mBrightnessBackup=687, mode=2
11-07 16:39:39.587   965  5029 D SurfaceFlinger: brightness=687; alpha=0.618785 mode=2
11-07 16:39:39.587   965  5029 D SurfaceFlinger: , previous mode:1
11-07 16:39:39.587  1352  1790 D libsensor-B2SNotifier: Backlight2SlpiNotifier brightness = 343
11-07 16:39:39.587   864   928 D DisplayFeatureHal: writeDCBacklight setting backlight to 343
11-07 16:39:39.591   864   928 D DisplayFeatureHal: successfully write 343 into /sys/class/backlight/panel0-backlight/brightness
11-07 16:39:39.593  1352  1790 D libsensor-B2SNotifier: Backlight2SlpiNotifier brightness = 343
11-07 16:39:39.601   965  5029 D SurfaceFlinger: getHBMOverlayAlpha backlight=688, mFodSystemBacklight=902, mBrightnessBackup=688, mode=2
11-07 16:39:39.602   965  5029 D SurfaceFlinger: brightness=688; alpha=0.618533 mode=2
11-07 16:39:39.602   965  5029 D SurfaceFlinger: , previous mode:1
11-07 16:39:39.602   864   928 D DisplayFeatureHal: writeDCBacklight setting backlight to 343
11-07 16:39:39.606  1352  1790 D libsensor-B2SNotifier: Backlight2SlpiNotifier brightness = 343
11-07 16:39:39.607   864   928 D DisplayFeatureHal: successfully write 343 into /sys/class/backlight/panel0-backlight/brightness
11-07 16:39:39.610  1352  1790 D libsensor-B2SNotifier: Backlight2SlpiNotifier brightness = 343
11-07 16:39:39.615   965  5029 D SurfaceFlinger: getHBMOverlayAlpha backlight=689, mFodSystemBacklight=902, mBrightnessBackup=689, mode=2
11-07 16:39:39.615   965  5029 D SurfaceFlinger: brightness=689; alpha=0.618281 mode=2
11-07 16:39:39.615   965  5029 D SurfaceFlinger: , previous mode:1
11-07 16:39:39.615   864   928 D DisplayFeatureHal: writeDCBacklight setting backlight to 344
11-07 16:39:39.621  1352  1790 D libsensor-B2SNotifier: Backlight2SlpiNotifier brightness = 344
11-07 16:39:39.625   864   928 D DisplayFeatureHal: successfully write 344 into /sys/class/backlight/panel0-backlight/brightness
11-07 16:39:39.626  1352  1790 D libsensor-B2SNotifier: Backlight2SlpiNotifier brightness = 344
11-07 16:39:39.651   965  5029 D SurfaceFlinger: getHBMOverlayAlpha backlight=690, mFodSystemBacklight=902, mBrightnessBackup=690, mode=2
11-07 16:39:39.651   965  5029 D SurfaceFlinger: brightness=690; alpha=0.618029 mode=2
11-07 16:39:39.651   965  5029 D SurfaceFlinger: , previous mode:1
11-07 16:39:39.651   864   928 D DisplayFeatureHal: writeDCBacklight setting backlight to 344
11-07 16:39:39.656  1352  1790 D libsensor-B2SNotifier: Backlight2SlpiNotifier brightness = 344
11-07 16:39:39.660   864   928 D DisplayFeatureHal: successfully write 344 into /sys/class/backlight/panel0-backlight/brightness
11-07 16:39:39.665  1352  1790 D libsensor-B2SNotifier: Backlight2SlpiNotifier brightness = 344
11-07 16:39:39.668   864   928 D DisplayFeatureHal: writeDCBacklight setting backlight to 345
11-07 16:39:39.668   965  5029 D SurfaceFlinger: getHBMOverlayAlpha backlight=691, mFodSystemBacklight=902, mBrightnessBackup=691, mode=2
11-07 16:39:39.668   965  5029 D SurfaceFlinger: brightness=691; alpha=0.617777 mode=2
11-07 16:39:39.668   965  5029 D SurfaceFlinger: , previous mode:1
11-07 16:39:39.671  1352  1790 D libsensor-B2SNotifier: Backlight2SlpiNotifier brightness = 345
11-07 16:39:39.675   864   928 D DisplayFeatureHal: successfully write 345 into /sys/class/backlight/panel0-backlight/brightness
11-07 16:39:39.676  1352  1790 D libsensor-B2SNotifier: Backlight2SlpiNotifier brightness = 345
11-07 16:39:39.682   965  5029 D SurfaceFlinger: getHBMOverlayAlpha backlight=692, mFodSystemBacklight=902, mBrightnessBackup=692, mode=2
11-07 16:39:39.682   965  5029 D SurfaceFlinger: brightness=692; alpha=0.617526 mode=2
11-07 16:39:39.682   965  5029 D SurfaceFlinger: , previous mode:1
11-07 16:39:39.682   864   928 D DisplayFeatureHal: writeDCBacklight setting backlight to 345
11-07 16:39:39.686  1352  1790 D libsensor-B2SNotifier: Backlight2SlpiNotifier brightness = 345
11-07 16:39:39.690   864   928 D DisplayFeatureHal: successfully write 345 into /sys/class/backlight/panel0-backlight/brightness
11-07 16:39:39.692  1352  1790 D libsensor-B2SNotifier: Backlight2SlpiNotifier brightness = 345
11-07 16:39:39.700   864   928 D DisplayFeatureHal: writeDCBacklight setting backlight to 346
11-07 16:39:39.700   965  5029 D SurfaceFlinger: getHBMOverlayAlpha backlight=693, mFodSystemBacklight=902, mBrightnessBackup=693, mode=2
11-07 16:39:39.700   965  5029 D SurfaceFlinger: brightness=693; alpha=0.617275 mode=2
11-07 16:39:39.700   965  5029 D SurfaceFlinger: , previous mode:1
11-07 16:39:39.702  5444 10581 D MiuiFastConnectService: handleMessage: what: 15, msg.arg1: 0, msg.arg2: 0
11-07 16:39:39.702  5444 10581 D MiuiFastConnectService: stopBleScan: scanning: true
11-07 16:39:39.704  5444 10581 D BluetoothAdapter: isLeEnabled(): ON
11-07 16:39:39.704 10414 18843 D BtGatt.GattService: stopScan() - queue size =1
11-07 16:39:39.705  1352  1790 D libsensor-B2SNotifier: Backlight2SlpiNotifier brightness = 346
11-07 16:39:39.706 10414 10470 I BtGatt.ScanManager: msg.what = 1
11-07 16:39:39.706 10414 10470 D BtGatt.ScanManager: stop scan
11-07 16:39:39.707   813   813 D vendor.qti.bluetooth@1.0-ibs_handler: SerialClockVote: vote for UART CLK ON
11-07 16:39:39.707 10414 18843 D BtGatt.GattService: unregisterScanner() - scannerId=6
11-07 16:39:39.707   813   813 D vendor.qti.bluetooth@1.0-wake_lock: Acquire wakelock is acquired 
11-07 16:39:39.707   813   813 I vendor.qti.bluetooth@1.0-ibs_handler: DeviceWakeUp: Writing IBS_WAKE_IND
11-07 16:39:39.708 10414 10525 V bt_stack: [VERBOSE1:gatt_api.cc(1002)] GATT_Deregister gatt_if=6
11-07 16:39:39.708 10414 10525 V bt_stack: [VERBOSE1:connection_manager.cc(161)] on_app_deregistered : app_id 0x06
11-07 16:39:39.709   864   928 D DisplayFeatureHal: successfully write 346 into /sys/class/backlight/panel0-backlight/brightness
11-07 16:39:39.711  1352  1790 D libsensor-B2SNotifier: Backlight2SlpiNotifier brightness = 346
11-07 16:39:39.713   813 10522 I vendor.qti.bluetooth@1.0-ibs_handler: ProcessIbsCmd: Received IBS_WAKE_ACK: 0xFC
11-07 16:39:39.714   813 10522 I vendor.qti.bluetooth@1.0-ibs_handler: ProcessIbsCmd: Received IBS_WAKE_IND: 0xFD
11-07 16:39:39.714   813 10522 I vendor.qti.bluetooth@1.0-ibs_handler: ProcessIbsCmd: Writing IBS_WAKE_ACK
11-07 16:39:39.715  5444 10581 D MiuiFastConnectService: handleMessage: what: 2, msg.arg1: 0, msg.arg2: 0
11-07 16:39:39.717 10414 10457 D BtGatt.GattService: onScanFilterParamsConfigured() - clientIf=6, status=0, action=1, availableSpace=29
11-07 16:39:39.717 10414 10457 D BtGatt.ScanManager: callback done for scannerId - 6 status - 0
11-07 16:39:39.718  5444 10581 D BluetoothAdapter: isLeEnabled(): ON
11-07 16:39:39.718 10414 10457 D BtGatt.GattService: onScanFilterParamsConfigured() - clientIf=6, status=0, action=1, availableSpace=30
11-07 16:39:39.718 10414 10457 D BtGatt.ScanManager: callback done for scannerId - 6 status - 0
11-07 16:39:39.719 10414 10457 D BtGatt.GattService: onScanFilterParamsConfigured() - clientIf=6, status=0, action=1, availableSpace=31
11-07 16:39:39.719 10414 10457 D BtGatt.ScanManager: callback done for scannerId - 6 status - 0
11-07 16:39:39.719   965  5029 D SurfaceFlinger: getHBMOverlayAlpha backlight=694, mFodSystemBacklight=902, mBrightnessBackup=694, mode=2
11-07 16:39:39.719   965  5029 D SurfaceFlinger: brightness=694; alpha=0.617024 mode=2
11-07 16:39:39.719   965  5029 D SurfaceFlinger: , previous mode:1
11-07 16:39:39.720 10414 10457 D BtGatt.GattService: onScanFilterParamsConfigured() - clientIf=6, status=0, action=1, availableSpace=32
11-07 16:39:39.720 10414 10457 D BtGatt.ScanManager: callback done for scannerId - 6 status - 0
11-07 16:39:39.720   864   928 D DisplayFeatureHal: writeDCBacklight setting backlight to 346
11-07 16:39:39.720 10414 10470 D BtGatt.ScanManager: configureRegularScanParams() - queue=0
11-07 16:39:39.720 10414 10470 D BtGatt.ScanManager: configureRegularScanParams() - ScanSetting LE 1M Scan mode=-2147483648ScanSetting LE Coded Scan mode=-2147483648 mLastConfiguredScanSettingLE1M=0 mLastConfiguredScanSettingLECoded=0scanPhy=1
11-07 16:39:39.720 10414 10470 D BtGatt.ScanManager: configureRegularScanParams() - queue emtpy, scan stopped
11-07 16:39:39.720 10414 10470 D BtGatt.ScanManager: configureRegularScanParams() - queue emtpy, scan stopped
11-07 16:39:39.721 10414 18843 D BtGatt.GattService: registerScanner() - UUID=78b84689-e262-4880-a8d5-74b168a9e1f8
11-07 16:39:39.721 10414 10525 V bt_stack: [VERBOSE1:bta_gattc_act.cc(175)] bta_gattc_register: state:2
11-07 16:39:39.721 10414 10525 I bt_stack: [INFO:gatt_api.cc(959)] GATT_Register ea0bf64c-063d-06a5-1f90-ea564f09ba78
11-07 16:39:39.721 10414 10525 I bt_stack: [INFO:gatt_api.cc(979)] allocated gatt_if=6
11-07 16:39:39.721 10414 10525 V bt_stack: [VERBOSE1:gatt_api.cc(1089)] GATT_StartIf gatt_if=6
11-07 16:39:39.721 10414 10525 V bt_stack: [VERBOSE1:gatt_utils.cc(254)] gatt_find_the_connected_bda start_idx=0
11-07 16:39:39.721 10414 10457 D BtGatt.GattService: onScannerRegistered() - UUID=78b84689-e262-4880-a8d5-74b168a9e1f8, scannerId=6, status=0
11-07 16:39:39.721 10414 10525 V bt_stack: [VERBOSE1:gatt_utils.cc(266)]  found=0 found_idx=10
11-07 16:39:39.721  5444  5603 D BluetoothLeScanner: onScannerRegistered() - status=0 scannerId=6 mScannerId=0
11-07 16:39:39.722 10414 18843 D BtGatt.GattService: start scan with filters. callingPackage: com.xiaomi.bluetooth
11-07 16:39:39.724  1352  1790 D libsensor-B2SNotifier: Backlight2SlpiNotifier brightness = 346
11-07 16:39:39.724 10414 18843 D BluetoothUtils: blockedByLocationOff callingUid=1002
11-07 16:39:39.725 10414 18843 I BluetoothUtils: packagename is android.uid.bluetooth:1002 ,and its permission is false
11-07 16:39:39.726 10414 10470 I BtGatt.ScanManager: msg.what = 0
11-07 16:39:39.726 10414 10470 D BtGatt.ScanManager: handling starting scan
11-07 16:39:39.727   864   928 D DisplayFeatureHal: successfully write 346 into /sys/class/backlight/panel0-backlight/brightness
11-07 16:39:39.727 10414 10470 D BtGatt.ScanManager: isAptXLowLatencyModeEnabled: false
11-07 16:39:39.727 10414 10470 D BtGatt.ScanManager: mIsLHDCLowLatencyModeEnabled: false
11-07 16:39:39.728  1352  1790 D libsensor-B2SNotifier: Backlight2SlpiNotifier brightness = 346
11-07 16:39:39.729 10414 10457 D BtGatt.GattService: onScanFilterEnableDisabled() - clientIf=6, status=0, action=1
11-07 16:39:39.729 10414 10457 D BtGatt.ScanManager: callback done for scannerId - 6 status - 0
11-07 16:39:39.729 10414 10470 D BtGatt.ScanManager: Available Filter size: 29
11-07 16:39:39.731 10414 10457 D BtGatt.GattService: onScanFilterConfig() - clientIf=6, action = 0 status = 0, filterType=0, availableSpace=0
11-07 16:39:39.731 10414 10457 D BtGatt.ScanManager: callback done for scannerId - 6 status - 0
11-07 16:39:39.731 10414 10470 D BtGatt.ScanManager: configureFilterParamter 500 10000 1 0, deliveryMode=0
11-07 16:39:39.733 10414 10457 D BtGatt.GattService: onScanFilterParamsConfigured() - clientIf=6, status=0, action=0, availableSpace=31
11-07 16:39:39.733 10414 10457 D BtGatt.ScanManager: callback done for scannerId - 6 status - 0
11-07 16:39:39.733   965  5029 D SurfaceFlinger: getHBMOverlayAlpha backlight=695, mFodSystemBacklight=902, mBrightnessBackup=695, mode=2
11-07 16:39:39.733   965  5029 D SurfaceFlinger: brightness=695; alpha=0.616773 mode=2
11-07 16:39:39.733   965  5029 D SurfaceFlinger: , previous mode:1
11-07 16:39:39.733 10414 10457 D BtGatt.GattService: onScanFilterConfig() - clientIf=6, action = 0 status = 0, filterType=0, availableSpace=0
11-07 16:39:39.733 10414 10457 D BtGatt.ScanManager: callback done for scannerId - 6 status - 0
11-07 16:39:39.733 10414 10470 D BtGatt.ScanManager: configureFilterParamter 500 10000 1 0, deliveryMode=0
11-07 16:39:39.734   864   928 D DisplayFeatureHal: writeDCBacklight setting backlight to 347
11-07 16:39:39.735 10414 10457 D BtGatt.GattService: onScanFilterParamsConfigured() - clientIf=6, status=0, action=0, availableSpace=30
11-07 16:39:39.735 10414 10457 D BtGatt.ScanManager: callback done for scannerId - 6 status - 0
11-07 16:39:39.735 10414 10457 D BtGatt.GattService: onScanFilterConfig() - clientIf=6, action = 0 status = 0, filterType=0, availableSpace=0
11-07 16:39:39.735 10414 10457 D BtGatt.ScanManager: callback done for scannerId - 6 status - 0
11-07 16:39:39.736 10414 10470 D BtGatt.ScanManager: configureFilterParamter 500 10000 1 0, deliveryMode=0
11-07 16:39:39.737 10414 10457 D BtGatt.GattService: onScanFilterParamsConfigured() - clientIf=6, status=0, action=0, availableSpace=29
11-07 16:39:39.737 10414 10457 D BtGatt.ScanManager: callback done for scannerId - 6 status - 0
11-07 16:39:39.737 10414 10457 D BtGatt.GattService: onScanFilterConfig() - clientIf=6, action = 0 status = 0, filterType=0, availableSpace=0
11-07 16:39:39.737 10414 10457 D BtGatt.ScanManager: callback done for scannerId - 6 status - 0
11-07 16:39:39.737 10414 10470 D BtGatt.ScanManager: configureFilterParamter 500 10000 1 0, deliveryMode=0
11-07 16:39:39.738 10414 10457 D BtGatt.GattService: onScanFilterParamsConfigured() - clientIf=6, status=0, action=0, availableSpace=28
11-07 16:39:39.738 10414 10457 D BtGatt.ScanManager: callback done for scannerId - 6 status - 0
11-07 16:39:39.739 10414 10470 D BtGatt.ScanManager: configureRegularScanParams() - queue=1
11-07 16:39:39.739 10414 10470 D BtGatt.ScanManager: configureRegularScanParams() - ScanSetting LE 1M Scan mode=0ScanSetting LE Coded Scan mode=0 mLastConfiguredScanSettingLE1M=-2147483648 mLastConfiguredScanSettingLECoded=-2147483648scanPhy=255
11-07 16:39:39.739  1352  1790 D libsensor-B2SNotifier: Backlight2SlpiNotifier brightness = 347
11-07 16:39:39.740 10414 10470 D BtGatt.ScanManager: configureRegularScanParams - scanInterval LE 1M = 1200configureRegularScanParams - scanWindow LE 1M= 80configureRegularScanParams - scanInterval LE Coded= 1200configureRegularScanParams - scanWindow LE Coded= 80
11-07 16:39:39.741 10414 10457 D BtGatt.GattService: onScanParamSetupCompleted : 0
11-07 16:39:39.744   864   928 D DisplayFeatureHal: successfully write 347 into /sys/class/backlight/panel0-backlight/brightness
11-07 16:39:39.746  1352  1790 D libsensor-B2SNotifier: Backlight2SlpiNotifier brightness = 347
11-07 16:39:39.767   965  5029 D SurfaceFlinger: getHBMOverlayAlpha backlight=696, mFodSystemBacklight=902, mBrightnessBackup=696, mode=2
11-07 16:39:39.767   965  5029 D SurfaceFlinger: brightness=696; alpha=0.616523 mode=2
11-07 16:39:39.767   965  5029 D SurfaceFlinger: , previous mode:1
11-07 16:39:39.767   864   928 D DisplayFeatureHal: writeDCBacklight setting backlight to 347
11-07 16:39:39.771  1352  1790 D libsensor-B2SNotifier: Backlight2SlpiNotifier brightness = 347
11-07 16:39:39.775   864   928 D DisplayFeatureHal: successfully write 347 into /sys/class/backlight/panel0-backlight/brightness
11-07 16:39:39.777  1352  1790 D libsensor-B2SNotifier: Backlight2SlpiNotifier brightness = 347
11-07 16:39:39.784   965  5029 D SurfaceFlinger: getHBMOverlayAlpha backlight=697, mFodSystemBacklight=902, mBrightnessBackup=697, mode=2
11-07 16:39:39.784   864   928 D DisplayFeatureHal: writeDCBacklight setting backlight to 348
11-07 16:39:39.784   965  5029 D SurfaceFlinger: brightness=697; alpha=0.616272 mode=2
11-07 16:39:39.784   965  5029 D SurfaceFlinger: , previous mode:1
11-07 16:39:39.788  1352  1790 D libsensor-B2SNotifier: Backlight2SlpiNotifier brightness = 348
11-07 16:39:39.792   864   928 D DisplayFeatureHal: successfully write 348 into /sys/class/backlight/panel0-backlight/brightness
11-07 16:39:39.793  1352  1790 D libsensor-B2SNotifier: Backlight2SlpiNotifier brightness = 348
11-07 16:39:39.799   965  5029 D SurfaceFlinger: getHBMOverlayAlpha backlight=698, mFodSystemBacklight=902, mBrightnessBackup=698, mode=2
11-07 16:39:39.799   965  5029 D SurfaceFlinger: brightness=698; alpha=0.616022 mode=2
11-07 16:39:39.799   965  5029 D SurfaceFlinger: , previous mode:1
11-07 16:39:39.800   864   928 D DisplayFeatureHal: writeDCBacklight setting backlight to 348
11-07 16:39:39.803  1352  1790 D libsensor-B2SNotifier: Backlight2SlpiNotifier brightness = 348
11-07 16:39:39.808   864   928 D DisplayFeatureHal: successfully write 348 into /sys/class/backlight/panel0-backlight/brightness
11-07 16:39:39.808  1352  1790 D libsensor-B2SNotifier: Backlight2SlpiNotifier brightness = 348
11-07 16:39:39.815   965  5029 D SurfaceFlinger: getHBMOverlayAlpha backlight=699, mFodSystemBacklight=902, mBrightnessBackup=699, mode=2
11-07 16:39:39.815   965  5029 D SurfaceFlinger: brightness=699; alpha=0.615772 mode=2
11-07 16:39:39.815   965  5029 D SurfaceFlinger: , previous mode:1
11-07 16:39:39.815   864   928 D DisplayFeatureHal: writeDCBacklight setting backlight to 349
11-07 16:39:39.819  1352  1790 D libsensor-B2SNotifier: Backlight2SlpiNotifier brightness = 349
11-07 16:39:39.823   864   928 D DisplayFeatureHal: successfully write 349 into /sys/class/backlight/panel0-backlight/brightness
11-07 16:39:39.824   813 10522 I vendor.qti.bluetooth@1.0-ibs_handler: ProcessIbsCmd: Received IBS_SLEEP_IND: 0xFE
11-07 16:39:39.826  1352  1790 D libsensor-B2SNotifier: Backlight2SlpiNotifier brightness = 349
11-07 16:39:39.832   965  5029 D SurfaceFlinger: getHBMOverlayAlpha backlight=700, mFodSystemBacklight=902, mBrightnessBackup=700, mode=2
11-07 16:39:39.832   965  5029 D SurfaceFlinger: brightness=700; alpha=0.615523 mode=2
11-07 16:39:39.832   965  5029 D SurfaceFlinger: , previous mode:1
11-07 16:39:39.833   864   928 D DisplayFeatureHal: writeDCBacklight setting backlight to 349
11-07 16:39:39.837  1352  1790 D libsensor-B2SNotifier: Backlight2SlpiNotifier brightness = 349
11-07 16:39:39.840   864   928 D DisplayFeatureHal: successfully write 349 into /sys/class/backlight/panel0-backlight/brightness
11-07 16:39:39.841  1352  1790 D libsensor-B2SNotifier: Backlight2SlpiNotifier brightness = 349
11-07 16:39:39.849   965  5029 D SurfaceFlinger: getHBMOverlayAlpha backlight=701, mFodSystemBacklight=902, mBrightnessBackup=701, mode=2
11-07 16:39:39.849   864   928 D DisplayFeatureHal: writeDCBacklight setting backlight to 350
11-07 16:39:39.849   965  5029 D SurfaceFlinger: brightness=701; alpha=0.615273 mode=2
11-07 16:39:39.849   965  5029 D SurfaceFlinger: , previous mode:1
11-07 16:39:39.854  1352  1790 D libsensor-B2SNotifier: Backlight2SlpiNotifier brightness = 350
11-07 16:39:39.858   864   928 D DisplayFeatureHal: successfully write 350 into /sys/class/backlight/panel0-backlight/brightness
11-07 16:39:39.860  1352  1790 D libsensor-B2SNotifier: Backlight2SlpiNotifier brightness = 350
11-07 16:39:39.886   965  5029 D SurfaceFlinger: getHBMOverlayAlpha backlight=702, mFodSystemBacklight=902, mBrightnessBackup=702, mode=2
11-07 16:39:39.886   965  5029 D SurfaceFlinger: brightness=702; alpha=0.615024 mode=2
11-07 16:39:39.886   965  5029 D SurfaceFlinger: , previous mode:1
11-07 16:39:39.886   864   928 D DisplayFeatureHal: writeDCBacklight setting backlight to 350
11-07 16:39:39.895  1352  1790 D libsensor-B2SNotifier: Backlight2SlpiNotifier brightness = 350
11-07 16:39:39.901   864   928 D DisplayFeatureHal: successfully write 350 into /sys/class/backlight/panel0-backlight/brightness
11-07 16:39:39.902   965  5029 D SurfaceFlinger: getHBMOverlayAlpha backlight=703, mFodSystemBacklight=902, mBrightnessBackup=703, mode=2
11-07 16:39:39.902   965  5029 D SurfaceFlinger: brightness=703; alpha=0.614774 mode=2
11-07 16:39:39.902   965  5029 D SurfaceFlinger: , previous mode:1
11-07 16:39:39.902   864   928 D DisplayFeatureHal: writeDCBacklight setting backlight to 351
11-07 16:39:39.903  1352  1790 D libsensor-B2SNotifier: Backlight2SlpiNotifier brightness = 351
11-07 16:39:39.910  1352  1790 D libsensor-B2SNotifier: Backlight2SlpiNotifier brightness = 351
11-07 16:39:39.913   864   928 D DisplayFeatureHal: successfully write 351 into /sys/class/backlight/panel0-backlight/brightness
11-07 16:39:39.916   965  5029 D SurfaceFlinger: getHBMOverlayAlpha backlight=704, mFodSystemBacklight=902, mBrightnessBackup=704, mode=2
11-07 16:39:39.916   965  5029 D SurfaceFlinger: brightness=704; alpha=0.614525 mode=2
11-07 16:39:39.916   965  5029 D SurfaceFlinger: , previous mode:1
11-07 16:39:39.916   864   928 D DisplayFeatureHal: writeDCBacklight setting backlight to 351
11-07 16:39:39.918  1352  1790 D libsensor-B2SNotifier: Backlight2SlpiNotifier brightness = 351
11-07 16:39:39.923  1352  1790 D libsensor-B2SNotifier: Backlight2SlpiNotifier brightness = 351
11-07 16:39:39.926   864   928 D DisplayFeatureHal: successfully write 351 into /sys/class/backlight/panel0-backlight/brightness
11-07 16:39:39.927  1352  1790 D libsensor-B2SNotifier: Backlight2SlpiNotifier brightness = 351
11-07 16:39:39.932   965  5029 D SurfaceFlinger: getHBMOverlayAlpha backlight=705, mFodSystemBacklight=902, mBrightnessBackup=705, mode=2
11-07 16:39:39.932   965  5029 D SurfaceFlinger: brightness=705; alpha=0.614277 mode=2
11-07 16:39:39.932   965  5029 D SurfaceFlinger: , previous mode:1
11-07 16:39:39.933   864   928 D DisplayFeatureHal: writeDCBacklight setting backlight to 352
11-07 16:39:39.936  1352  1790 D libsensor-B2SNotifier: Backlight2SlpiNotifier brightness = 352
11-07 16:39:39.940   864   928 D DisplayFeatureHal: successfully write 352 into /sys/class/backlight/panel0-backlight/brightness
11-07 16:39:39.941  1352  1790 D libsensor-B2SNotifier: Backlight2SlpiNotifier brightness = 352
11-07 16:39:39.950   965  5029 D SurfaceFlinger: getHBMOverlayAlpha backlight=706, mFodSystemBacklight=902, mBrightnessBackup=706, mode=2
11-07 16:39:39.950   965  5029 D SurfaceFlinger: brightness=706; alpha=0.614028 mode=2
11-07 16:39:39.950   965  5029 D SurfaceFlinger: , previous mode:1
11-07 16:39:39.950   864   928 D DisplayFeatureHal: writeDCBacklight setting backlight to 352
11-07 16:39:39.954  1352  1790 D libsensor-B2SNotifier: Backlight2SlpiNotifier brightness = 352
11-07 16:39:39.958   864   928 D DisplayFeatureHal: successfully write 352 into /sys/class/backlight/panel0-backlight/brightness
11-07 16:39:39.959  1352  1790 D libsensor-B2SNotifier: Backlight2SlpiNotifier brightness = 352
11-07 16:39:39.960  1612  4009 I MiuiNetworkPolicy: bandwidth: 2 KB/s, Max bandwidth: 919 KB/s
11-07 16:39:39.967   965  5029 D SurfaceFlinger: getHBMOverlayAlpha backlight=707, mFodSystemBacklight=902, mBrightnessBackup=707, mode=2
11-07 16:39:39.967   965  5029 D SurfaceFlinger: brightness=707; alpha=0.613780 mode=2
11-07 16:39:39.967   965  5029 D SurfaceFlinger: , previous mode:1
11-07 16:39:39.967   864   928 D DisplayFeatureHal: writeDCBacklight setting backlight to 353
11-07 16:39:39.971  1352  1790 D libsensor-B2SNotifier: Backlight2SlpiNotifier brightness = 353
11-07 16:39:39.976   864   928 D DisplayFeatureHal: successfully write 353 into /sys/class/backlight/panel0-backlight/brightness
11-07 16:39:39.977  1352  1790 D libsensor-B2SNotifier: Backlight2SlpiNotifier brightness = 353
11-07 16:39:39.984   965  5029 D SurfaceFlinger: getHBMOverlayAlpha backlight=708, mFodSystemBacklight=902, mBrightnessBackup=708, mode=2
11-07 16:39:39.984   965  5029 D SurfaceFlinger: brightness=708; alpha=0.613531 mode=2
11-07 16:39:39.984   965  5029 D SurfaceFlinger: , previous mode:1
11-07 16:39:39.984   864   928 D DisplayFeatureHal: writeDCBacklight setting backlight to 353
11-07 16:39:39.987  1352  1790 D libsensor-B2SNotifier: Backlight2SlpiNotifier brightness = 353
11-07 16:39:39.994   864   928 D DisplayFeatureHal: successfully write 353 into /sys/class/backlight/panel0-backlight/brightness
11-07 16:39:39.997  1352  1790 D libsensor-B2SNotifier: Backlight2SlpiNotifier brightness = 353
11-07 16:39:40.016   965  5029 D SurfaceFlinger: getHBMOverlayAlpha backlight=709, mFodSystemBacklight=902, mBrightnessBackup=709, mode=2
11-07 16:39:40.016   965  5029 D SurfaceFlinger: brightness=709; alpha=0.613283 mode=2
11-07 16:39:40.016   965  5029 D SurfaceFlinger: , previous mode:1
11-07 16:39:40.016   864   928 D DisplayFeatureHal: writeDCBacklight setting backlight to 354
11-07 16:39:40.018  1352  1790 D libsensor-B2SNotifier: Backlight2SlpiNotifier brightness = 354
11-07 16:39:40.021   864   928 D DisplayFeatureHal: successfully write 354 into /sys/class/backlight/panel0-backlight/brightness
11-07 16:39:40.026  1352  1790 D libsensor-B2SNotifier: Backlight2SlpiNotifier brightness = 354
11-07 16:39:40.035   965  5029 D SurfaceFlinger: getHBMOverlayAlpha backlight=710, mFodSystemBacklight=902, mBrightnessBackup=710, mode=2
11-07 16:39:40.035   864   928 D DisplayFeatureHal: writeDCBacklight setting backlight to 354
11-07 16:39:40.035   965  5029 D SurfaceFlinger: brightness=710; alpha=0.613036 mode=2
11-07 16:39:40.035   965  5029 D SurfaceFlinger: , previous mode:1
11-07 16:39:40.038  1352  1790 D libsensor-B2SNotifier: Backlight2SlpiNotifier brightness = 354
11-07 16:39:40.039   864   928 D DisplayFeatureHal: successfully write 354 into /sys/class/backlight/panel0-backlight/brightness
11-07 16:39:40.046  1352  1790 D libsensor-B2SNotifier: Backlight2SlpiNotifier brightness = 354
11-07 16:39:40.051   965  5029 D SurfaceFlinger: getHBMOverlayAlpha backlight=711, mFodSystemBacklight=902, mBrightnessBackup=711, mode=2
11-07 16:39:40.051   965  5029 D SurfaceFlinger: brightness=711; alpha=0.612788 mode=2
11-07 16:39:40.051   965  5029 D SurfaceFlinger: , previous mode:1
11-07 16:39:40.051   864   928 D DisplayFeatureHal: writeDCBacklight setting backlight to 355
11-07 16:39:40.053  1352  1790 D libsensor-B2SNotifier: Backlight2SlpiNotifier brightness = 355
11-07 16:39:40.056   864   928 D DisplayFeatureHal: successfully write 355 into /sys/class/backlight/panel0-backlight/brightness
11-07 16:39:40.058  1352  1790 D libsensor-B2SNotifier: Backlight2SlpiNotifier brightness = 355
11-07 16:39:40.066   864   928 D DisplayFeatureHal: writeDCBacklight setting backlight to 355
11-07 16:39:40.066   965  5029 D SurfaceFlinger: getHBMOverlayAlpha backlight=712, mFodSystemBacklight=902, mBrightnessBackup=712, mode=2
11-07 16:39:40.066   965  5029 D SurfaceFlinger: brightness=712; alpha=0.612540 mode=2
11-07 16:39:40.066   965  5029 D SurfaceFlinger: , previous mode:1
11-07 16:39:40.068  1352  1790 D libsensor-B2SNotifier: Backlight2SlpiNotifier brightness = 355
11-07 16:39:40.071   864   928 D DisplayFeatureHal: successfully write 355 into /sys/class/backlight/panel0-backlight/brightness
11-07 16:39:40.073  1352  1790 D libsensor-B2SNotifier: Backlight2SlpiNotifier brightness = 355
11-07 16:39:40.083   965  5029 D SurfaceFlinger: getHBMOverlayAlpha backlight=713, mFodSystemBacklight=902, mBrightnessBackup=713, mode=2
11-07 16:39:40.083   965  5029 D SurfaceFlinger: brightness=713; alpha=0.612293 mode=2
11-07 16:39:40.083   965  5029 D SurfaceFlinger: , previous mode:1
11-07 16:39:40.084   864   928 D DisplayFeatureHal: writeDCBacklight setting backlight to 356
11-07 16:39:40.085  1352  1790 D libsensor-B2SNotifier: Backlight2SlpiNotifier brightness = 356
11-07 16:39:40.087   864   928 D DisplayFeatureHal: successfully write 356 into /sys/class/backlight/panel0-backlight/brightness
11-07 16:39:40.091  1352  1790 D libsensor-B2SNotifier: Backlight2SlpiNotifier brightness = 356
11-07 16:39:40.099   965  5029 D SurfaceFlinger: getHBMOverlayAlpha backlight=714, mFodSystemBacklight=902, mBrightnessBackup=714, mode=2
11-07 16:39:40.099   965  5029 D SurfaceFlinger: brightness=714; alpha=0.612046 mode=2
11-07 16:39:40.099   965  5029 D SurfaceFlinger: , previous mode:1
11-07 16:39:40.100   864   928 D DisplayFeatureHal: writeDCBacklight setting backlight to 356
11-07 16:39:40.101  1352  1790 D libsensor-B2SNotifier: Backlight2SlpiNotifier brightness = 356
11-07 16:39:40.103   864   928 D DisplayFeatureHal: successfully write 356 into /sys/class/backlight/panel0-backlight/brightness
11-07 16:39:40.106  1352  1790 D libsensor-B2SNotifier: Backlight2SlpiNotifier brightness = 356
11-07 16:39:40.119   965  5029 D SurfaceFlinger: getHBMOverlayAlpha backlight=715, mFodSystemBacklight=902, mBrightnessBackup=715, mode=2
11-07 16:39:40.119   965  5029 D SurfaceFlinger: brightness=715; alpha=0.611799 mode=2
11-07 16:39:40.119   965  5029 D SurfaceFlinger: , previous mode:1
11-07 16:39:40.119   864   928 D DisplayFeatureHal: writeDCBacklight setting backlight to 357
11-07 16:39:40.120  1352  1790 D libsensor-B2SNotifier: Backlight2SlpiNotifier brightness = 357
11-07 16:39:40.124   864   928 D DisplayFeatureHal: successfully write 357 into /sys/class/backlight/panel0-backlight/brightness
11-07 16:39:40.126  1352  1790 D libsensor-B2SNotifier: Backlight2SlpiNotifier brightness = 357
11-07 16:39:40.132   965  5029 D SurfaceFlinger: getHBMOverlayAlpha backlight=716, mFodSystemBacklight=902, mBrightnessBackup=716, mode=2
11-07 16:39:40.132   965  5029 D SurfaceFlinger: brightness=716; alpha=0.611553 mode=2
11-07 16:39:40.132   965  5029 D SurfaceFlinger: , previous mode:1
11-07 16:39:40.132   864   928 D DisplayFeatureHal: writeDCBacklight setting backlight to 357
11-07 16:39:40.136  1352  1790 D libsensor-B2SNotifier: Backlight2SlpiNotifier brightness = 357
11-07 16:39:40.142   864   928 D DisplayFeatureHal: successfully write 357 into /sys/class/backlight/panel0-backlight/brightness
11-07 16:39:40.143  1352  1790 D libsensor-B2SNotifier: Backlight2SlpiNotifier brightness = 357
11-07 16:39:40.168   965  5029 D SurfaceFlinger: getHBMOverlayAlpha backlight=717, mFodSystemBacklight=902, mBrightnessBackup=717, mode=2
11-07 16:39:40.169   965  5029 D SurfaceFlinger: brightness=717; alpha=0.611306 mode=2
11-07 16:39:40.169   965  5029 D SurfaceFlinger: , previous mode:1
11-07 16:39:40.169   864   928 D DisplayFeatureHal: writeDCBacklight setting backlight to 358
11-07 16:39:40.177  1352  1790 D libsensor-B2SNotifier: Backlight2SlpiNotifier brightness = 358
11-07 16:39:40.183   965  5029 D SurfaceFlinger: getHBMOverlayAlpha backlight=718, mFodSystemBacklight=902, mBrightnessBackup=718, mode=2
11-07 16:39:40.183   965  5029 D SurfaceFlinger: brightness=718; alpha=0.611060 mode=2
11-07 16:39:40.183   965  5029 D SurfaceFlinger: , previous mode:1
11-07 16:39:40.187   864   928 D DisplayFeatureHal: successfully write 358 into /sys/class/backlight/panel0-backlight/brightness
11-07 16:39:40.187   864   928 D DisplayFeatureHal: writeDCBacklight setting backlight to 358
11-07 16:39:40.188  1352  1790 D libsensor-B2SNotifier: Backlight2SlpiNotifier brightness = 358
11-07 16:39:40.199   864   928 D DisplayFeatureHal: successfully write 358 into /sys/class/backlight/panel0-backlight/brightness
11-07 16:39:40.200  1352  1790 D libsensor-B2SNotifier: Backlight2SlpiNotifier brightness = 358
11-07 16:39:40.201   965  5029 D SurfaceFlinger: getHBMOverlayAlpha backlight=719, mFodSystemBacklight=902, mBrightnessBackup=719, mode=2
11-07 16:39:40.201   965  5029 D SurfaceFlinger: brightness=719; alpha=0.610814 mode=2
11-07 16:39:40.201   965  5029 D SurfaceFlinger: , previous mode:1
11-07 16:39:40.201   864   928 D DisplayFeatureHal: writeDCBacklight setting backlight to 359
11-07 16:39:40.206  1352  1790 D libsensor-B2SNotifier: Backlight2SlpiNotifier brightness = 359
11-07 16:39:40.209   864   928 D DisplayFeatureHal: successfully write 359 into /sys/class/backlight/panel0-backlight/brightness
11-07 16:39:40.211  1352  1790 D libsensor-B2SNotifier: Backlight2SlpiNotifier brightness = 359
11-07 16:39:40.217   965  5029 D SurfaceFlinger: getHBMOverlayAlpha backlight=720, mFodSystemBacklight=902, mBrightnessBackup=720, mode=2
11-07 16:39:40.217   965  5029 D SurfaceFlinger: brightness=720; alpha=0.610568 mode=2
11-07 16:39:40.217   965  5029 D SurfaceFlinger: , previous mode:1
11-07 16:39:40.217   864   928 D DisplayFeatureHal: writeDCBacklight setting backlight to 359
11-07 16:39:40.221  1352  1790 D libsensor-B2SNotifier: Backlight2SlpiNotifier brightness = 359
11-07 16:39:40.225   864   928 D DisplayFeatureHal: successfully write 359 into /sys/class/backlight/panel0-backlight/brightness
11-07 16:39:40.226  1352  1790 D libsensor-B2SNotifier: Backlight2SlpiNotifier brightness = 359
11-07 16:39:40.233   965  5029 D SurfaceFlinger: getHBMOverlayAlpha backlight=721, mFodSystemBacklight=902, mBrightnessBackup=721, mode=2
11-07 16:39:40.233   965  5029 D SurfaceFlinger: brightness=721; alpha=0.610322 mode=2
11-07 16:39:40.233   965  5029 D SurfaceFlinger: , previous mode:1
11-07 16:39:40.233   864   928 D DisplayFeatureHal: writeDCBacklight setting backlight to 360
11-07 16:39:40.237  1352  1790 D libsensor-B2SNotifier: Backlight2SlpiNotifier brightness = 360
11-07 16:39:40.240   864   928 D DisplayFeatureHal: successfully write 360 into /sys/class/backlight/panel0-backlight/brightness
11-07 16:39:40.242  1352  1790 D libsensor-B2SNotifier: Backlight2SlpiNotifier brightness = 360
11-07 16:39:40.249   965  5029 D SurfaceFlinger: getHBMOverlayAlpha backlight=722, mFodSystemBacklight=902, mBrightnessBackup=722, mode=2
11-07 16:39:40.249   965  5029 D SurfaceFlinger: brightness=722; alpha=0.610076 mode=2
11-07 16:39:40.249   965  5029 D SurfaceFlinger: , previous mode:1
11-07 16:39:40.249   864   928 D DisplayFeatureHal: writeDCBacklight setting backlight to 360
11-07 16:39:40.253  1352  1790 D libsensor-B2SNotifier: Backlight2SlpiNotifier brightness = 360
11-07 16:39:40.257   864   928 D DisplayFeatureHal: successfully write 360 into /sys/class/backlight/panel0-backlight/brightness
11-07 16:39:40.259  1352  1790 D libsensor-B2SNotifier: Backlight2SlpiNotifier brightness = 360
11-07 16:39:40.266   965  5029 D SurfaceFlinger: getHBMOverlayAlpha backlight=723, mFodSystemBacklight=902, mBrightnessBackup=723, mode=2
11-07 16:39:40.266   965  5029 D SurfaceFlinger: brightness=723; alpha=0.609831 mode=2
11-07 16:39:40.266   965  5029 D SurfaceFlinger: , previous mode:1
11-07 16:39:40.267   864   928 D DisplayFeatureHal: writeDCBacklight setting backlight to 361
11-07 16:39:40.270  1352  1790 D libsensor-B2SNotifier: Backlight2SlpiNotifier brightness = 361
11-07 16:39:40.274   864   928 D DisplayFeatureHal: successfully write 361 into /sys/class/backlight/panel0-backlight/brightness
11-07 16:39:40.276  1352  1790 D libsensor-B2SNotifier: Backlight2SlpiNotifier brightness = 361
11-07 16:39:40.283   965  5029 D SurfaceFlinger: getHBMOverlayAlpha backlight=724, mFodSystemBacklight=902, mBrightnessBackup=724, mode=2
11-07 16:39:40.283   965  5029 D SurfaceFlinger: brightness=724; alpha=0.609586 mode=2
11-07 16:39:40.283   965  5029 D SurfaceFlinger: , previous mode:1
11-07 16:39:40.283   864   928 D DisplayFeatureHal: writeDCBacklight setting backlight to 361
11-07 16:39:40.287  1352  1790 D libsensor-B2SNotifier: Backlight2SlpiNotifier brightness = 361
11-07 16:39:40.290   864   928 D DisplayFeatureHal: successfully write 361 into /sys/class/backlight/panel0-backlight/brightness
11-07 16:39:40.291  1352  1790 D libsensor-B2SNotifier: Backlight2SlpiNotifier brightness = 361
11-07 16:39:40.317   965  5029 D SurfaceFlinger: getHBMOverlayAlpha backlight=725, mFodSystemBacklight=902, mBrightnessBackup=725, mode=2
11-07 16:39:40.317   965  5029 D SurfaceFlinger: brightness=725; alpha=0.609341 mode=2
11-07 16:39:40.317   965  5029 D SurfaceFlinger: , previous mode:1
11-07 16:39:40.317   864   928 D DisplayFeatureHal: writeDCBacklight setting backlight to 362
11-07 16:39:40.323  1352  1790 D libsensor-B2SNotifier: Backlight2SlpiNotifier brightness = 362
11-07 16:39:40.325   864   928 D DisplayFeatureHal: successfully write 362 into /sys/class/backlight/panel0-backlight/brightness
11-07 16:39:40.329  1352  1790 D libsensor-B2SNotifier: Backlight2SlpiNotifier brightness = 362
11-07 16:39:40.333   965  5029 D SurfaceFlinger: getHBMOverlayAlpha backlight=726, mFodSystemBacklight=902, mBrightnessBackup=726, mode=2
11-07 16:39:40.333   965  5029 D SurfaceFlinger: brightness=726; alpha=0.609096 mode=2
11-07 16:39:40.333   965  5029 D SurfaceFlinger: , previous mode:1
11-07 16:39:40.333   864   928 D DisplayFeatureHal: writeDCBacklight setting backlight to 362
11-07 16:39:40.337  1352  1790 D libsensor-B2SNotifier: Backlight2SlpiNotifier brightness = 362
11-07 16:39:40.341   864   928 D DisplayFeatureHal: successfully write 362 into /sys/class/backlight/panel0-backlight/brightness
11-07 16:39:40.341  1352  1790 D libsensor-B2SNotifier: Backlight2SlpiNotifier brightness = 362
11-07 16:39:40.349   965  5029 D SurfaceFlinger: getHBMOverlayAlpha backlight=727, mFodSystemBacklight=902, mBrightnessBackup=727, mode=2
11-07 16:39:40.349   965  5029 D SurfaceFlinger: brightness=727; alpha=0.608851 mode=2
11-07 16:39:40.349   965  5029 D SurfaceFlinger: , previous mode:1
11-07 16:39:40.349   864   928 D DisplayFeatureHal: writeDCBacklight setting backlight to 363
11-07 16:39:40.353  1352  1790 D libsensor-B2SNotifier: Backlight2SlpiNotifier brightness = 363
11-07 16:39:40.355   683 13268 I netd    : trafficSwapActiveStatsMap() <1.11ms>
11-07 16:39:40.357   864   928 D DisplayFeatureHal: successfully write 363 into /sys/class/backlight/panel0-backlight/brightness
11-07 16:39:40.358  1352  1790 D libsensor-B2SNotifier: Backlight2SlpiNotifier brightness = 363
11-07 16:39:40.363   683 13268 I netd    : tetherGetStats() <2.27ms>
11-07 16:39:40.369   965  5029 D SurfaceFlinger: getHBMOverlayAlpha backlight=728, mFodSystemBacklight=902, mBrightnessBackup=728, mode=2
11-07 16:39:40.369   965  5029 D SurfaceFlinger: brightness=728; alpha=0.608607 mode=2
11-07 16:39:40.369   965  5029 D SurfaceFlinger: , previous mode:1
11-07 16:39:40.369   864   928 D DisplayFeatureHal: writeDCBacklight setting backlight to 363
11-07 16:39:40.374   683 13268 I netd    : trafficSwapActiveStatsMap() <0.17ms>
11-07 16:39:40.374  1352  1790 D libsensor-B2SNotifier: Backlight2SlpiNotifier brightness = 363
11-07 16:39:40.375   864   928 D DisplayFeatureHal: successfully write 363 into /sys/class/backlight/panel0-backlight/brightness
11-07 16:39:40.378  1352  1790 D libsensor-B2SNotifier: Backlight2SlpiNotifier brightness = 363
11-07 16:39:40.380   683  6042 I netd    : tetherGetStats() <1.97ms>
11-07 16:39:40.385   965  5029 D SurfaceFlinger: getHBMOverlayAlpha backlight=729, mFodSystemBacklight=902, mBrightnessBackup=729, mode=2
11-07 16:39:40.385   965  5029 D SurfaceFlinger: brightness=729; alpha=0.608362 mode=2
11-07 16:39:40.385   965  5029 D SurfaceFlinger: , previous mode:1
11-07 16:39:40.385   864   928 D DisplayFeatureHal: writeDCBacklight setting backlight to 364
11-07 16:39:40.391  1352  1790 D libsensor-B2SNotifier: Backlight2SlpiNotifier brightness = 364
11-07 16:39:40.394   864   928 D DisplayFeatureHal: successfully write 364 into /sys/class/backlight/panel0-backlight/brightness
11-07 16:39:40.396  1352  1790 D libsensor-B2SNotifier: Backlight2SlpiNotifier brightness = 364
11-07 16:39:40.401   965  5029 D SurfaceFlinger: getHBMOverlayAlpha backlight=730, mFodSystemBacklight=902, mBrightnessBackup=730, mode=2
11-07 16:39:40.401   965  5029 D SurfaceFlinger: brightness=730; alpha=0.608118 mode=2
11-07 16:39:40.401   965  5029 D SurfaceFlinger: , previous mode:1
11-07 16:39:40.401   864   928 D DisplayFeatureHal: writeDCBacklight setting backlight to 364
11-07 16:39:40.405  1352  1790 D libsensor-B2SNotifier: Backlight2SlpiNotifier brightness = 364
11-07 16:39:40.408   864   928 D DisplayFeatureHal: successfully write 364 into /sys/class/backlight/panel0-backlight/brightness
11-07 16:39:40.409  1352  1790 D libsensor-B2SNotifier: Backlight2SlpiNotifier brightness = 364
11-07 16:39:40.416   965  5029 D SurfaceFlinger: getHBMOverlayAlpha backlight=731, mFodSystemBacklight=902, mBrightnessBackup=731, mode=2
11-07 16:39:40.416   965  5029 D SurfaceFlinger: brightness=731; alpha=0.607874 mode=2
11-07 16:39:40.416   965  5029 D SurfaceFlinger: , previous mode:1
11-07 16:39:40.417   864   928 D DisplayFeatureHal: writeDCBacklight setting backlight to 365
11-07 16:39:40.420  1352  1790 D libsensor-B2SNotifier: Backlight2SlpiNotifier brightness = 365
