11-07 18:07:35.669  2169  2347 I PGServer: report state:2 event type:2 pid:23052 uid:10216 pkg:null to pid: 1364
11-07 18:07:35.669  2169  2347 D PGAudioState: audio type:out state:stop pid:23052 uid:10216
11-07 18:07:35.669  2169  2347 I DeviceMonitor: last release audio mix uid:10216 pid:-2
11-07 18:07:35.676  2169 26881 I PGServer: checkPkgType. calling pkg: android
11-07 18:07:35.677  1364  1428 I HwAudioServiceEx: VBR HwAudioService:music app exit -1
11-07 18:07:35.677  1364  1428 V HwAudioServiceEx: no process apptype
11-07 18:07:35.683  1364  2107 W NotificationService: Toast already killed. pkg=com.example.androidmkdemo callback=android.app.ITransientNotification$Stub$Proxy@81f1bf8
11-07 18:07:35.759  1364  1483 V WindowManager: Exit animation finished in Window{44b91ae u0 Toast EXITING}: remove=true
11-07 18:07:35.785  1364  1483 I DebugKeepScreenOn: setHoldScreenLocked newHoldScreen:null currentHoldScreen:Session{13bd160 23052:u0a10216} wakeLockState:true
11-07 18:07:35.785  1364  1483 I DebugKeepScreenOn: Releasing screen wakelock, obscured by null
11-07 18:07:35.788  1364  1483 V WindowManager: postWindowRemoveCleanupLocked: Window{44b91ae u0 Toast}
11-07 18:07:35.789  1364  1483 V WindowManager: Removing Window{44b91ae u0 Toast} from WindowToken{bbec162 android.os.Binder@610e82d}
11-07 18:07:35.912   884  3249 E LOGSERVER_UTILS: [ERecovery]ReadEvent: ERecoveryEventManager ReadEvent 0
11-07 18:07:36.440  1364  1658 I TrafficMonitor: expired arrive. level:-1
11-07 18:07:36.440  1364  1658 I TrafficMonitor: during_ms:2005,period_ms:2000
11-07 18:07:36.440  1364  1658 I TrafficMonitor: count:95,rx_sum:206,tx_sum:192,rxBytes:263878,during_ms:2005,rx_speed:131609.97506234414,tx_speed:4444.887780548629,rto:1.0729166666666667
11-07 18:07:36.585   636   776 D stereoWidening_frame: SwsOutProcPlaySamples enableCount is 100 countchans is 2, samples:960, format:5
11-07 18:07:36.624   569 32655 I netd    : trafficSwapActiveStatsMap() <13.35ms>
11-07 18:07:36.639   636   780 D AudioFlinger: releaseWakeLock_l() AudioOut_15 mPowerManager(1) mWakeLockToken 0x79f6e0ea40 
11-07 18:07:36.639   636   780 D AudioFlinger: thread 0x79f81ac5c0 type 0 TID 780 going to sleep
11-07 18:07:36.714  2195  2195 E HwModemCapability: isCapabilitySupport java.lang.StringIndexOutOfBoundsException: length=7; index=7
11-07 18:07:36.719  1364  2230 E HwModemCapability: isCapabilitySupport java.lang.StringIndexOutOfBoundsException: length=7; index=7
11-07 18:07:36.952   884  3249 E LOGSERVER_UTILS: [ERecovery]ReadEvent: ERecoveryEventManager ReadEvent 0
11-07 18:07:37.134   861   893 D SensorHub: SENSOR_TYPE_PROXIMITY data[0] = 0.000000
11-07 18:07:37.171  1364  1482 W WindowManager: Unable to start animation, surface is null or no children.
11-07 18:07:37.214   861   893 D SensorHub: SENSOR_TYPE_PROXIMITY data[0] = 5.000000
11-07 18:07:37.292   861   893 I chatty  : uid=1000(system) HwBinder:861_1 identical 1 line
11-07 18:07:37.373   861   893 D SensorHub: SENSOR_TYPE_PROXIMITY data[0] = 5.000000
11-07 18:07:37.453  1364  1658 I TrafficMonitor: update:rxPkts:47,txPkts:5,rxBytes:11729,txBytes:200
11-07 18:07:37.453  1364  1658 I TrafficMonitor: start expired. level:-1
11-07 18:07:37.453  1364  1658 I TrafficMonitor: gettimer:interval=2000
11-07 18:07:37.454   861   893 D SensorHub: SENSOR_TYPE_PROXIMITY data[0] = 5.000000
11-07 18:07:37.531   861   893 D SensorHub: SENSOR_TYPE_PROXIMITY data[0] = 5.000000
11-07 18:07:37.549   634   634 E WifiHAL : enter wifi_get_link_stats
11-07 18:07:37.552   569 32655 I netd    : trafficSwapActiveStatsMap() <19.22ms>
11-07 18:07:37.556  1364  1659 E WificondControl: Noise: 0, Snr: 0, Chload: -1
11-07 18:07:37.560  1364  1659 V HwWifiServiceFactory: get AllImpl object = com.android.server.wifi.HwWifiServiceFactoryImpl@91d5c64
11-07 18:07:37.561  2169  1914 E AppInfoMgr: not find pkgs by uid: 1051
11-07 18:07:37.566  2169  1914 I DownloadState: singleUid: 10216 [com.example.androidmkdemo] speed: 145478 real speed: 144323 (rxB:708632 txB:18760 rxP:509 txP:469) scroff: false
11-07 18:07:37.568  1364  1659 D TelephonyManager: getAllCellInfo calling app is android
11-07 18:07:37.569  2195  2783 W PhoneInterfaceManager: shouldBlockLocation running ...
11-07 18:07:37.569  2195  2783 I PhoneInterfaceManager: shouldBlockLocation  ret:false
11-07 18:07:37.580  2169  1914 I DownloadState: shareUid: 0 /system/bin/netd transmitting data speed : 50 bytes/s (rxB:189 txB:64 rxP:1 txP:1 iface:1) scroff: false
11-07 18:07:37.580  2169  1914 I DownloadState: shareUid: 1000 com.huawei.systemmanager transmitting data speed : 1466 bytes/s (rxB:5726 txB:1608 rxP:8 txP:10 iface:1) scroff: false
11-07 18:07:37.610   861   893 D SensorHub: SENSOR_TYPE_PROXIMITY data[0] = 5.000000
11-07 18:07:37.649 13567 13567 W sh      : type=1400 audit(0.0:5342590): avc: granted { read } for pid=13567 name="crashDump" dev="sdcardfs" ino=40605 scontext=u:r:shell:s0 tcontext=u:object_r:sdcardfs:s0 tclass=dir
11-07 18:07:37.649 13567 13567 W sh      : type=1400 audit(0.0:5342591): avc: granted { read open } for pid=13567 path="/storage/emulated/0/Android/data/com.example.androidmkdemo/cache/crashDump" dev="sdcardfs" ino=40605 scontext=u:r:shell:s0 tcontext=u:object_r:sdcardfs:s0 tclass=dir
11-07 18:07:37.681   842   842 E Thermal-daemon: [ap] temp_new :36  temp_old :35
11-07 18:07:37.684   842   842 E Thermal-daemon: Report temperature: [ap] temp :36  report_threshold:1
11-07 18:07:37.690   861   893 D SensorHub: SENSOR_TYPE_PROXIMITY data[0] = 5.000000
11-07 18:07:37.849   861   893 I chatty  : uid=1000(system) HwBinder:861_1 identical 2 lines
11-07 18:07:37.928   861   893 D SensorHub: SENSOR_TYPE_PROXIMITY data[0] = 5.000000
11-07 18:07:37.960   884  3249 E LOGSERVER_UTILS: [ERecovery]ReadEvent: ERecoveryEventManager ReadEvent 0
11-07 18:07:38.007   861   893 D SensorHub: SENSOR_TYPE_PROXIMITY data[0] = 5.000000
11-07 18:07:38.029 23385 23385 W rm      : type=1400 audit(0.0:5342592): avc: granted { write } for pid=23385 name="05a24897-2575-4c15-65f6a6b1-f72368f9.dmp" dev="sdcardfs" ino=36837 scontext=u:r:shell:s0 tcontext=u:object_r:sdcardfs:s0 tclass=file
11-07 18:07:38.029 23385 23385 W rm      : type=1400 audit(0.0:5342593): avc: granted { write } for pid=23385 name="crashDump" dev="sdcardfs" ino=40605 scontext=u:r:shell:s0 tcontext=u:object_r:sdcardfs:s0 tclass=dir
11-07 18:07:38.033 23385 23385 W rm      : type=1400 audit(0.0:5342594): avc: granted { remove_name } for pid=23385 name="05a24897-2575-4c15-65f6a6b1-f72368f9.dmp" dev="sdcardfs" ino=36837 scontext=u:r:shell:s0 tcontext=u:object_r:sdcardfs:s0 tclass=dir
11-07 18:07:38.041  1364  1757 D HwSelfCureEngine: periodicArpDetection signalLevel = 4, isScreenOn = true , mArpDetectionFailedCnt = 0
11-07 18:07:38.041  1364  1757 I HwWifiProServiceProxy: ctrlHwWifiNetwork pkgName: WIFIPRO_SERVICE interfaceId: 52
11-07 18:07:38.041  1364  1757 I HwWifiProServiceProxy: ctrlHwWifiNetwork pkgName: WIFIPRO_SERVICE interfaceId: 68
11-07 18:07:38.042  1364  1757 D wifiserviceimpl: netmask =16711679
11-07 18:07:38.087   861   893 D SensorHub: SENSOR_TYPE_PROXIMITY data[0] = 5.000000
11-07 18:07:38.088  1364  1757 D HwDualBandManager: pair = Pair{true 12}, Bundle = Bundle[{time=12, arpResult=true}]
11-07 18:07:38.089  1364  1757 I HwWifiProServiceProxy: ctrlHwWifiNetwork pkgName: WIFIPRO_SERVICE interfaceId: 63
11-07 18:07:38.090  2101  2348 D HwWifiCHRStateManager: handleMessage : 1121
11-07 18:07:38.091  2101  2348 E HwCHRWifiRSSIGroupSummery: updatArpSummery mRSSI:-1  HwCHRWifiRSSIGroup [rssi_index=4, rtt_tcp_packets=0, rtt_tcp_duration=0, rtt_lan_duration=752459, rtt_lan_failures=962, rtt_lan_succ=44817, rtt_lan_max=856, rtt_lan_min=0,same_area_frequency=0,adjacent_area_frequency=21]
11-07 18:07:38.186   605 24565 I audio_hw_primary: do_out_standby standby:0,stream_type:0,out_dev:0x2
11-07 18:07:38.200   605 24565 I audio_hw_primary: select_devices++ mode[0]
11-07 18:07:38.201   605 24565 I audio_hw_primary: soundtrigger_standing wakeup path no need to open, standby = 1, mode = 0
11-07 18:07:38.201   605 24565 I audio_hw_primary: input_source_id 0, output_device_id 0
11-07 18:07:38.201   605 24565 I audio_hw_primary: select_devices d:0x2 is:0 or:none ir:none id:0
11-07 18:07:38.201   605 24565 E spk_dev_interface_V2: _dev_power_off is :0x0 
11-07 18:07:38.201   605 24565 I dsp_common: dsp_common_control_algo:set device = 0
11-07 18:07:38.201   605 24565 I audio_hw_primary: soundtrigger_standing wakeup path no need to open, standby = 1, mode = 0
11-07 18:07:38.202   605 24565 I audio_hw_primary: soundtrigger_standing wakeup path no need to open, standby = 1, mode = 0
11-07 18:07:38.209   605 24565 I dsp_common: dsp_common_control_algo:set device = 0
11-07 18:07:38.209   605 24565 E spk_dev_interface_V2: _dev_power_on is :0x0 
11-07 18:07:38.209   605 24565 I audio_hw_primary: select_devices--
11-07 18:07:38.210   605 24565 I falling_pop_elim: pop_device_close succeed, output_type = 0
11-07 18:07:38.210   636   776 D AudioFlinger: releaseWakeLock_l() AudioOut_D mPowerManager(1) mWakeLockToken 0x79f6e0e6b0 
11-07 18:07:38.210   636   776 D AudioFlinger: thread 0x79f8125540 type 0 TID 776 going to sleep
11-07 18:07:38.212  1364  2107 W ProcBatteryStats: timer is not running , not stop, name: audioserver, uid: 1041, tag: AudioMix
11-07 18:07:38.405   861   893 D SensorHub: SENSOR_TYPE_PROXIMITY data[0] = 0.000000
11-07 18:07:38.484   861   893 I chatty  : uid=1000(system) HwBinder:861_1 identical 1 line
11-07 18:07:38.564   861   893 D SensorHub: SENSOR_TYPE_PROXIMITY data[0] = 0.000000
11-07 18:07:38.580   717   717 I aptouch_daemon: check_afe_status, idle out.
11-07 18:07:38.582   717   717 I aptouch_daemon: print_log, touch:1, down:1 (+0)
11-07 18:07:38.638   717   717 I aptouch_daemon: print_log, touch:0, down:0 
11-07 18:07:38.643   861   893 D SensorHub: SENSOR_TYPE_PROXIMITY data[0] = 0.000000
11-07 18:07:38.722   861   893 D SensorHub: SENSOR_TYPE_PROXIMITY data[0] = 0.000000
11-07 18:07:38.738 23052 23052 I HwViewRootImpl: removeInvalidNode all the node in jank list is out of time
11-07 18:07:38.749 23052 23052 V AudioManager: querySoundEffectsEnabled...
11-07 18:07:38.751 23052 23052 E FFMPEG  : prepaer
11-07 18:07:38.794   884  1005 W ScreemCommon: processEntry, not beta version or commercial log off
11-07 18:07:38.803   861   893 D SensorHub: SENSOR_TYPE_PROXIMITY data[0] = 0.000000
11-07 18:07:39.000   884  3249 E LOGSERVER_UTILS: [ERecovery]ReadEvent: ERecoveryEventManager ReadEvent 0
11-07 18:07:39.041   861   861 D SensorHub: SENSOR_TYPE_PROXIMITY data[0] = 0.000000
11-07 18:07:39.119   861   861 I chatty  : uid=1000(system) sensors@1.0-ser identical 1 line
11-07 18:07:39.199   861   861 D SensorHub: SENSOR_TYPE_PROXIMITY data[0] = 0.000000
11-07 18:07:39.221   717   717 I aptouch_daemon: copy_frame, grid_data is nullptr
11-07 18:07:39.221   717   717 I aptouch_daemon: check_afe_status, idle in. 300
11-07 18:07:39.278   861   861 D SensorHub: SENSOR_TYPE_PROXIMITY data[0] = 0.000000
11-07 18:07:39.458  1364  1658 I TrafficMonitor: update:rxPkts:26,txPkts:1,rxBytes:4467,txBytes:40
11-07 18:07:39.458  1364  1658 I TrafficMonitor: start expired. level:-1
11-07 18:07:39.458  1364  1658 I TrafficMonitor: gettimer:interval=2000
11-07 18:07:39.503  1808  2681 V NFC     : this device does not have NFC support
11-07 18:07:39.507  1364  2107 I HwNetworkPolicy: onTransact, code = 12
11-07 18:07:39.508  1808  2681 I DeviceSettingsManager: getStateTypePolicyActiveStatus() raw policyName: settings_policy_forbidden_network_share
11-07 18:07:39.511  1364  2107 I WifiService: getWifiApConfiguration uid=10024
11-07 18:07:39.511  1364  2107 D WifiService: getWifiApConfiguration, uid=10024
11-07 18:07:39.516  1808  2681 I DeviceSettingsManager: getStateTypePolicyActiveStatus() raw policyName: settings_policy_forbidden_network_share
11-07 18:07:39.517   861   861 D SensorHub: SENSOR_TYPE_PROXIMITY data[0] = 5.000000
11-07 18:07:39.518  1364  2107 I WifiService: getWifiApConfiguration uid=10024
11-07 18:07:39.518  1364  2107 D WifiService: getWifiApConfiguration, uid=10024
11-07 18:07:39.526  1364 22928 W AwareLog: AwareMem_Reclaim: generateCompressList procsGroups error!
11-07 18:07:39.528  1364 22928 W AwareLog: AwareMem_Reclaim: getPssForPid error skip! procName=com.huawei.hwid.persistent
11-07 18:07:39.529  1364 22928 W AwareLog: AwareMem_Reclaim: getPssForPid error skip! procName=com.huawei.hiai.engineservice
11-07 18:07:39.529  1808  2681 W HwNfcTile: handleUpdateState: mAdapter is null
11-07 18:07:39.529   852   878 I         : HibSTrategy::HibStrategySwapCandidateProcessAdd packagename com.huawei.health
11-07 18:07:39.536  2195  2783 E HwModemCapability: isCapabilitySupport java.lang.StringIndexOutOfBoundsException: length=7; index=7
11-07 18:07:39.568  2169 26881 I PGServer: getTopFrontApp. calling pkg: android
11-07 18:07:39.580 23052 23375 E FFMPEG  : audio clock 14171.700133
11-07 18:07:39.580 23052 23375 W AudioTrack: restartIfDisabled(292): releaseBuffer() track 0xb7f29400 disabled due to previous underrun, restarting
11-07 18:07:39.581   636   741 I AudioFlinger: start output session(2737) pid(23052) 
11-07 18:07:39.582   636   738 I HuaweiAudioFlinger: karaoke white list size=0
11-07 18:07:39.582   605 24565 I audio_hw_effect: get streamType fail: -2
11-07 18:07:39.582   605 24565 I audio_hw_primary: start stream 3, 8, need change to soc
11-07 18:07:39.582   605 24565 I audio_hw_primary: update stream types 8
11-07 18:07:39.583   636   741 I APM_AudioPolicyManager: startOutput() output 13, stream 3, session 2737, portId 292, phoneState 0, communiCf 0, mediaCf 0
11-07 18:07:39.583   636   741 D APM::AudioOutputDescriptor: IOprofile maxActiveCount == 0 curActiveCount = 0
11-07 18:07:39.583   636   741 D APM::AudioOutputDescriptor: start, profile name: primary out,  curActiveCount: 1
11-07 18:07:39.584   636   741 I APM_AudioPolicyManager: getNewOutputDevices selected devices {type:0x2} connectdeDevices(10003)
11-07 18:07:39.584   636   741 I APM_AudioPolicyManager: setOutputDevices device {type:0x2} delayMs 0 force 0 outputDesc 13
11-07 18:07:39.585   636   738 I stereoWidening_frame: SwsParamsSetFloat volumeDb = -38.000000
11-07 18:07:39.585   636   738 I HuaweiAudioFlinger: karaoke white list size=0
11-07 18:07:39.585   605 24565 I audio_hw_effect: get streamType fail: -2
11-07 18:07:39.585   605 24565 I audio_hw_primary: update stream types 8
11-07 18:07:39.587   636   741 I APM_AudioPolicyManager: setOutputDevices: suppressing checkDeviceMuteStrategies
11-07 18:07:39.587   636   741 I APM_AudioPolicyManager: setOutputDevices setting same device {type:0x2} or null device, force=0, patch handle=255
11-07 18:07:39.587   636   741 I APM::AudioOutputDescriptor: do not setVolume.
11-07 18:07:39.587   636   741 I APM_AudioPolicyManager: checkAndSetVolume volumeSource 6, index 3, device 00000002, volumeDb -38.000000, output 13 
11-07 18:07:39.588   636   738 I stereoWidening_frame: SwsParamsSetFloat volumeDb = -38.000000
11-07 18:07:39.588   636   738 I HuaweiAudioFlinger: karaoke white list size=0
11-07 18:07:39.588   605 24565 I audio_hw_effect: get streamType fail: -2
11-07 18:07:39.588   605 24565 I audio_hw_effect: sws current device is speaker: 2
11-07 18:07:39.588   605 24565 I audio_hw_primary: update stream types 8
11-07 18:07:39.591   636   738 I HuaweiAudioFlinger: karaoke white list size=0
11-07 18:07:39.591   605 24565 I audio_hw_effect: voice enhance volume index value: 3
11-07 18:07:39.592   605 24565 I audio_hw_primary: update stream types 8
11-07 18:07:39.594   636   741 D AudioPolicyManagerCustomImpl: virtual audio log:getDeviceForOutVirtualAudio,after instead  device 2
11-07 18:07:39.596   636   738 I HuaweiAudioFlinger: karaoke white list size=0
11-07 18:07:39.596   861   861 D SensorHub: SENSOR_TYPE_PROXIMITY data[0] = 5.000000
11-07 18:07:39.596   605 24565 I audio_hw_effect: get streamType fail: -2
11-07 18:07:39.596   605 24565 I audio_hw_primary: update stream types 8
11-07 18:07:39.598   636   741 D AudioPolicyManagerCustomImpl: SmartPA_LowVolume=on
11-07 18:07:39.599   636   738 I HuaweiAudioFlinger: karaoke white list size=0
11-07 18:07:39.600   605 24565 I audio_hw_effect: get streamType fail: -2
11-07 18:07:39.600   605 24565 I virtual_btn_hal: audio is run
11-07 18:07:39.601   636   741 I APM_AudioPolicyManager: sendAudioCloseOrOpen changed isAudioOpen=1
11-07 18:07:39.603 23052 23375 E FFMPEG  : audio clock 14171.721467
11-07 18:07:39.603  2169  2347 I PGAudioState: AUDIO_ADD_ACTIVE_TRACK, track id : 313
11-07 18:07:39.603  2169  2347 I PGServer: report state:2 event type:1 pid:23052 uid:10216 pkg:null to pid: 2169
11-07 18:07:39.604  2169  2347 I PGServer: report state:2 event type:1 pid:23052 uid:10216 pkg:null to pid: 1364
11-07 18:07:39.604   636   776 D AudioFlinger: thread 0x79f8125540 type 0 TID 776 waking up
11-07 18:07:39.605   636   776 D AudioFlinger: acquireWakeLock_l() AudioOut_D status 0 mWakeLockToken 0x79f6e0e860
11-07 18:07:39.607 23052 23370 E FFMPEG  : home render
11-07 18:07:39.607  2169  2347 D PGAudioState: audio type:out state:start pid:23052 uid:10216
11-07 18:07:39.609  2169 26881 I PGServer: checkPkgType. calling pkg: android
11-07 18:07:39.609   605 17712 I audio_hw_primary: start_output_stream++:type=0, device=0x2,pcm=NULL, voice_pcm=NULL
11-07 18:07:39.516  1364  2107 I HwNetworkPolicy: onTransact, code = 12
11-07 18:07:39.609  1364  2230 I HwAudioServiceEx: VBR HwAudioService:music app enter -1
11-07 18:07:39.610  1364  2230 V HwAudioServiceEx: no process apptype
11-07 18:07:39.613   605 17712 I audio_hw_primary: select_devices++ mode[0]
11-07 18:07:39.613   605 17712 I audio_hw_primary: soundtrigger_standing wakeup path no need to open, standby = 1, mode = 0
11-07 18:07:39.613   605 17712 I audio_hw_primary: input_source_id 0, output_device_id 0x2
11-07 18:07:39.613   605 17712 I audio_hw_primary: select_devices d:0x2 is:0 or:media-speaker ir:none id:0
11-07 18:07:39.613   605 17712 E spk_dev_interface_V2: _dev_power_off is :0x0 
11-07 18:07:39.613   605 17712 I dsp_common: dsp_common_control_algo:set device = 2
11-07 18:07:39.613   605 17712 D audio_route: Apply path: media-speaker
11-07 18:07:39.613   605 17712 I audio_hw_primary: soundtrigger_standing wakeup path no need to open, standby = 1, mode = 0
11-07 18:07:39.613   605 17712 D audio_route: Apply path: media-speaker
11-07 18:07:39.614   605 17712 I audio_hw_primary: soundtrigger_standing wakeup path no need to open, standby = 1, mode = 0
11-07 18:07:39.617   852  3620 I         : HibStrategy::HibStrategySwapCandidateProcessRemove packagename is com.huawei.health
11-07 18:07:39.617   852  3620 I         : HiberManagerService::sendMessagetoHiberTask successful
11-07 18:07:39.626 23052 23370 E FFMPEG  : home render
11-07 18:07:39.629   605 17712 I dsp_common: dsp_common_control_algo:set device = 2
11-07 18:07:39.629   605 17712 E spk_dev_interface_V2: _dev_power_on is :0x0 
11-07 18:07:39.629   605 17712 I audio_hw_primary: select_devices--
11-07 18:07:39.629   605 17712 I audio_hw_primary: start_output_stream--
11-07 18:07:39.629   605 17712 I falling_pop_elim: pop_device_open succeed, falling num = 384, bytes = 3840, output_type = 0, format = 1
11-07 18:07:39.631 23052 23375 E FFMPEG  : audio clock 14171.742800
11-07 18:07:39.642 23052 23375 E FFMPEG  : audio clock 14171.764133
11-07 18:07:39.649   852   878 I         : HibSTrategy::HibStrategySwapCandidateProcessAdd packagename com.huawei.vassistant
11-07 18:07:39.652   636   776 D AudioFlinger: mixer(0x79f8125540) throttle end: throttle time(8)
11-07 18:07:39.653 23052 23375 E FFMPEG  : audio clock 14171.785467
11-07 18:07:39.673 23052 23375 E FFMPEG  : audio clock 14171.806800
11-07 18:07:39.675   861   861 D SensorHub: SENSOR_TYPE_PROXIMITY data[0] = 5.000000
11-07 18:07:39.679   717   717 I aptouch_daemon: check_afe_status, idle out.
11-07 18:07:39.680   717   717 I aptouch_daemon: print_log, touch:1, down:1 (+0)
11-07 18:07:39.689  2169 26881 I PGServer: getTopFrontApp. calling pkg: android
11-07 18:07:39.694 23052 23375 E FFMPEG  : audio clock 14171.828133
11-07 18:07:39.714 23052 23375 E FFMPEG  : audio clock 14171.849467
11-07 18:07:39.729   717   717 I aptouch_daemon: print_log, touch:0, down:0 
11-07 18:07:39.740 23052 23052 V AudioManager: querySoundEffectsEnabled...
11-07 18:07:39.741 23052 23052 E FFMPEG  : stop play
11-07 18:07:39.742 23052 23052 E FFMPEG  : javacallhelper before
11-07 18:07:39.742 23052 23052 E FFMPEG  : javacallhelper after
11-07 18:07:39.747   852  3620 I         : HiberManagerService::do_reclaim ok, pid=7980, reclaim_mode = hiber_anon
11-07 18:07:39.747   852  3620 I         : getReclaimResult:reclaim_kb=324, swap_kb=324, swap_us=17766
11-07 18:07:39.747   852  3620 I         : HibStrategy::HibStrategySwapCandidateProcessRemove packagename is com.huawei.vassistant
11-07 18:07:39.747   852  3620 I         : HiberManagerService::sendMessagetoHiberTask successful
11-07 18:07:39.754   861   861 D SensorHub: SENSOR_TYPE_PROXIMITY data[0] = 5.000000
11-07 18:07:39.812   605   771 D asd_pop : pop_recognition AudioAudio stream find POP[stream = 3 ; device = 2 ; ratio = 0.598337 ; wavelet_buf_qsum = 1698.124991]
11-07 18:07:39.834   861   861 D SensorHub: SENSOR_TYPE_PROXIMITY data[0] = 0.000000
11-07 18:07:39.913   861   861 I chatty  : uid=1000(system) sensors@1.0-ser identical 1 line
11-07 18:07:39.992   861   861 D SensorHub: SENSOR_TYPE_PROXIMITY data[0] = 0.000000
11-07 18:07:40.040   884  3249 E LOGSERVER_UTILS: [ERecovery]ReadEvent: ERecoveryEventManager ReadEvent 0
11-07 18:07:40.072   861   861 D SensorHub: SENSOR_TYPE_PROXIMITY data[0] = 0.000000
11-07 18:07:40.152   861   861 I chatty  : uid=1000(system) sensors@1.0-ser identical 1 line
11-07 18:07:40.231   861   861 D SensorHub: SENSOR_TYPE_PROXIMITY data[0] = 0.000000
11-07 18:07:40.278   636   776 I AudioFlinger: BUFFER TIMEOUT: remove(313) from active list on thread 0x79f8125540
11-07 18:07:40.278   636   776 I AudioFlinger: stop output session(2737) pid(23052) 
11-07 18:07:40.279  1364  2230 D BatteryStatsService: begin noteStopAudio
11-07 18:07:40.280   636   738 I HuaweiAudioFlinger: karaoke white list size=0
11-07 18:07:40.282   605 24565 I audio_hw_effect: get streamType fail: -2
11-07 18:07:40.282   605 24565 I audio_hw_primary: update stream types 0
11-07 18:07:40.282  2169  2347 I PGAudioState: AUDIO_REMOVE_ACTIVE_TRACK, trackId : 313
11-07 18:07:40.282  2169  2347 I PGServer: report state:2 event type:2 pid:23052 uid:10216 pkg:null to pid: 2169
11-07 18:07:40.282  2169  2347 I PGServer: report state:2 event type:2 pid:23052 uid:10216 pkg:null to pid: 1364
11-07 18:07:40.282  2169  2347 D PGAudioState: audio type:out state:stop pid:23052 uid:10216
11-07 18:07:40.283  1364  2230 D BatteryStatsService: end noteStopAudio
11-07 18:07:40.284   636   739 I APM_AudioPolicyManager: stopOutput() output 13, stream 3, session 2737, portId 292
11-07 18:07:40.284   636   739 I APM_AudioPolicyManager: getNewOutputDevices selected devices AUDIO_DEVICE_NONE connectdeDevices(10003)
11-07 18:07:40.284   636   739 I APM_AudioPolicyManager: setOutputDevices device AUDIO_DEVICE_NONE delayMs 80 force 0 outputDesc 13
11-07 18:07:40.285   636   739 D AudioPolicyManagerCustomImpl: virtual audio log:getDeviceForOutVirtualAudio,after instead  device 2
11-07 18:07:40.285   636   739 I APM_AudioPolicyManager: setOutputDevices setting same device AUDIO_DEVICE_NONE or null device, force=0, patch handle=255
11-07 18:07:40.285   636   739 D AudioPolicyManagerCustomImpl: virtual audio log:getDeviceForOutVirtualAudio,after instead  device 2
11-07 18:07:40.286   636   739 I APM_AudioPolicyManager: getNewOutputDevices selected devices AUDIO_DEVICE_NONE connectdeDevices(10003)
11-07 18:07:40.286   636   739 D APM::AudioOutputDescriptor: stop, profile name: primary out,  curActiveCount: 0
11-07 18:07:40.286  2169 26881 I PGServer: checkPkgType. calling pkg: android
11-07 18:07:40.288   636   738 I HuaweiAudioFlinger: karaoke white list size=0
11-07 18:07:40.289  1364  1428 I HwAudioServiceEx: VBR HwAudioService:music app exit -1
11-07 18:07:40.289  1364  1428 V HwAudioServiceEx: no process apptype
11-07 18:07:40.290   605 17846 I audio_hw_effect: get streamType fail: -2
11-07 18:07:40.290   605 17846 I virtual_btn_hal: audio is off
11-07 18:07:40.290  2169  2347 I DeviceMonitor: last release audio mix uid:10216 pid:-2
11-07 18:07:40.291   636   739 I APM_AudioPolicyManager: sendAudioCloseOrOpen changed isAudioOpen=0
11-07 18:07:40.310 23052 23375 D         : PlayerBase::stop() from IPlayer
11-07 18:07:40.311   861   861 D SensorHub: SENSOR_TYPE_PROXIMITY data[0] = 0.000000
11-07 18:07:40.311   717   717 I aptouch_daemon: copy_frame, grid_data is nullptr
11-07 18:07:40.311   717   717 I aptouch_daemon: check_afe_status, idle in. 300
11-07 18:07:40.311 23052 23375 D AudioTrack: stop(292): called with 71485 frames delivered
11-07 18:07:40.312  1364  1364 D AudioManager: dispatching onPlaybackConfigChanged()
11-07 18:07:40.313  1364  1364 D MediaSessionStack: updateMediaButtonSessionIfNeeded, callers=com.android.server.media.MediaSessionService.lambda$onStart$0$MediaSessionService:203 com.android.server.media.-$$Lambda$MediaSessionService$za_9dlUSlnaiZw6eCdPVEZq0XLw.onAudioPlayerActiveStateChanged:2 
11-07 18:07:40.313  4554  6624 D AudioManager: dispatching onPlaybackConfigChanged()
11-07 18:07:40.318  2169  2347 I PGAudioState: AUDIO_RELEASE_TRACK, 313
11-07 18:07:40.318  2169  2347 D PGAudioState: remove from mTrackMap, 313
11-07 18:07:40.323  1364  1364 D AudioManager: dispatching onPlaybackConfigChanged()
11-07 18:07:40.323   636   776 I AudioMixer: Pid:636 deleteTrackName(313)
11-07 18:07:40.324  4554  6624 D AudioManager: dispatching onPlaybackConfigChanged()
11-07 18:07:40.390   861   861 D SensorHub: SENSOR_TYPE_PROXIMITY data[0] = 0.000000
11-07 18:07:40.469   861   861 I chatty  : uid=1000(system) sensors@1.0-ser identical 1 line
11-07 18:07:40.549   861   861 D SensorHub: SENSOR_TYPE_PROXIMITY data[0] = 0.000000
11-07 18:07:40.574   634   634 E WifiHAL : enter wifi_get_link_stats
11-07 18:07:40.581  1364  1659 E WificondControl: Noise: 0, Snr: 0, Chload: -1
11-07 18:07:40.584  1364  1659 V HwWifiServiceFactory: get AllImpl object = com.android.server.wifi.HwWifiServiceFactoryImpl@91d5c64
11-07 18:07:40.591  1364  1659 D TelephonyManager: getAllCellInfo calling app is android
11-07 18:07:40.592  2195  2756 W PhoneInterfaceManager: shouldBlockLocation running ...
11-07 18:07:40.592  2195  2756 I PhoneInterfaceManager: shouldBlockLocation  ret:false
11-07 18:07:40.629   861   861 D SensorHub: SENSOR_TYPE_PROXIMITY data[0] = 0.000000
11-07 18:07:40.707   861   861 D SensorHub: SENSOR_TYPE_PROXIMITY data[0] = 0.000000
11-07 18:07:41.080   884  3249 E LOGSERVER_UTILS: [ERecovery]ReadEvent: ERecoveryEventManager ReadEvent 0
11-07 18:07:41.253  1364  1659 E WificondControl: Noise: 0, Snr: 0, Chload: -1
11-07 18:07:41.259  1364  1752 D HuaweiWifiWatchdogStateMachine: nothing to do
11-07 18:07:41.259  1364  1658 D WiFi_PRO: MSG_RETURN_AP_CURRY_RSSI rssi = -65
11-07 18:07:41.259  1364  1658 I QosMonitor: queryRtt: rttType = 3
11-07 18:07:41.259  1364  1658 I HwWifiProServiceProxy: ctrlHwWifiNetwork pkgName: WIFIPRO_SERVICE interfaceId: 8
11-07 18:07:41.259  1364  1752 D HuaweiWifiWatchdogStateMachine: high data flow: protection_counter = 0,  not_detect_counter = 13
11-07 18:07:41.260  1364  1752 D HuaweiWifiWatchdogStateMachine: high data flow scenario: 0 --> 0 rx bytes =1711KB
11-07 18:07:41.260  1364  1752 I HuaweiWifiWatchdogStateMachine: POta txb txg rxg:0, 248, 0. Lr =0% Totpkt=248
11-07 18:07:41.260  1364 23390 I HwUidTcpMonitor: TcpStatisticsRun run
11-07 18:07:41.261  1364  1658 I QosMonitor: postEventFromNative: msg=100,arg1=4,arg2=10
11-07 18:07:41.261  1364  1658 I HwWifiProServiceProxy: ctrlHwWifiNetwork pkgName: WIFIPRO_SERVICE interfaceId: 8
11-07 18:07:41.261  1364  1658 I QosMonitor: postEventFromNative: msg=100,arg1=0,arg2=10
11-07 18:07:41.261  1364  1658 D HuaweiWifiWatchdogStateMachine: nothing to do
11-07 18:07:41.261  1364  1658 I MQoS    : rtt=428,tcpTxPkts=3170844,tcpRxPkts=4330754
11-07 18:07:41.262  1364  1658 I QosMonitor: resetRtt: rttType = 3
11-07 18:07:41.262  1364 23390 I HwWifiProServiceProxy: ctrlHwWifiNetwork pkgName: WIFIPRO_SERVICE interfaceId: 79
11-07 18:07:41.262  1364  9200 D HwConnectivityServiceEx: set cache by key is 1000 interfaceName iswlan0 value is false
11-07 18:07:41.262  1364  1658 I HwWifiProServiceProxy: ctrlHwWifiNetwork pkgName: WIFIPRO_SERVICE interfaceId: 8
11-07 18:07:41.262  1364  1752 I HuaweiWifiWatchdogStateMachine: PTcp RTT:428, rtt pkt=5, tcp_rx=234, tcp_tx=238, tcp_reTran=0, rtRate=0
11-07 18:07:41.262  1364  1752 D HuaweiWifiWatchdogStateMachine: rssi bad, mrssi=-65 < TargetRssi=-65
11-07 18:07:41.263  1364 23391 I HwWifiProServiceProxy: TcpStatisticsRun run
11-07 18:07:41.263  1364  1755 I HwWifiProServiceProxy: ctrlHwWifiNetwork pkgName: WIFIPRO_SERVICE interfaceId: 9
11-07 18:07:41.264  1364 23391 D HwWifiConnectivityMonitor: ENTER: notifyTopUidTcpInfo, tx = 222, rx = 222, reTx = 0, uid = 10216, tr = 0.0
11-07 18:07:41.264  1364 23391 D HwWifiConnectivityMonitor: ENTER: notifyTopUidTcpInfo, rtt = 0, rttPkts = 0, aveRtt = 0.0, app = com.example.androidmkdemo
11-07 18:07:41.264  1364 23391 D HwUidTcpMonitor: parseWlanUidTcpStatistics lastUidTcpStatInfo = [ mUid = 10216 mPacketName = com.example.androidmkdemo mSendSegs = 1158 mResendSegs = 1 mRcvSegs = 1201 ]
11-07 18:07:41.264  1364 23391 D HwUidTcpMonitor: parseWlanUidTcpStatistics lastUidTcpStatInfo = [ mUid = 1051 mPacketName = com.example.androidmkdemo mSendSegs = 8 mResendSegs = 0 mRcvSegs = 0 ]
11-07 18:07:41.264  1364  1749 D HwWifiConnectivityMonitor: handleTopUidInternetStatusChanged, uid = 10216, status = 0
11-07 18:07:41.265  1364  1755 D HwDualBandManager: MonitorState m24GRssi = -65 , sceneLimited = false
11-07 18:07:41.269  1364  9200 I MQoS    : QOS_level:0(0),wifi-link;SIM error;use level-0
11-07 18:07:41.462  1364  1658 I TrafficMonitor: update:rxPkts:59,txPkts:49,rxBytes:63315,txBytes:1960
11-07 18:07:41.462  1364  1658 I TrafficMonitor: no expired. level:3
11-07 18:07:41.462  1364  1658 I TrafficMonitor: gettimer:interval=2000
11-07 18:07:41.462  1364  1658 I TrafficMonitor: during_ms:2003,period_ms:2000
11-07 18:07:41.462  1364  1658 I TrafficMonitor: count:98,rx_sum:59,tx_sum:49,rxBytes:63315,during_ms:2003,rx_speed:31610.08487269096,tx_speed:978.5322016974537,rto:1.2040816326530612
11-07 18:07:41.582   861   861 D SensorHub: SENSOR_TYPE_PROXIMITY data[0] = 5.000000
11-07 18:07:41.978   861   861 I chatty  : uid=1000(system) sensors@1.0-ser identical 5 lines
11-07 18:07:42.058   861   861 D SensorHub: SENSOR_TYPE_PROXIMITY data[0] = 5.000000
11-07 18:07:42.120   884  3249 E LOGSERVER_UTILS: [ERecovery]ReadEvent: ERecoveryEventManager ReadEvent 0
11-07 18:07:42.137   861   861 D SensorHub: SENSOR_TYPE_PROXIMITY data[0] = 5.000000
11-07 18:07:42.374   861   861 I chatty  : uid=1000(system) sensors@1.0-ser identical 3 lines
11-07 18:07:42.455   861   861 D SensorHub: SENSOR_TYPE_PROXIMITY data[0] = 5.000000
11-07 18:07:42.600   569 32655 I netd    : trafficSwapActiveStatsMap() <18.73ms>
11-07 18:07:42.607  2169  1914 E AppInfoMgr: not find pkgs by uid: 0
11-07 18:07:42.613  2169  1914 I DownloadState: singleUid: 10216 [com.example.androidmkdemo] speed: 10680 real speed: 10576 (rxB:51840 txB:1560 rxP:38 txP:39) scroff: false
11-07 18:07:42.624  2169  1914 I DownloadState: shareUid: 0 default_socket transmitting data speed : 288 bytes/s (rxB:1440 txB:0 rxP:2 txP:0 iface:1) scroff: false
11-07 18:07:42.624  2169  1914 I DownloadState: shareUid: 0 /system/bin/init transmitting data speed : 72 bytes/s (rxB:0 txB:360 rxP:0 txP:9 iface:1) scroff: false
11-07 18:07:42.624  2169  1914 I DownloadState: shareUid: 0 default_sk transmitting data speed : 2240 bytes/s (rxB:11200 txB:0 rxP:8 txP:0 iface:1) scroff: false
11-07 18:07:42.624  2169  1914 I DownloadState: shareUid: 1000 com.huawei.systemmanager transmitting data speed : 38 bytes/s (rxB:111 txB:80 rxP:2 txP:2 iface:1) scroff: false
11-07 18:07:42.684   842   842 E Thermal-daemon: [shell_frame] temp_new :32  temp_old :31
11-07 18:07:42.685  2169 26881 I ThermalTrace_ThermalRaise: Shell:-100,31,32,currentBatteryTemp:32
11-07 18:07:42.686   842   842 E Thermal-daemon: Report temperature: [shell_frame] temp :32  report_threshold:1
11-07 18:07:42.686   842   842 E Thermal-daemon: [charger_ic] temp_new :34  temp_old :33
11-07 18:07:42.688   842   842 E Thermal-daemon: Report temperature: [charger_ic] temp :34  report_threshold:1
11-07 18:07:42.689   842   842 E Thermal-daemon: [ap] temp_new :35  temp_old :36
11-07 18:07:42.690   842   842 E Thermal-daemon: Report temperature: [ap] temp :35  report_threshold:1
11-07 18:07:42.803   605 17846 I audio_hw_primary: do_out_standby standby:0,stream_type:0,out_dev:0x2
11-07 18:07:42.816   605 17846 I audio_hw_primary: select_devices++ mode[0]
11-07 18:07:42.817   605 17846 I audio_hw_primary: soundtrigger_standing wakeup path no need to open, standby = 1, mode = 0
11-07 18:07:42.817   605 17846 I audio_hw_primary: input_source_id 0, output_device_id 0
11-07 18:07:42.817   605 17846 I audio_hw_primary: select_devices d:0x2 is:0 or:none ir:none id:0
11-07 18:07:42.817   605 17846 E spk_dev_interface_V2: _dev_power_off is :0x0 
11-07 18:07:42.817   605 17846 I dsp_common: dsp_common_control_algo:set device = 0
11-07 18:07:42.817   605 17846 I audio_hw_primary: soundtrigger_standing wakeup path no need to open, standby = 1, mode = 0
11-07 18:07:42.817   605 17846 I audio_hw_primary: soundtrigger_standing wakeup path no need to open, standby = 1, mode = 0
11-07 18:07:42.824   605 17846 I dsp_common: dsp_common_control_algo:set device = 0
11-07 18:07:42.824   605 17846 E spk_dev_interface_V2: _dev_power_on is :0x0 
11-07 18:07:42.824   605 17846 I audio_hw_primary: select_devices--
11-07 18:07:42.825   605 17846 I falling_pop_elim: pop_device_close succeed, output_type = 0
11-07 18:07:42.825   636   776 D AudioFlinger: releaseWakeLock_l() AudioOut_D mPowerManager(1) mWakeLockToken 0x79f6e0e860 
11-07 18:07:42.825   636   776 D AudioFlinger: thread 0x79f8125540 type 0 TID 776 going to sleep
11-07 18:07:43.160   884  3249 E LOGSERVER_UTILS: [ERecovery]ReadEvent: ERecoveryEventManager ReadEvent 0
11-07 18:07:43.267  1364  1611 W AlarmManager: WAKEUP alarm talarm.operation == null,package name is: android listenerTag is: WriteBufferAlarm creator uid is: 1000
11-07 18:07:43.268  1364  1659 D WifiConfigStore: Writing to stores started
11-07 18:07:43.268  1364  1659 W AlarmManager: Unrecognized alarm listener com.android.server.wifi.WifiConfigStore$2@b9b96cc
11-07 18:07:43.280  1364  1659 D WifiConfigStore: Writing to stores completed in 12 ms.
11-07 18:07:43.294   717   717 I aptouch_daemon: check_afe_status, idle out.
11-07 18:07:43.310   717   717 I aptouch_daemon: print_log, touch:1, down:1 (+0)
11-07 18:07:43.343   717   717 I aptouch_daemon: print_log, touch:0, down:0 
11-07 18:07:43.348 23052 23052 V AudioManager: querySoundEffectsEnabled...
11-07 18:07:43.349 23052 23052 E FFMPEG  : stop play
--------- beginning of crash
11-07 18:07:43.351 23052 23392 F libc    : invalid pthread_t 0xb7bfb230 passed to pthread_join
11-07 18:07:43.351 23052 23392 D dodoodla_crrrrrash: ==========init handlers_installed==========
11-07 18:07:43.380 23052 23052 I HwViewRootImpl: removeInvalidNode all the node in jank list is out of time
11-07 18:07:43.413 23393 23393 W e.androidmkdemo: type=1400 audit(0.0:5342596): avc: granted { write } for pid=23393 name="crashDump" dev="sdcardfs" ino=40605 scontext=u:r:untrusted_app:s0:c216,c256,c512,c768 tcontext=u:object_r:sdcardfs:s0 tclass=dir
11-07 18:07:43.413 23393 23393 W e.androidmkdemo: type=1400 audit(0.0:5342597): avc: granted { add_name } for pid=23393 name="d521bd3c-3958-4f39-416ffd97-e9ac20a8.dmp" scontext=u:r:untrusted_app:s0:c216,c256,c512,c768 tcontext=u:object_r:sdcardfs:s0 tclass=dir
11-07 18:07:43.466  1364  1658 I TrafficMonitor: update:rxPkts:11,txPkts:0,rxBytes:2542,txBytes:0
11-07 18:07:43.466  1364  1658 I TrafficMonitor: start expired. level:-1
11-07 18:07:43.466  1364  1658 I TrafficMonitor: gettimer:interval=2000
11-07 18:07:43.487   861   861 D SensorHub: SENSOR_TYPE_PROXIMITY data[0] = 0.000000
11-07 18:07:43.565   861   861 D SensorHub: SENSOR_TYPE_PROXIMITY data[0] = 0.000000
11-07 18:07:43.597   634   634 E WifiHAL : enter wifi_get_link_stats
11-07 18:07:43.608  1364  1659 E WificondControl: Noise: 0, Snr: 0, Chload: -1
11-07 18:07:43.611  1364  1667 D ConnectivityService: notifyType CALLBACK_CAP_CHANGED for NetworkAgentInfo [WIFI () - 667]
11-07 18:07:43.613  1364  1659 V HwWifiServiceFactory: get AllImpl object = com.android.server.wifi.HwWifiServiceFactoryImpl@91d5c64
11-07 18:07:43.613  1364  1479 D HwConnectivityServiceEx: set cache by key is 1000 interfaceName iswlan0 value is false
11-07 18:07:43.616  1364  1658 I QosMonitor: queryRtt: rttType = 3
11-07 18:07:43.616  1364  1751 I HwWifiProServiceProxy: ctrlHwWifiNetwork pkgName: WIFIPRO_SERVICE interfaceId: 9
11-07 18:07:43.616  2041  2776 D SmartMpControl: onCapabilitiesChanged network 667 networkCapabilities [ Transports: WIFI Capabilities: NOT_METERED&INTERNET&NOT_RESTRICTED&TRUSTED&NOT_VPN&VALIDATED&NOT_ROAMING&FOREGROUND&NOT_CONGESTED&NOT_SUSPENDED LinkUpBandwidth>=1048576Kbps LinkDnBandwidth>=1048576Kbps SignalStrength: -67 SSID: *****]
11-07 18:07:43.616  1364  1658 I HwWifiProServiceProxy: ctrlHwWifiNetwork pkgName: WIFIPRO_SERVICE interfaceId: 8
11-07 18:07:43.618  1364  1658 I QosMonitor: postEventFromNative: msg=100,arg1=4,arg2=10
11-07 18:07:43.618  1364  1658 I QosMonitor: resetRtt: rttType = 3
11-07 18:07:43.618  1364  1658 I HwWifiProServiceProxy: ctrlHwWifiNetwork pkgName: WIFIPRO_SERVICE interfaceId: 8
11-07 18:07:43.618  1364  1428 D HwConnectivityServiceEx: set cache by key is 10022 interfaceName iswlan0 value is false
11-07 18:07:43.618  1364  1678 D HwConnectivityServiceEx: set cache by key is 10183 interfaceName iswlan0 value is true
11-07 18:07:43.619  1364  1749 D HwWifiConnectivityMonitor: signal level changed: 4 --> 3, 802.11v = false
11-07 18:07:43.619  1364  1678 D ConnectivityService: ActiveNetwork is blocked, uid = 10183, ignoreBlocked = false
11-07 18:07:43.619  1364  1678 D HwConnectivityServiceEx: set cache by key is 10141 interfaceName iswlan0 value is true
11-07 18:07:43.619  1364  1678 D ConnectivityService: ActiveNetwork is blocked, uid = 10141, ignoreBlocked = false
11-07 18:07:43.622  1364  1678 D HwConnectivityServiceEx: set cache by key is 10028 interfaceName iswlan0 value is false
11-07 18:07:43.622  1364  1678 D ConnectivityService: get Network state from cache, cacheBlock is 0
11-07 18:07:43.622  1364  1678 I chatty  : uid=1000(system) ConnectivityThr identical 1 line
11-07 18:07:43.622  1364  1678 D ConnectivityService: get Network state from cache, cacheBlock is 0
11-07 18:07:43.622  1364  1678 D HwConnectivityServiceEx: set cache by key is 1001 interfaceName iswlan0 value is false
11-07 18:07:43.622  1364  1678 D ConnectivityService: get Network state from cache, cacheBlock is 0
11-07 18:07:43.622  1364  1678 I chatty  : uid=1000(system) ConnectivityThr identical 5 lines
11-07 18:07:43.622  1364  1678 D ConnectivityService: get Network state from cache, cacheBlock is 0
11-07 18:07:43.623  1364  2107 D ConnectivityService: get Network state from cache, cacheBlock is 0
11-07 18:07:43.624  2041  2778 D Hicom_SysEnvMonitor: onWifiRssiChanged. mWiFiSignalLevel: 2 new Rssi: -67
11-07 18:07:43.624  1364  1659 D TelephonyManager: getAllCellInfo calling app is android
11-07 18:07:43.624  2041  2778 D Hicom_PolicyCenterService: policencenterservice receive handleMessage: 100
11-07 18:07:43.624  2195  2783 W PhoneInterfaceManager: shouldBlockLocation running ...
11-07 18:07:43.624  2195  2783 I PhoneInterfaceManager: shouldBlockLocation  ret:false
11-07 18:07:43.625  1364  2739 D ConnectivityService: get Network state from cache, cacheBlock is 0
11-07 18:07:43.630  2101  2348 D HwWifiStatStore: updateLinkSpeed linkSpeed =65 mLastSpdLev =2 index =2
11-07 18:07:43.630  2101  2348 D HwWifiCHRStateManager: handleUpdateChannel:2462
11-07 18:07:43.630  1364  2739 E WifiService: enforceCanAccessScanResults: hiding ssid and bssidUID 10022 has no location permission
11-07 18:07:43.632  1364  2739 D ConnectivityService: get Network state from cache, cacheBlock is 0
11-07 18:07:43.633  1364  1428 D ConnectivityService: get Network state from cache, cacheBlock is 0
11-07 18:07:43.634  1364  1428 E WifiService: enforceCanAccessScanResults: hiding ssid and bssidUID 10022 has no location permission
11-07 18:07:43.637  1364  2739 E WifiService: enforceCanAccessScanResults: hiding ssid and bssidUID 10022 has no location permission
11-07 18:07:43.678 23052 23392 D dodoodla_crash: ===============crrrrash================
11-07 18:07:43.678 23052 23392 D dodoodla_crash: Dump path: /storage/emulated/0/Android/data/com.example.androidmkdemo/cache/crashDump/d521bd3c-3958-4f39-416ffd97-e9ac20a8.dmp
11-07 18:07:43.720  1364  1625 W InputDispatcher: channel 'ff1b0bf com.example.androidmkdemo/com.example.androidmkdemo.MainActivity (server)' ~ Consumer closed input channel or an error occurred.  events=0x9
11-07 18:07:43.720  1364  1625 E InputDispatcher: channel 'ff1b0bf com.example.androidmkdemo/com.example.androidmkdemo.MainActivity (server)' ~ Channel is unrecoverably broken and will be disposed!
11-07 18:07:43.636  1364  1428 D ConnectivityService: get Network state from cache, cacheBlock is 0
11-07 18:07:43.720  1364  1625 I WindowManager: WINDOW DIED Window{ff1b0bf u0 com.example.androidmkdemo/com.example.androidmkdemo.MainActivity}
11-07 18:07:43.721  1364  1625 V WindowManager: removeIfPossible: Window{ff1b0bf u0 com.example.androidmkdemo/com.example.androidmkdemo.MainActivity} callers=com.android.server.wm.WindowState.removeIfPossible:2260 com.android.server.wm.InputManagerCallback.notifyInputChannelBroken:60 com.android.server.input.InputManagerService.notifyInputChannelBroken:1881 <bottom of call stack> <bottom of call stack> 
11-07 18:07:43.721  1364  1625 W InputDispatcher: Attempted to unregister already unregistered input channel 'ff1b0bf com.example.androidmkdemo/com.example.androidmkdemo.MainActivity (server)'
11-07 18:07:43.723  1364  1625 V WindowManager: postWindowRemoveCleanupLocked: Window{ff1b0bf u0 com.example.androidmkdemo/com.example.androidmkdemo.MainActivity}
11-07 18:07:43.723  1364  1625 V WindowManager: Removing Window{ff1b0bf u0 com.example.androidmkdemo/com.example.androidmkdemo.MainActivity} from AppWindowToken{9f930ab token=Token{107d2fa ActivityRecord{5987584 u0 com.example.androidmkdemo/.MainActivity t1019}}}
11-07 18:07:43.724   884  1005 W ScreemCommon: processEntry, not beta version or commercial log off
11-07 18:07:43.725   861   861 D SensorHub: SENSOR_TYPE_PROXIMITY data[0] = 5.000000
11-07 18:07:43.727   571   571 I Zygote  : Process 23052 exited due to signal 6 (Aborted)
11-07 18:07:43.728  1364  1625 D ZrHung.AppEyeFocusWindow: FocusWindowErrorScene CheckFreezeScreen
11-07 18:07:43.728  1364  2112 I ActivityManager: Process com.example.androidmkdemo (pid 23052) has died: fore TOP 
11-07 18:07:43.729  1364  2112 D ActivityManager: cleanUpApplicationRecord app: ProcessRecord{22798f1 23052:com.example.androidmkdemo/u0a216}, app.bad: false, restarting: false, allowRestart: true
11-07 18:07:43.729  1364  1490 I HwPowerManagerService: appdie release wakelock, pid = 23052, uid = 10216
11-07 18:07:43.729  1364  1497 I libprocessgroup: Successfully killed process cgroup uid 10216 pid 23052 in 0ms
11-07 18:07:43.731  2041 16134 E HsmCoreServiceImpl: onTransact in code is: 102
11-07 18:07:43.731  2041 16134 I MediaProcessHandler: processOp opType: 1, uid: 10216, pid: 23052
11-07 18:07:43.731  2041 16134 W MediaProcessHandler: remove target not exist, maybe the UI process: uid: 10216, pid: 23052
11-07 18:07:43.731  2041 16134 I MediaProcessHandler: executedCallBack opType: 1 mMediaStatusObservers.size=0
11-07 18:07:43.732  2041  2778 D HicomMonitor: notifyAppDied: uid = 10216
11-07 18:07:43.732  1364  2112 W ActivityTaskManager: Force removing ActivityRecord{5987584 u0 com.example.androidmkdemo/.MainActivity t1019}: app died, no saved state
11-07 18:07:43.733  1364  2112 W WindowManager: Failed to take screenshot. No visible windows for {taskId=1019 appTokens=[AppWindowToken{9f930ab token=Token{107d2fa ActivityRecord{5987584 u0 com.example.androidmkdemo/.MainActivity t1019}}}] mdr=false}
11-07 18:07:43.733  1364  2112 V WindowManager: removeAppToken: AppWindowToken{9f930ab token=Token{107d2fa ActivityRecord{5987584 u0 com.example.androidmkdemo/.MainActivity t1019}}} delayed=false Callers=com.android.server.wm.DisplayContent.removeAppToken:1204 com.android.server.wm.ActivityRecord.removeWindowContainer:1298 com.android.server.wm.ActivityStack.removeActivityFromHistoryLocked:4927 com.android.server.wm.ActivityStack.removeHistoryRecordsForAppLocked:5346 
11-07 18:07:43.733   820 21870 D iTouchService: itouch currentPackageName = com.example.androidmkdemo
11-07 18:07:43.733   820 21870 D iTouchService: itouch appType=-1 appState=0 gameMode=1
11-07 18:07:43.734   820 21870 D iTouchService: g_itouch_reader_monitor empty
11-07 18:07:43.734   820 21870 D iTouchService: g_itouch_reader_monitor Monitor::isReaderMonitorEnable()=0
11-07 18:07:43.734   820 21870 D iTouchService: itouch getCurrentParmID tempPkg=com.example.xxx
11-07 18:07:43.734   820 21870 D iTouchService: itouch:app com.example.androidmkdemo is  not game app
11-07 18:07:43.734   820 21870 D iTouchService: itouch:app com.example.androidmkdemo is  not in StylusPenList
11-07 18:07:43.734   820 21870 D iTouchService: itouch:styluspen_switch is disable
11-07 18:07:43.734   820 21870 D iTouchService: itouch:currentAppTypeName =|UNKNOWN|
11-07 18:07:43.734  2041  2778 I AppStatisticProc: handleAppDied: pkgName = com.example.androidmkdemo is not apk supported in Smartcare
11-07 18:07:43.734  2041  2778 D Hicom_SysEnvMonitor: onAppDied, uid:10216
11-07 18:07:43.734  2041  2778 D Hicom_PolicyCenterService: policencenterservice receive handleMessage: 68
11-07 18:07:43.734  2041  2778 D Hicom_AppLifeCycleManager: sAppAllSocketClosed rm uid: 10216
11-07 18:07:43.734  2041  2778 D Hicom_SingleTaskDecisionSystem: AllAppPolicyEmpty(), disable MobileData...
11-07 18:07:43.734  2041  2778 D Hicom_MobileDataControl: setMobileData Mobile switch closing,mEnableSourceMask:0
11-07 18:07:43.734  2041  2778 D Hicom_MobileDataControl: stopMobileDataNetwork
11-07 18:07:43.734  2041  2778 D Hicom_MobileDataControl: has already stopMobileDataNetwork
11-07 18:07:43.734  1364  2112 V ActivityTaskManager: positionChild stackId=0 to top.
11-07 18:07:43.734  2041  2778 I Hicom_MpFlowDecisionSystem: stopMpFlow: pkgName:  is not a stared mp-flow app. 
11-07 18:07:43.734  2041 23504 I BoosterSwitchP: notifyUidState do nothing
11-07 18:07:43.734  2041 23504 I DeepNoDisturbP: notifyUidState
11-07 18:07:43.734  2041  2778 E Hicom_PolicyCenterService: remove bind rules with uid = 10216have no policy
11-07 18:07:43.734  2041 23504 I BrowserChrP: notifyUidState
11-07 18:07:43.734  2041  2778 E Hicom_PolicyCenterService: handleAppDied. multipathPolicy
11-07 18:07:43.739  1364  2112 V ActivityTaskManager: removeChild: detaching stackId=706 from displayId=0
11-07 18:07:43.741  1364  2112 W HwActivityTaskManagerServiceEx: setResumedActivityUncheckLocked start call, from: ActivityRecord{5987584 u0 com.example.androidmkdemo/.MainActivity t-1 f}, to: ActivityRecord{7162dad u0 com.huawei.android.launcher/.unihome.UniHomeLauncher t1}
11-07 18:07:43.741  1364  2112 W HwActivityTaskManagerServiceEx: appSwitch from: com.example.androidmkdemo to: com.huawei.android.launcher
11-07 18:07:43.742  1364  2112 V WindowManager: notifyAppResumed: wasStopped=true AppWindowToken{794f7a9 token=Token{b67f30 ActivityRecord{7162dad u0 com.huawei.android.launcher/.unihome.UniHomeLauncher t1}}}
11-07 18:07:43.743  1364  1491 D HwGameAssistantController: UPDATE: mCurFgPkg=com.huawei.android.launcher, mCurFgPid=13301, mCurIsGame=false
11-07 18:07:43.743  2041 23504 D AssistantService-1011301: registerHwActivityNotifier call fromPackage:com.example.androidmkdemo, toPackage:com.huawei.android.launcher
11-07 18:07:43.743  2041 10431 D AssistantService-1011301: handleMessage app switch fromPackage:com.example.androidmkdemo, toPackage:com.huawei.android.launcher
11-07 18:07:43.744  2041 10431 D AssistantService-1011301: package:com.example.androidmkdemo inAppAssistant:false
11-07 18:07:43.744  2041 10431 D AssistantService-1011301: package:com.huawei.android.launcher inAppAssistant:false
11-07 18:07:43.745  2169  2347 D ScenarioService: front pkg : com.huawei.android.launcher launcher: true
11-07 18:07:43.745  2169  2347 I AppManager: handleAppFrontEvent: com.huawei.android.launcher
11-07 18:07:43.746  2169  2347 I AppsUsage: scnOff:false FgAPP:com.huawei.android.launcher BgAPP:com.example.androidmkdemo
11-07 18:07:43.747  2169  2764 I PG_ash  : front pkg : com.huawei.android.launcher launcher: true
11-07 18:07:43.747  2169  2764 I PG_ash  : keep window pkg front laucher, multiWin: null , pipWim:null
11-07 18:07:43.747  2169  2910 I PGServer: report state:10000 event type:2 pid:0 uid:0 pkg:com.example.androidmkdemo to pid: 2041
11-07 18:07:43.747  2169  2910 I PGServer: report state:10000 event type:2 pid:0 uid:0 pkg:com.example.androidmkdemo to pid: 2169
11-07 18:07:43.747  2169  2910 I SceneReceiver: state type: 10000 eventType:2 pid:0 uid:0 pkg:com.example.androidmkdemo
11-07 18:07:43.748  1364  2098 I HwWindowManagerServiceEx: set app win exit info, bundle = Bundle[{isLandscape=false, launcherPkgName=com.huawei.android.launcher, iconWidth=170, pivotX=666.0, pivotY=1176.0, iconHeight=170, flag=0}], iconBitmap = android.graphics.Bitmap@482a1ca
