11-07 16:39:40.424   864   928 D DisplayFeatureHal: successfully write 365 into /sys/class/backlight/panel0-backlight/brightness
11-07 16:39:40.426  1352  1790 D libsensor-B2SNotifier: Backlight2SlpiNotifier brightness = 365
11-07 16:39:40.432   965  5029 D SurfaceFlinger: getHBMOverlayAlpha backlight=732, mFodSystemBacklight=902, mBrightnessBackup=732, mode=2
11-07 16:39:40.433   965  5029 D SurfaceFlinger: brightness=732; alpha=0.607631 mode=2
11-07 16:39:40.433   965  5029 D SurfaceFlinger: , previous mode:1
11-07 16:39:40.433   864   928 D DisplayFeatureHal: writeDCBacklight setting backlight to 365
11-07 16:39:40.437  1352  1790 D libsensor-B2SNotifier: Backlight2SlpiNotifier brightness = 365
11-07 16:39:40.441   864   928 D DisplayFeatureHal: successfully write 365 into /sys/class/backlight/panel0-backlight/brightness
11-07 16:39:40.442  1352  1790 D libsensor-B2SNotifier: Backlight2SlpiNotifier brightness = 365
11-07 16:39:40.450   965  5029 D SurfaceFlinger: getHBMOverlayAlpha backlight=733, mFodSystemBacklight=902, mBrightnessBackup=733, mode=2
11-07 16:39:40.450   965  5029 D SurfaceFlinger: brightness=733; alpha=0.607387 mode=2
11-07 16:39:40.450   965  5029 D SurfaceFlinger: , previous mode:1
11-07 16:39:40.450   864   928 D DisplayFeatureHal: writeDCBacklight setting backlight to 366
11-07 16:39:40.454  1352  1790 D libsensor-B2SNotifier: Backlight2SlpiNotifier brightness = 366
11-07 16:39:40.458   864   928 D DisplayFeatureHal: successfully write 366 into /sys/class/backlight/panel0-backlight/brightness
11-07 16:39:40.459  1352  1790 D libsensor-B2SNotifier: Backlight2SlpiNotifier brightness = 366
11-07 16:39:40.486   965  5029 D SurfaceFlinger: getHBMOverlayAlpha backlight=734, mFodSystemBacklight=902, mBrightnessBackup=734, mode=2
11-07 16:39:40.486   965  5029 D SurfaceFlinger: brightness=734; alpha=0.607144 mode=2
11-07 16:39:40.486   965  5029 D SurfaceFlinger: , previous mode:1
11-07 16:39:40.486   864   928 D DisplayFeatureHal: writeDCBacklight setting backlight to 366
11-07 16:39:40.489  1352  1790 D libsensor-B2SNotifier: Backlight2SlpiNotifier brightness = 366
11-07 16:39:40.491   864   928 D DisplayFeatureHal: successfully write 366 into /sys/class/backlight/panel0-backlight/brightness
11-07 16:39:40.501   965  5029 D SurfaceFlinger: getHBMOverlayAlpha backlight=735, mFodSystemBacklight=902, mBrightnessBackup=735, mode=2
11-07 16:39:40.501   965  5029 D SurfaceFlinger: brightness=735; alpha=0.606901 mode=2
11-07 16:39:40.501   965  5029 D SurfaceFlinger: , previous mode:1
11-07 16:39:40.501   864   928 D DisplayFeatureHal: writeDCBacklight setting backlight to 367
11-07 16:39:40.505   864   928 D DisplayFeatureHal: successfully write 367 into /sys/class/backlight/panel0-backlight/brightness
11-07 16:39:40.509  1352  1790 D libsensor-B2SNotifier: Backlight2SlpiNotifier brightness = 367
11-07 16:39:40.516   965  5029 D SurfaceFlinger: getHBMOverlayAlpha backlight=736, mFodSystemBacklight=902, mBrightnessBackup=736, mode=2
11-07 16:39:40.516   965  5029 D SurfaceFlinger: brightness=736; alpha=0.606658 mode=2
11-07 16:39:40.516   965  5029 D SurfaceFlinger: , previous mode:1
11-07 16:39:40.516   864   928 D DisplayFeatureHal: writeDCBacklight setting backlight to 367
11-07 16:39:40.518  1352  1790 D libsensor-B2SNotifier: Backlight2SlpiNotifier brightness = 367
11-07 16:39:40.520   864   928 D DisplayFeatureHal: successfully write 367 into /sys/class/backlight/panel0-backlight/brightness
11-07 16:39:40.526  1352  1790 D libsensor-B2SNotifier: Backlight2SlpiNotifier brightness = 367
11-07 16:39:40.536   965  5029 D SurfaceFlinger: getHBMOverlayAlpha backlight=737, mFodSystemBacklight=902, mBrightnessBackup=737, mode=2
11-07 16:39:40.536   965  5029 D SurfaceFlinger: brightness=737; alpha=0.606415 mode=2
11-07 16:39:40.536   965  5029 D SurfaceFlinger: , previous mode:1
11-07 16:39:40.537   864   928 D DisplayFeatureHal: writeDCBacklight setting backlight to 368
11-07 16:39:40.537  1352  1790 D libsensor-B2SNotifier: Backlight2SlpiNotifier brightness = 368
11-07 16:39:40.539   864   928 D DisplayFeatureHal: successfully write 368 into /sys/class/backlight/panel0-backlight/brightness
11-07 16:39:40.542  1352  1790 D libsensor-B2SNotifier: Backlight2SlpiNotifier brightness = 368
11-07 16:39:40.550   965  5029 D SurfaceFlinger: getHBMOverlayAlpha backlight=738, mFodSystemBacklight=902, mBrightnessBackup=738, mode=2
11-07 16:39:40.550   864   928 D DisplayFeatureHal: writeDCBacklight setting backlight to 368
11-07 16:39:40.550   965  5029 D SurfaceFlinger: brightness=738; alpha=0.606172 mode=2
11-07 16:39:40.550   965  5029 D SurfaceFlinger: , previous mode:1
11-07 16:39:40.552  1352  1790 D libsensor-B2SNotifier: Backlight2SlpiNotifier brightness = 368
11-07 16:39:40.554   864   928 D DisplayFeatureHal: successfully write 368 into /sys/class/backlight/panel0-backlight/brightness
11-07 16:39:40.557  1352  1790 D libsensor-B2SNotifier: Backlight2SlpiNotifier brightness = 368
11-07 16:39:40.568  1352  1790 D libsensor-B2SNotifier: Backlight2SlpiNotifier brightness = 369
11-07 16:39:40.568   965  5029 D SurfaceFlinger: getHBMOverlayAlpha backlight=739, mFodSystemBacklight=902, mBrightnessBackup=739, mode=2
11-07 16:39:40.568   965  5029 D SurfaceFlinger: brightness=739; alpha=0.605930 mode=2
11-07 16:39:40.568   965  5029 D SurfaceFlinger: , previous mode:1
11-07 16:39:40.568   864   928 D DisplayFeatureHal: writeDCBacklight setting backlight to 369
11-07 16:39:40.571   864   928 D DisplayFeatureHal: successfully write 369 into /sys/class/backlight/panel0-backlight/brightness
11-07 16:39:40.572  1352  1790 D libsensor-B2SNotifier: Backlight2SlpiNotifier brightness = 369
11-07 16:39:40.588  1352  1790 D libsensor-B2SNotifier: Backlight2SlpiNotifier brightness = 369
11-07 16:39:40.588   965  5029 D SurfaceFlinger: getHBMOverlayAlpha backlight=740, mFodSystemBacklight=902, mBrightnessBackup=740, mode=2
11-07 16:39:40.588   864   928 D DisplayFeatureHal: writeDCBacklight setting backlight to 369
11-07 16:39:40.588   965  5029 D SurfaceFlinger: brightness=740; alpha=0.605687 mode=2
11-07 16:39:40.588   965  5029 D SurfaceFlinger: , previous mode:1
11-07 16:39:40.590   864   928 D DisplayFeatureHal: successfully write 369 into /sys/class/backlight/panel0-backlight/brightness
11-07 16:39:40.593  1352  1790 D libsensor-B2SNotifier: Backlight2SlpiNotifier brightness = 369
11-07 16:39:40.599   965  5029 D SurfaceFlinger: getHBMOverlayAlpha backlight=741, mFodSystemBacklight=902, mBrightnessBackup=741, mode=2
11-07 16:39:40.599   965  5029 D SurfaceFlinger: brightness=741; alpha=0.605445 mode=2
11-07 16:39:40.599   965  5029 D SurfaceFlinger: , previous mode:1
11-07 16:39:40.599   864   928 D DisplayFeatureHal: writeDCBacklight setting backlight to 370
11-07 16:39:40.601  1352  1790 D libsensor-B2SNotifier: Backlight2SlpiNotifier brightness = 370
11-07 16:39:40.603   864   928 D DisplayFeatureHal: successfully write 370 into /sys/class/backlight/panel0-backlight/brightness
11-07 16:39:40.606  1352  1790 D libsensor-B2SNotifier: Backlight2SlpiNotifier brightness = 370
11-07 16:39:40.618   965  5029 D SurfaceFlinger: getHBMOverlayAlpha backlight=742, mFodSystemBacklight=902, mBrightnessBackup=742, mode=2
11-07 16:39:40.618   965  5029 D SurfaceFlinger: brightness=742; alpha=0.605203 mode=2
11-07 16:39:40.618   965  5029 D SurfaceFlinger: , previous mode:1
11-07 16:39:40.618   864   928 D DisplayFeatureHal: writeDCBacklight setting backlight to 370
11-07 16:39:40.619  1352  1790 D libsensor-B2SNotifier: Backlight2SlpiNotifier brightness = 370
11-07 16:39:40.624   864   928 D DisplayFeatureHal: successfully write 370 into /sys/class/backlight/panel0-backlight/brightness
11-07 16:39:40.626  1352  1790 D libsensor-B2SNotifier: Backlight2SlpiNotifier brightness = 370
11-07 16:39:40.632   965  5029 D SurfaceFlinger: getHBMOverlayAlpha backlight=743, mFodSystemBacklight=902, mBrightnessBackup=743, mode=2
11-07 16:39:40.632   965  5029 D SurfaceFlinger: brightness=743; alpha=0.604961 mode=2
11-07 16:39:40.632   965  5029 D SurfaceFlinger: , previous mode:1
11-07 16:39:40.633   864   928 D DisplayFeatureHal: writeDCBacklight setting backlight to 371
11-07 16:39:40.636  1352  1790 D libsensor-B2SNotifier: Backlight2SlpiNotifier brightness = 371
11-07 16:39:40.642   864   928 D DisplayFeatureHal: successfully write 371 into /sys/class/backlight/panel0-backlight/brightness
11-07 16:39:40.642  1352  1790 D libsensor-B2SNotifier: Backlight2SlpiNotifier brightness = 371
11-07 16:39:40.650   864   928 D DisplayFeatureHal: writeDCBacklight setting backlight to 371
11-07 16:39:40.650   965  5029 D SurfaceFlinger: getHBMOverlayAlpha backlight=744, mFodSystemBacklight=902, mBrightnessBackup=744, mode=2
11-07 16:39:40.650   965  5029 D SurfaceFlinger: brightness=744; alpha=0.604720 mode=2
11-07 16:39:40.650   965  5029 D SurfaceFlinger: , previous mode:1
11-07 16:39:40.655  1352  1790 D libsensor-B2SNotifier: Backlight2SlpiNotifier brightness = 371
11-07 16:39:40.660  1352  1790 D libsensor-B2SNotifier: Backlight2SlpiNotifier brightness = 371
11-07 16:39:40.660   864   928 D DisplayFeatureHal: successfully write 371 into /sys/class/backlight/panel0-backlight/brightness
11-07 16:39:40.686   965  5029 D SurfaceFlinger: getHBMOverlayAlpha backlight=745, mFodSystemBacklight=902, mBrightnessBackup=745, mode=2
11-07 16:39:40.686   965  5029 D SurfaceFlinger: brightness=745; alpha=0.604478 mode=2
11-07 16:39:40.686   965  5029 D SurfaceFlinger: , previous mode:1
11-07 16:39:40.686   864   928 D DisplayFeatureHal: writeDCBacklight setting backlight to 372
11-07 16:39:40.692  1352  1790 D libsensor-B2SNotifier: Backlight2SlpiNotifier brightness = 372
11-07 16:39:40.695   864   928 D DisplayFeatureHal: successfully write 372 into /sys/class/backlight/panel0-backlight/brightness
11-07 16:39:40.702   965  5029 D SurfaceFlinger: getHBMOverlayAlpha backlight=746, mFodSystemBacklight=902, mBrightnessBackup=746, mode=2
11-07 16:39:40.702   965  5029 D SurfaceFlinger: brightness=746; alpha=0.604237 mode=2
11-07 16:39:40.702   965  5029 D SurfaceFlinger: , previous mode:1
11-07 16:39:40.702   864   928 D DisplayFeatureHal: writeDCBacklight setting backlight to 372
11-07 16:39:40.703  1352  1790 D libsensor-B2SNotifier: Backlight2SlpiNotifier brightness = 372
11-07 16:39:40.712  1352  1790 D libsensor-B2SNotifier: Backlight2SlpiNotifier brightness = 372
11-07 16:39:40.712   864   928 D DisplayFeatureHal: successfully write 372 into /sys/class/backlight/panel0-backlight/brightness
11-07 16:39:40.718  1352  1790 D libsensor-B2SNotifier: Backlight2SlpiNotifier brightness = 373
11-07 16:39:40.718   965  5029 D SurfaceFlinger: getHBMOverlayAlpha backlight=747, mFodSystemBacklight=902, mBrightnessBackup=747, mode=2
11-07 16:39:40.718   965  5029 D SurfaceFlinger: brightness=747; alpha=0.603996 mode=2
11-07 16:39:40.718   965  5029 D SurfaceFlinger: , previous mode:1
11-07 16:39:40.718   864   928 D DisplayFeatureHal: writeDCBacklight setting backlight to 373
11-07 16:39:40.724  1352  1790 D libsensor-B2SNotifier: Backlight2SlpiNotifier brightness = 373
11-07 16:39:40.727   864   928 D DisplayFeatureHal: successfully write 373 into /sys/class/backlight/panel0-backlight/brightness
11-07 16:39:40.729  1352  1790 D libsensor-B2SNotifier: Backlight2SlpiNotifier brightness = 373
11-07 16:39:40.735   965  5029 D SurfaceFlinger: getHBMOverlayAlpha backlight=748, mFodSystemBacklight=902, mBrightnessBackup=748, mode=2
11-07 16:39:40.735   965  5029 D SurfaceFlinger: brightness=748; alpha=0.603755 mode=2
11-07 16:39:40.735   965  5029 D SurfaceFlinger: , previous mode:1
11-07 16:39:40.735   864   928 D DisplayFeatureHal: writeDCBacklight setting backlight to 373
11-07 16:39:40.739  1352  1790 D libsensor-B2SNotifier: Backlight2SlpiNotifier brightness = 373
11-07 16:39:40.742   864   928 D DisplayFeatureHal: successfully write 373 into /sys/class/backlight/panel0-backlight/brightness
11-07 16:39:40.743   813 10528 I vendor.qti.bluetooth@1.0-ibs_handler: DeviceSleep: TX Awake, Sending SLEEP_IND
11-07 16:39:40.743   813 10528 D vendor.qti.bluetooth@1.0-ibs_handler: SerialClockVote: vote for UART CLK OFF
11-07 16:39:40.746  1352  1790 D libsensor-B2SNotifier: Backlight2SlpiNotifier brightness = 373
11-07 16:39:40.752   965  5029 D SurfaceFlinger: getHBMOverlayAlpha backlight=749, mFodSystemBacklight=902, mBrightnessBackup=749, mode=2
11-07 16:39:40.753   965  5029 D SurfaceFlinger: brightness=749; alpha=0.603515 mode=2
11-07 16:39:40.753   965  5029 D SurfaceFlinger: , previous mode:1
11-07 16:39:40.753   864   928 D DisplayFeatureHal: writeDCBacklight setting backlight to 374
11-07 16:39:40.755  1352  1790 D libsensor-B2SNotifier: Backlight2SlpiNotifier brightness = 374
11-07 16:39:40.758   864   928 D DisplayFeatureHal: successfully write 374 into /sys/class/backlight/panel0-backlight/brightness
11-07 16:39:40.760  1352  1790 D libsensor-B2SNotifier: Backlight2SlpiNotifier brightness = 374
11-07 16:39:40.766   965  5029 D SurfaceFlinger: getHBMOverlayAlpha backlight=750, mFodSystemBacklight=902, mBrightnessBackup=750, mode=2
11-07 16:39:40.766   965  5029 D SurfaceFlinger: brightness=750; alpha=0.603274 mode=2
11-07 16:39:40.766   965  5029 D SurfaceFlinger: , previous mode:1
11-07 16:39:40.766   864   928 D DisplayFeatureHal: writeDCBacklight setting backlight to 374
11-07 16:39:40.771  1352  1790 D libsensor-B2SNotifier: Backlight2SlpiNotifier brightness = 374
11-07 16:39:40.774   864   928 D DisplayFeatureHal: successfully write 374 into /sys/class/backlight/panel0-backlight/brightness
11-07 16:39:40.776  1352  1790 D libsensor-B2SNotifier: Backlight2SlpiNotifier brightness = 374
11-07 16:39:40.784   965  5029 D SurfaceFlinger: getHBMOverlayAlpha backlight=751, mFodSystemBacklight=902, mBrightnessBackup=751, mode=2
11-07 16:39:40.784   965  5029 D SurfaceFlinger: brightness=751; alpha=0.603034 mode=2
11-07 16:39:40.784   965  5029 D SurfaceFlinger: , previous mode:1
11-07 16:39:40.784   864   928 D DisplayFeatureHal: writeDCBacklight setting backlight to 375
11-07 16:39:40.789  1352  1790 D libsensor-B2SNotifier: Backlight2SlpiNotifier brightness = 375
11-07 16:39:40.792   864   928 D DisplayFeatureHal: successfully write 375 into /sys/class/backlight/panel0-backlight/brightness
11-07 16:39:40.796  1352  1790 D libsensor-B2SNotifier: Backlight2SlpiNotifier brightness = 375
11-07 16:39:40.799   965  5029 D SurfaceFlinger: getHBMOverlayAlpha backlight=752, mFodSystemBacklight=902, mBrightnessBackup=752, mode=2
11-07 16:39:40.800   965  5029 D SurfaceFlinger: brightness=752; alpha=0.602794 mode=2
11-07 16:39:40.800   965  5029 D SurfaceFlinger: , previous mode:1
11-07 16:39:40.800   864   928 D DisplayFeatureHal: writeDCBacklight setting backlight to 375
11-07 16:39:40.806  1352  1790 D libsensor-B2SNotifier: Backlight2SlpiNotifier brightness = 375
11-07 16:39:40.807   864   928 D DisplayFeatureHal: successfully write 375 into /sys/class/backlight/panel0-backlight/brightness
11-07 16:39:40.810  1352  1790 D libsensor-B2SNotifier: Backlight2SlpiNotifier brightness = 375
11-07 16:39:40.817   965  5029 D SurfaceFlinger: getHBMOverlayAlpha backlight=753, mFodSystemBacklight=902, mBrightnessBackup=753, mode=2
11-07 16:39:40.817   965  5029 D SurfaceFlinger: brightness=753; alpha=0.602554 mode=2
11-07 16:39:40.817   965  5029 D SurfaceFlinger: , previous mode:1
11-07 16:39:40.817   864   928 D DisplayFeatureHal: writeDCBacklight setting backlight to 376
11-07 16:39:40.821  1352  1790 D libsensor-B2SNotifier: Backlight2SlpiNotifier brightness = 376
11-07 16:39:40.825   864   928 D DisplayFeatureHal: successfully write 376 into /sys/class/backlight/panel0-backlight/brightness
11-07 16:39:40.827  1352  1790 D libsensor-B2SNotifier: Backlight2SlpiNotifier brightness = 376
11-07 16:39:40.834   965  5029 D SurfaceFlinger: getHBMOverlayAlpha backlight=754, mFodSystemBacklight=902, mBrightnessBackup=754, mode=2
11-07 16:39:40.834   965  5029 D SurfaceFlinger: brightness=754; alpha=0.602314 mode=2
11-07 16:39:40.834   965  5029 D SurfaceFlinger: , previous mode:1
11-07 16:39:40.834   864   928 D DisplayFeatureHal: writeDCBacklight setting backlight to 376
11-07 16:39:40.838  1352  1790 D libsensor-B2SNotifier: Backlight2SlpiNotifier brightness = 376
11-07 16:39:40.842   864   928 D DisplayFeatureHal: successfully write 376 into /sys/class/backlight/panel0-backlight/brightness
11-07 16:39:40.843  1352  1790 D libsensor-B2SNotifier: Backlight2SlpiNotifier brightness = 376
11-07 16:39:40.851   965  5029 D SurfaceFlinger: getHBMOverlayAlpha backlight=755, mFodSystemBacklight=902, mBrightnessBackup=755, mode=2
11-07 16:39:40.851   965  5029 D SurfaceFlinger: brightness=755; alpha=0.602074 mode=2
11-07 16:39:40.851   965  5029 D SurfaceFlinger: , previous mode:1
11-07 16:39:40.851   864   928 D DisplayFeatureHal: writeDCBacklight setting backlight to 377
11-07 16:39:40.855  1352  1790 D libsensor-B2SNotifier: Backlight2SlpiNotifier brightness = 377
11-07 16:39:40.859   864   928 D DisplayFeatureHal: successfully write 377 into /sys/class/backlight/panel0-backlight/brightness
11-07 16:39:40.860  1352  1790 D libsensor-B2SNotifier: Backlight2SlpiNotifier brightness = 377
11-07 16:39:40.866   965  5029 D SurfaceFlinger: getHBMOverlayAlpha backlight=756, mFodSystemBacklight=902, mBrightnessBackup=756, mode=2
11-07 16:39:40.866   965  5029 D SurfaceFlinger: brightness=756; alpha=0.601835 mode=2
11-07 16:39:40.866   965  5029 D SurfaceFlinger: , previous mode:1
11-07 16:39:40.867   864   928 D DisplayFeatureHal: writeDCBacklight setting backlight to 377
11-07 16:39:40.871  1352  1790 D libsensor-B2SNotifier: Backlight2SlpiNotifier brightness = 377
11-07 16:39:40.874   864   928 D DisplayFeatureHal: successfully write 377 into /sys/class/backlight/panel0-backlight/brightness
11-07 16:39:40.876  1352  1790 D libsensor-B2SNotifier: Backlight2SlpiNotifier brightness = 377
11-07 16:39:40.884   965  5029 D SurfaceFlinger: getHBMOverlayAlpha backlight=757, mFodSystemBacklight=902, mBrightnessBackup=757, mode=2
11-07 16:39:40.884   965  5029 D SurfaceFlinger: brightness=757; alpha=0.601595 mode=2
11-07 16:39:40.884   965  5029 D SurfaceFlinger: , previous mode:1
11-07 16:39:40.884   864   928 D DisplayFeatureHal: writeDCBacklight setting backlight to 378
11-07 16:39:40.888  1352  1790 D libsensor-B2SNotifier: Backlight2SlpiNotifier brightness = 378
11-07 16:39:40.891   864   928 D DisplayFeatureHal: successfully write 378 into /sys/class/backlight/panel0-backlight/brightness
11-07 16:39:40.892  1352  1790 D libsensor-B2SNotifier: Backlight2SlpiNotifier brightness = 378
11-07 16:39:40.894   813 10473 D vendor.qti.bluetooth@1.0-wake_lock: Release wakelock is released 
11-07 16:39:40.900   965  5029 D SurfaceFlinger: getHBMOverlayAlpha backlight=758, mFodSystemBacklight=902, mBrightnessBackup=758, mode=2
11-07 16:39:40.900   965  5029 D SurfaceFlinger: brightness=758; alpha=0.601356 mode=2
11-07 16:39:40.900   965  5029 D SurfaceFlinger: , previous mode:1
11-07 16:39:40.900   864   928 D DisplayFeatureHal: writeDCBacklight setting backlight to 378
11-07 16:39:40.904  1352  1790 D libsensor-B2SNotifier: Backlight2SlpiNotifier brightness = 378
11-07 16:39:40.907   864   928 D DisplayFeatureHal: successfully write 378 into /sys/class/backlight/panel0-backlight/brightness
11-07 16:39:40.909  1352  1790 D libsensor-B2SNotifier: Backlight2SlpiNotifier brightness = 378
11-07 16:39:40.934   864   928 D DisplayFeatureHal: writeDCBacklight setting backlight to 379
11-07 16:39:40.935   965  5029 D SurfaceFlinger: getHBMOverlayAlpha backlight=759, mFodSystemBacklight=902, mBrightnessBackup=759, mode=2
11-07 16:39:40.935   965  5029 D SurfaceFlinger: brightness=759; alpha=0.601117 mode=2
11-07 16:39:40.935   965  5029 D SurfaceFlinger: , previous mode:1
11-07 16:39:40.941  1352  1790 D libsensor-B2SNotifier: Backlight2SlpiNotifier brightness = 379
11-07 16:39:40.946   864   928 D DisplayFeatureHal: successfully write 379 into /sys/class/backlight/panel0-backlight/brightness
11-07 16:39:40.953   965  5029 D SurfaceFlinger: getHBMOverlayAlpha backlight=760, mFodSystemBacklight=902, mBrightnessBackup=760, mode=2
11-07 16:39:40.953   965  5029 D SurfaceFlinger: brightness=760; alpha=0.600878 mode=2
11-07 16:39:40.953   965  5029 D SurfaceFlinger: , previous mode:1
11-07 16:39:40.953   864   928 D DisplayFeatureHal: writeDCBacklight setting backlight to 379
11-07 16:39:40.955  1352  1790 D libsensor-B2SNotifier: Backlight2SlpiNotifier brightness = 379
11-07 16:39:40.965  1352  1790 D libsensor-B2SNotifier: Backlight2SlpiNotifier brightness = 379
11-07 16:39:40.967   864   928 D DisplayFeatureHal: successfully write 379 into /sys/class/backlight/panel0-backlight/brightness
11-07 16:39:40.969  1352  1790 D libsensor-B2SNotifier: Backlight2SlpiNotifier brightness = 379
11-07 16:39:40.972   965  5029 D SurfaceFlinger: getHBMOverlayAlpha backlight=761, mFodSystemBacklight=902, mBrightnessBackup=761, mode=2
11-07 16:39:40.972   965  5029 D SurfaceFlinger: brightness=761; alpha=0.600640 mode=2
11-07 16:39:40.972   965  5029 D SurfaceFlinger: , previous mode:1
11-07 16:39:40.972   864   928 D DisplayFeatureHal: writeDCBacklight setting backlight to 380
11-07 16:39:40.980  1352  1790 D libsensor-B2SNotifier: Backlight2SlpiNotifier brightness = 380
11-07 16:39:40.981   864   928 D DisplayFeatureHal: successfully write 380 into /sys/class/backlight/panel0-backlight/brightness
11-07 16:39:40.985   965  5029 D SurfaceFlinger: getHBMOverlayAlpha backlight=762, mFodSystemBacklight=902, mBrightnessBackup=762, mode=2
11-07 16:39:40.986   965  5029 D SurfaceFlinger: brightness=762; alpha=0.600401 mode=2
11-07 16:39:40.986   965  5029 D SurfaceFlinger: , previous mode:1
11-07 16:39:40.986   864   928 D DisplayFeatureHal: writeDCBacklight setting backlight to 380
11-07 16:39:40.987  1352  1790 D libsensor-B2SNotifier: Backlight2SlpiNotifier brightness = 380
11-07 16:39:40.991   864   928 D DisplayFeatureHal: successfully write 380 into /sys/class/backlight/panel0-backlight/brightness
11-07 16:39:40.994  1352  1790 D libsensor-B2SNotifier: Backlight2SlpiNotifier brightness = 380
11-07 16:39:40.998  1352  1790 D libsensor-B2SNotifier: Backlight2SlpiNotifier brightness = 380
11-07 16:39:41.002   965  5029 D SurfaceFlinger: getHBMOverlayAlpha backlight=763, mFodSystemBacklight=902, mBrightnessBackup=763, mode=2
11-07 16:39:41.002   965  5029 D SurfaceFlinger: brightness=763; alpha=0.600163 mode=2
11-07 16:39:41.002   965  5029 D SurfaceFlinger: , previous mode:1
11-07 16:39:41.002   864   928 D DisplayFeatureHal: writeDCBacklight setting backlight to 381
11-07 16:39:41.005   864   928 D DisplayFeatureHal: successfully write 381 into /sys/class/backlight/panel0-backlight/brightness
11-07 16:39:41.005  1352  1790 D libsensor-B2SNotifier: Backlight2SlpiNotifier brightness = 381
11-07 16:39:41.010  1352  1790 D libsensor-B2SNotifier: Backlight2SlpiNotifier brightness = 381
11-07 16:39:41.016   965  5029 D SurfaceFlinger: getHBMOverlayAlpha backlight=764, mFodSystemBacklight=902, mBrightnessBackup=764, mode=2
11-07 16:39:41.016   965  5029 D SurfaceFlinger: brightness=764; alpha=0.599925 mode=2
11-07 16:39:41.016   965  5029 D SurfaceFlinger: , previous mode:1
11-07 16:39:41.016   864   928 D DisplayFeatureHal: writeDCBacklight setting backlight to 381
11-07 16:39:41.019  1352  1790 D libsensor-B2SNotifier: Backlight2SlpiNotifier brightness = 381
11-07 16:39:41.020   864   928 D DisplayFeatureHal: successfully write 381 into /sys/class/backlight/panel0-backlight/brightness
11-07 16:39:41.026  1352  1790 D libsensor-B2SNotifier: Backlight2SlpiNotifier brightness = 381
11-07 16:39:41.033   965  5029 D SurfaceFlinger: getHBMOverlayAlpha backlight=765, mFodSystemBacklight=902, mBrightnessBackup=765, mode=2
11-07 16:39:41.033   965  5029 D SurfaceFlinger: brightness=765; alpha=0.599687 mode=2
11-07 16:39:41.033   965  5029 D SurfaceFlinger: , previous mode:1
11-07 16:39:41.034   864   928 D DisplayFeatureHal: writeDCBacklight setting backlight to 382
11-07 16:39:41.036  1352  1790 D libsensor-B2SNotifier: Backlight2SlpiNotifier brightness = 382
11-07 16:39:41.038   864   928 D DisplayFeatureHal: successfully write 382 into /sys/class/backlight/panel0-backlight/brightness
11-07 16:39:41.040  1352  1790 D libsensor-B2SNotifier: Backlight2SlpiNotifier brightness = 382
11-07 16:39:41.049   965  5029 D SurfaceFlinger: getHBMOverlayAlpha backlight=766, mFodSystemBacklight=902, mBrightnessBackup=766, mode=2
11-07 16:39:41.049   965  5029 D SurfaceFlinger: brightness=766; alpha=0.599449 mode=2
11-07 16:39:41.049   965  5029 D SurfaceFlinger: , previous mode:1
11-07 16:39:41.049   864   928 D DisplayFeatureHal: writeDCBacklight setting backlight to 382
11-07 16:39:41.051  1352  1790 D libsensor-B2SNotifier: Backlight2SlpiNotifier brightness = 382
11-07 16:39:41.052   864   928 D DisplayFeatureHal: successfully write 382 into /sys/class/backlight/panel0-backlight/brightness
11-07 16:39:41.056  1352  1790 D libsensor-B2SNotifier: Backlight2SlpiNotifier brightness = 382
11-07 16:39:41.066   965  5029 D SurfaceFlinger: getHBMOverlayAlpha backlight=767, mFodSystemBacklight=902, mBrightnessBackup=767, mode=2
11-07 16:39:41.066   965  5029 D SurfaceFlinger: brightness=767; alpha=0.599212 mode=2
11-07 16:39:41.066   965  5029 D SurfaceFlinger: , previous mode:1
11-07 16:39:41.066   864   928 D DisplayFeatureHal: writeDCBacklight setting backlight to 383
11-07 16:39:41.068  1352  1790 D libsensor-B2SNotifier: Backlight2SlpiNotifier brightness = 383
11-07 16:39:41.070   864   928 D DisplayFeatureHal: successfully write 383 into /sys/class/backlight/panel0-backlight/brightness
11-07 16:39:41.072  1352  1790 D libsensor-B2SNotifier: Backlight2SlpiNotifier brightness = 383
11-07 16:39:41.082   864   928 D DisplayFeatureHal: writeDCBacklight setting backlight to 383
11-07 16:39:41.082   965  5029 D SurfaceFlinger: getHBMOverlayAlpha backlight=768, mFodSystemBacklight=902, mBrightnessBackup=768, mode=2
11-07 16:39:41.082   965  5029 D SurfaceFlinger: brightness=768; alpha=0.598974 mode=2
11-07 16:39:41.082   965  5029 D SurfaceFlinger: , previous mode:1
11-07 16:39:41.085  1352  1790 D libsensor-B2SNotifier: Backlight2SlpiNotifier brightness = 383
11-07 16:39:41.086   864   928 D DisplayFeatureHal: successfully write 383 into /sys/class/backlight/panel0-backlight/brightness
11-07 16:39:41.089  1352  1790 D libsensor-B2SNotifier: Backlight2SlpiNotifier brightness = 383
11-07 16:39:41.099   965  5029 D SurfaceFlinger: getHBMOverlayAlpha backlight=769, mFodSystemBacklight=902, mBrightnessBackup=769, mode=2
11-07 16:39:41.099   965  5029 D SurfaceFlinger: brightness=769; alpha=0.598737 mode=2
11-07 16:39:41.099   965  5029 D SurfaceFlinger: , previous mode:1
11-07 16:39:41.100   864   928 D DisplayFeatureHal: writeDCBacklight setting backlight to 384
11-07 16:39:41.102  1352  1790 D libsensor-B2SNotifier: Backlight2SlpiNotifier brightness = 384
11-07 16:39:41.105   864   928 D DisplayFeatureHal: successfully write 384 into /sys/class/backlight/panel0-backlight/brightness
11-07 16:39:41.107  1352  1790 D libsensor-B2SNotifier: Backlight2SlpiNotifier brightness = 384
11-07 16:39:41.115   965  5029 D SurfaceFlinger: getHBMOverlayAlpha backlight=770, mFodSystemBacklight=902, mBrightnessBackup=770, mode=2
11-07 16:39:41.115   965  5029 D SurfaceFlinger: brightness=770; alpha=0.598500 mode=2
11-07 16:39:41.115   965  5029 D SurfaceFlinger: , previous mode:1
11-07 16:39:41.116   864   928 D DisplayFeatureHal: writeDCBacklight setting backlight to 384
11-07 16:39:41.117  1352  1790 D libsensor-B2SNotifier: Backlight2SlpiNotifier brightness = 384
11-07 16:39:41.120   864   928 D DisplayFeatureHal: successfully write 384 into /sys/class/backlight/panel0-backlight/brightness
11-07 16:39:41.122  1352  1790 D libsensor-B2SNotifier: Backlight2SlpiNotifier brightness = 384
11-07 16:39:41.133   965  5029 D SurfaceFlinger: getHBMOverlayAlpha backlight=771, mFodSystemBacklight=902, mBrightnessBackup=771, mode=2
11-07 16:39:41.133   965  5029 D SurfaceFlinger: brightness=771; alpha=0.598263 mode=2
11-07 16:39:41.133   965  5029 D SurfaceFlinger: , previous mode:1
11-07 16:39:41.133   864   928 D DisplayFeatureHal: writeDCBacklight setting backlight to 385
11-07 16:39:41.137  1352  1790 D libsensor-B2SNotifier: Backlight2SlpiNotifier brightness = 385
11-07 16:39:41.142   864   928 D DisplayFeatureHal: successfully write 385 into /sys/class/backlight/panel0-backlight/brightness
11-07 16:39:41.143  1352  1790 D libsensor-B2SNotifier: Backlight2SlpiNotifier brightness = 385
11-07 16:39:41.149   965  5029 D SurfaceFlinger: getHBMOverlayAlpha backlight=772, mFodSystemBacklight=902, mBrightnessBackup=772, mode=2
11-07 16:39:41.149   965  5029 D SurfaceFlinger: brightness=772; alpha=0.598026 mode=2
11-07 16:39:41.149   965  5029 D SurfaceFlinger: , previous mode:1
11-07 16:39:41.149   864   928 D DisplayFeatureHal: writeDCBacklight setting backlight to 385
11-07 16:39:41.154  1352  1790 D libsensor-B2SNotifier: Backlight2SlpiNotifier brightness = 385
11-07 16:39:41.158   864   928 D DisplayFeatureHal: successfully write 385 into /sys/class/backlight/panel0-backlight/brightness
11-07 16:39:41.159  1352  1790 D libsensor-B2SNotifier: Backlight2SlpiNotifier brightness = 385
11-07 16:39:41.166   965  5029 D SurfaceFlinger: getHBMOverlayAlpha backlight=773, mFodSystemBacklight=902, mBrightnessBackup=773, mode=2
11-07 16:39:41.166   965  5029 D SurfaceFlinger: brightness=773; alpha=0.597789 mode=2
11-07 16:39:41.166   965  5029 D SurfaceFlinger: , previous mode:1
11-07 16:39:41.166   864   928 D DisplayFeatureHal: writeDCBacklight setting backlight to 386
11-07 16:39:41.170  1352  1790 D libsensor-B2SNotifier: Backlight2SlpiNotifier brightness = 386
11-07 16:39:41.174   864   928 D DisplayFeatureHal: successfully write 386 into /sys/class/backlight/panel0-backlight/brightness
11-07 16:39:41.176  1352  1790 D libsensor-B2SNotifier: Backlight2SlpiNotifier brightness = 386
11-07 16:39:41.184   965  5029 D SurfaceFlinger: getHBMOverlayAlpha backlight=774, mFodSystemBacklight=902, mBrightnessBackup=774, mode=2
11-07 16:39:41.184   965  5029 D SurfaceFlinger: brightness=774; alpha=0.597553 mode=2
11-07 16:39:41.184   965  5029 D SurfaceFlinger: , previous mode:1
11-07 16:39:41.184   864   928 D DisplayFeatureHal: writeDCBacklight setting backlight to 386
11-07 16:39:41.189  1352  1790 D libsensor-B2SNotifier: Backlight2SlpiNotifier brightness = 386
11-07 16:39:41.191   864   928 D DisplayFeatureHal: successfully write 386 into /sys/class/backlight/panel0-backlight/brightness
11-07 16:39:41.196  1352  1790 D libsensor-B2SNotifier: Backlight2SlpiNotifier brightness = 386
11-07 16:39:41.200   965  5029 D SurfaceFlinger: getHBMOverlayAlpha backlight=775, mFodSystemBacklight=902, mBrightnessBackup=775, mode=2
11-07 16:39:41.200   965  5029 D SurfaceFlinger: brightness=775; alpha=0.597317 mode=2
11-07 16:39:41.200   965  5029 D SurfaceFlinger: , previous mode:1
11-07 16:39:41.200   864   928 D DisplayFeatureHal: writeDCBacklight setting backlight to 387
11-07 16:39:41.205  1352  1790 D libsensor-B2SNotifier: Backlight2SlpiNotifier brightness = 387
11-07 16:39:41.208   864   928 D DisplayFeatureHal: successfully write 387 into /sys/class/backlight/panel0-backlight/brightness
11-07 16:39:41.210  1352  1790 D libsensor-B2SNotifier: Backlight2SlpiNotifier brightness = 387
11-07 16:39:41.216   965  5029 D SurfaceFlinger: getHBMOverlayAlpha backlight=776, mFodSystemBacklight=902, mBrightnessBackup=776, mode=2
11-07 16:39:41.216   965  5029 D SurfaceFlinger: brightness=776; alpha=0.597081 mode=2
11-07 16:39:41.216   965  5029 D SurfaceFlinger: , previous mode:1
11-07 16:39:41.216   864   928 D DisplayFeatureHal: writeDCBacklight setting backlight to 387
11-07 16:39:41.220  1352  1790 D libsensor-B2SNotifier: Backlight2SlpiNotifier brightness = 387
11-07 16:39:41.225   864   928 D DisplayFeatureHal: successfully write 387 into /sys/class/backlight/panel0-backlight/brightness
11-07 16:39:41.226  1352  1790 D libsensor-B2SNotifier: Backlight2SlpiNotifier brightness = 387
11-07 16:39:41.252   965  5029 D SurfaceFlinger: getHBMOverlayAlpha backlight=777, mFodSystemBacklight=902, mBrightnessBackup=777, mode=2
11-07 16:39:41.252   965  5029 D SurfaceFlinger: brightness=777; alpha=0.596845 mode=2
11-07 16:39:41.252   965  5029 D SurfaceFlinger: , previous mode:1
11-07 16:39:41.252   864   928 D DisplayFeatureHal: writeDCBacklight setting backlight to 388
11-07 16:39:41.258  1352  1790 D libsensor-B2SNotifier: Backlight2SlpiNotifier brightness = 388
11-07 16:39:41.264   864   928 D DisplayFeatureHal: successfully write 388 into /sys/class/backlight/panel0-backlight/brightness
11-07 16:39:41.270   965  5029 D SurfaceFlinger: getHBMOverlayAlpha backlight=778, mFodSystemBacklight=902, mBrightnessBackup=778, mode=2
11-07 16:39:41.270   965  5029 D SurfaceFlinger: brightness=778; alpha=0.596609 mode=2
11-07 16:39:41.270   965  5029 D SurfaceFlinger: , previous mode:1
11-07 16:39:41.270   864   928 D DisplayFeatureHal: writeDCBacklight setting backlight to 388
11-07 16:39:41.271  1352  1790 D libsensor-B2SNotifier: Backlight2SlpiNotifier brightness = 388
11-07 16:39:41.279  1352  1790 D libsensor-B2SNotifier: Backlight2SlpiNotifier brightness = 388
11-07 16:39:41.282   864   928 D DisplayFeatureHal: successfully write 388 into /sys/class/backlight/panel0-backlight/brightness
11-07 16:39:41.283   965  5029 D SurfaceFlinger: getHBMOverlayAlpha backlight=779, mFodSystemBacklight=902, mBrightnessBackup=779, mode=2
11-07 16:39:41.283   965  5029 D SurfaceFlinger: brightness=779; alpha=0.596373 mode=2
11-07 16:39:41.283   965  5029 D SurfaceFlinger: , previous mode:1
11-07 16:39:41.284   864   928 D DisplayFeatureHal: writeDCBacklight setting backlight to 389
11-07 16:39:41.286  1352  1790 D libsensor-B2SNotifier: Backlight2SlpiNotifier brightness = 389
11-07 16:39:41.289   864   928 D DisplayFeatureHal: successfully write 389 into /sys/class/backlight/panel0-backlight/brightness
11-07 16:39:41.291  1352  1790 D libsensor-B2SNotifier: Backlight2SlpiNotifier brightness = 389
11-07 16:39:41.296  1352  1790 D libsensor-B2SNotifier: Backlight2SlpiNotifier brightness = 389
11-07 16:39:41.300   965  5029 D SurfaceFlinger: getHBMOverlayAlpha backlight=780, mFodSystemBacklight=902, mBrightnessBackup=780, mode=2
11-07 16:39:41.300   965  5029 D SurfaceFlinger: brightness=780; alpha=0.596138 mode=2
11-07 16:39:41.300   965  5029 D SurfaceFlinger: , previous mode:1
11-07 16:39:41.300   864   928 D DisplayFeatureHal: writeDCBacklight setting backlight to 389
11-07 16:39:41.304  1352  1790 D libsensor-B2SNotifier: Backlight2SlpiNotifier brightness = 389
11-07 16:39:41.308   864   928 D DisplayFeatureHal: successfully write 389 into /sys/class/backlight/panel0-backlight/brightness
11-07 16:39:41.309  1352  1790 D libsensor-B2SNotifier: Backlight2SlpiNotifier brightness = 389
11-07 16:39:41.317   965  5029 D SurfaceFlinger: getHBMOverlayAlpha backlight=781, mFodSystemBacklight=902, mBrightnessBackup=781, mode=2
11-07 16:39:41.317   965  5029 D SurfaceFlinger: brightness=781; alpha=0.595903 mode=2
11-07 16:39:41.317   965  5029 D SurfaceFlinger: , previous mode:1
11-07 16:39:41.317   864   928 D DisplayFeatureHal: writeDCBacklight setting backlight to 390
11-07 16:39:41.322  1352  1790 D libsensor-B2SNotifier: Backlight2SlpiNotifier brightness = 390
11-07 16:39:41.326   864   928 D DisplayFeatureHal: successfully write 390 into /sys/class/backlight/panel0-backlight/brightness
11-07 16:39:41.327  1352  1790 D libsensor-B2SNotifier: Backlight2SlpiNotifier brightness = 390
11-07 16:39:41.334   965  5029 D SurfaceFlinger: getHBMOverlayAlpha backlight=782, mFodSystemBacklight=902, mBrightnessBackup=782, mode=2
11-07 16:39:41.334   965  5029 D SurfaceFlinger: brightness=782; alpha=0.595668 mode=2
11-07 16:39:41.334   965  5029 D SurfaceFlinger: , previous mode:1
11-07 16:39:41.334   864   928 D DisplayFeatureHal: writeDCBacklight setting backlight to 390
11-07 16:39:41.338  1352  1790 D libsensor-B2SNotifier: Backlight2SlpiNotifier brightness = 390
11-07 16:39:41.341   864   928 D DisplayFeatureHal: successfully write 390 into /sys/class/backlight/panel0-backlight/brightness
11-07 16:39:41.342  1352  1790 D libsensor-B2SNotifier: Backlight2SlpiNotifier brightness = 390
11-07 16:39:41.350   965  5029 D SurfaceFlinger: getHBMOverlayAlpha backlight=783, mFodSystemBacklight=902, mBrightnessBackup=783, mode=2
11-07 16:39:41.350   965  5029 D SurfaceFlinger: brightness=783; alpha=0.595433 mode=2
11-07 16:39:41.350   965  5029 D SurfaceFlinger: , previous mode:1
11-07 16:39:41.350   864   928 D DisplayFeatureHal: writeDCBacklight setting backlight to 391
11-07 16:39:41.354  1352  1790 D libsensor-B2SNotifier: Backlight2SlpiNotifier brightness = 391
11-07 16:39:41.358   864   928 D DisplayFeatureHal: successfully write 391 into /sys/class/backlight/panel0-backlight/brightness
11-07 16:39:41.359  1352  1790 D libsensor-B2SNotifier: Backlight2SlpiNotifier brightness = 391
11-07 16:39:41.367   965  5029 D SurfaceFlinger: getHBMOverlayAlpha backlight=784, mFodSystemBacklight=902, mBrightnessBackup=784, mode=2
11-07 16:39:41.367   965  5029 D SurfaceFlinger: brightness=784; alpha=0.595198 mode=2
11-07 16:39:41.367   965  5029 D SurfaceFlinger: , previous mode:1
11-07 16:39:41.367   864   928 D DisplayFeatureHal: writeDCBacklight setting backlight to 391
11-07 16:39:41.371  1352  1790 D libsensor-B2SNotifier: Backlight2SlpiNotifier brightness = 391
11-07 16:39:41.374   864   928 D DisplayFeatureHal: successfully write 391 into /sys/class/backlight/panel0-backlight/brightness
11-07 16:39:41.376  1352  1790 D libsensor-B2SNotifier: Backlight2SlpiNotifier brightness = 391
11-07 16:39:41.384   965  5029 D SurfaceFlinger: getHBMOverlayAlpha backlight=785, mFodSystemBacklight=902, mBrightnessBackup=785, mode=2
11-07 16:39:41.384   965  5029 D SurfaceFlinger: brightness=785; alpha=0.594963 mode=2
11-07 16:39:41.384   965  5029 D SurfaceFlinger: , previous mode:1
11-07 16:39:41.385   864   928 D DisplayFeatureHal: writeDCBacklight setting backlight to 392
11-07 16:39:41.386   683 13268 I netd    : trafficSwapActiveStatsMap() <1.52ms>
11-07 16:39:41.388  1352  1790 D libsensor-B2SNotifier: Backlight2SlpiNotifier brightness = 392
11-07 16:39:41.392   864   928 D DisplayFeatureHal: successfully write 392 into /sys/class/backlight/panel0-backlight/brightness
11-07 16:39:41.393   683 13268 I netd    : tetherGetStats() <2.42ms>
11-07 16:39:41.396  1352  1790 D libsensor-B2SNotifier: Backlight2SlpiNotifier brightness = 392
11-07 16:39:41.398   683 13268 I netd    : trafficSwapActiveStatsMap() <0.16ms>
11-07 16:39:41.405   965  5029 D SurfaceFlinger: getHBMOverlayAlpha backlight=786, mFodSystemBacklight=902, mBrightnessBackup=786, mode=2
11-07 16:39:41.405   965  5029 D SurfaceFlinger: brightness=786; alpha=0.594729 mode=2
11-07 16:39:41.405   965  5029 D SurfaceFlinger: , previous mode:1
11-07 16:39:41.405   864   928 D DisplayFeatureHal: writeDCBacklight setting backlight to 392
11-07 16:39:41.407   683 13268 I netd    : tetherGetStats() <1.70ms>
11-07 16:39:41.409  1352  1790 D libsensor-B2SNotifier: Backlight2SlpiNotifier brightness = 392
11-07 16:39:41.413   864   928 D DisplayFeatureHal: successfully write 392 into /sys/class/backlight/panel0-backlight/brightness
11-07 16:39:41.416  1352  1790 D libsensor-B2SNotifier: Backlight2SlpiNotifier brightness = 392
11-07 16:39:41.418   965  5029 D SurfaceFlinger: getHBMOverlayAlpha backlight=787, mFodSystemBacklight=902, mBrightnessBackup=787, mode=2
11-07 16:39:41.418   965  5029 D SurfaceFlinger: brightness=787; alpha=0.594495 mode=2
11-07 16:39:41.418   965  5029 D SurfaceFlinger: , previous mode:1
11-07 16:39:41.418   864   928 D DisplayFeatureHal: writeDCBacklight setting backlight to 393
11-07 16:39:41.422  1352  1790 D libsensor-B2SNotifier: Backlight2SlpiNotifier brightness = 393
11-07 16:39:41.426   864   928 D DisplayFeatureHal: successfully write 393 into /sys/class/backlight/panel0-backlight/brightness
11-07 16:39:41.427  1352  1790 D libsensor-B2SNotifier: Backlight2SlpiNotifier brightness = 393
11-07 16:39:41.434   965  5029 D SurfaceFlinger: getHBMOverlayAlpha backlight=788, mFodSystemBacklight=902, mBrightnessBackup=788, mode=2
11-07 16:39:41.434   965  5029 D SurfaceFlinger: brightness=788; alpha=0.594260 mode=2
11-07 16:39:41.434   965  5029 D SurfaceFlinger: , previous mode:1
11-07 16:39:41.434   864   928 D DisplayFeatureHal: writeDCBacklight setting backlight to 393
11-07 16:39:41.438  1352  1790 D libsensor-B2SNotifier: Backlight2SlpiNotifier brightness = 393
11-07 16:39:41.442   864   928 D DisplayFeatureHal: successfully write 393 into /sys/class/backlight/panel0-backlight/brightness
11-07 16:39:41.447  1352  1790 D libsensor-B2SNotifier: Backlight2SlpiNotifier brightness = 393
11-07 16:39:41.452   965  5029 D SurfaceFlinger: getHBMOverlayAlpha backlight=789, mFodSystemBacklight=902, mBrightnessBackup=789, mode=2
11-07 16:39:41.452   965  5029 D SurfaceFlinger: brightness=789; alpha=0.594026 mode=2
11-07 16:39:41.452   965  5029 D SurfaceFlinger: , previous mode:1
11-07 16:39:41.452   864   928 D DisplayFeatureHal: writeDCBacklight setting backlight to 394
11-07 16:39:41.457  1352  1790 D libsensor-B2SNotifier: Backlight2SlpiNotifier brightness = 394
11-07 16:39:41.461   864   928 D DisplayFeatureHal: successfully write 394 into /sys/class/backlight/panel0-backlight/brightness
11-07 16:39:41.462  1352  1790 D libsensor-B2SNotifier: Backlight2SlpiNotifier brightness = 394
11-07 16:39:41.471   965  5029 D SurfaceFlinger: getHBMOverlayAlpha backlight=790, mFodSystemBacklight=902, mBrightnessBackup=790, mode=2
11-07 16:39:41.471   965  5029 D SurfaceFlinger: brightness=790; alpha=0.593793 mode=2
11-07 16:39:41.471   965  5029 D SurfaceFlinger: , previous mode:1
11-07 16:39:41.471   864   928 D DisplayFeatureHal: writeDCBacklight setting backlight to 394
11-07 16:39:41.476  1352  1790 D libsensor-B2SNotifier: Backlight2SlpiNotifier brightness = 394
11-07 16:39:41.477   864   928 D DisplayFeatureHal: successfully write 394 into /sys/class/backlight/panel0-backlight/brightness
11-07 16:39:41.482  1352  1790 D libsensor-B2SNotifier: Backlight2SlpiNotifier brightness = 394
11-07 16:39:41.486   965  5029 D SurfaceFlinger: getHBMOverlayAlpha backlight=791, mFodSystemBacklight=902, mBrightnessBackup=791, mode=2
11-07 16:39:41.486   965  5029 D SurfaceFlinger: brightness=791; alpha=0.593559 mode=2
11-07 16:39:41.486   965  5029 D SurfaceFlinger: , previous mode:1
11-07 16:39:41.486   864   928 D DisplayFeatureHal: writeDCBacklight setting backlight to 395
11-07 16:39:41.487 15815 15820 E subsystem_ramdump: Uevent msg overflow; ignoring
11-07 16:39:41.495  1352  1790 D libsensor-B2SNotifier: Backlight2SlpiNotifier brightness = 395
11-07 16:39:41.498   864   928 D DisplayFeatureHal: successfully write 395 into /sys/class/backlight/panel0-backlight/brightness
11-07 16:39:41.502   864   928 D DisplayFeatureHal: writeDCBacklight setting backlight to 395
11-07 16:39:41.503   965  5029 D SurfaceFlinger: getHBMOverlayAlpha backlight=792, mFodSystemBacklight=902, mBrightnessBackup=792, mode=2
11-07 16:39:41.503   965  5029 D SurfaceFlinger: brightness=792; alpha=0.593325 mode=2
11-07 16:39:41.503   965  5029 D SurfaceFlinger: , previous mode:1
11-07 16:39:41.504  1352  1790 D libsensor-B2SNotifier: Backlight2SlpiNotifier brightness = 395
11-07 16:39:41.508  1352  1790 D libsensor-B2SNotifier: Backlight2SlpiNotifier brightness = 395
11-07 16:39:41.508   864   928 D DisplayFeatureHal: successfully write 395 into /sys/class/backlight/panel0-backlight/brightness
11-07 16:39:41.516   965  5029 D SurfaceFlinger: getHBMOverlayAlpha backlight=793, mFodSystemBacklight=902, mBrightnessBackup=793, mode=2
11-07 16:39:41.517   965  5029 D SurfaceFlinger: brightness=793; alpha=0.593092 mode=2
11-07 16:39:41.517   965  5029 D SurfaceFlinger: , previous mode:1
11-07 16:39:41.517   864   928 D DisplayFeatureHal: writeDCBacklight setting backlight to 396
11-07 16:39:41.517  1352  1790 D libsensor-B2SNotifier: Backlight2SlpiNotifier brightness = 396
11-07 16:39:41.521  1352  1790 D libsensor-B2SNotifier: Backlight2SlpiNotifier brightness = 396
11-07 16:39:41.522   864   928 D DisplayFeatureHal: successfully write 396 into /sys/class/backlight/panel0-backlight/brightness
11-07 16:39:41.525 15815 15820 E subsystem_ramdump: Uevent msg overflow; ignoring
11-07 16:39:41.526  1352  1790 D libsensor-B2SNotifier: Backlight2SlpiNotifier brightness = 396
11-07 16:39:41.530   822   822 W health@2.0-serv: type=1400 audit(0.0:2577558): avc: denied { search } for name="wireless" dev="sysfs" ino=77885 scontext=u:r:hal_health_default:s0 tcontext=u:object_r:sysfs_wireless_supply:s0 tclass=dir permissive=0
11-07 16:39:41.534   965  5029 D SurfaceFlinger: getHBMOverlayAlpha backlight=794, mFodSystemBacklight=902, mBrightnessBackup=794, mode=2
11-07 16:39:41.534   965  5029 D SurfaceFlinger: brightness=794; alpha=0.592859 mode=2
11-07 16:39:41.534   965  5029 D SurfaceFlinger: , previous mode:1
11-07 16:39:41.535   864   928 D DisplayFeatureHal: writeDCBacklight setting backlight to 396
11-07 16:39:41.530   822   822 W health@2.0-serv: type=1400 audit(0.0:2577559): avc: denied { search } for name="idt" dev="sysfs" ino=64886 scontext=u:r:hal_health_default:s0 tcontext=u:object_r:sysfs_wireless_supply:s0 tclass=dir permissive=0
11-07 16:39:41.537  4162  4162 D KeyguardUpdateMonitor: received broadcast android.intent.action.BATTERY_CHANGED
11-07 16:39:41.539  1352  1790 D libsensor-B2SNotifier: Backlight2SlpiNotifier brightness = 396
11-07 16:39:41.539  6335  6335 I BatteryInfoReceiver: ACTION_BATTERY_CHANGED
11-07 16:39:41.539  4529  4529 D NetworkSpeedTracker: receive actionandroid.intent.action.BATTERY_CHANGED
11-07 16:39:41.539  4529  4529 D NetworkSpeedTracker: onReceive ACTION_BATTERY_CHANGED mBatteryLevel = 74;mIsCharging =true
11-07 16:39:41.540  7638  7817 D PowerCheckerService: onBatteryChanged, mBatteryLevel = 74, status = 2, level = 74, plug = 2, scale = 100
11-07 16:39:41.542   864   928 D DisplayFeatureHal: successfully write 396 into /sys/class/backlight/panel0-backlight/brightness
11-07 16:39:41.547  1352  1790 D libsensor-B2SNotifier: Backlight2SlpiNotifier brightness = 396
11-07 16:39:41.550   864   928 D DisplayFeatureHal: writeDCBacklight setting backlight to 397
11-07 16:39:41.550   965  5029 D SurfaceFlinger: getHBMOverlayAlpha backlight=795, mFodSystemBacklight=902, mBrightnessBackup=795, mode=2
11-07 16:39:41.550   965  5029 D SurfaceFlinger: brightness=795; alpha=0.592626 mode=2
11-07 16:39:41.550   965  5029 D SurfaceFlinger: , previous mode:1
11-07 16:39:41.553  1352  1790 D libsensor-B2SNotifier: Backlight2SlpiNotifier brightness = 397
11-07 16:39:41.555   864   928 D DisplayFeatureHal: successfully write 397 into /sys/class/backlight/panel0-backlight/brightness
11-07 16:39:41.557  1352  1790 D libsensor-B2SNotifier: Backlight2SlpiNotifier brightness = 397
11-07 16:39:41.558   822   822 W health@2.0-serv: type=1400 audit(0.0:2577560): avc: denied { search } for name="wireless" dev="sysfs" ino=77885 scontext=u:r:hal_health_default:s0 tcontext=u:object_r:sysfs_wireless_supply:s0 tclass=dir permissive=0
11-07 16:39:41.558   822   822 W health@2.0-serv: type=1400 audit(0.0:2577561): avc: denied { search } for name="idt" dev="sysfs" ino=64886 scontext=u:r:hal_health_default:s0 tcontext=u:object_r:sysfs_wireless_supply:s0 tclass=dir permissive=0
11-07 16:39:41.567   965  5029 D SurfaceFlinger: getHBMOverlayAlpha backlight=796, mFodSystemBacklight=902, mBrightnessBackup=796, mode=2
11-07 16:39:41.567   965  5029 D SurfaceFlinger: brightness=796; alpha=0.592393 mode=2
11-07 16:39:41.567   965  5029 D SurfaceFlinger: , previous mode:1
11-07 16:39:41.568   864   928 D DisplayFeatureHal: writeDCBacklight setting backlight to 397
11-07 16:39:41.569  1352  1790 D libsensor-B2SNotifier: Backlight2SlpiNotifier brightness = 397
11-07 16:39:41.572   864   928 D DisplayFeatureHal: successfully write 397 into /sys/class/backlight/panel0-backlight/brightness
11-07 16:39:41.576  1352  1790 D libsensor-B2SNotifier: Backlight2SlpiNotifier brightness = 397
11-07 16:39:41.584   965  5029 D SurfaceFlinger: getHBMOverlayAlpha backlight=797, mFodSystemBacklight=902, mBrightnessBackup=797, mode=2
11-07 16:39:41.584   965  5029 D SurfaceFlinger: brightness=797; alpha=0.592161 mode=2
11-07 16:39:41.584   965  5029 D SurfaceFlinger: , previous mode:1
11-07 16:39:41.585   864   928 D DisplayFeatureHal: writeDCBacklight setting backlight to 398
11-07 16:39:41.587  1352  1790 D libsensor-B2SNotifier: Backlight2SlpiNotifier brightness = 398
11-07 16:39:41.588   864   928 D DisplayFeatureHal: successfully write 398 into /sys/class/backlight/panel0-backlight/brightness
11-07 16:39:41.592  1352  1790 D libsensor-B2SNotifier: Backlight2SlpiNotifier brightness = 398
11-07 16:39:41.599   965  5029 D SurfaceFlinger: getHBMOverlayAlpha backlight=798, mFodSystemBacklight=902, mBrightnessBackup=798, mode=2
11-07 16:39:41.599   965  5029 D SurfaceFlinger: brightness=798; alpha=0.591928 mode=2
11-07 16:39:41.599   965  5029 D SurfaceFlinger: , previous mode:1
11-07 16:39:41.600   864   928 D DisplayFeatureHal: writeDCBacklight setting backlight to 398
11-07 16:39:41.601  1352  1790 D libsensor-B2SNotifier: Backlight2SlpiNotifier brightness = 398
11-07 16:39:41.603   864   928 D DisplayFeatureHal: successfully write 398 into /sys/class/backlight/panel0-backlight/brightness
11-07 16:39:41.606  1352  1790 D libsensor-B2SNotifier: Backlight2SlpiNotifier brightness = 398
11-07 16:39:41.615   965  5029 D SurfaceFlinger: getHBMOverlayAlpha backlight=799, mFodSystemBacklight=902, mBrightnessBackup=799, mode=2
11-07 16:39:41.615   864   928 D DisplayFeatureHal: writeDCBacklight setting backlight to 399
