11-07 16:39:48.037   809 30207 D msm8974_platform: platform_split_snd_device: snd_device(2) num devices(1) new_snd_devices(0)
11-07 16:39:48.037   809 30207 D audio_hw_utils: audio_extn_btsco_get_sample_rate:Not a BT SCO device, need not update sampling rate
11-07 16:39:48.037   809 30207 D ACDB-LOADER: ACDB -> send_audio_cal, acdb_id = 10011, path = 0, app id = 0x11131, sample rate = 48000, afe_sample_rate = 48000
11-07 16:39:48.037   809 30207 D ACDB-LOADER: ACDB -> send_asm_topology
11-07 16:39:48.037   809 30207 D ACDB-LOADER: ACDB -> ACDB_CMD_GET_AUDPROC_STREAM_TOPOLOGY_ID
11-07 16:39:48.037   809 30207 D ACDB-LOADER: ACDB -> send_adm_topology
11-07 16:39:48.037   809 30207 D ACDB-LOADER: ACDB -> ACDB_CMD_GET_AUDPROC_COMMON_TOPOLOGY_ID
11-07 16:39:48.037   809 30207 D ACDB-LOADER: ACDB -> send_audtable
11-07 16:39:48.037   809 30207 D ACDB-LOADER: ACDB -> ACDB_CMD_GET_AUDPROC_INSTANCE_COMMON_TABLE_SIZE
11-07 16:39:48.037   809 30207 D ACDB-LOADER: ACDB -> ACDB_CMD_GET_AUDPROC_INSTANCE_COMMON_TABLE
11-07 16:39:48.037   809 30207 D ACDB-LOADER: ACDB -> AUDIO_SET_AUDPROC_CAL cal_type[11] acdb_id[10011] app_type[69937]
11-07 16:39:48.037   809 30207 D ACDB-LOADER: ACDB -> send_audvoltable
11-07 16:39:48.037   809 30207 D ACDB-LOADER: ACDB -> ACDB_CMD_GET_AUDPROC_INSTANCE_GAIN_DEP_STEP_TABLE_SIZE
11-07 16:39:48.037   809 30207 D         : Failed to fetch the lookup information of the device 0000271B 
11-07 16:39:48.037   809 30207 D ACDB-LOADER: Error: ACDB_CMD_GET_AUDPROC_INSTANCE_GAIN_DEP_STEP_TABLE_SIZE Returned = -19
11-07 16:39:48.037   809 30207 D ACDB-LOADER: ACDB -> ACDB_CMD_GET_AUDPROC_INSTANCE_GAIN_DEP_STEP_TABLE, vol index 0
11-07 16:39:48.037   809 30207 D         : Failed to fetch the lookup information of the device 0000271B 
11-07 16:39:48.037   809 30207 D ACDB-LOADER: Error: ACDB AudProc vol returned = -19
11-07 16:39:48.037   809 30207 D ACDB-LOADER: ACDB -> AUDIO_SET_VOL_CAL cal type = 12
11-07 16:39:48.037   809 30207 D ACDB-LOADER: ACDB -> ACDB_CMD_GET_AUDPROC_INSTANCE_STREAM_TABLE_SIZE
11-07 16:39:48.037   809 30207 D ACDB-LOADER: ACDB -> send_audstrmtable
11-07 16:39:48.037   809 30207 D ACDB-LOADER: ACDB -> ACDB_CMD_GET_AUDPROC_INSTANCE_STREAM_TABLE
11-07 16:39:48.037   809 30207 D ACDB-LOADER: ACDB -> audstrm_cal->cal_type.cal_data.cal_size = 20
11-07 16:39:48.037   809 30207 D ACDB-LOADER: ACDB -> send_afe_topology
11-07 16:39:48.037   809 30207 D ACDB-LOADER: ACDB -> ACDB_CMD_GET_AFE_TOPOLOGY_ID
11-07 16:39:48.037   809 30207 D ACDB-LOADER: ACDB -> GET_AFE_TOPOLOGY_ID for adcd_id 10011, Topology Id 112fc
11-07 16:39:48.037   809 30207 D ACDB-LOADER: ACDB -> send_afe_cal
11-07 16:39:48.037   809 30207 D ACDB-LOADER: ACDB -> ACDB_CMD_GET_AFE_INSTANCE_COMMON_TABLE_SIZE
11-07 16:39:48.037   809 30207 D         : Failed to fetch the lookup information of the device 0000271B 
11-07 16:39:48.037   809 30207 D ACDB-LOADER: Error: ACDB_CMD_GET_AFE_INSTANCE_COMMON_TABLE_SIZE Returned = -19
11-07 16:39:48.037   809 30207 D ACDB-LOADER: ACDB -> ACDB_CMD_GET_AFE_INSTANCE_COMMON_TABLE
11-07 16:39:48.037   809 30207 D         : Failed to fetch the lookup information of the device 0000271B 
11-07 16:39:48.037   809 30207 D ACDB-LOADER: Error: ACDB AFE returned = -19
11-07 16:39:48.037   809 30207 D ACDB-LOADER: ACDB -> AUDIO_SET_AFE_CAL cal_type[16] acdb_id[10011]
11-07 16:39:48.037   809 30207 D ACDB-LOADER: ACDB -> send_hw_delay : acdb_id = 10011 path = 0
11-07 16:39:48.037   809 30207 D ACDB-LOADER: ACDB -> ACDB_AVSYNC_INFO: ACDB_CMD_GET_DEVICE_PROPERTY
11-07 16:39:48.037   809 30207 D msm8974_platform: platform_split_snd_device: snd_device(2) num devices(0) new_snd_devices(0)
11-07 16:39:48.037   809 30207 I msm8974_platform: platform_get_custom_mtmx_params: no matching param with id 0 ip_ch 2 op_ch 2 uc_id 1 snd_dev 2
11-07 16:39:48.037   809 30207 D audio_hw_primary: enable_audio_route: apply mixer and update path: low-latency-playback speaker
11-07 16:39:48.037   809 30207 D audio_route: Apply path: low-latency-playback speaker
11-07 16:39:48.038   809 30207 D send_data_to_xlog: send_misound_data_to_xlog: enter: usecase(1)
11-07 16:39:48.038   809 30207 D ultrasound_extn: ultrasound_select_devices_post: enter: engine_suspended: 0
11-07 16:39:48.038   809 30207 D ultrasound_extn: dump_usecase_list: enter sensor_activated:0 hw_port_enabled:0
11-07 16:39:48.038   809 30207 D ultrasound_extn: dump_usecase_list: select_devices_post usecase[#0]:(1, low-latency-playback) in_dev:(0, ) out_dv:(2, speaker)
11-07 16:39:48.038   809 30207 D audio_hw_primary: select_devices: done
11-07 16:39:48.039  1352  1790 D libsensor-B2SNotifier: Backlight2SlpiNotifier brightness = 604
11-07 16:39:48.043 25395 25768 E FFMPEG  : home render
11-07 16:39:48.044   864   928 D DisplayFeatureHal: successfully write 604 into /sys/class/backlight/panel0-backlight/brightness
11-07 16:39:48.045  1352  1790 D libsensor-B2SNotifier: Backlight2SlpiNotifier brightness = 604
11-07 16:39:48.052   965  5029 D SurfaceFlinger: getHBMOverlayAlpha backlight=1212, mFodSystemBacklight=902, mBrightnessBackup=1212, mode=2
11-07 16:39:48.052   965  5029 D SurfaceFlinger: brightness=1212; alpha=0.506557 mode=2
11-07 16:39:48.052   965  5029 D SurfaceFlinger: , previous mode:1
11-07 16:39:48.053   864   928 D DisplayFeatureHal: writeDCBacklight setting backlight to 605
11-07 16:39:48.056  1352  1790 D libsensor-B2SNotifier: Backlight2SlpiNotifier brightness = 605
11-07 16:39:48.057   864   928 D DisplayFeatureHal: successfully write 605 into /sys/class/backlight/panel0-backlight/brightness
11-07 16:39:48.060  1352  1790 D libsensor-B2SNotifier: Backlight2SlpiNotifier brightness = 605
11-07 16:39:48.061 25395 25768 E FFMPEG  : home render
11-07 16:39:48.069   864   928 D DisplayFeatureHal: writeDCBacklight setting backlight to 606
11-07 16:39:48.069   965  5029 D SurfaceFlinger: getHBMOverlayAlpha backlight=1213, mFodSystemBacklight=902, mBrightnessBackup=1213, mode=2
11-07 16:39:48.069   965  5029 D SurfaceFlinger: brightness=1213; alpha=0.506372 mode=2
11-07 16:39:48.069   965  5029 D SurfaceFlinger: , previous mode:1
11-07 16:39:48.073  1352  1790 D libsensor-B2SNotifier: Backlight2SlpiNotifier brightness = 606
11-07 16:39:48.073  4162  4162 D NavBarTintController: onSampleCollected 1.0
11-07 16:39:48.073   864   928 D DisplayFeatureHal: successfully write 606 into /sys/class/backlight/panel0-backlight/brightness
11-07 16:39:48.076  1352  1790 D libsensor-B2SNotifier: Backlight2SlpiNotifier brightness = 606
11-07 16:39:48.077 25395 25768 E FFMPEG  : home render
11-07 16:39:48.084   965  5029 D SurfaceFlinger: getHBMOverlayAlpha backlight=1215, mFodSystemBacklight=902, mBrightnessBackup=1215, mode=2
11-07 16:39:48.084   965  5029 D SurfaceFlinger: brightness=1215; alpha=0.506003 mode=2
11-07 16:39:48.084   965  5029 D SurfaceFlinger: , previous mode:1
11-07 16:39:48.084   864   928 D DisplayFeatureHal: writeDCBacklight setting backlight to 607
11-07 16:39:48.090  1352  1790 D libsensor-B2SNotifier: Backlight2SlpiNotifier brightness = 607
11-07 16:39:48.090   864   928 D DisplayFeatureHal: successfully write 607 into /sys/class/backlight/panel0-backlight/brightness
11-07 16:39:48.095 25395 25768 E FFMPEG  : home render
11-07 16:39:48.096  1352  1790 D libsensor-B2SNotifier: Backlight2SlpiNotifier brightness = 607
11-07 16:39:48.101   965  5029 D SurfaceFlinger: getHBMOverlayAlpha backlight=1217, mFodSystemBacklight=902, mBrightnessBackup=1217, mode=2
11-07 16:39:48.101   965  5029 D SurfaceFlinger: brightness=1217; alpha=0.505633 mode=2
11-07 16:39:48.101   965  5029 D SurfaceFlinger: , previous mode:1
11-07 16:39:48.101   864   928 D DisplayFeatureHal: writeDCBacklight setting backlight to 608
11-07 16:39:48.106   864   928 D DisplayFeatureHal: successfully write 608 into /sys/class/backlight/panel0-backlight/brightness
11-07 16:39:48.106  1352  1790 D libsensor-B2SNotifier: Backlight2SlpiNotifier brightness = 608
11-07 16:39:48.113 25395 25768 E FFMPEG  : home render
11-07 16:39:48.116   809 30207 D msm8974_platform: platform_set_channel_map mixer_ctl_name:Playback Channel Map9
11-07 16:39:48.116   809 30207 D msm8974_platform: platform_set_channel_map: set mapping(1 2 0 0 0 0 0 0) for channel:2
11-07 16:39:48.118   864   928 D DisplayFeatureHal: writeDCBacklight setting backlight to 608
11-07 16:39:48.118   965  5029 D SurfaceFlinger: getHBMOverlayAlpha backlight=1218, mFodSystemBacklight=902, mBrightnessBackup=1218, mode=2
11-07 16:39:48.118   965  5029 D SurfaceFlinger: brightness=1218; alpha=0.505449 mode=2
11-07 16:39:48.118   965  5029 D SurfaceFlinger: , previous mode:1
11-07 16:39:48.118   809 30207 D audio_hw_primary: start_output_stream: exit
11-07 16:39:48.118   809 30207 V msm8974_platform: platform_set_parameters: enter: cal_persist=0;cal_devid=2;cal_moduleid=0x1000a100;cal_caltype=0;cal_instanceid=0x0;cal_apptype=69940;cal_paramid=0x1000a110;cal_topoid=0x1000a100;cal_samplerate=48000;cal_data=AAAAAA==
11-07 16:39:48.118   809 30207 D msm8974_platform: Setting audio calibration for snd_device(2) acdb_id(10011)
11-07 16:39:48.118   809 30207 E ACDB-LOADER: [acdb_loader_adsp_set_audio_cal] active device/stream not found (result=-100) for topology 0x1000a100 and apptype 0x11134
11-07 16:39:48.118   809 30207 E ACDB-LOADER: [acdb_loader_adsp_set_audio_cal] set parameters failed with status -100
11-07 16:39:48.119   809 30207 D audio_hw_hfp: hfp_set_parameters: enter
11-07 16:39:48.119   809 30207 V msm8974_platform: platform_set_parameters: enter: cal_persist=0;cal_devid=2;cal_moduleid=0x1000a100;cal_caltype=0;cal_instanceid=0x0;cal_apptype=69937;cal_paramid=0x1000a110;cal_topoid=0x1000a106;cal_samplerate=48000;cal_data=AAAAAA==
11-07 16:39:48.119   809 30207 D msm8974_platform: Setting audio calibration for snd_device(2) acdb_id(10011)
11-07 16:39:48.119   809 30207 D audio_hw_hfp: hfp_set_parameters: enter
11-07 16:39:48.119   809 30207 V msm8974_platform: platform_set_parameters: enter: cal_persist=0;cal_devid=2;cal_moduleid=0x1000a100;cal_caltype=0;cal_instanceid=0x0;cal_apptype=69937;cal_paramid=0x1000a114;cal_topoid=0x1000a106;cal_samplerate=48000;cal_data=AAAAAA==
11-07 16:39:48.119   809 30207 D msm8974_platform: Setting audio calibration for snd_device(2) acdb_id(10011)
11-07 16:39:48.119   809 30207 D audio_hw_hfp: hfp_set_parameters: enter
11-07 16:39:48.119   809 30207 D audio_hw_primary: check_and_set_karaok_parameters: is karaok rx device 0, is karaok tx device 0
11-07 16:39:48.119   809 30207 D audio_hw_primary: out_write: retry previous failed cal level set
11-07 16:39:48.119   809 30207 D msm8974_platform: platform_split_snd_device: snd_device(2) num devices(1) new_snd_devices(0)
11-07 16:39:48.119   809 30207 D ACDB-LOADER: ACDB -> send_audvoltable
11-07 16:39:48.119   809 30207 D ACDB-LOADER: ACDB -> ACDB_CMD_GET_AUDPROC_INSTANCE_GAIN_DEP_STEP_TABLE_SIZE
11-07 16:39:48.119   809 30207 D         : Failed to fetch the lookup information of the device 0000271B 
11-07 16:39:48.119   809 30207 D ACDB-LOADER: Error: ACDB_CMD_GET_AUDPROC_INSTANCE_GAIN_DEP_STEP_TABLE_SIZE Returned = -19
11-07 16:39:48.120   809 30207 D ACDB-LOADER: ACDB -> ACDB_CMD_GET_AUDPROC_INSTANCE_GAIN_DEP_STEP_TABLE, vol index 5
11-07 16:39:48.120   809 30207 D         : Failed to fetch the lookup information of the device 0000271B 
11-07 16:39:48.120   809 30207 D ACDB-LOADER: Error: ACDB AudProc vol returned = -19
11-07 16:39:48.120   809 30207 D ACDB-LOADER: ACDB -> AUDIO_SET_VOL_CAL cal type = 40
11-07 16:39:48.125   864   928 D DisplayFeatureHal: successfully write 608 into /sys/class/backlight/panel0-backlight/brightness
11-07 16:39:48.125  1352  1790 D libsensor-B2SNotifier: Backlight2SlpiNotifier brightness = 608
11-07 16:39:48.130 25395 25768 E FFMPEG  : home render
11-07 16:39:48.135   965  5029 D SurfaceFlinger: getHBMOverlayAlpha backlight=1220, mFodSystemBacklight=902, mBrightnessBackup=1220, mode=2
11-07 16:39:48.135   965  5029 D SurfaceFlinger: brightness=1220; alpha=0.505080 mode=2
11-07 16:39:48.135   965  5029 D SurfaceFlinger: , previous mode:1
11-07 16:39:48.136   864   928 D DisplayFeatureHal: writeDCBacklight setting backlight to 609
11-07 16:39:48.139   864   928 D DisplayFeatureHal: successfully write 609 into /sys/class/backlight/panel0-backlight/brightness
11-07 16:39:48.140   809   936 D msm8974_platform: platform_split_snd_device: snd_device(2) num devices(1) new_snd_devices(0)
11-07 16:39:48.140  1352  1790 D libsensor-B2SNotifier: Backlight2SlpiNotifier brightness = 609
11-07 16:39:48.141 25395 25778 E FFMPEG  : audio clock 8910.283800
11-07 16:39:48.146 25395 25768 E FFMPEG  : home render
11-07 16:39:48.155   965  5029 D SurfaceFlinger: getHBMOverlayAlpha backlight=1221, mFodSystemBacklight=902, mBrightnessBackup=1221, mode=2
11-07 16:39:48.155   965  5029 D SurfaceFlinger: brightness=1221; alpha=0.504895 mode=2
11-07 16:39:48.155   965  5029 D SurfaceFlinger: , previous mode:1
11-07 16:39:48.155   864   928 D DisplayFeatureHal: writeDCBacklight setting backlight to 610
11-07 16:39:48.157   864   928 D DisplayFeatureHal: successfully write 610 into /sys/class/backlight/panel0-backlight/brightness
11-07 16:39:48.157  1352  1790 D libsensor-B2SNotifier: Backlight2SlpiNotifier brightness = 610
11-07 16:39:48.162 25395 25768 E FFMPEG  : home render
11-07 16:39:48.163 25395 25778 E FFMPEG  : audio clock 8910.305133
11-07 16:39:48.168   864   928 D DisplayFeatureHal: writeDCBacklight setting backlight to 611
11-07 16:39:48.168   965  5029 D SurfaceFlinger: getHBMOverlayAlpha backlight=1223, mFodSystemBacklight=902, mBrightnessBackup=1223, mode=2
11-07 16:39:48.168   965  5029 D SurfaceFlinger: brightness=1223; alpha=0.504527 mode=2
11-07 16:39:48.168   965  5029 D SurfaceFlinger: , previous mode:1
11-07 16:39:48.173   864   928 D DisplayFeatureHal: successfully write 611 into /sys/class/backlight/panel0-backlight/brightness
11-07 16:39:48.173  1352  1790 D libsensor-B2SNotifier: Backlight2SlpiNotifier brightness = 611
11-07 16:39:48.179 25395 25768 E FFMPEG  : home render
11-07 16:39:48.180  4162  4162 D NavBarTintController: onSampleCollected 1.0
11-07 16:39:48.183 25395 25778 E FFMPEG  : audio clock 8910.326467
11-07 16:39:48.185   965  5029 D SurfaceFlinger: getHBMOverlayAlpha backlight=1224, mFodSystemBacklight=902, mBrightnessBackup=1224, mode=2
11-07 16:39:48.186   965  5029 D SurfaceFlinger: brightness=1224; alpha=0.504343 mode=2
11-07 16:39:48.186   965  5029 D SurfaceFlinger: , previous mode:1
11-07 16:39:48.186   864   928 D DisplayFeatureHal: writeDCBacklight setting backlight to 611
11-07 16:39:48.189   864   928 D DisplayFeatureHal: successfully write 611 into /sys/class/backlight/panel0-backlight/brightness
11-07 16:39:48.190  1352  1790 D libsensor-B2SNotifier: Backlight2SlpiNotifier brightness = 611
11-07 16:39:48.195 25395 25768 E FFMPEG  : home render
11-07 16:39:48.201   965  5029 D SurfaceFlinger: getHBMOverlayAlpha backlight=1226, mFodSystemBacklight=902, mBrightnessBackup=1226, mode=2
11-07 16:39:48.201   965  5029 D SurfaceFlinger: brightness=1226; alpha=0.503975 mode=2
11-07 16:39:48.201   965  5029 D SurfaceFlinger: , previous mode:1
11-07 16:39:48.201   864   928 D DisplayFeatureHal: writeDCBacklight setting backlight to 612
11-07 16:39:48.203 25395 25778 E FFMPEG  : audio clock 8910.347800
11-07 16:39:48.208  1352  1790 D libsensor-B2SNotifier: Backlight2SlpiNotifier brightness = 612
11-07 16:39:48.212 25395 25768 E FFMPEG  : home render
11-07 16:39:48.213   864   928 D DisplayFeatureHal: successfully write 612 into /sys/class/backlight/panel0-backlight/brightness
11-07 16:39:48.214  1352  1790 D libsensor-B2SNotifier: Backlight2SlpiNotifier brightness = 612
11-07 16:39:48.218   864   928 D DisplayFeatureHal: writeDCBacklight setting backlight to 613
11-07 16:39:48.218   965  5029 D SurfaceFlinger: getHBMOverlayAlpha backlight=1228, mFodSystemBacklight=902, mBrightnessBackup=1228, mode=2
11-07 16:39:48.218   965  5029 D SurfaceFlinger: brightness=1228; alpha=0.503607 mode=2
11-07 16:39:48.218   965  5029 D SurfaceFlinger: , previous mode:1
11-07 16:39:48.223 25395 25778 E FFMPEG  : audio clock 8910.369133
11-07 16:39:48.224   864   928 D DisplayFeatureHal: successfully write 613 into /sys/class/backlight/panel0-backlight/brightness
11-07 16:39:48.224  1352  1790 D libsensor-B2SNotifier: Backlight2SlpiNotifier brightness = 613
11-07 16:39:48.230 25395 25768 E FFMPEG  : home render
11-07 16:39:48.234   965  5029 D SurfaceFlinger: getHBMOverlayAlpha backlight=1229, mFodSystemBacklight=902, mBrightnessBackup=1229, mode=2
11-07 16:39:48.234   864   928 D DisplayFeatureHal: writeDCBacklight setting backlight to 614
11-07 16:39:48.234   965  5029 D SurfaceFlinger: brightness=1229; alpha=0.503423 mode=2
11-07 16:39:48.234   965  5029 D SurfaceFlinger: , previous mode:1
11-07 16:39:48.240  1352  1790 D libsensor-B2SNotifier: Backlight2SlpiNotifier brightness = 614
11-07 16:39:48.240   864   928 D DisplayFeatureHal: successfully write 614 into /sys/class/backlight/panel0-backlight/brightness
11-07 16:39:48.243 25395 25778 E FFMPEG  : audio clock 8910.390467
11-07 16:39:48.245 25395 25768 E FFMPEG  : home render
11-07 16:39:48.250  1352  1790 D libsensor-B2SNotifier: Backlight2SlpiNotifier brightness = 614
11-07 16:39:48.252   965  5029 D SurfaceFlinger: getHBMOverlayAlpha backlight=1231, mFodSystemBacklight=902, mBrightnessBackup=1231, mode=2
11-07 16:39:48.252   965  5029 D SurfaceFlinger: brightness=1231; alpha=0.503056 mode=2
11-07 16:39:48.252   965  5029 D SurfaceFlinger: , previous mode:1
11-07 16:39:48.252   864   928 D DisplayFeatureHal: writeDCBacklight setting backlight to 615
11-07 16:39:48.256   864   928 D DisplayFeatureHal: successfully write 615 into /sys/class/backlight/panel0-backlight/brightness
11-07 16:39:48.257  1352  1790 D libsensor-B2SNotifier: Backlight2SlpiNotifier brightness = 615
11-07 16:39:48.263 25395 25778 E FFMPEG  : audio clock 8910.411800
11-07 16:39:48.264 25395 25768 E FFMPEG  : home render
11-07 16:39:48.270   864   928 D DisplayFeatureHal: writeDCBacklight setting backlight to 615
11-07 16:39:48.270   965  5029 D SurfaceFlinger: getHBMOverlayAlpha backlight=1232, mFodSystemBacklight=902, mBrightnessBackup=1232, mode=2
11-07 16:39:48.270   965  5029 D SurfaceFlinger: brightness=1232; alpha=0.502873 mode=2
11-07 16:39:48.270   965  5029 D SurfaceFlinger: , previous mode:1
11-07 16:39:48.273   864   928 D DisplayFeatureHal: successfully write 615 into /sys/class/backlight/panel0-backlight/brightness
11-07 16:39:48.273  1352  1790 D libsensor-B2SNotifier: Backlight2SlpiNotifier brightness = 615
11-07 16:39:48.279 25395 25768 E FFMPEG  : home render
11-07 16:39:48.283 25395 25778 E FFMPEG  : audio clock 8910.433133
11-07 16:39:48.287   965  5029 D SurfaceFlinger: getHBMOverlayAlpha backlight=1234, mFodSystemBacklight=902, mBrightnessBackup=1234, mode=2
11-07 16:39:48.287   864   928 D DisplayFeatureHal: writeDCBacklight setting backlight to 616
11-07 16:39:48.287   965  5029 D SurfaceFlinger: brightness=1234; alpha=0.502506 mode=2
11-07 16:39:48.287   965  5029 D SurfaceFlinger: , previous mode:1
11-07 16:39:48.289   864   928 D DisplayFeatureHal: successfully write 616 into /sys/class/backlight/panel0-backlight/brightness
11-07 16:39:48.291  1352  1790 D libsensor-B2SNotifier: Backlight2SlpiNotifier brightness = 616
11-07 16:39:48.295  4162  4162 D NavBarTintController: onSampleCollected 1.0
11-07 16:39:48.296 25395 25768 E FFMPEG  : home render
11-07 16:39:48.302   864   928 D DisplayFeatureHal: writeDCBacklight setting backlight to 617
11-07 16:39:48.302   965  5029 D SurfaceFlinger: getHBMOverlayAlpha backlight=1236, mFodSystemBacklight=902, mBrightnessBackup=1236, mode=2
11-07 16:39:48.302   965  5029 D SurfaceFlinger: brightness=1236; alpha=0.502140 mode=2
11-07 16:39:48.302   965  5029 D SurfaceFlinger: , previous mode:1
11-07 16:39:48.304 25395 25778 E FFMPEG  : audio clock 8910.454467
11-07 16:39:48.306   864   928 D DisplayFeatureHal: successfully write 617 into /sys/class/backlight/panel0-backlight/brightness
11-07 16:39:48.307  1352  1790 D libsensor-B2SNotifier: Backlight2SlpiNotifier brightness = 617
11-07 16:39:48.316 25395 25768 E FFMPEG  : home render
11-07 16:39:48.318   965  5029 D SurfaceFlinger: getHBMOverlayAlpha backlight=1237, mFodSystemBacklight=902, mBrightnessBackup=1237, mode=2
11-07 16:39:48.318   965  5029 D SurfaceFlinger: brightness=1237; alpha=0.501957 mode=2
11-07 16:39:48.318   965  5029 D SurfaceFlinger: , previous mode:1
11-07 16:39:48.318   864   928 D DisplayFeatureHal: writeDCBacklight setting backlight to 618
11-07 16:39:48.323 25395 25778 E FFMPEG  : audio clock 8910.475800
11-07 16:39:48.323  1352  1790 D libsensor-B2SNotifier: Backlight2SlpiNotifier brightness = 618
11-07 16:39:48.324   864   928 D DisplayFeatureHal: successfully write 618 into /sys/class/backlight/panel0-backlight/brightness
11-07 16:39:48.330  1352  1790 D libsensor-B2SNotifier: Backlight2SlpiNotifier brightness = 618
11-07 16:39:48.330 25395 25768 E FFMPEG  : home render
11-07 16:39:48.336   864   928 D DisplayFeatureHal: writeDCBacklight setting backlight to 619
11-07 16:39:48.337   965  5029 D SurfaceFlinger: getHBMOverlayAlpha backlight=1239, mFodSystemBacklight=902, mBrightnessBackup=1239, mode=2
11-07 16:39:48.337   965  5029 D SurfaceFlinger: brightness=1239; alpha=0.501591 mode=2
11-07 16:39:48.337   965  5029 D SurfaceFlinger: , previous mode:1
11-07 16:39:48.340   864   928 D DisplayFeatureHal: successfully write 619 into /sys/class/backlight/panel0-backlight/brightness
11-07 16:39:48.340  1352  1790 D libsensor-B2SNotifier: Backlight2SlpiNotifier brightness = 619
11-07 16:39:48.343 25395 25778 E FFMPEG  : audio clock 8910.497133
11-07 16:39:48.346 25395 25768 E FFMPEG  : home render
11-07 16:39:48.352   864   928 D DisplayFeatureHal: writeDCBacklight setting backlight to 619
11-07 16:39:48.353   965  5029 D SurfaceFlinger: getHBMOverlayAlpha backlight=1240, mFodSystemBacklight=902, mBrightnessBackup=1240, mode=2
11-07 16:39:48.353   965  5029 D SurfaceFlinger: brightness=1240; alpha=0.501408 mode=2
11-07 16:39:48.353   965  5029 D SurfaceFlinger: , previous mode:1
11-07 16:39:48.356  1612  4006 D NtpTrustedTime: currentTimeMillis() cache hit
11-07 16:39:48.356   864   928 D DisplayFeatureHal: successfully write 619 into /sys/class/backlight/panel0-backlight/brightness
11-07 16:39:48.357   683 13268 I netd    : trafficSwapActiveStatsMap() <0.57ms>
11-07 16:39:48.357  1352  1790 D libsensor-B2SNotifier: Backlight2SlpiNotifier brightness = 619
11-07 16:39:48.359   683 13268 I netd    : tetherGetStats() <1.42ms>
11-07 16:39:48.364 25395 25778 E FFMPEG  : audio clock 8910.518467
11-07 16:39:48.365 25395 25768 E FFMPEG  : home render
11-07 16:39:48.371   965  5029 D SurfaceFlinger: getHBMOverlayAlpha backlight=1242, mFodSystemBacklight=902, mBrightnessBackup=1242, mode=2
11-07 16:39:48.371   965  5029 D SurfaceFlinger: brightness=1242; alpha=0.501043 mode=2
11-07 16:39:48.371   965  5029 D SurfaceFlinger: , previous mode:1
11-07 16:39:48.371   864   928 D DisplayFeatureHal: writeDCBacklight setting backlight to 620
11-07 16:39:48.373   864   928 D DisplayFeatureHal: successfully write 620 into /sys/class/backlight/panel0-backlight/brightness
11-07 16:39:48.373  1352  1790 D libsensor-B2SNotifier: Backlight2SlpiNotifier brightness = 620
11-07 16:39:48.381  1612  4006 D NtpTrustedTime: currentTimeMillis() cache hit
11-07 16:39:48.382 25395 25768 E FFMPEG  : home render
11-07 16:39:48.383   683 13268 I netd    : bandwidthSetGlobalAlert(131072) <0.15ms>
11-07 16:39:48.384 25395 25778 E FFMPEG  : audio clock 8910.539800
11-07 16:39:48.384   864   928 D DisplayFeatureHal: writeDCBacklight setting backlight to 621
11-07 16:39:48.384  6335  7460 I TrafficManageService: mina mTrafficStatsReceiver onReceive
11-07 16:39:48.386   965  5029 D SurfaceFlinger: getHBMOverlayAlpha backlight=1244, mFodSystemBacklight=902, mBrightnessBackup=1244, mode=2
11-07 16:39:48.386   965  5029 D SurfaceFlinger: brightness=1244; alpha=0.500678 mode=2
11-07 16:39:48.386   965  5029 D SurfaceFlinger: , previous mode:1
11-07 16:39:48.390   864   928 D DisplayFeatureHal: successfully write 621 into /sys/class/backlight/panel0-backlight/brightness
11-07 16:39:48.394  1352  1790 D libsensor-B2SNotifier: Backlight2SlpiNotifier brightness = 621
11-07 16:39:48.394 25395 25768 E FFMPEG  : home render
11-07 16:39:48.403   965  5029 D SurfaceFlinger: getHBMOverlayAlpha backlight=1245, mFodSystemBacklight=902, mBrightnessBackup=1245, mode=2
11-07 16:39:48.403   864   928 D DisplayFeatureHal: writeDCBacklight setting backlight to 622
11-07 16:39:48.403   965  5029 D SurfaceFlinger: brightness=1245; alpha=0.500495 mode=2
11-07 16:39:48.403   965  5029 D SurfaceFlinger: , previous mode:1
11-07 16:39:48.404 25395 25778 E FFMPEG  : audio clock 8910.561133
11-07 16:39:48.406   864   928 D DisplayFeatureHal: successfully write 622 into /sys/class/backlight/panel0-backlight/brightness
11-07 16:39:48.407  1352  1790 D libsensor-B2SNotifier: Backlight2SlpiNotifier brightness = 622
11-07 16:39:48.410  4162  4162 D NavBarTintController: onSampleCollected 1.0
11-07 16:39:48.413 25395 25768 E FFMPEG  : home render
11-07 16:39:48.419   864   928 D DisplayFeatureHal: writeDCBacklight setting backlight to 623
11-07 16:39:48.420   965  5029 D SurfaceFlinger: getHBMOverlayAlpha backlight=1247, mFodSystemBacklight=902, mBrightnessBackup=1247, mode=2
11-07 16:39:48.420   965  5029 D SurfaceFlinger: brightness=1247; alpha=0.500131 mode=2
11-07 16:39:48.420   965  5029 D SurfaceFlinger: , previous mode:1
11-07 16:39:48.423   864   928 D DisplayFeatureHal: successfully write 623 into /sys/class/backlight/panel0-backlight/brightness
11-07 16:39:48.423  1352  1790 D libsensor-B2SNotifier: Backlight2SlpiNotifier brightness = 623
11-07 16:39:48.431 25395 25768 E FFMPEG  : home render
11-07 16:39:48.434   965  5029 D SurfaceFlinger: getHBMOverlayAlpha backlight=1248, mFodSystemBacklight=902, mBrightnessBackup=1248, mode=2
11-07 16:39:48.434   965  5029 D SurfaceFlinger: brightness=1248; alpha=0.499948 mode=2
11-07 16:39:48.434   965  5029 D SurfaceFlinger: , previous mode:1
11-07 16:39:48.436   864   928 D DisplayFeatureHal: writeDCBacklight setting backlight to 623
11-07 16:39:48.440   864   928 D DisplayFeatureHal: successfully write 623 into /sys/class/backlight/panel0-backlight/brightness
11-07 16:39:48.440  1352  1790 D libsensor-B2SNotifier: Backlight2SlpiNotifier brightness = 623
11-07 16:39:48.444 25395 25778 E FFMPEG  : audio clock 8910.582467
11-07 16:39:48.450 25395 25768 E FFMPEG  : home render
11-07 16:39:48.452   965  5029 D SurfaceFlinger: getHBMOverlayAlpha backlight=1250, mFodSystemBacklight=902, mBrightnessBackup=1250, mode=2
11-07 16:39:48.452   965  5029 D SurfaceFlinger: brightness=1250; alpha=0.499584 mode=2
11-07 16:39:48.452   965  5029 D SurfaceFlinger: , previous mode:1
11-07 16:39:48.454   864   928 D DisplayFeatureHal: writeDCBacklight setting backlight to 624
11-07 16:39:48.457   864   928 D DisplayFeatureHal: successfully write 624 into /sys/class/backlight/panel0-backlight/brightness
11-07 16:39:48.457  1352  1790 D libsensor-B2SNotifier: Backlight2SlpiNotifier brightness = 624
11-07 16:39:48.464 25395 25778 E FFMPEG  : audio clock 8910.603800
11-07 16:39:48.466 25395 25768 E FFMPEG  : home render
11-07 16:39:48.469   965  5029 D SurfaceFlinger: getHBMOverlayAlpha backlight=1252, mFodSystemBacklight=902, mBrightnessBackup=1252, mode=2
11-07 16:39:48.469   965  5029 D SurfaceFlinger: brightness=1252; alpha=0.499220 mode=2
11-07 16:39:48.469   965  5029 D SurfaceFlinger: , previous mode:1
11-07 16:39:48.469   864   928 D DisplayFeatureHal: writeDCBacklight setting backlight to 625
11-07 16:39:48.474   864   928 D DisplayFeatureHal: successfully write 625 into /sys/class/backlight/panel0-backlight/brightness
11-07 16:39:48.474  1352  1790 D libsensor-B2SNotifier: Backlight2SlpiNotifier brightness = 625
11-07 16:39:48.482 25395 25768 E FFMPEG  : home render
11-07 16:39:48.485 25395 25778 E FFMPEG  : audio clock 8910.625133
11-07 16:39:48.487   965  5029 D SurfaceFlinger: getHBMOverlayAlpha backlight=1253, mFodSystemBacklight=902, mBrightnessBackup=1253, mode=2
11-07 16:39:48.487   965  5029 D SurfaceFlinger: brightness=1253; alpha=0.499039 mode=2
11-07 16:39:48.487   965  5029 D SurfaceFlinger: , previous mode:1
11-07 16:39:48.487   864   928 D DisplayFeatureHal: writeDCBacklight setting backlight to 626
11-07 16:39:48.490   864   928 D DisplayFeatureHal: successfully write 626 into /sys/class/backlight/panel0-backlight/brightness
11-07 16:39:48.491  1352  1790 D libsensor-B2SNotifier: Backlight2SlpiNotifier brightness = 626
11-07 16:39:48.498   831 23210 I WifiHAL : event received NL80211_CMD_VENDOR, vendor_id = 0x1374, subcmd = 0xa
11-07 16:39:48.499  1212  1212 I cnss-daemon: nl80211 response handler invoked
11-07 16:39:48.499  1212  1212 I cnss-daemon: nl80211_response_handler: cmd 103, vendorID 4980, subcmd 10  received
11-07 16:39:48.500 25395 25768 E FFMPEG  : home render
11-07 16:39:48.501 23200 23200 I wpa_supplicant: p2p0: CTRL-EVENT-AVOID-FREQ ranges=
11-07 16:39:48.501 23200 23200 I wpa_supplicant: p2p0: CTRL-EVENT-REGDOM-CHANGE init=DRIVER type=COUNTRY alpha2=CN
11-07 16:39:48.502  1612  1755 I BackLightController:  grayScale = 0.6 factor = 1.0 inBrightness = 1254 outBrightness = 1254
11-07 16:39:48.504   965  5029 D SurfaceFlinger: getHBMOverlayAlpha backlight=1254, mFodSystemBacklight=902, mBrightnessBackup=1254, mode=2
11-07 16:39:48.504 25395 25778 E FFMPEG  : audio clock 8910.646467
11-07 16:39:48.504   965  5029 D SurfaceFlinger: brightness=1254; alpha=0.498857 mode=2
11-07 16:39:48.504   965  5029 D SurfaceFlinger: , previous mode:1
11-07 16:39:48.505   864   928 D DisplayFeatureHal: writeDCBacklight setting backlight to 626
11-07 16:39:48.507   864   928 D DisplayFeatureHal: successfully write 626 into /sys/class/backlight/panel0-backlight/brightness
11-07 16:39:48.508  1352  1790 D libsensor-B2SNotifier: Backlight2SlpiNotifier brightness = 626
11-07 16:39:48.515 25395 25768 E FFMPEG  : home render
11-07 16:39:48.524 25395 25778 E FFMPEG  : audio clock 8910.667800
11-07 16:39:48.525 15815 15820 E subsystem_ramdump: Uevent msg overflow; ignoring
11-07 16:39:48.527  4162  4162 D NavBarTintController: onSampleCollected 1.0
11-07 16:39:48.529 10414 10540 V Avrcp_ext: AvrcpMessageHandler: received message=29
11-07 16:39:48.529 10414 10540 V Avrcp_ext: updateCurrentMediaState: mMediaController: null
11-07 16:39:48.529 10414 10540 V Avrcp_ext: isMusicActive: true getBluetoothPlayState: 2
11-07 16:39:48.529 10414 10540 V Avrcp_ext: updateCurrentMediaState: isPlaying = false
11-07 16:39:48.529 10414 10540 V Avrcp_ext: updateCurrentMediaState: mMediaController or getPlaybackState() null
11-07 16:39:48.529 10414 10540 V Avrcp_ext: Media update: id -1-1? [MediaAttributes: none] : [MediaAttributes: none]
11-07 16:39:48.530 10414 10540 V Avrcp_ext: newPlayStatus:2mReportedPlayStatus:-1
11-07 16:39:48.530 10414 10540 V Avrcp_ext: updatePlaybackState, state: PlaybackState {state=2, position=-1, buffered position=0, speed=0.0, updated=1055157612, actions=0, custom actions=[], active item id=-1, error=null} device: null
11-07 16:39:48.530 10414 10540 V Avrcp_ext: Device: no name: 
11-07 16:39:48.530 10414 10540 I chatty  : uid=1002(bluetooth) BluetoothAvrcpH identical 3 lines
11-07 16:39:48.530 10414 10540 V Avrcp_ext: Device: no name: 
11-07 16:39:48.530 10414 10540 V Avrcp_ext: updatePlayerStateAndPosition, old=PlaybackState {state=2, position=-1, buffered position=0, speed=0.0, updated=1055157109, actions=0, custom actions=[], active item id=-1, error=null}, state=PlaybackState {state=2, position=-1, buffered position=0, speed=0.0, updated=1055157612, actions=0, custom actions=[], active item id=-1, error=null}
11-07 16:39:48.530 10414 10540 V Avrcp_ext: old state = PlaybackState {state=2, position=-1, buffered position=0, speed=0.0, updated=1055157109, actions=0, custom actions=[], active item id=-1, error=null}, new state= PlaybackState {state=2, position=-1, buffered position=0, speed=0.0, updated=1055157612, actions=0, custom actions=[], active item id=-1, error=null}
11-07 16:39:48.530 10414 10540 D HeadsetService: getHeadsetService(): returning com.android.bluetooth.hfp.HeadsetService@8af3d6c
11-07 16:39:48.530 10414 10540 D HeadsetService:  isAudioOn: The number of audio connected devices 0
11-07 16:39:48.530 10414 10540 D HeadsetService: isScoOrCallActive(): Call Active:falseCall is Ringing:falseSCO is Active:false
11-07 16:39:48.531 10414 10540 D HeadsetService:  isAudioOn: The number of audio connected devices 0
11-07 16:39:48.531 10414 10540 I Avrcp_ext: updatePlayStatusForDevice: device: null
11-07 16:39:48.531 10414 10540 V Avrcp_ext: updatePlaybackState (1): old=PlaybackState {state=2, position=-1, buffered position=0, speed=0.0, updated=1055157109, actions=0, custom actions=[], active item id=-1, error=null}(2), new=PlaybackState {state=2, position=-1, buffered position=0, speed=0.0, updated=1055157612, actions=0, custom actions=[], active item id=-1, error=null}(2)
11-07 16:39:48.531 10414 10540 I Avrcp_ext: Exit updatePlayStatusForDevice
11-07 16:39:48.531 10414 10540 D HeadsetService:  isAudioOn: The number of audio connected devices 0
11-07 16:39:48.531 10414 10540 D HeadsetService: isScoOrCallActive(): Call Active:falseCall is Ringing:falseSCO is Active:false
11-07 16:39:48.531 10414 10540 D HeadsetService:  isAudioOn: The number of audio connected devices 0
11-07 16:39:48.531 10414 10540 I Avrcp_ext: updatePlayStatusForDevice: device: null
11-07 16:39:48.531 10414 10540 V Avrcp_ext: updatePlaybackState (1): old=PlaybackState {state=2, position=-1, buffered position=0, speed=0.0, updated=1055157109, actions=0, custom actions=[], active item id=-1, error=null}(2), new=PlaybackState {state=2, position=-1, buffered position=0, speed=0.0, updated=1055157612, actions=0, custom actions=[], active item id=-1, error=null}(2)
11-07 16:39:48.531 10414 10540 I Avrcp_ext: Exit updatePlayStatusForDevice
11-07 16:39:48.532 10414 10540 D HeadsetService:  isAudioOn: The number of audio connected devices 0
11-07 16:39:48.532 10414 10540 D HeadsetService: isScoOrCallActive(): Call Active:falseCall is Ringing:falseSCO is Active:false
11-07 16:39:48.532 25395 25768 E FFMPEG  : home render
11-07 16:39:48.532 10414 10540 D HeadsetService:  isAudioOn: The number of audio connected devices 0
11-07 16:39:48.532 10414 10540 I Avrcp_ext: updatePlayStatusForDevice: device: null
11-07 16:39:48.532 10414 10540 V Avrcp_ext: updatePlaybackState (1): old=PlaybackState {state=2, position=-1, buffered position=0, speed=0.0, updated=1055157109, actions=0, custom actions=[], active item id=-1, error=null}(2), new=PlaybackState {state=2, position=-1, buffered position=0, speed=0.0, updated=1055157612, actions=0, custom actions=[], active item id=-1, error=null}(2)
11-07 16:39:48.532 10414 10540 I Avrcp_ext: Exit updatePlayStatusForDevice
11-07 16:39:48.533 10414 10540 D HeadsetService:  isAudioOn: The number of audio connected devices 0
11-07 16:39:48.533 10414 10540 D HeadsetService: isScoOrCallActive(): Call Active:falseCall is Ringing:falseSCO is Active:false
11-07 16:39:48.533 10414 10540 D HeadsetService:  isAudioOn: The number of audio connected devices 0
11-07 16:39:48.533 10414 10540 I Avrcp_ext: updatePlayStatusForDevice: device: null
11-07 16:39:48.533 10414 10540 V Avrcp_ext: updatePlaybackState (1): old=PlaybackState {state=2, position=-1, buffered position=0, speed=0.0, updated=1055157109, actions=0, custom actions=[], active item id=-1, error=null}(2), new=PlaybackState {state=2, position=-1, buffered position=0, speed=0.0, updated=1055157612, actions=0, custom actions=[], active item id=-1, error=null}(2)
11-07 16:39:48.533 10414 10540 I Avrcp_ext: Exit updatePlayStatusForDevice
11-07 16:39:48.534 10414 10540 D HeadsetService:  isAudioOn: The number of audio connected devices 0
11-07 16:39:48.534 10414 10540 D HeadsetService: isScoOrCallActive(): Call Active:falseCall is Ringing:falseSCO is Active:false
11-07 16:39:48.534 10414 10540 D HeadsetService:  isAudioOn: The number of audio connected devices 0
11-07 16:39:48.534 10414 10540 I Avrcp_ext: updatePlayStatusForDevice: device: null
11-07 16:39:48.534 10414 10540 V Avrcp_ext: updatePlaybackState (1): old=PlaybackState {state=2, position=-1, buffered position=0, speed=0.0, updated=1055157109, actions=0, custom actions=[], active item id=-1, error=null}(2), new=PlaybackState {state=2, position=-1, buffered position=0, speed=0.0, updated=1055157612, actions=0, custom actions=[], active item id=-1, error=null}(2)
11-07 16:39:48.534 10414 10540 I Avrcp_ext: Exit updatePlayStatusForDevice
11-07 16:39:48.534 10414 10540 D Avrcp_ext: Enter sendPlayPosNotificationRsp
11-07 16:39:48.534 10414 10540 D Avrcp_ext: sendPlayPosNotificationRsp: Not registered or requesting.
11-07 16:39:48.534 10414 10540 D Avrcp_ext: Enter sendPlayPosNotificationRsp
11-07 16:39:48.534 10414 10540 D Avrcp_ext: sendPlayPosNotificationRsp: Not registered or requesting.
11-07 16:39:48.534 10414 10540 D Avrcp_ext: Enter sendPlayPosNotificationRsp
11-07 16:39:48.534 10414 10540 D Avrcp_ext: sendPlayPosNotificationRsp: Not registered or requesting.
11-07 16:39:48.534 10414 10540 D Avrcp_ext: Enter sendPlayPosNotificationRsp
11-07 16:39:48.534 10414 10540 D Avrcp_ext: sendPlayPosNotificationRsp: Not registered or requesting.
11-07 16:39:48.534 10414 10540 D Avrcp_ext: Enter sendPlayPosNotificationRsp
11-07 16:39:48.534 10414 10540 D Avrcp_ext: sendPlayPosNotificationRsp: Not registered or requesting.
11-07 16:39:48.534 10414 10540 V Avrcp_ext: Exit updatePlayerStateAndPosition
11-07 16:39:48.534 10414 10540 V Avrcp_ext: Exit handleMessage
11-07 16:39:48.544 25395 25778 E FFMPEG  : audio clock 8910.689133
11-07 16:39:48.547 15815 15820 E subsystem_ramdump: Uevent msg overflow; ignoring
11-07 16:39:48.549 25395 25768 E FFMPEG  : home render
11-07 16:39:48.550   822   822 W health@2.0-serv: type=1400 audit(0.0:2577701): avc: denied { search } for name="wireless" dev="sysfs" ino=77885 scontext=u:r:hal_health_default:s0 tcontext=u:object_r:sysfs_wireless_supply:s0 tclass=dir permissive=0
11-07 16:39:48.550   822   822 W health@2.0-serv: type=1400 audit(0.0:2577702): avc: denied { search } for name="idt" dev="sysfs" ino=64886 scontext=u:r:hal_health_default:s0 tcontext=u:object_r:sysfs_wireless_supply:s0 tclass=dir permissive=0
11-07 16:39:48.560  4162  4162 D KeyguardUpdateMonitor: received broadcast android.intent.action.BATTERY_CHANGED
11-07 16:39:48.562  7638  7817 D PowerCheckerService: onBatteryChanged, mBatteryLevel = 74, status = 2, level = 74, plug = 2, scale = 100
11-07 16:39:48.564 25395 25778 E FFMPEG  : audio clock 8910.710467
11-07 16:39:48.564 25395 25768 E FFMPEG  : home render
11-07 16:39:48.564  4529  4529 D NetworkSpeedTracker: receive actionandroid.intent.action.BATTERY_CHANGED
11-07 16:39:48.565  4529  4529 D NetworkSpeedTracker: onReceive ACTION_BATTERY_CHANGED mBatteryLevel = 74;mIsCharging =true
11-07 16:39:48.565  6335  6335 I BatteryInfoReceiver: ACTION_BATTERY_CHANGED
11-07 16:39:48.566   822   822 W health@2.0-serv: type=1400 audit(0.0:2577703): avc: denied { search } for name="wireless" dev="sysfs" ino=77885 scontext=u:r:hal_health_default:s0 tcontext=u:object_r:sysfs_wireless_supply:s0 tclass=dir permissive=0
11-07 16:39:48.579 25395 25768 E FFMPEG  : home render
11-07 16:39:48.581   965  1667 W HWComposer: Ignoring duplicate VSYNC event from HWC for display 19261116564980353 (t=476503241223000)
11-07 16:39:48.584 25395 25778 E FFMPEG  : audio clock 8910.731800
11-07 16:39:48.596 25395 25768 E FFMPEG  : home render
11-07 16:39:48.605 25395 25778 E FFMPEG  : audio clock 8910.753133
11-07 16:39:48.612 25395 25768 E FFMPEG  : home render
11-07 16:39:48.625 25395 25778 E FFMPEG  : audio clock 8910.774467
11-07 16:39:48.627 25395 25768 E FFMPEG  : home render
11-07 16:39:48.643  4162  4162 D NavBarTintController: onSampleCollected 1.0
11-07 16:39:48.643 25395 25768 E FFMPEG  : home render
11-07 16:39:48.645 25395 25778 E FFMPEG  : audio clock 8910.795800
11-07 16:39:48.660 25395 25768 E FFMPEG  : home render
11-07 16:39:48.665 25395 25778 E FFMPEG  : audio clock 8910.817133
11-07 16:39:48.679 25395 25768 E FFMPEG  : home render
11-07 16:39:48.685 25395 25778 E FFMPEG  : audio clock 8910.838467
11-07 16:39:48.700 25395 25768 E FFMPEG  : home render
11-07 16:39:48.705 25395 25778 E FFMPEG  : audio clock 8910.859800
11-07 16:39:48.716 25395 25768 E FFMPEG  : home render
11-07 16:39:48.725 25395 25778 E FFMPEG  : audio clock 8910.881133
11-07 16:39:48.732 25395 25768 E FFMPEG  : home render
11-07 16:39:48.744  4162  4162 D NavBarTintController: onSampleCollected 1.0
11-07 16:39:48.750 25395 25768 E FFMPEG  : home render
11-07 16:39:48.765 25395 25778 E FFMPEG  : audio clock 8910.902467
11-07 16:39:48.766 25395 25768 E FFMPEG  : home render
11-07 16:39:48.781 25395 25768 E FFMPEG  : home render
11-07 16:39:48.785 25395 25778 E FFMPEG  : audio clock 8910.923800
11-07 16:39:48.794 25395 25768 E FFMPEG  : home render
11-07 16:39:48.805 25395 25778 E FFMPEG  : audio clock 8910.945133
11-07 16:39:48.812 25395 25768 E FFMPEG  : home render
11-07 16:39:48.825 25395 25778 E FFMPEG  : audio clock 8910.966467
11-07 16:39:48.833 25395 25768 E FFMPEG  : home render
11-07 16:39:48.845 25395 25778 E FFMPEG  : audio clock 8910.987800
11-07 16:39:48.849 25395 25768 E FFMPEG  : home render
11-07 16:39:48.860  4162  4162 D NavBarTintController: onSampleCollected 1.0
11-07 16:39:48.865 25395 25778 E FFMPEG  : audio clock 8911.009133
11-07 16:39:48.866 25395 25768 E FFMPEG  : home render
11-07 16:39:48.884 25395 25768 E FFMPEG  : home render
11-07 16:39:48.885 25395 25778 E FFMPEG  : audio clock 8911.030467
11-07 16:39:48.894 25395 25768 E FFMPEG  : home render
11-07 16:39:48.905 25395 25778 E FFMPEG  : audio clock 8911.051800
11-07 16:39:48.910 25395 25768 E FFMPEG  : home render
11-07 16:39:48.924 25395 25778 E FFMPEG  : audio clock 8911.073133
11-07 16:39:48.927 25395 25768 E FFMPEG  : home render
11-07 16:39:48.943 25395 25768 E FFMPEG  : home render
11-07 16:39:48.945 25395 25778 E FFMPEG  : audio clock 8911.094467
11-07 16:39:48.960 25395 25768 E FFMPEG  : home render
11-07 16:39:48.965 25395 25778 E FFMPEG  : audio clock 8911.115800
11-07 16:39:48.968  1612  4009 I MiuiNetworkPolicy: bandwidth: 658 KB/s, Max bandwidth: 919 KB/s
11-07 16:39:48.976  4162  4162 D NavBarTintController: onSampleCollected 1.0
11-07 16:39:48.976 25395 25768 E FFMPEG  : home render
11-07 16:39:48.987 25395 25778 E FFMPEG  : audio clock 8911.137133
11-07 16:39:48.995 25395 25768 E FFMPEG  : home render
11-07 16:39:49.005 25395 25778 E FFMPEG  : audio clock 8911.158467
11-07 16:39:49.010 25395 25768 E FFMPEG  : home render
11-07 16:39:49.025 25395 25778 E FFMPEG  : audio clock 8911.179800
11-07 16:39:49.030 25395 25768 E FFMPEG  : home render
11-07 16:39:49.043  4529  4631 D QtiRadioIndication: onSignalStrengthChange: slotId = 0
11-07 16:39:49.043  4529  4631 D QtiRadioIndication: onSignalStrengthChange: {.rsrp = -32768, .snr = -32768}
11-07 16:39:49.043  4529  4631 D MainServiceImpl: onSignalStrength slotId = 0 signalStrength = SignalStrength: Rsrp: -32768 Snr: -32768
11-07 16:39:49.043  4529  4678 D MainServiceImplHandler: : handleMessage msg.what = 2
11-07 16:39:49.043  4529  4678 D MainServiceImplHandler: : EVENT_ON_5G_SIGNAL_STRENGTH_CHANGE_IND
11-07 16:39:49.044  4529  4678 D MainServiceImpl: onSignalStrength: Responding back for transaction = null
11-07 16:39:49.044  4529  4678 D MainServiceImpl: onSignalStrength: Responding back for transaction = null
11-07 16:39:49.044 25395 25768 E FFMPEG  : home render
11-07 16:39:49.045 25395 25778 E FFMPEG  : audio clock 8911.201133
11-07 16:39:49.045  4162  4899 D FiveGServiceClient: onSignalStrength: slotId=0 token=Token: -1 status=Status: 1 signalStrength=SignalStrength: Rsrp: -32768 Snr: -32768 mIsCustForJpKd=false
11-07 16:39:49.046  4162  4899 D FiveGServiceClient: value=-32768 level=0
11-07 16:39:49.046  4529  4678 D MainServiceImpl: onSignalStrength: Responding back for transaction = null
11-07 16:39:49.046  1612  6971 E TCPBufferManager: onSignalStrength not supported
11-07 16:39:49.046  4529  4678 D MainServiceImpl: onSignalStrength: Responding back for transaction = null
11-07 16:39:49.046  4529  4678 D MainServiceImpl: onSignalStrength: Responding back for transaction = null
11-07 16:39:49.060 25395 25768 E FFMPEG  : home render
11-07 16:39:49.077 25395 25768 E FFMPEG  : home render
11-07 16:39:49.085 25395 25778 E FFMPEG  : audio clock 8911.222467
11-07 16:39:49.094  4162  4162 D NavBarTintController: onSampleCollected 1.0
11-07 16:39:49.094 25395 25768 E FFMPEG  : home render
11-07 16:39:49.105 25395 25778 E FFMPEG  : audio clock 8911.243800
11-07 16:39:49.110 25395 25768 E FFMPEG  : home render
11-07 16:39:49.125 25395 25778 E FFMPEG  : audio clock 8911.265133
11-07 16:39:49.127 25395 25768 E FFMPEG  : home render
11-07 16:39:49.145 25395 25768 E FFMPEG  : home render
11-07 16:39:49.145 25395 25778 E FFMPEG  : audio clock 8911.286467
11-07 16:39:49.162 25395 25768 E FFMPEG  : home render
11-07 16:39:49.165 25395 25778 E FFMPEG  : audio clock 8911.307800
11-07 16:39:49.178 25395 25768 E FFMPEG  : home render
11-07 16:39:49.185 25395 25778 E FFMPEG  : audio clock 8911.329133
11-07 16:39:49.196 25395 25768 E FFMPEG  : home render
11-07 16:39:49.207 25395 25778 E FFMPEG  : audio clock 8911.350467
11-07 16:39:49.210  4162  4162 D NavBarTintController: onSampleCollected 1.0
11-07 16:39:49.212 25395 25768 E FFMPEG  : home render
11-07 16:39:49.225 25395 25778 E FFMPEG  : audio clock 8911.371800
11-07 16:39:49.227 25395 25768 E FFMPEG  : home render
11-07 16:39:49.244 25395 25768 E FFMPEG  : home render
11-07 16:39:49.245 25395 25778 E FFMPEG  : audio clock 8911.393133
11-07 16:39:49.260 25395 25768 E FFMPEG  : home render
11-07 16:39:49.265 25395 25778 E FFMPEG  : audio clock 8911.414467
11-07 16:39:49.278 25395 25768 E FFMPEG  : home render
11-07 16:39:49.285 25395 25778 E FFMPEG  : audio clock 8911.435800
11-07 16:39:49.294 25395 25768 E FFMPEG  : home render
11-07 16:39:49.305 25395 25778 E FFMPEG  : audio clock 8911.457133
11-07 16:39:49.310 25395 25768 E FFMPEG  : home render
11-07 16:39:49.310  4162  4162 D NavBarTintController: onSampleCollected 1.0
11-07 16:39:49.325 25395 25778 E FFMPEG  : audio clock 8911.478467
11-07 16:39:49.327 25395 25768 E FFMPEG  : home render
11-07 16:39:49.344 25395 25768 E FFMPEG  : home render
11-07 16:39:49.345 25395 25778 E FFMPEG  : audio clock 8911.499800
11-07 16:39:49.361 25395 25768 E FFMPEG  : home render
11-07 16:39:49.365 25395 25778 E FFMPEG  : audio clock 8911.521133
11-07 16:39:49.377 25395 25768 E FFMPEG  : home render
11-07 16:39:49.394 25395 25768 E FFMPEG  : home render
11-07 16:39:49.405 25395 25778 E FFMPEG  : audio clock 8911.542467
11-07 16:39:49.410  4162  4162 D NavBarTintController: onSampleCollected 1.0
11-07 16:39:49.412 25395 25768 E FFMPEG  : home render
11-07 16:39:49.425 25395 25778 E FFMPEG  : audio clock 8911.563800
11-07 16:39:49.427 25395 25768 E FFMPEG  : home render
11-07 16:39:49.445 25395 25778 E FFMPEG  : audio clock 8911.585133
11-07 16:39:49.448 25395 25768 E FFMPEG  : home render
11-07 16:39:49.467 25395 25778 E FFMPEG  : audio clock 8911.606467
11-07 16:39:49.469 25395 25768 E FFMPEG  : home render
11-07 16:39:49.481 25395 25768 E FFMPEG  : home render
11-07 16:39:49.484 25395 25778 E FFMPEG  : audio clock 8911.627800
11-07 16:39:49.494 25395 25768 E FFMPEG  : home render
11-07 16:39:49.503 25395 25778 E FFMPEG  : audio clock 8911.649133
11-07 16:39:49.511 25395 25768 E FFMPEG  : home render
11-07 16:39:49.523 25395 25778 E FFMPEG  : audio clock 8911.670467
11-07 16:39:49.525  4162  4162 D NavBarTintController: onSampleCollected 1.0
11-07 16:39:49.528 25395 25768 E FFMPEG  : home render
11-07 16:39:49.544 25395 25778 E FFMPEG  : audio clock 8911.691800
11-07 16:39:49.550 25395 25768 E FFMPEG  : home render
11-07 16:39:49.564 25395 25778 E FFMPEG  : audio clock 8911.713133
11-07 16:39:49.566 25395 25768 E FFMPEG  : home render
11-07 16:39:49.583 25395 25768 E FFMPEG  : home render
11-07 16:39:49.584 25395 25778 E FFMPEG  : audio clock 8911.734467
11-07 16:39:49.585  1612  4006 D NtpTrustedTime: currentTimeMillis() cache hit
11-07 16:39:49.586   683 13268 I netd    : trafficSwapActiveStatsMap() <0.70ms>
11-07 16:39:49.589   683 13268 I netd    : tetherGetStats() <1.35ms>
11-07 16:39:49.600 25395 25768 E FFMPEG  : home render
11-07 16:39:49.604 25395 25778 E FFMPEG  : audio clock 8911.755800
11-07 16:39:49.613  1612  4006 D NtpTrustedTime: currentTimeMillis() cache hit
11-07 16:39:49.617 25395 25768 E FFMPEG  : home render
11-07 16:39:49.618   683 13268 I netd    : bandwidthSetGlobalAlert(131072) <0.11ms>
11-07 16:39:49.619  6335  7460 I TrafficManageService: mina mTrafficStatsReceiver onReceive
11-07 16:39:49.624 25395 25778 E FFMPEG  : audio clock 8911.777133
11-07 16:39:49.627  4162  4162 D NavBarTintController: onSampleCollected 1.0
11-07 16:39:49.629 25395 25768 E FFMPEG  : home render
11-07 16:39:49.644 25395 25778 E FFMPEG  : audio clock 8911.798467
11-07 16:39:49.648 25395 25768 E FFMPEG  : home render
11-07 16:39:49.662 25395 25768 E FFMPEG  : home render
11-07 16:39:49.664 25395 25778 E FFMPEG  : audio clock 8911.819800
11-07 16:39:49.672 15815 15820 E subsystem_ramdump: Uevent msg overflow; ignoring
11-07 16:39:49.678 25395 25768 E FFMPEG  : home render
11-07 16:39:49.686 25395 25778 E FFMPEG  : audio clock 8911.841133
11-07 16:39:49.694 25395 25768 E FFMPEG  : home render
11-07 16:39:49.690   822   822 W health@2.0-serv: type=1400 audit(0.0:2577705): avc: denied { search } for name="wireless" dev="sysfs" ino=77885 scontext=u:r:hal_health_default:s0 tcontext=u:object_r:sysfs_wireless_supply:s0 tclass=dir permissive=0
