11-03 17:48:06.390  1364  1710 I HwWindowManagerServiceEx: set app win exit info, bundle = Bundle[{isLandscape=false, launcherPkgName=com.huawei.android.launcher, iconWidth=170, pivotX=666.0, pivotY=1176.0, iconHeight=170, flag=0}], iconBitmap = android.graphics.Bitmap@a7d9960
11-03 17:48:06.390  2041  2778 D Hicom_PolicyCenterService: policencenterservice receive handleMessage: 88
11-03 17:48:06.390  2041  2778 D Hicom_PolicyCenterService: handleForegroundAppChanged new foreground app 10061
11-03 17:48:06.390  2041  2778 D Hicom_AppLifeCycleManager: sAppAllSocketClosed NOT contain: 10216
11-03 17:48:06.390  2041  2778 D Hicom_PolicyCenterService: mCurrentForegroundUid is not policy exist
11-03 17:48:06.392  2041  2778 D Hicom_MpFlowDecisionSystem: handleForegroundAppChanged try start MPFlow for cur app: com.huawei.android.launcher, uid:10061
11-03 17:48:06.392  2041  2778 E Hicom_MpFlowDecisionSystem: getMultipathFlowByPkgName. multipathPolicy is illegal
11-03 17:48:06.392  2041  2778 E Hicom_MpFlowDecisionSystem: startMpFlow. multipathFlow is illegal
11-03 17:48:06.392  2041  4195 D DollieActivityManagerAdapter: [Paused] pid:26030 uid:10216 ComponentInfo{com.example.androidmkdemo/com.example.androidmkdemo.MainActivity} uidState:2
11-03 17:48:06.392  1364  1490 I HwAudioServiceEx: ComponentInfo : className = com.example.androidmkdemo.MainActivity, flag=onPause, isHomeActivity=, isTop=false
11-03 17:48:06.394 29479 16685 I AppLifeChangeSensor: CAWARENESS: activityPaused componentName = ComponentInfo{com.example.androidmkdemo/com.example.androidmkdemo.MainActivity}
11-03 17:48:06.405  7577  7577 I HiBoard_10.0.6.300_Workspace: onWindowVisibilityChanged：0 isOverlayClosed:true
11-03 17:48:06.406  1364  1482 W         : Failed to UpdateQosForCgroupInner, tid=0, policy=10
11-03 17:48:06.417   852   878 E AwareLog: iawared: change_property_content open /proc/26030/task/26127/static_vip fail errno(2)!
11-03 17:48:06.420   884  1005 D ScreemCommon: <LOGMGR> <SceneStart> [Entry]
11-03 17:48:06.420   884  1005 D ScreemCommon: <LOGMGR> <SceneStart> [new scene start -1762350559]
11-03 17:48:06.427 28709 28709 I HwLauncher: Model loadWidgetsAfterUserUnlockIfNeeded, sLoadWidgetOnResume is false!
11-03 17:48:06.434  1364  1490 W SecurityProfileService: Activity life state callback extras get package null!
11-03 17:48:06.436  1364  1490 I HwAudioServiceEx: ComponentInfo : className = com.huawei.android.launcher.unihome.UniHomeLauncher, flag=onResume, isHomeActivity=, isTop=true
11-03 17:48:06.436 29479 16685 I AppLifeChangeSensor: CAWARENESS: activityResumed componentName = ComponentInfo{com.huawei.android.launcher/com.huawei.android.launcher.unihome.UniHomeLauncher}
11-03 17:48:06.437  2101 18350 I OPCollectLog: AppChangeImpl:call onAppChange.
11-03 17:48:06.438  2101  2522 I OPCollectLog: HwForegroundAppAction:handleMessage 
11-03 17:48:06.438  2101  2522 D OPCollectLog: HwForegroundAppAction:FG executeWithArgs
11-03 17:48:06.438  2101  2522 I OPCollectLog: OPCollectUtils:ODMF Api Version:2.14.1
11-03 17:48:06.438  1364  1745 I PackageManager: getInstalledPackages cost 2 ms, flags: 786432, userId: 0, callingUid: 1000, callingPid: 1364
11-03 17:48:06.438  2101  2522 I OPCollectLog: Action:HwForegroundAppAction executed successfully
11-03 17:48:06.438  2101  2522 D OPCollectLog: OdmfCollectScheduler:handleMessage msg: 4
11-03 17:48:06.438  2101  2522 I OPCollectLog: OdmfHelper:opcollectCache 1
11-03 17:48:06.438  2101  2522 I OPCollectLog: OdmfHelper:opcollectCache curTime: 4546365964, interval: 12150
11-03 17:48:06.439 29479 29543 I FenceManager: CAWARENESS: isSatisfyFenceTime() topKey : com.huawei.recsys_1:1;11,1,1~{"column0":"com.huawei.android.launcher"} type : 11 startTime : 20H0 endTime : 22H0
11-03 17:48:06.439 29479 29543 W FenceManager: CAWARENESS: isSatisfyFenceTime() do not satisfy fence trigger time topKey : com.huawei.recsys_1:1;11,1,1~{"column0":"com.huawei.android.launcher"}
11-03 17:48:06.439 29479 29543 I FenceManager: CAWARENESS: doNotifyListKeyChange() topKey : com.huawei.recsys_1:1;11,1,1~{"column0":"com.huawei.android.launcher"} isSatisfy time condition: false
11-03 17:48:06.439  2041  4195 D DollieActivityManagerAdapter: [Resumed] bg:true pid:28709 uid:10061 ComponentInfo{com.huawei.android.launcher/com.huawei.android.launcher.unihome.UniHomeLauncher}
11-03 17:48:06.439  2169  2910 I PGServer: report state:10010 event type:1 pid:0 uid:0 pkg:com.huawei.android.launcher to pid: 2169
11-03 17:48:06.439  2041  4195 E DollieAdapterService: notifyActivityState pkg:com.huawei.android.launcher/com.huawei.android.launcher.unihome.UniHomeLauncher state:2 fg:true mUid:10061
11-03 17:48:06.439  2169  2910 I SceneReceiver: state type: 10010 eventType:1 pid:0 uid:0 pkg:com.huawei.android.launcher
11-03 17:48:06.440  2041  2300 I UidCloseNrStateMachine: enter uidStateChanged, ForeGrountApp = com.huawei.android.launcher, mIsCallOn = false, mIsUsbPlugged = true
11-03 17:48:06.441  2169  3446 D HwThermalStateManager: current foreapp pkg : com.huawei.android.launcher
11-03 17:48:06.441  1364  1503 I BootReceiver: Copying /data/tombstones/tombstone_01 to DropBox (SYSTEM_TOMBSTONE)
11-03 17:48:06.441  1364  1503 I DropBoxManagerService: add tag=SYSTEM_TOMBSTONE isTagEnabled=true flags=0x2
11-03 17:48:06.442  2169  3449 D ThermalTrace_ThermalRaise: current pkg:com.example.androidmkdemo
11-03 17:48:06.445 22507 22528 I HiSearch10.0.4.303: [LauncherOverlayService]: LAUNCHER_INTERACTION from launcher and invoke invokeId = -111
11-03 17:48:06.445 22507 22528 I HiSearch10.0.4.303: [LauncherOverlayService]: isOverlayClosed = true
11-03 17:48:06.445 22507 22528 I HiSearch10.0.4.303: [LauncherOverlayService]: LAUNCHER_INTERACTION from launcher and invoke, overlay closed, return. 
11-03 17:48:06.445  2041  2041 D SmartDualCardConfig: getAppType,pkgName=com.huawei.android.launcher,appType=28
11-03 17:48:06.446  2041  2041 D SmartDualCardSM: onUidStateUpdate isSkip,uid=10061,pkgName=com.huawei.android.launcher,pkgNameByComponentName=com.huawei.android.launcher
11-03 17:48:06.446  2169  2910 I PGServer: report state:10010 event type:1 pid:0 uid:0 pkg:com.huawei.android.launcher to pid: 1364
11-03 17:48:06.448  2169  3726 I PGServer: checkPkgType. calling pkg: android
11-03 17:48:06.451  1364  2112 V HwPhoneWindowManager: updateSystemUiColorLw window=Window{ce06ddd u0 com.huawei.android.launcher/com.huawei.android.launcher.unihome.UniHomeLauncher},EmuiStyle=-1,StatusBarColor=0x0,NavigationBarColor=0x0, mForceNotchStatusBar=false
11-03 17:48:06.451  1364  2112 D ZrHung.AppEyeFocusWindow: FocusWindowErrorScene cancelCheckFreezeScreen
11-03 17:48:06.451  1364  2112 D ZrHung.AppEyeTransparentWindow: TransparentWindow mHungConfigStatus = 0,mHungConfigEnable = 1
11-03 17:48:06.454 28709 30296 D mali_winsys: EGLint new_window_surface(egl_winsys_display *, void *, EGLSurface, EGLConfig, egl_winsys_surface **, EGLBoolean) returns 0x3000
11-03 17:48:06.457   589   589 I GRALLOC : getCallingPid=640, shrFd=10,fmt=0x1,intFmt=0x200000001,btStrd=4352,size=10399744,pid=589 
11-03 17:48:06.457   589   589 I GRALLOC : 	 yuv=2,w=1080,h=2340,Stride u=0 v=0,offset u=0 v=0 
11-03 17:48:06.457   589   589 I GRALLOC : 	 iova_size=10399744,conUsg=0xb00,proUsg=0xb00,	 strd=1088,[afbc]HdrStrd=1088 PyldStrd=69632 Scrmbl=2,ionhnd = 0 
11-03 17:48:06.462  7577  7793 D mali_winsys: EGLint new_window_surface(egl_winsys_display *, void *, EGLSurface, EGLConfig, egl_winsys_surface **, EGLBoolean) returns 0x3000
11-03 17:48:06.466   589   589 I GRALLOC : getCallingPid=640, shrFd=10,fmt=0x1,intFmt=0x200000001,btStrd=4352,size=10399744,pid=589 
11-03 17:48:06.466   589   589 I GRALLOC : 	 yuv=2,w=1080,h=2340,Stride u=0 v=0,offset u=0 v=0 
11-03 17:48:06.466   589   589 I GRALLOC : 	 iova_size=10399744,conUsg=0xb00,proUsg=0xb00,	 strd=1088,[afbc]HdrStrd=1088 PyldStrd=69632 Scrmbl=2,ionhnd = 0 
11-03 17:48:06.467   640  1383 E BufferQueueProducer: [GestureNavLeft#0]:1338: disconnect: not connected (req=1)
11-03 17:48:06.468  1364  1744 W libEGL  : EGLNativeWindowType 0x70121fd4d0 disconnect failed
11-03 17:48:06.468   589 14866 I GRALLOC : getCallingPid=640, shrFd=10,fmt=0x1,intFmt=0x200000001,btStrd=4352,size=10399744,pid=589 
11-03 17:48:06.468   589 14866 I GRALLOC : 	 yuv=2,w=1080,h=2340,Stride u=0 v=0,offset u=0 v=0 
11-03 17:48:06.468   589 14866 I GRALLOC : 	 iova_size=10399744,conUsg=0xb00,proUsg=0xb00,	 strd=1088,[afbc]HdrStrd=1088 PyldStrd=69632 Scrmbl=2,ionhnd = 0 
11-03 17:48:06.473   589   589 I GRALLOC : getCallingPid=640, shrFd=10,fmt=0x1,intFmt=0x200000001,btStrd=4352,size=10399744,pid=589 
11-03 17:48:06.473   589   589 I GRALLOC : 	 yuv=2,w=1080,h=2340,Stride u=0 v=0,offset u=0 v=0 
11-03 17:48:06.473   589   589 I GRALLOC : 	 iova_size=10399744,conUsg=0xb00,proUsg=0xb00,	 strd=1088,[afbc]HdrStrd=1088 PyldStrd=69632 Scrmbl=2,ionhnd = 0 
11-03 17:48:06.476  2101  2522 I OPCollectLog: OdmfHelper:isCharging: true
11-03 17:48:06.478  2101  2115 W m.huawei.hivie: Reducing the number of considered missed Gc histogram windows from 196 to 100
11-03 17:48:06.479 28709 28709 I HwViewRootImpl: removeInvalidNode all the node in jank list is out of time
11-03 17:48:06.480  1364  1483 I WindowManager: New wallpaper target: Window{ce06ddd u0 com.huawei.android.launcher/com.huawei.android.launcher.unihome.UniHomeLauncher} prevTarget: null
11-03 17:48:06.482  2041 23504 I BoosterSwitchP: notifyUidState do nothing
11-03 17:48:06.482  2041 23504 I DeepNoDisturbP: notifyUidState
11-03 17:48:06.482  2041 23504 I BrowserChrP: notifyUidState
11-03 17:48:06.483  2075  2552 E HSC_SEC_BG: AiProtectionUtils:AI is not supported, current platform is:kirin710
11-03 17:48:06.485  7577  7577 I HwViewRootImpl: removeInvalidNode all the node in jank list is out of time
11-03 17:48:06.485 31965 31965 D HWUCD_GLWallpaper: onVisibilityChanged isPreview : false
11-03 17:48:06.485 31965 31965 D HWUCD_GLWallpaper: onVisibilityChanged true
11-03 17:48:06.485   589 14866 I GRALLOC : getCallingPid=640, shrFd=10,fmt=0x1,intFmt=0x200000001,btStrd=4352,size=10399744,pid=589 
11-03 17:48:06.485   589 14866 I GRALLOC : 	 yuv=2,w=1080,h=2340,Stride u=0 v=0,offset u=0 v=0 
11-03 17:48:06.485   589 14866 I GRALLOC : 	 iova_size=10399744,conUsg=0xb00,proUsg=0xb00,	 strd=1088,[afbc]HdrStrd=1088 PyldStrd=69632 Scrmbl=2,ionhnd = 0 
11-03 17:48:06.487  1364  2755 W InputMethodManagerService: Got RemoteException sending setActive(false) notification to pid 26030 uid 10216
11-03 17:48:06.487 31965 31986 D mali_winsys: EGLint new_window_surface(egl_winsys_display *, void *, EGLSurface, EGLConfig, egl_winsys_surface **, EGLBoolean) returns 0x3000
11-03 17:48:06.488 28709  3130 D HwRecentsTaskUtils: refreshToCache
11-03 17:48:06.488 28709  3130 D HwRecentsTaskUtils: searchFromDate
11-03 17:48:06.488 31965 31986 D HWUCD_GLSurfaceView: onSurfaceChanged 1080, 2340
11-03 17:48:06.488 31965 31986 D HWUCD_GLSurfaceView: onDrawFrame
11-03 17:48:06.488  1364  1622 D HwAppTransitionImpl: windowAnimations = 0 dose not come from system, not to override it.
11-03 17:48:06.488  1364  1622 E WindowManager: win=Window{76e74bd u0 GestureNavLeft} destroySurfaces: appStopped=true win.mWindowRemovalAllowed=false win.mRemoveOnExit=false
11-03 17:48:06.491  1364  2112 I HwNetworkPolicy: onTransact, code = 203
11-03 17:48:06.491  2075  2692 I HwNetworkPolicyManager: getHwUidPolicy uid = 10061 policy = 0
11-03 17:48:06.492   589   589 I GRALLOC : getCallingPid=640, shrFd=10,fmt=0x1,intFmt=0x200000001,btStrd=4352,size=10399744,pid=589 
11-03 17:48:06.492   589   589 I GRALLOC : 	 yuv=2,w=1080,h=2340,Stride u=0 v=0,offset u=0 v=0 
11-03 17:48:06.492   589   589 I GRALLOC : 	 iova_size=10399744,conUsg=0xb00,proUsg=0xb00,	 strd=1088,[afbc]HdrStrd=1088 PyldStrd=69632 Scrmbl=2,ionhnd = 0 
11-03 17:48:06.494  7577  7577 I HiBoard_10.0.6.300_LauncherOverlayService: onCreate
11-03 17:48:06.494  1364  2230 V ActivityManager: Successfully start provider ContentProviderRecord{6535819 u0 com.android.systemui/.recents.HwRecentsLockProdiver} launchingApp=null caller pid= 28709
11-03 17:48:06.495  7577  7577 I HiBoard_10.0.6.300_Utils: isLauncherSupportHiBoardRtl: isSupport: true
11-03 17:48:06.495  7577  7577 I HiBoard_10.0.6.300_WorkspaceManager: initServiceOnCreate mIsWindowAttached true, mIsLauncherSupportHiBoardRtl: true
11-03 17:48:06.495  7577  7577 I HiBoard_10.0.6.300_Utils: updateViewWidth()
11-03 17:48:06.496  7577  7577 I HiBoard_10.0.6.300_Utils: getScreenHeightWidthInch screenHeight =2340screenWidth =1080screenInch =6.340918756517228
11-03 17:48:06.496  7577  7577 I HiBoard_10.0.6.300_Utils: getScreenInch screenInch=6.340918756517228
11-03 17:48:06.496  7577  7577 I HiBoard_10.0.6.300_Utils: initScreenType: screenType = 0
11-03 17:48:06.497  7577  7577 I HiBoard_10.0.6.300_LauncherOverlayService: onBind
11-03 17:48:06.497   589 14866 I GRALLOC : getCallingPid=640, shrFd=10,fmt=0x2,intFmt=0x200000002,btStrd=4352,size=10399744,pid=589 
11-03 17:48:06.497   589 14866 I GRALLOC : 	 yuv=2,w=1080,h=2340,Stride u=0 v=0,offset u=0 v=0 
11-03 17:48:06.497   589 14866 I GRALLOC : 	 iova_size=10399744,conUsg=0xb00,proUsg=0xb00,	 strd=1088,[afbc]HdrStrd=1088 PyldStrd=69632 Scrmbl=2,ionhnd = 0 
11-03 17:48:06.498 26176 26241 I HiDecision: OdmfCollectScheduler: handleMessage msg: 6
11-03 17:48:06.500 29479 29533 E FindCurApp: CAWARENESS: appInWhiteList illegal parameters
11-03 17:48:06.502  1364  1483 I HwWindowManagerServiceEx: closing apps count = 1
11-03 17:48:06.501 29479 29533 E FindCurApp: CAWARENESS: appInWhiteList illegal parameters
11-03 17:48:06.502  2101  2522 I OPCollectLog: OdmfHelper:insert database success 
11-03 17:48:06.503  2101  2522 I OPCollectLog: OdmfHelper:opcollectCache size: 1
11-03 17:48:06.503  2101  2522 I OPCollectLog: OdmfHelper:opcollectCache lastTime: 4546366029
11-03 17:48:06.503  1364  1483 D HwWindowManagerServiceEx: is app exit to launcher info: transit = 26, app = AppWindowToken{e8ed130 token=Token{873e73 ActivityRecord{2b277ad u0 com.example.androidmkdemo/.MainActivity t822}}}, window = Window{da4c861 u0 com.example.androidmkdemo/com.example.androidmkdemo.MainActivity}, mClosingApps = {AppWindowToken{e8ed130 token=Token{873e73 ActivityRecord{2b277ad u0 com.example.androidmkdemo/.MainActivity t822}}}}, topOpeningApp = AppWindowToken{794f7a9 token=Token{b67f30 ActivityRecord{7162dad u0 com.huawei.android.launcher/.unihome.UniHomeLauncher t1}}}, mExitIconBitmap = android.graphics.Bitmap@a7d9960, mExitIconHeight = 170, mExitIconWidth = 170
11-03 17:48:06.503  1364  1483 E WindowManager: icon is null!!
11-03 17:48:06.503   640   722 E BufferQueueProducer: [GestureNavRight#0]:1338: disconnect: not connected (req=1)
11-03 17:48:06.504  1364  1744 W libEGL  : EGLNativeWindowType 0x6fa63a19d0 disconnect failed
11-03 17:48:06.504  1364  1483 D HwWindowManagerServiceEx: is app exit to launcher info: transit = 26, app = AppWindowToken{794f7a9 token=Token{b67f30 ActivityRecord{7162dad u0 com.huawei.android.launcher/.unihome.UniHomeLauncher t1}}}, window = Window{ce06ddd u0 com.huawei.android.launcher/com.huawei.android.launcher.unihome.UniHomeLauncher}, mClosingApps = {AppWindowToken{e8ed130 token=Token{873e73 ActivityRecord{2b277ad u0 com.example.androidmkdemo/.MainActivity t822}}}}, topOpeningApp = AppWindowToken{794f7a9 token=Token{b67f30 ActivityRecord{7162dad u0 com.huawei.android.launcher/.unihome.UniHomeLauncher t1}}}, mExitIconBitmap = android.graphics.Bitmap@a7d9960, mExitIconHeight = 170, mExitIconWidth = 170
11-03 17:48:06.504  1364  1483 E WindowManager: icon is null!!
11-03 17:48:06.505 28709 28709 W HwLauncher: FolderIcondrawSelectedLabel bitmap null
11-03 17:48:06.505  1364  1483 D HwAppTransitionImpl: windowAnimations = 0 dose not come from system, not to override it.
11-03 17:48:06.505 28709 28709 I chatty  : uid=10061(com.huawei.android.launcher) identical 1 line
11-03 17:48:06.506 28709 28709 W HwLauncher: FolderIcondrawSelectedLabel bitmap null
11-03 17:48:06.509 30439 30439 I HuaweiIME: SysInfo.getSysParam: orientation=1||config d=3.0,w=1080,h=2259||metrics d=3.0,w=1080,h=2259||sdk=29,bar_h=81||appScale=3.3,sysScale=3.0||isMultiWin=false,isPadMode=false, boardw=1080, boardH=705, candH=130, boardL=0, boardR=1080, ver=8.2.8.50, realW=1080, realH=2340, isInLargeWinMode=false
11-03 17:48:06.510   589 14866 I GRALLOC : getCallingPid=640, shrFd=10,fmt=0x1,intFmt=0x1,btStrd=3072,size=5038080,pid=589 
11-03 17:48:06.510   589 14866 I GRALLOC : 	 yuv=2,w=756,h=1638,Stride u=0 v=0,offset u=0 v=0 
11-03 17:48:06.510   589 14866 I GRALLOC : 	 iova_size=5038080,conUsg=0x306,proUsg=0x366,	 strd=768,[afbc]HdrStrd=0 PyldStrd=0 Scrmbl=0,ionhnd = 0 
11-03 17:48:06.511 30439 30439 I HuaweiIME: isPortrait-adjustOffset-r: 5
11-03 17:48:06.517  7577  7859 I HiBoard_10.0.6.300_LauncherOverlayService: windowAttached
11-03 17:48:06.517  7577  7859 I HiBoard_10.0.6.300_WorkspaceManager: overlayStatusChanged state 1
11-03 17:48:06.518 28709 28709 E HwLauncher: NegativeScreenClientCallBack onServiceStateChanged overlayAttached = true mServiceState = 0
11-03 17:48:06.520  1364  1625 W InputDispatcher: channel 'f426fc4 Toast (server)' ~ Consumer closed input channel or an error occurred.  events=0x9
11-03 17:48:06.520  1364  1625 E InputDispatcher: channel 'f426fc4 Toast (server)' ~ Channel is unrecoverably broken and will be disposed!
11-03 17:48:06.525  1364  1364 D AudioManager: dispatching onPlaybackConfigChanged()
11-03 17:48:06.526 27015 28431 D AudioManager: dispatching onPlaybackConfigChanged()
11-03 17:48:06.526   571   571 I Zygote  : Process 26030 exited due to signal 11 (Segmentation fault)
11-03 17:48:06.528  2169  2347 I PGAudioState: AUDIO_RELEASE_TRACK, 218
11-03 17:48:06.528  2169  2347 D PGAudioState: remove from mTrackMap, 218
11-03 17:48:06.531  1364  1480 D HwPhoneWindowManager: Transact:setSystemUIColor to status bar service
11-03 17:48:06.532  1808  3073 I HwCommandQueue: updateBarBgColor
11-03 17:48:06.532  1808  3073 D HwCommandQueue: CommandQueue, setBarBackgroundColor
11-03 17:48:06.532  1364  1480 I StatusBarDisable: setFlags what=0 which=1 pkg=Window{ce06ddd u0 com.huawei.android.launcher/com.huawei.android.launcher.unihome.UniHomeLauncher}
11-03 17:48:06.532   636   776 I AudioMixer: Pid:636 deleteTrackName(218)
11-03 17:48:06.535  1364  1622 D HwAppTransitionImpl: windowAnimations = 0 dose not come from system, not to override it.
11-03 17:48:06.536  1364  1622 E WindowManager: win=Window{c5fae0a u0 GestureNavRight} destroySurfaces: appStopped=true win.mWindowRemovalAllowed=false win.mRemoveOnExit=false
11-03 17:48:06.542  1364  2230 V WindowManager: removeAppToken: AppWindowToken{e8ed130 token=Token{873e73 ActivityRecord{2b277ad u0 com.example.androidmkdemo/.MainActivity t822}}} delayed=false Callers=com.android.server.wm.DisplayContent.removeAppToken:1204 com.android.server.wm.ActivityRecord.removeWindowContainer:1298 com.android.server.wm.ActivityStack.removeActivityFromHistoryLocked:4927 com.android.server.wm.ActivityStack.destroyActivityLocked:5143 
11-03 17:48:06.542  1364  2230 V WindowManager: removeIfPossible: Window{da4c861 u0 com.example.androidmkdemo/com.example.androidmkdemo.MainActivity} callers=com.android.server.wm.WindowState.removeIfPossible:2260 com.android.server.wm.WindowToken.removeAllWindowsIfPossible:162 com.android.server.wm.AppWindowToken.removeIfPossible:988 com.android.server.wm.AppWindowToken.onRemovedFromDisplay:1055 com.android.server.wm.DisplayContent.removeAppToken:1204 
11-03 17:48:06.546  1364  2230 V WindowManager: postWindowRemoveCleanupLocked: Window{da4c861 u0 com.example.androidmkdemo/com.example.androidmkdemo.MainActivity}
11-03 17:48:06.546  1364  2230 V WindowManager: Removing Window{da4c861 u0 com.example.androidmkdemo/com.example.androidmkdemo.MainActivity} from AppWindowToken{e8ed130 token=Token{873e73 ActivityRecord{2b277ad u0 com.example.androidmkdemo/.MainActivity t822}}}
11-03 17:48:06.547  1364  1710 E InputDispatcher: Window handle Window{da4c861 u0 com.example.androidmkdemo/com.example.androidmkdemo.MainActivity} has no registered input channel
11-03 17:48:06.555  1364  2230 V ActivityTaskManager: removeChild: detaching stackId=509 from displayId=0
11-03 17:48:06.556  1364  1625 I WindowManager: WINDOW DIED Window{f426fc4 u0 Toast}
11-03 17:48:06.556  1364  1625 V WindowManager: removeIfPossible: Window{f426fc4 u0 Toast} callers=com.android.server.wm.WindowState.removeIfPossible:2260 com.android.server.wm.InputManagerCallback.notifyInputChannelBroken:60 com.android.server.input.InputManagerService.notifyInputChannelBroken:1881 <bottom of call stack> <bottom of call stack> 
11-03 17:48:06.556  1364  1625 W InputDispatcher: Attempted to unregister already unregistered input channel 'f426fc4 Toast (server)'
11-03 17:48:06.558  1364  1625 V WindowManager: Not removing Window{f426fc4 u0 Toast EXITING} due to exit animation 
11-03 17:48:06.561  1364  1429 I WindowManager: WIN DEATH: Window{f426fc4 u0 Toast EXITING}
11-03 17:48:06.562  1364  1429 V WindowManager: removeIfPossible: Window{f426fc4 u0 Toast EXITING} callers=com.android.server.wm.WindowState.access$300:262 com.android.server.wm.WindowState$DeathRecipient.binderDied:2927 android.os.BinderProxy.sendDeathNotice:636 <bottom of call stack> <bottom of call stack> 
11-03 17:48:06.562  1364  1429 V WindowManager: Not removing Window{f426fc4 u0 Toast EXITING} due to exit animation 
11-03 17:48:06.563   884  1005 D ScreemCommon: <LOGMGR> <complete_pm> [Entry]
11-03 17:48:06.566  1364  1811 W WindowManager: Failed looking up window callers=com.android.server.wm.WindowManagerService.windowForClientLocked:5865 com.android.server.wm.WindowState$DeathRecipient.binderDied:2910 android.os.BinderProxy.sendDeathNotice:636 
11-03 17:48:06.566  1364  1811 I WindowManager: WIN DEATH: null
11-03 17:48:06.572  7577  7577 I HiBoard_10.0.6.300_WorkspaceManager: handleMessage ATTACHWINDOW
11-03 17:48:06.572  7577  7577 I HiBoard_10.0.6.300_WorkspaceManager: windowAttached mIsWindowAttached true
11-03 17:48:06.572  7577  7577 I HiBoard_10.0.6.300_WorkspaceManager: windowAttached token is the same, no need init
11-03 17:48:06.573  1364  9045 I HwAudioService: now type = -1,reportForegroundAppType = 28,pkg = null,systemload = -1mVoipOptimizeInGameModetrue
11-03 17:48:06.574   639   639 W lowmemorykiller: Failed to open /proc/26030/oom_score_adj; errno=2: process 26030 might have been killed
11-03 17:48:06.575  1364 10337 I ActivityManager: Process com.example.androidmkdemo (pid 26030) has died: prcp TRNB
11-03 17:48:06.575   636  7779 D SwsHandle: SWS set game flag false
11-03 17:48:06.575   636  7779 I HuaweiAudioFlinger: karaoke white list size=0
11-03 17:48:06.575  1364 10337 D ActivityManager: cleanUpApplicationRecord app: ProcessRecord{8107242 26030:com.example.androidmkdemo/u0a216}, app.bad: false, restarting: false, allowRestart: true
11-03 17:48:06.575  1364  1497 I libprocessgroup: Successfully killed process cgroup uid 10216 pid 26030 in 0ms
11-03 17:48:06.575   605 16916 I audio_hw_effect: get streamType fail: -2
11-03 17:48:06.575   605 16916 I audio_hw_primary: update stream types 0
11-03 17:48:06.575   605 16916 I audio_cust_utils: setparam_list_search:find item game_mode=off
11-03 17:48:06.575   605 16916 I audio_custom: game mode exit
11-03 17:48:06.575   605 16916 I dsp_soc : set primary algo bypass 0 succ
11-03 17:48:06.576  1364  1490 I HwPowerManagerService: appdie release wakelock, pid = 26030, uid = 10216
11-03 17:48:06.578  2041 11759 E HsmCoreServiceImpl: onTransact in code is: 103
11-03 17:48:06.579  2041 11759 I MediaProcessHandler: playingUids: 
11-03 17:48:06.579  2041  2778 D HicomMonitor: notifyAppDied: uid = 10216
11-03 17:48:06.579  2041  2677 I BoosterSwitchP: notifyUidState do nothing
11-03 17:48:06.579  2041  2677 I DeepNoDisturbP: notifyUidState
11-03 17:48:06.579  2041  2677 I BrowserChrP: notifyUidState
11-03 17:48:06.580  2041  2778 I AppStatisticProc: handleAppDied: pkgName = com.example.androidmkdemo is not apk supported in Smartcare
11-03 17:48:06.580  2041  2778 D Hicom_SysEnvMonitor: onAppDied, uid:10216
11-03 17:48:06.580  2041  2778 D Hicom_PolicyCenterService: policencenterservice receive handleMessage: 68
11-03 17:48:06.580  2041  2778 D Hicom_AppLifeCycleManager: sAppAllSocketClosed rm uid: 10216
11-03 17:48:06.580  2041  2778 D Hicom_SingleTaskDecisionSystem: AllAppPolicyEmpty(), disable MobileData...
11-03 17:48:06.580  2041  2778 D Hicom_MobileDataControl: setMobileData Mobile switch closing,mEnableSourceMask:0
11-03 17:48:06.580  2041  2778 D Hicom_MobileDataControl: stopMobileDataNetwork
11-03 17:48:06.580  2041  2778 D Hicom_MobileDataControl: has already stopMobileDataNetwork
11-03 17:48:06.580  2041  2677 E HsmCoreServiceImpl: onTransact in code is: 102
11-03 17:48:06.580  2041  2677 I MediaProcessHandler: processOp opType: 1, uid: 10216, pid: 26030
11-03 17:48:06.580  2041  2677 W MediaProcessHandler: remove target not exist, maybe the UI process: uid: 10216, pid: 26030
11-03 17:48:06.580  2041  2677 I MediaProcessHandler: executedCallBack opType: 1 mMediaStatusObservers.size=0
11-03 17:48:06.580  2041  4195 D DollieActivityManagerAdapter: [UidGone]  uid:10216
11-03 17:48:06.580  2041  4195 E DollieAdapterService: notifyActivityState pkg:com.example.androidmkdemo/com.example.androidmkdemo.MainActivity state:20 fg:false mUid:10216
11-03 17:48:06.580   820  9118 D iTouchService: itouch currentPackageName = com.example.androidmkdemo
11-03 17:48:06.580   820  9118 D iTouchService: itouch appType=-1 appState=0 gameMode=1
11-03 17:48:06.580   820  9118 D iTouchService: g_itouch_reader_monitor empty
11-03 17:48:06.580   820  9118 D iTouchService: g_itouch_reader_monitor Monitor::isReaderMonitorEnable()=0
11-03 17:48:06.581   820  9118 D iTouchService: itouch getCurrentParmID tempPkg=com.example.xxx
11-03 17:48:06.581   820  9118 D iTouchService: itouch:app com.example.androidmkdemo is  not game app
11-03 17:48:06.581   820  9118 D iTouchService: itouch:app com.example.androidmkdemo is  not in StylusPenList
11-03 17:48:06.581   820  9118 D iTouchService: itouch:styluspen_switch is disable
11-03 17:48:06.581   820  9118 D iTouchService: itouch:currentAppTypeName =|UNKNOWN|
11-03 17:48:06.581  2169  2764 I AppManager: remove toast view when pkg dead, pid : 26030
11-03 17:48:06.581  2041  4195 I HidataAppQoeP: foregroundUidRemove uid: 10216 name: com.example.androidmkdemo
11-03 17:48:06.581  2041  2300 I HwPacketFilterBypass: handleActivityUidStateChanged uid:10216 -1 foreground:0
11-03 17:48:06.581  2041  2300 I HwPacketFilterBypass: isAllowSendSmartCureToChr false, no exceptions occur, dropCnt:0
11-03 17:48:06.581  2041  2778 I Hicom_MpFlowDecisionSystem: stopMpFlow: pkgName:  is not a stared mp-flow app. 
11-03 17:48:06.581  2041  2778 E Hicom_PolicyCenterService: remove bind rules with uid = 10216have no policy
11-03 17:48:06.581  2041  2778 E Hicom_PolicyCenterService: handleAppDied. multipathPolicy
11-03 17:48:06.582  2041  2041 D SmartDualCardConfig: getAppType,pkgName=com.example.androidmkdemo,appType=-1
11-03 17:48:06.582  2041  2041 D SmartDualCardConfig: getAppType,pkgName=com.example.androidmkdemo,appType=-1
11-03 17:48:06.582  2041  2041 E SmartDualCardConfig: isAppInBlackList false,items==null
11-03 17:48:06.582  2041  2041 D SmartDualCardSM: onUidStateUpdate,uid=10216,appName=com.example.androidmkdemo,state=BACKGROUND
11-03 17:48:06.582  2041  2041 D SmartDualCardConfig: removeAppFromList,after remove,size()=0,uid=10216
11-03 17:48:06.583  2041  2041 D SmartDualCardConfig: getAppType,pkgName=com.example.androidmkdemo,appType=-1
11-03 17:48:06.583  2041  2041 D SmartDualCardSM: updateAppState mAppState=1
11-03 17:48:06.583  2041  2041 D SmartDualCardSM: IdleState:got msg.what=EVENT_APP_MOVE_BACKGROUND
11-03 17:48:06.584  2041  2041 D SmartDualCardSM: startAppBackgroundTimer
11-03 17:48:06.584  2041  2487 I DollieChr: handleForegroundAppUpdateMsg,mAppState=2,scenes=1,mForegroundAppName=com.example.androidmkdemo
11-03 17:48:06.660  1364  1483 V WindowManager: Exit animation finished in Window{f426fc4 u0 Toast EXITING}: remove=true
11-03 17:48:06.671   569  7556 I netd    : trafficSwapActiveStatsMap() <16.58ms>
11-03 17:48:06.680  1364  1483 I DebugKeepScreenOn: setHoldScreenLocked newHoldScreen:null currentHoldScreen:Session{6b791ba 26030:u0a10216} wakeLockState:true
11-03 17:48:06.680  1364  1483 I DebugKeepScreenOn: Releasing screen wakelock, obscured by Window{63b9b86 u0 com.huawei.ucd.walllpaper1.GLWallpaperService}
11-03 17:48:06.682  1364  1483 V WindowManager: postWindowRemoveCleanupLocked: Window{f426fc4 u0 Toast}
11-03 17:48:06.682  1364  1482 W ActivityManager: setHasOverlayUi called on unknown pid: 26030
11-03 17:48:06.682  1364  1483 V WindowManager: Removing Window{f426fc4 u0 Toast} from WindowToken{41eca18 android.os.Binder@b7969fb}
11-03 17:48:06.691   569  7556 I netd    : trafficSwapActiveStatsMap() <17.39ms>
11-03 17:48:06.969  1364 10337 I ActivityManager: Force stopping com.example.androidmkdemo appid=10216 user=0: from pid 26269by app
11-03 17:48:06.973  1364  1364 I AlarmManager: UninstallReceiver onReceive action:android.intent.action.PACKAGE_RESTARTED
11-03 17:48:06.975  1364  1364 D HwBastetService: BroadcastReceiver android.intent.action.PACKAGE_RESTARTED
11-03 17:48:06.976  2041  2041 I HwCoreAppHelperService: LocalReceiver receives:android.intent.action.PACKAGE_RESTARTED,pkg:com.example.androidmkdemo,uid:10216
11-03 17:48:06.978  2195  2195 D CarrierSvcBindHelper: No carrier app for: 0
11-03 17:48:06.980  2195  2195 D CarrierSvcBindHelper: No carrier app for: 1
11-03 17:48:06.982 28709 30296 W OpenGLRenderer: Incorrectly called buildLayer on View: ShortcutAndWidgetContainer, destroying layer...
11-03 17:48:06.985  1364 10337 D HwConnectivityServiceEx: set cache by key is 10032 interfaceName iswlan0 value is false
11-03 17:48:06.982 28709 30296 W OpenGLRenderer: Incorrectly called buildLayer on View: ShortcutAndWidgetContainer, destroying layer...
11-03 17:48:07.035   884  3249 E LOGSERVER_UTILS: [ERecovery]ReadEvent: ERecoveryEventManager ReadEvent 0
11-03 17:48:07.040  1364  1578 I HwBatteryService: quick charge status : 0
11-03 17:48:07.040  1364  1578 D HwBatteryService: onUEvent fcpStatus = 0
11-03 17:48:07.040  1364  1578 D HwBatteryService: onUEvent scpStatus = 0 ,ovpStatus = 0
11-03 17:48:07.041  1364  1578 I HwBatteryService: handleWirelessTxStatus
11-03 17:48:07.041  1364  1578 I HwBatteryService: switch not open, return, mWirelessTxFlag : 0
11-03 17:48:07.041  1364  1578 W HwBatteryService: need return. Invalid value: -1
11-03 17:48:07.041  1364  1578 D HwBatteryService: setHwChargeTimeRemaining, time = -1 String time: -1
11-03 17:48:07.041  1364  1578 I HwUsbDeviceManager: water_intrused state= 0
11-03 17:48:07.076   605 16916 I audio_hw_primary: usb_ext_get_parameters: check show hires (false)
11-03 17:48:07.134  1364  1364 D WifiClientModeImpl: mBcastReceiver: PluggedType = 2 mIsScanCtrlPluggedin = true
11-03 17:48:07.135  1808  1808 W KeyguardUpdateMonitor: ACTION_BATTERY_CHANGED AMP: 500000; Volt: 4875000
11-03 17:48:07.140  1364  2755 D HwConnectivityServiceEx: set cache by key is 10024 interfaceName iswlan0 value is false
11-03 17:48:07.140  2169  2169 I MsgReceiver: intent action: android.intent.action.BATTERY_CHANGED
11-03 17:48:07.141  2101  2522 I PowerKitApi: isUserSleeping ! pkg: com.huawei.bd
11-03 17:48:07.145  1808  1808 W MagazineUtils: check active connect, state = 1,isMeteredWifi:false
11-03 17:48:07.146  2169 19452 I PowerKit_Impl: pkg: com.huawei.bd check whether user is sleeping, return false
11-03 17:48:07.146  2101  2522 I OPCollectLog: BatteryAction:onReceive action: android.intent.action.BATTERY_CHANGED
11-03 17:48:07.146  2101  2522 I OPCollectLog: Action:battery_left executed frequently
11-03 17:48:07.149  1364 10337 D HwGameAssistantController: isGameForeground? false
11-03 17:48:07.161  1808  1808 W KeyguardUpdateMonitor: ChargingSpeed  Wattage: 2437500 ST: 5000000 --> 7500000
11-03 17:48:07.161  1808  1808 I KgBattery: BatteryInfo updated:  5lPC0
11-03 17:48:07.162  1808  1808 W KG_FDT  : isFaceUnlockEnabled 1
11-03 17:48:07.163  1808  1808 W HwLockScreenPanel: Handle message: 100
11-03 17:48:07.163  1808  1808 W HwLockScreenPanel: refreshBatteryInfo: null
11-03 17:48:07.257 26176 26342 I HiDecision: RuleEngineSession: fire cost time = 109
11-03 17:48:07.280  1364  1654 I NetworkStats: performPollLocked, pid = 1364
11-03 17:48:07.291   569  7556 I netd    : trafficSwapActiveStatsMap() <9.40ms>
11-03 17:48:07.293   569  7556 W IptablesRestoreController: command: *filter
11-03 17:48:07.293   569  7556 W IptablesRestoreController: -nvx -L tetherctrl_counters
11-03 17:48:07.293   569  7556 W IptablesRestoreController: COMMIT
11-03 17:48:07.293   569  7556 W IptablesRestoreController: .
11-03 17:48:07.295   569  7556 W IptablesRestoreController: command: *filter
11-03 17:48:07.295   569  7556 W IptablesRestoreController: -nvx -L tetherctrl_counters
11-03 17:48:07.295   569  7556 W IptablesRestoreController: COMMIT
11-03 17:48:07.295   569  7556 W IptablesRestoreController: .
11-03 17:48:07.297   569  7556 I netd    : tetherGetStats() <3.73ms>
11-03 17:48:07.307  1364  1654 D HwNetworkStatsService: hwRecordUidAndProcSnapshotLocked currentTime = 1604396884972
11-03 17:48:07.323  1364  1654 I HwNetworkManagementService: request swap success.
11-03 17:48:07.324  1364  1654 I NetworkStatsFactoryEx: Request swap successful.
11-03 17:48:07.324  1364  1654 I NetworkStatsFactoryEx: vars recycled successful.
11-03 17:48:07.358  2075  2499 W HSM_BG  : TrafficNotifyDelegate:Current data imsi is null, so return.
11-03 17:48:07.359   569  7556 I netd    : bandwidthSetGlobalAlert(2097152) <0.98ms>
11-03 17:48:07.397   842   842 E Thermal-daemon: [charger_ic] temp_new :34  temp_old :33
11-03 17:48:07.398   842   842 E Thermal-daemon: Report temperature: [charger_ic] temp :34  report_threshold:1
11-03 17:48:07.399   842   842 E Thermal-daemon: [pa_0] temp_new :34  temp_old :33
11-03 17:48:07.400   842   842 E Thermal-daemon: Report temperature: [pa_0] temp :34  report_threshold:1
11-03 17:48:07.577  1364  1658 I TrafficMonitor: update:rxPkts:321,txPkts:184,rxBytes:408547,txBytes:7360
11-03 17:48:07.577  1364  1658 I TrafficMonitor: start expired. level:5
11-03 17:48:07.577  1364  1658 I TrafficMonitor: gettimer:interval=2000
11-03 17:48:07.751  1364  1364 W NotificationService: Object died trying to hide notification android.app.ITransientNotification$Stub$Proxy@80adf8a in package com.example.androidmkdemo
11-03 17:48:08.047   569  7556 I netd    : trafficSwapActiveStatsMap() <17.95ms>
11-03 17:48:08.053  2169  3915 E AppInfoMgr: not find pkgs by uid: 0
11-03 17:48:08.053  2169  3915 I DownloadState: singleUid: 10216 [com.example.androidmkdemo] speed: 161452 real speed: 160043 (rxB:791540 txB:15720 rxP:597 txP:393) scroff: false
11-03 17:48:08.055  2169  3915 I DownloadState: 10216 dl start, speed: 160043bytes/s
11-03 17:48:08.055  2169  3915 I DownloadState: @@@@@@@@@@@@ uid :10216 download :true
11-03 17:48:08.055  2169  3915 I PGServer: report state:5 event type:1 pid:0 uid:10216 pkg:null to pid: 1364
11-03 17:48:08.058  1364  1616 E AwareLog: NetManager: getPidsByUid is null!
11-03 17:48:08.068  2169  3915 I DownloadState: shareUid: 0 default_socket transmitting data speed : 30 bytes/s (rxB:40 txB:111 rxP:1 txP:2 iface:1) scroff: false
11-03 17:48:08.068  2169  3915 I DownloadState: shareUid: 0 /system/bin/init transmitting data speed : 120 bytes/s (rxB:0 txB:600 rxP:0 txP:15 iface:1) scroff: false
11-03 17:48:08.068  2169  3915 I DownloadState: shareUid: 0 default_sk transmitting data speed : 4004 bytes/s (rxB:20020 txB:0 rxP:15 txP:0 iface:1) scroff: false
11-03 17:48:08.075   884  3249 E LOGSERVER_UTILS: [ERecovery]ReadEvent: ERecoveryEventManager ReadEvent 0
11-03 17:48:08.352 29250 29276 I HwNaturalBase: [CommonHandler]: 24801Kb ram is used.
11-03 17:48:08.373   884   884 W RFD_TASK1: type=1400 audit(0.0:5138722): avc: denied { dac_read_search } for pid=884 capability=2 scontext=u:r:logserver:s0 tcontext=u:r:logserver:s0 tclass=capability permissive=0
11-03 17:48:08.373   884   884 W RFD_TASK1: type=1400 audit(0.0:5138723): avc: denied { dac_override } for pid=884 capability=1 scontext=u:r:logserver:s0 tcontext=u:r:logserver:s0 tclass=capability permissive=0
11-03 17:48:08.377   884   884 W RFD_TASK1: type=1400 audit(0.0:5138724): avc: denied { dac_read_search } for pid=884 capability=2 scontext=u:r:logserver:s0 tcontext=u:r:logserver:s0 tclass=capability permissive=0
11-03 17:48:08.377   884   884 W RFD_TASK1: type=1400 audit(0.0:5138725): avc: denied { dac_override } for pid=884 capability=1 scontext=u:r:logserver:s0 tcontext=u:r:logserver:s0 tclass=capability permissive=0
11-03 17:48:08.378   884  3110 E iMonitor: FaultDetect: DumptoolPrintf return.
11-03 17:48:08.380   884  3110 I chatty  : uid=0(root) RFD_TASK1 identical 1 line
11-03 17:48:08.381   884  3110 E iMonitor: FaultDetect: DumptoolPrintf return.
11-03 17:48:08.381   884  3110 E iMonitor: FaultDetect: FaultEngineTracePrintf return.
11-03 17:48:08.381   884  3110 I chatty  : uid=0(root) RFD_TASK1 identical 1 line
11-03 17:48:08.381   884  3110 E iMonitor: FaultDetect: FaultEngineTracePrintf return.
11-03 17:48:08.381   884  3110 E iMonitor: FaultDetect: DumptoolPrintf return.
11-03 17:48:08.381   884  3111 E iMonitor: FaultDetect: FaultEngineTracePrintf return.
11-03 17:48:08.382   884  3110 E iMonitor: FaultDetect: DumptoolPrintf return.
11-03 17:48:08.445   634   634 E WifiHAL : enter wifi_get_link_stats
11-03 17:48:08.450  1364  1659 E WificondControl: Noise: 0, Snr: 0, Chload: -1
11-03 17:48:08.453  1364  1659 V HwWifiServiceFactory: get AllImpl object = com.android.server.wifi.HwWifiServiceFactoryImpl@91d5c64
11-03 17:48:08.460  1364  1659 D TelephonyManager: getAllCellInfo calling app is android
11-03 17:48:08.461  2195  2783 W PhoneInterfaceManager: shouldBlockLocation running ...
11-03 17:48:08.462  2195  2783 I PhoneInterfaceManager: shouldBlockLocation  ret:false
11-03 17:48:08.568  1364  1658 I TrafficMonitor: expired arrive. level:-1
11-03 17:48:08.568  1364  1658 I TrafficMonitor: during_ms:2007,period_ms:2000
11-03 17:48:08.569  1364  1658 I TrafficMonitor: count:898,rx_sum:321,tx_sum:184,rxBytes:408547,during_ms:2007,rx_speed:203561.03637269555,tx_speed:3667.1649227703037,rto:1.7445652173913044
11-03 17:48:08.569  1364  1658 D HuaweiWifiWatchdogStateMachine: checkGoodSpd at rssi:-67, spd:198K > 80K, unit:20K, score:1.09
11-03 17:48:08.732   636   780 D AudioFlinger: releaseWakeLock_l() AudioOut_15 mPowerManager(1) mWakeLockToken 0x79f6e0e980 
11-03 17:48:08.732   636   780 D AudioFlinger: thread 0x79f81ac5c0 type 0 TID 780 going to sleep
11-03 17:48:08.734   605 16916 I audio_hw_primary: do_out_standby standby:0,stream_type:0,out_dev:0x2
11-03 17:48:08.748   605 16916 I audio_hw_primary: select_devices++ mode[0]
11-03 17:48:08.749   605 16916 I audio_hw_primary: soundtrigger_standing wakeup path no need to open, standby = 1, mode = 0
11-03 17:48:08.749   605 16916 I audio_hw_primary: input_source_id 0, output_device_id 0
11-03 17:48:08.749   605 16916 I audio_hw_primary: select_devices d:0x2 is:0 or:none ir:none id:0
11-03 17:48:08.749   605 16916 E spk_dev_interface_V2: _dev_power_off is :0x0 
11-03 17:48:08.749   605 16916 I dsp_common: dsp_common_control_algo:set device = 0
11-03 17:48:08.749   605 16916 I audio_hw_primary: soundtrigger_standing wakeup path no need to open, standby = 1, mode = 0
11-03 17:48:08.749   605 16916 I audio_hw_primary: soundtrigger_standing wakeup path no need to open, standby = 1, mode = 0
11-03 17:48:08.758   605 16916 I dsp_common: dsp_common_control_algo:set device = 0
11-03 17:48:08.758   605 16916 E spk_dev_interface_V2: _dev_power_on is :0x0 
11-03 17:48:08.758   605 16916 I audio_hw_primary: select_devices--
11-03 17:48:08.758   605 16916 I falling_pop_elim: pop_device_close succeed, output_type = 0
11-03 17:48:08.759   636   776 D AudioFlinger: releaseWakeLock_l() AudioOut_D mPowerManager(1) mWakeLockToken 0x79f6e0e8c0 
11-03 17:48:08.759   636   776 D AudioFlinger: thread 0x79f8125540 type 0 TID 776 going to sleep
11-03 17:48:08.760  1364 10337 W ProcBatteryStats: timer is not running , not stop, name: audioserver, uid: 1041, tag: AudioMix
