11-03 17:48:05.723 26030 26251 E FFMPEG  : pop 取出-362901104 19
11-03 17:48:05.723 26030 26253 E FFMPEG  : push lock
11-03 17:48:05.723 26030 26253 E FFMPEG  : size = -362901104 19
11-03 17:48:05.723 26030 26251 E FFMPEG  : pop unlock
11-03 17:48:05.723 26030 26253 E FFMPEG  : push signal
11-03 17:48:05.723 26030 26253 E FFMPEG  : 获取音频流 1
11-03 17:48:05.723 26030 26253 E FFMPEG  : push lock
11-03 17:48:05.723 26030 26253 E FFMPEG  : size = -362901104 20
11-03 17:48:05.723 26030 26253 E FFMPEG  : push signal
11-03 17:48:05.723 26030 26253 E FFMPEG  : 获取音频流 1
11-03 17:48:05.723 26030 26253 E FFMPEG  : push lock
11-03 17:48:05.723 26030 26253 E FFMPEG  : size = -362901104 21
11-03 17:48:05.723 26030 26253 E FFMPEG  : push signal
11-03 17:48:05.723 26030 26253 E FFMPEG  : 获取音频流 1
11-03 17:48:05.723 26030 26253 E FFMPEG  : push lock
11-03 17:48:05.723 26030 26253 E FFMPEG  : size = -362901104 22
11-03 17:48:05.723 26030 26253 E FFMPEG  : push signal
11-03 17:48:05.723 26030 26253 E FFMPEG  : 获取音频流 1
11-03 17:48:05.723 26030 26253 E FFMPEG  : push lock
11-03 17:48:05.723 26030 26253 E FFMPEG  : size = -362901104 23
11-03 17:48:05.723 26030 26253 E FFMPEG  : push signal
11-03 17:48:05.723 26030 26253 E FFMPEG  : 获取音频流 1
11-03 17:48:05.723 26030 26253 E FFMPEG  : push lock
11-03 17:48:05.723 26030 26253 E FFMPEG  : size = -362901104 24
11-03 17:48:05.723 26030 26253 E FFMPEG  : push signal
11-03 17:48:05.723 26030 26253 E FFMPEG  : 获取音频流 1
11-03 17:48:05.723 26030 26253 E FFMPEG  : push lock
11-03 17:48:05.723 26030 26253 E FFMPEG  : size = -362901104 25
11-03 17:48:05.723 26030 26253 E FFMPEG  : push signal
11-03 17:48:05.723 26030 26253 E FFMPEG  : 获取到的是视频流 0
11-03 17:48:05.723 26030 26253 E FFMPEG  : push lock
11-03 17:48:05.723 26030 26253 E FFMPEG  : size = -866829168 13
11-03 17:48:05.723 26030 26253 E FFMPEG  : push signal
11-03 17:48:05.723 26030 26251 E FFMPEG  : push lock
11-03 17:48:05.723 26030 26253 E FFMPEG  : 获取到的是视频流 0
11-03 17:48:05.723 26030 26251 E FFMPEG  : size = -362901060 4
11-03 17:48:05.723 26030 26253 E FFMPEG  : push lock
11-03 17:48:05.723 26030 26251 E FFMPEG  : push signal
11-03 17:48:05.723 26030 26253 E FFMPEG  : size = -866829168 14
11-03 17:48:05.723 26030 26253 E FFMPEG  : push signal
11-03 17:48:05.723 26030 26251 E FFMPEG  : pop lock
11-03 17:48:05.723 26030 26253 E FFMPEG  : 获取到的是视频流 0
11-03 17:48:05.723 26030 26251 E FFMPEG  : pop 取出-362901104 25
11-03 17:48:05.723 26030 26253 E FFMPEG  : push lock
11-03 17:48:05.723 26030 26251 E FFMPEG  : pop unlock
11-03 17:48:05.723 26030 26253 E FFMPEG  : size = -866829168 15
11-03 17:48:05.723 26030 26253 E FFMPEG  : push signal
11-03 17:48:05.723 26030 26253 E FFMPEG  : 获取到的是视频流 0
11-03 17:48:05.723 26030 26253 E FFMPEG  : push lock
11-03 17:48:05.723 26030 26253 E FFMPEG  : size = -866829168 16
11-03 17:48:05.723 26030 26253 E FFMPEG  : push signal
11-03 17:48:05.723 26030 26253 E FFMPEG  : 获取音频流 1
11-03 17:48:05.723 26030 26253 E FFMPEG  : push lock
11-03 17:48:05.723 26030 26253 E FFMPEG  : size = -362901104 25
11-03 17:48:05.723 26030 26253 E FFMPEG  : push signal
11-03 17:48:05.723 26030 26253 E FFMPEG  : 获取音频流 1
11-03 17:48:05.723 26030 26253 E FFMPEG  : push lock
11-03 17:48:05.723 26030 26253 E FFMPEG  : size = -362901104 26
11-03 17:48:05.723 26030 26253 E FFMPEG  : push signal
11-03 17:48:05.723 26030 26253 E FFMPEG  : 获取音频流 1
11-03 17:48:05.723 26030 26253 E FFMPEG  : push lock
11-03 17:48:05.723 26030 26253 E FFMPEG  : size = -362901104 27
11-03 17:48:05.723 26030 26253 E FFMPEG  : push signal
11-03 17:48:05.723 26030 26253 E FFMPEG  : 获取音频流 1
11-03 17:48:05.723 26030 26253 E FFMPEG  : push lock
11-03 17:48:05.723 26030 26253 E FFMPEG  : size = -362901104 28
11-03 17:48:05.723 26030 26253 E FFMPEG  : push signal
11-03 17:48:05.723 26030 26253 E FFMPEG  : 获取音频流 1
11-03 17:48:05.723 26030 26253 E FFMPEG  : push lock
11-03 17:48:05.723 26030 26253 E FFMPEG  : size = -362901104 29
11-03 17:48:05.723 26030 26253 E FFMPEG  : push signal
11-03 17:48:05.723 26030 26253 E FFMPEG  : 获取音频流 1
11-03 17:48:05.724 26030 26253 E FFMPEG  : push lock
11-03 17:48:05.724 26030 26253 E FFMPEG  : size = -362901104 30
11-03 17:48:05.724 26030 26253 E FFMPEG  : push signal
11-03 17:48:05.724 26030 26253 E FFMPEG  : 获取音频流 1
11-03 17:48:05.724 26030 26253 E FFMPEG  : push lock
11-03 17:48:05.724 26030 26253 E FFMPEG  : size = -362901104 31
11-03 17:48:05.724 26030 26253 E FFMPEG  : push signal
11-03 17:48:05.724 26030 26251 E FFMPEG  : push lock
11-03 17:48:05.724 26030 26253 E FFMPEG  : 获取音频流 1
11-03 17:48:05.724 26030 26251 E FFMPEG  : size = -362901060 5
11-03 17:48:05.724 26030 26253 E FFMPEG  : push lock
11-03 17:48:05.724 26030 26251 E FFMPEG  : push signal
11-03 17:48:05.724 26030 26253 E FFMPEG  : size = -362901104 32
11-03 17:48:05.724 26030 26251 E FFMPEG  : pop lock
11-03 17:48:05.724 26030 26253 E FFMPEG  : push signal
11-03 17:48:05.724 26030 26253 E FFMPEG  : 获取到的是视频流 0
11-03 17:48:05.724 26030 26253 E FFMPEG  : push lock
11-03 17:48:05.724 26030 26251 E FFMPEG  : pop 取出-362901104 32
11-03 17:48:05.724 26030 26253 E FFMPEG  : size = -866829168 17
11-03 17:48:05.724 26030 26251 E FFMPEG  : pop unlock
11-03 17:48:05.724 26030 26253 E FFMPEG  : push signal
11-03 17:48:05.724 26030 26253 E FFMPEG  : 获取到的是视频流 0
11-03 17:48:05.724 26030 26253 E FFMPEG  : push lock
11-03 17:48:05.724 26030 26253 E FFMPEG  : size = -866829168 18
11-03 17:48:05.724 26030 26253 E FFMPEG  : push signal
11-03 17:48:05.724 26030 26253 E FFMPEG  : 获取到的是视频流 0
11-03 17:48:05.724 26030 26253 E FFMPEG  : push lock
11-03 17:48:05.724 26030 26253 E FFMPEG  : size = -866829168 19
11-03 17:48:05.724 26030 26253 E FFMPEG  : push signal
11-03 17:48:05.724 26030 26253 E FFMPEG  : 获取到的是视频流 0
11-03 17:48:05.724 26030 26253 E FFMPEG  : push lock
11-03 17:48:05.724 26030 26253 E FFMPEG  : size = -866829168 20
11-03 17:48:05.724 26030 26253 E FFMPEG  : push signal
11-03 17:48:05.724 26030 26251 E FFMPEG  : push lock
11-03 17:48:05.724 26030 26251 E FFMPEG  : size = -362901060 6
11-03 17:48:05.724 26030 26251 E FFMPEG  : push signal
11-03 17:48:05.724 26030 26251 E FFMPEG  : pop lock
11-03 17:48:05.724 26030 26251 E FFMPEG  : pop 取出-362901104 31
11-03 17:48:05.724 26030 26251 E FFMPEG  : pop unlock
11-03 17:48:05.724 26030 26253 E FFMPEG  : 获取音频流 1
11-03 17:48:05.724 26030 26253 E FFMPEG  : push lock
11-03 17:48:05.724 26030 26253 E FFMPEG  : size = -362901104 31
11-03 17:48:05.724 26030 26253 E FFMPEG  : push signal
11-03 17:48:05.724 26030 26253 E FFMPEG  : 获取音频流 1
11-03 17:48:05.724 26030 26253 E FFMPEG  : push lock
11-03 17:48:05.724 26030 26253 E FFMPEG  : size = -362901104 32
11-03 17:48:05.724 26030 26253 E FFMPEG  : push signal
11-03 17:48:05.724 26030 26253 E FFMPEG  : 获取音频流 1
11-03 17:48:05.724 26030 26253 E FFMPEG  : push lock
11-03 17:48:05.725 26030 26253 E FFMPEG  : size = -362901104 33
11-03 17:48:05.725 26030 26253 E FFMPEG  : push signal
11-03 17:48:05.725 26030 26253 E FFMPEG  : 获取音频流 1
11-03 17:48:05.725 26030 26253 E FFMPEG  : push lock
11-03 17:48:05.725 26030 26253 E FFMPEG  : size = -362901104 34
11-03 17:48:05.725 26030 26253 E FFMPEG  : push signal
11-03 17:48:05.725 26030 26253 E FFMPEG  : 获取音频流 1
11-03 17:48:05.725 26030 26253 E FFMPEG  : push lock
11-03 17:48:05.725 26030 26253 E FFMPEG  : size = -362901104 35
11-03 17:48:05.725 26030 26253 E FFMPEG  : push signal
11-03 17:48:05.725 26030 26253 E FFMPEG  : 获取音频流 1
11-03 17:48:05.725 26030 26253 E FFMPEG  : push lock
11-03 17:48:05.725 26030 26253 E FFMPEG  : size = -362901104 36
11-03 17:48:05.725 26030 26251 E FFMPEG  : push lock
11-03 17:48:05.725 26030 26253 E FFMPEG  : push signal
11-03 17:48:05.725 26030 26251 E FFMPEG  : size = -362901060 7
11-03 17:48:05.725 26030 26251 E FFMPEG  : push signal
11-03 17:48:05.725 26030 26253 E FFMPEG  : 获取音频流 1
11-03 17:48:05.725 26030 26251 E FFMPEG  : pop lock
11-03 17:48:05.725 26030 26253 E FFMPEG  : push lock
11-03 17:48:05.725 26030 26251 E FFMPEG  : pop 取出-362901104 36
11-03 17:48:05.725 26030 26251 E FFMPEG  : pop unlock
11-03 17:48:05.725 26030 26253 E FFMPEG  : size = -362901104 36
11-03 17:48:05.725 26030 26253 E FFMPEG  : push signal
11-03 17:48:05.725 26030 26253 E FFMPEG  : 获取音频流 1
11-03 17:48:05.725 26030 26253 E FFMPEG  : push lock
11-03 17:48:05.725 26030 26253 E FFMPEG  : size = -362901104 37
11-03 17:48:05.725 26030 26253 E FFMPEG  : push signal
11-03 17:48:05.725 26030 26251 E FFMPEG  : push lock
11-03 17:48:05.725 26030 26251 E FFMPEG  : size = -362901060 8
11-03 17:48:05.725 26030 26251 E FFMPEG  : push signal
11-03 17:48:05.725 26030 26251 E FFMPEG  : pop lock
11-03 17:48:05.725 26030 26251 E FFMPEG  : pop 取出-362901104 37
11-03 17:48:05.725 26030 26251 E FFMPEG  : pop unlock
11-03 17:48:05.726 26030 26251 E FFMPEG  : push lock
11-03 17:48:05.726 26030 26251 E FFMPEG  : size = -362901060 9
11-03 17:48:05.726 26030 26251 E FFMPEG  : push signal
11-03 17:48:05.726 26030 26251 E FFMPEG  : pop lock
11-03 17:48:05.726 26030 26251 E FFMPEG  : pop 取出-362901104 36
11-03 17:48:05.726 26030 26251 E FFMPEG  : pop unlock
11-03 17:48:05.726 26030 26251 E FFMPEG  : push lock
11-03 17:48:05.726 26030 26251 E FFMPEG  : size = -362901060 10
11-03 17:48:05.726 26030 26251 E FFMPEG  : push signal
11-03 17:48:05.726 26030 26251 E FFMPEG  : pop lock
11-03 17:48:05.726 26030 26251 E FFMPEG  : pop 取出-362901104 35
11-03 17:48:05.726 26030 26251 E FFMPEG  : pop unlock
11-03 17:48:05.727 26030 26251 E FFMPEG  : push lock
11-03 17:48:05.727 26030 26251 E FFMPEG  : size = -362901060 11
11-03 17:48:05.727 26030 26251 E FFMPEG  : push signal
11-03 17:48:05.727 26030 26251 E FFMPEG  : pop lock
11-03 17:48:05.727 26030 26251 E FFMPEG  : pop 取出-362901104 34
11-03 17:48:05.727 26030 26251 E FFMPEG  : pop unlock
11-03 17:48:05.727   636   776 D AudioFlinger: thread 0x79f8125540 type 0 TID 776 waking up
11-03 17:48:05.727   636   780 D AudioFlinger: thread 0x79f81ac5c0 type 0 TID 780 waking up
11-03 17:48:05.727 26030 26251 E FFMPEG  : push lock
11-03 17:48:05.727 26030 26251 E FFMPEG  : size = -362901060 12
11-03 17:48:05.727 26030 26251 E FFMPEG  : push signal
11-03 17:48:05.727 26030 26251 E FFMPEG  : pop lock
11-03 17:48:05.727 26030 26251 E FFMPEG  : pop 取出-362901104 33
11-03 17:48:05.727 26030 26251 E FFMPEG  : pop unlock
11-03 17:48:05.727 26030 26252 D         : PlayerBase::PlayerBase()
11-03 17:48:05.728 26030 26251 E FFMPEG  : push lock
11-03 17:48:05.728 26030 26251 E FFMPEG  : size = -362901060 13
11-03 17:48:05.728 26030 26251 E FFMPEG  : push signal
11-03 17:48:05.728 26030 26251 E FFMPEG  : pop lock
11-03 17:48:05.728 26030 26251 E FFMPEG  : pop 取出-362901104 32
11-03 17:48:05.728   636   776 D AudioFlinger: acquireWakeLock_l() AudioOut_D status 0 mWakeLockToken 0x79f6e0e8c0
11-03 17:48:05.728   636   780 D AudioFlinger: acquireWakeLock_l() AudioOut_15 status 0 mWakeLockToken 0x79f6e0e980
11-03 17:48:05.728 26030 26251 E FFMPEG  : pop unlock
11-03 17:48:05.728 26030 26251 E FFMPEG  : push lock
11-03 17:48:05.728 26030 26251 E FFMPEG  : size = -362901060 14
11-03 17:48:05.728 26030 26251 E FFMPEG  : push signal
11-03 17:48:05.728 26030 26251 E FFMPEG  : pop lock
11-03 17:48:05.728 26030 26251 E FFMPEG  : pop 取出-362901104 31
11-03 17:48:05.728 26030 26251 E FFMPEG  : pop unlock
11-03 17:48:05.729 26030 26251 E FFMPEG  : push lock
11-03 17:48:05.729 26030 26251 E FFMPEG  : size = -362901060 15
11-03 17:48:05.729 26030 26251 E FFMPEG  : push signal
11-03 17:48:05.729 26030 26251 E FFMPEG  : pop lock
11-03 17:48:05.729 26030 26251 E FFMPEG  : pop 取出-362901104 30
11-03 17:48:05.729 26030 26251 E FFMPEG  : pop unlock
11-03 17:48:05.729 26030 26251 E FFMPEG  : push lock
11-03 17:48:05.729 26030 26251 E FFMPEG  : size = -362901060 16
11-03 17:48:05.729 26030 26251 E FFMPEG  : push signal
11-03 17:48:05.729 26030 26251 E FFMPEG  : pop lock
11-03 17:48:05.729 26030 26251 E FFMPEG  : pop 取出-362901104 29
11-03 17:48:05.729 26030 26251 E FFMPEG  : pop unlock
11-03 17:48:05.729 26030 26251 E FFMPEG  : push lock
11-03 17:48:05.730 26030 26251 E FFMPEG  : size = -362901060 17
11-03 17:48:05.730 26030 26251 E FFMPEG  : push signal
11-03 17:48:05.730 26030 26251 E FFMPEG  : pop lock
11-03 17:48:05.730 26030 26251 E FFMPEG  : pop 取出-362901104 28
11-03 17:48:05.730 26030 26251 E FFMPEG  : pop unlock
11-03 17:48:05.730 26030 26251 E FFMPEG  : push lock
11-03 17:48:05.730 26030 26251 E FFMPEG  : size = -362901060 18
11-03 17:48:05.730 26030 26251 E FFMPEG  : push signal
11-03 17:48:05.730 26030 26251 E FFMPEG  : pop lock
11-03 17:48:05.730 26030 26251 E FFMPEG  : pop 取出-362901104 27
11-03 17:48:05.730 26030 26251 E FFMPEG  : pop unlock
11-03 17:48:05.730 26030 26252 D         : TrackPlayerBase::TrackPlayerBase()
11-03 17:48:05.730 26030 26252 I libOpenSLES: Emulating old channel mask behavior (ignoring positional mask 0x3, using default mask 0x3 based on channel count of 2)
11-03 17:48:05.730 26030 26251 E FFMPEG  : push lock
11-03 17:48:05.730 26030 26251 E FFMPEG  : size = -362901060 19
11-03 17:48:05.730 26030 26251 E FFMPEG  : push signal
11-03 17:48:05.730 26030 26251 E FFMPEG  : pop lock
11-03 17:48:05.730 26030 26251 E FFMPEG  : pop 取出-362901104 26
11-03 17:48:05.730 26030 26251 E FFMPEG  : pop unlock
11-03 17:48:05.731 26030 26251 E FFMPEG  : push lock
11-03 17:48:05.731 26030 26251 E FFMPEG  : size = -362901060 20
11-03 17:48:05.731 26030 26251 E FFMPEG  : push signal
11-03 17:48:05.731 26030 26251 E FFMPEG  : pop lock
11-03 17:48:05.731 26030 26251 E FFMPEG  : pop 取出-362901104 25
11-03 17:48:05.731 26030 26251 E FFMPEG  : pop unlock
11-03 17:48:05.731 26030 26251 E FFMPEG  : push lock
11-03 17:48:05.731 26030 26251 E FFMPEG  : size = -362901060 21
11-03 17:48:05.731 26030 26251 E FFMPEG  : push signal
11-03 17:48:05.731 26030 26251 E FFMPEG  : pop lock
11-03 17:48:05.731 26030 26251 E FFMPEG  : pop 取出-362901104 24
11-03 17:48:05.731 26030 26251 E FFMPEG  : pop unlock
11-03 17:48:05.732 26030 26251 E FFMPEG  : push lock
11-03 17:48:05.732 26030 26251 E FFMPEG  : size = -362901060 22
11-03 17:48:05.732 26030 26251 E FFMPEG  : push signal
11-03 17:48:05.732 26030 26251 E FFMPEG  : pop lock
11-03 17:48:05.732 26030 26251 E FFMPEG  : pop 取出-362901104 23
11-03 17:48:05.732 26030 26251 E FFMPEG  : pop unlock
11-03 17:48:05.732 26030 26251 E FFMPEG  : push lock
11-03 17:48:05.732 26030 26251 E FFMPEG  : size = -362901060 23
11-03 17:48:05.732 26030 26251 E FFMPEG  : push signal
11-03 17:48:05.732 26030 26251 E FFMPEG  : pop lock
11-03 17:48:05.732 26030 26251 E FFMPEG  : pop 取出-362901104 22
11-03 17:48:05.732 26030 26251 E FFMPEG  : pop unlock
11-03 17:48:05.733 26030 26251 E FFMPEG  : push lock
11-03 17:48:05.733 26030 26251 E FFMPEG  : size = -362901060 24
11-03 17:48:05.733 26030 26251 E FFMPEG  : push signal
11-03 17:48:05.733 26030 26251 E FFMPEG  : pop lock
11-03 17:48:05.733 26030 26251 E FFMPEG  : pop 取出-362901104 21
11-03 17:48:05.733 26030 26251 E FFMPEG  : pop unlock
11-03 17:48:05.733 26030 26251 E FFMPEG  : push lock
11-03 17:48:05.733 26030 26251 E FFMPEG  : size = -362901060 25
11-03 17:48:05.733 26030 26251 E FFMPEG  : push signal
11-03 17:48:05.733 26030 26251 E FFMPEG  : pop lock
11-03 17:48:05.733 26030 26251 E FFMPEG  : pop 取出-362901104 20
11-03 17:48:05.733 26030 26251 E FFMPEG  : pop unlock
11-03 17:48:05.734 26030 26251 E FFMPEG  : push lock
11-03 17:48:05.734 26030 26251 E FFMPEG  : size = -362901060 26
11-03 17:48:05.734 26030 26251 E FFMPEG  : push signal
11-03 17:48:05.734 26030 26251 E FFMPEG  : pop lock
11-03 17:48:05.734 26030 26251 E FFMPEG  : pop 取出-362901104 19
11-03 17:48:05.734 26030 26251 E FFMPEG  : pop unlock
11-03 17:48:05.734 26030 26251 E FFMPEG  : push lock
11-03 17:48:05.734 26030 26251 E FFMPEG  : size = -362901060 27
11-03 17:48:05.734 26030 26251 E FFMPEG  : push signal
11-03 17:48:05.734 26030 26251 E FFMPEG  : pop lock
11-03 17:48:05.734 26030 26251 E FFMPEG  : pop 取出-362901104 18
11-03 17:48:05.734 26030 26251 E FFMPEG  : pop unlock
11-03 17:48:05.734   636 15117 I AudioPolicyManagerCustomImpl: sample rate: 44100, format: 0x1, channel_mask: 0x3usage=1 content=0 flags=0x0 tags=bitsPerSample: 16, channelCount = 2 streamType =3
11-03 17:48:05.735 26030 26251 E FFMPEG  : push lock
11-03 17:48:05.735 26030 26251 E FFMPEG  : size = -362901060 28
11-03 17:48:05.735 26030 26251 E FFMPEG  : push signal
11-03 17:48:05.735 26030 26251 E FFMPEG  : pop lock
11-03 17:48:05.735 26030 26251 E FFMPEG  : pop 取出-362901104 17
11-03 17:48:05.735 26030 26251 E FFMPEG  : pop unlock
11-03 17:48:05.735 26030 26251 E FFMPEG  : push lock
11-03 17:48:05.735 26030 26251 E FFMPEG  : size = -362901060 29
11-03 17:48:05.735 26030 26251 E FFMPEG  : push signal
11-03 17:48:05.735 26030 26251 E FFMPEG  : pop lock
11-03 17:48:05.735 26030 26251 E FFMPEG  : pop 取出-362901104 16
11-03 17:48:05.735 26030 26251 E FFMPEG  : pop unlock
11-03 17:48:05.735 26030 26251 E FFMPEG  : push lock
11-03 17:48:05.736 26030 26251 E FFMPEG  : size = -362901060 30
11-03 17:48:05.736 26030 26251 E FFMPEG  : push signal
11-03 17:48:05.736 26030 26251 E FFMPEG  : pop lock
11-03 17:48:05.736 26030 26251 E FFMPEG  : pop 取出-362901104 15
11-03 17:48:05.736 26030 26251 E FFMPEG  : pop unlock
11-03 17:48:05.736 26030 26251 E FFMPEG  : push lock
11-03 17:48:05.736 26030 26251 E FFMPEG  : size = -362901060 31
11-03 17:48:05.736 26030 26251 E FFMPEG  : push signal
11-03 17:48:05.736 26030 26251 E FFMPEG  : pop lock
11-03 17:48:05.736 26030 26251 E FFMPEG  : pop 取出-362901104 14
11-03 17:48:05.736 26030 26251 E FFMPEG  : pop unlock
11-03 17:48:05.736  1364  9045 W ProcBatteryStats: timer is running , not start, name: audioserver, uid: 1041, tag: AudioMix
11-03 17:48:05.736   636 15117 I AudioPolicyManagerCustomImpl: isInLowLatency() 0
11-03 17:48:05.736 26030 26251 E FFMPEG  : push lock
11-03 17:48:05.736 26030 26251 E FFMPEG  : size = -362901060 32
11-03 17:48:05.736 26030 26251 E FFMPEG  : push signal
11-03 17:48:05.736 26030 26251 E FFMPEG  : pop lock
11-03 17:48:05.736 26030 26251 E FFMPEG  : pop 取出-362901104 13
11-03 17:48:05.736 26030 26251 E FFMPEG  : pop unlock
11-03 17:48:05.737   605 23049 I DspAudioAlgo: get_parameter_from_dsp input para null : path = direct, name = devices, key = (null)
11-03 17:48:05.737 26030 26251 E FFMPEG  : push lock
11-03 17:48:05.737   605 23049 I audio_hw_primary: adev_get_direct_devices_parameters: get direct_devices (536870912)
11-03 17:48:05.737 26030 26251 E FFMPEG  : size = -362901060 33
11-03 17:48:05.737 26030 26251 E FFMPEG  : push signal
11-03 17:48:05.737 26030 26251 E FFMPEG  : pop lock
11-03 17:48:05.737 26030 26251 E FFMPEG  : pop 取出-362901104 12
11-03 17:48:05.737 26030 26251 E FFMPEG  : pop unlock
11-03 17:48:05.737 26030 26251 E FFMPEG  : push lock
11-03 17:48:05.737 26030 26251 E FFMPEG  : size = -362901060 34
11-03 17:48:05.737 26030 26251 E FFMPEG  : push signal
11-03 17:48:05.737 26030 26251 E FFMPEG  : pop lock
11-03 17:48:05.737 26030 26251 E FFMPEG  : pop 取出-362901104 11
11-03 17:48:05.737 26030 26251 E FFMPEG  : pop unlock
11-03 17:48:05.737   636 15117 W AudioPolicyManagerCustomImpl: isDirectOutputSupported: headset is not onsite, not support
11-03 17:48:05.737   636 15117 W AudioPolicyManagerCustomImpl: isDirectOutputSupported: is unsupport stream
11-03 17:48:05.738 26030 26251 E FFMPEG  : push lock
11-03 17:48:05.738 26030 26251 E FFMPEG  : size = -362901060 35
11-03 17:48:05.738 26030 26251 E FFMPEG  : push signal
11-03 17:48:05.738 26030 26251 E FFMPEG  : pop lock
11-03 17:48:05.738 26030 26251 E FFMPEG  : pop 取出-362901104 10
11-03 17:48:05.738 26030 26251 E FFMPEG  : pop unlock
11-03 17:48:05.738 26030 26251 E FFMPEG  : push lock
11-03 17:48:05.738 26030 26251 E FFMPEG  : size = -362901060 36
11-03 17:48:05.738 26030 26251 E FFMPEG  : push signal
11-03 17:48:05.738 26030 26251 E FFMPEG  : pop lock
11-03 17:48:05.738 26030 26251 E FFMPEG  : pop 取出-362901104 9
11-03 17:48:05.738 26030 26251 E FFMPEG  : pop unlock
11-03 17:48:05.739 26030 26251 E FFMPEG  : push lock
11-03 17:48:05.739 26030 26251 E FFMPEG  : size = -362901060 37
11-03 17:48:05.739 26030 26251 E FFMPEG  : push signal
11-03 17:48:05.739 26030 26251 E FFMPEG  : pop lock
11-03 17:48:05.739 26030 26251 E FFMPEG  : pop 取出-362901104 8
11-03 17:48:05.739 26030 26251 E FFMPEG  : pop unlock
11-03 17:48:05.739 26030 26251 E FFMPEG  : push lock
11-03 17:48:05.739 26030 26251 E FFMPEG  : size = -362901060 38
11-03 17:48:05.739 26030 26251 E FFMPEG  : push signal
11-03 17:48:05.739 26030 26251 E FFMPEG  : pop lock
11-03 17:48:05.739 26030 26251 E FFMPEG  : pop 取出-362901104 7
11-03 17:48:05.739 26030 26251 E FFMPEG  : pop unlock
11-03 17:48:05.740   636 15117 D AudioPolicyIntefaceImpl: getOutputForAttr() session 1841, attr->flags 0x0, flags 0x104, selectedDeviceId 0, pid 26030, uid 10216
11-03 17:48:05.740 26030 26251 E FFMPEG  : push lock
11-03 17:48:05.740 26030 26251 E FFMPEG  : size = -362901060 39
11-03 17:48:05.740 26030 26251 E FFMPEG  : push signal
11-03 17:48:05.740 26030 26251 E FFMPEG  : pop lock
11-03 17:48:05.740 26030 26251 E FFMPEG  : pop 取出-362901104 6
11-03 17:48:05.740 26030 26251 E FFMPEG  : pop unlock
11-03 17:48:05.740 26030 26251 E FFMPEG  : push lock
11-03 17:48:05.740 26030 26251 E FFMPEG  : size = -362901060 40
11-03 17:48:05.740 26030 26251 E FFMPEG  : push signal
11-03 17:48:05.740 26030 26251 E FFMPEG  : pop lock
11-03 17:48:05.740 26030 26251 E FFMPEG  : pop 取出-362901104 5
11-03 17:48:05.740 26030 26251 E FFMPEG  : pop unlock
11-03 17:48:05.740 26030 26251 E FFMPEG  : push lock
11-03 17:48:05.741 26030 26251 E FFMPEG  : size = -362901060 41
11-03 17:48:05.741 26030 26251 E FFMPEG  : push signal
11-03 17:48:05.741 26030 26251 E FFMPEG  : pop lock
11-03 17:48:05.741 26030 26251 E FFMPEG  : pop 取出-362901104 4
11-03 17:48:05.741 26030 26251 E FFMPEG  : pop unlock
11-03 17:48:05.741 26030 26251 E FFMPEG  : push lock
11-03 17:48:05.741 26030 26251 E FFMPEG  : size = -362901060 42
11-03 17:48:05.741 26030 26251 E FFMPEG  : push signal
11-03 17:48:05.741 26030 26251 E FFMPEG  : pop lock
11-03 17:48:05.741 26030 26251 E FFMPEG  : pop 取出-362901104 3
11-03 17:48:05.741 26030 26251 E FFMPEG  : pop unlock
11-03 17:48:05.741 26030 26251 E FFMPEG  : push lock
11-03 17:48:05.741 26030 26251 E FFMPEG  : size = -362901060 43
11-03 17:48:05.741 26030 26251 E FFMPEG  : push signal
11-03 17:48:05.741 26030 26251 E FFMPEG  : pop lock
11-03 17:48:05.741 26030 26251 E FFMPEG  : pop 取出-362901104 2
11-03 17:48:05.741 26030 26251 E FFMPEG  : pop unlock
11-03 17:48:05.741   636 15117 I APM_AudioPolicyManager: queryLowlatencyUid=10216 mpClientInterface->getParameters with result false
11-03 17:48:05.742   636 15117 I APM_AudioPolicyManager: getOutputForDevice() stream 3, flags 100, forceMutingHaptic 0
11-03 17:48:05.742   636 15117 I APM_AudioPolicyManager: getOutputForDevice() returns output 13
11-03 17:48:05.742   636 15117 D APM_AudioPolicyManager: getOutputForAttr() returns output 13 requestedPortId 0 selectedDeviceId 3 for port ID 179
11-03 17:48:05.742 26030 26251 E FFMPEG  : push lock
11-03 17:48:05.742 26030 26251 E FFMPEG  : size = -362901060 44
11-03 17:48:05.742 26030 26251 E FFMPEG  : push signal
11-03 17:48:05.742 26030 26251 E FFMPEG  : pop lock
11-03 17:48:05.742 26030 26251 E FFMPEG  : pop 取出-362901104 1
11-03 17:48:05.742 26030 26251 E FFMPEG  : pop unlock
11-03 17:48:05.742 26030 26251 E FFMPEG  : push lock
11-03 17:48:05.742 26030 26251 E FFMPEG  : size = -362901060 45
11-03 17:48:05.742 26030 26251 E FFMPEG  : push signal
11-03 17:48:05.742 26030 26251 E FFMPEG  : pop lock
11-03 17:48:05.742 26030 26251 E FFMPEG  : pop wait
11-03 17:48:05.743   636 15117 I AudioFlinger: createTrack() sessionId: 1841
11-03 17:48:05.743   636 15117 W AudioFlinger: createTrack_l(): mismatch between requested flags (00000104) and output flags (00000002)
11-03 17:48:05.743   636 15117 D AudioFlinger: Client defaulted notificationFrames to 590 for frameCount 1772
11-03 17:48:05.743   636 15117 D AudioFlinger: createTrack_l : sharedBuffer=0x0 requestframeCnt=0 actualframeCnt=1772 format=0x1 mFormat=0x1 channelMask=0x3 sampleRate=44100 mSampleRate=48000 requestflags=0x104 actualflags=0 outputflags=0x2 requestnotificationFrameCount=0, notificationFrameCount=590, hasFastMixer=0 pid=26030 tid=26254
11-03 17:48:05.745   636 15117 D AF::TrackHandle: OpPlayAudio: track:218 usage:1 not muted
11-03 17:48:05.747   636 15117 D AudioFlinger: DevSched: uid is 10216, factor is 1.000000, mode_eq is 0
11-03 17:48:05.750 26030 26252 W AudioTrack: createTrack_l(0): AUDIO_OUTPUT_FLAG_FAST denied by server; frameCount 0 -> 1772
11-03 17:48:05.751  2169  2347 I PGAudioState: AUDIO_CREATAE_TRACK, audioInfo : [trackId : 218, sessionId : 1841, type : audio_out, threadType : MIXER, streamType : MUSIC, pid : 26030, uid : 10216, createState : new, playState : stop, audioTrackVolume: 1.0, finalVolume : 0.0, loop : false, stopByZeroTime : 0]
11-03 17:48:05.752   636 15117 I AudioFlinger: start output session(1841) pid(26030) 
11-03 17:48:05.753   636   738 I HuaweiAudioFlinger: karaoke white list size=0
11-03 17:48:05.753  1364  1364 D AudioManager: dispatching onPlaybackConfigChanged()
11-03 17:48:05.753  1364  1364 D AudioPlayerStateMonitor: Found a new active media playback. ID:1999 -- type:OpenSL ES AudioPlayer (Buffer Queue) -- u/pid:10216/26030 -- state:started -- attr:AudioAttributes: usage=USAGE_MEDIA content=CONTENT_TYPE_UNKNOWN flags=0x0 tags= bundle=null
11-03 17:48:05.753 27015 28431 D AudioManager: dispatching onPlaybackConfigChanged()
11-03 17:48:05.753  1364  1364 D MediaSessionStack: updateMediaButtonSessionIfNeeded, callers=com.android.server.media.MediaSessionService.lambda$onStart$0$MediaSessionService:203 com.android.server.media.-$$Lambda$MediaSessionService$za_9dlUSlnaiZw6eCdPVEZq0XLw.onAudioPlayerActiveStateChanged:2 
11-03 17:48:05.754   605 23049 I audio_hw_effect: get streamType fail: -2
11-03 17:48:05.754   605 23049 I audio_hw_primary: start stream 3, 8, need change to soc
11-03 17:48:05.754   605 23049 I audio_hw_primary: update stream types 8
11-03 17:48:05.755   636 15117 I APM_AudioPolicyManager: startOutput() output 13, stream 3, session 1841, portId 179, phoneState 0, communiCf 0, mediaCf 0
11-03 17:48:05.755   636 15117 D APM::AudioOutputDescriptor: IOprofile maxActiveCount == 0 curActiveCount = 0
11-03 17:48:05.755   636 15117 D APM::AudioOutputDescriptor: start, profile name: primary out,  curActiveCount: 1
11-03 17:48:05.756   636 15117 I APM_AudioPolicyManager: getNewOutputDevices selected devices {type:0x2} connectdeDevices(10003)
11-03 17:48:05.756   636 15117 I APM_AudioPolicyManager: setOutputDevices device {type:0x2} delayMs 0 force 0 outputDesc 13
11-03 17:48:05.756   636   738 I stereoWidening_frame: SwsParamsSetFloat volumeDb = -23.000000
11-03 17:48:05.756   636   738 I HuaweiAudioFlinger: karaoke white list size=0
11-03 17:48:05.758   605 23049 I audio_hw_effect: get streamType fail: -2
11-03 17:48:05.758   605 23049 I audio_hw_primary: update stream types 8
11-03 17:48:05.760   636 15117 I APM_AudioPolicyManager: setOutputDevices: suppressing checkDeviceMuteStrategies
11-03 17:48:05.760   636 15117 I APM_AudioPolicyManager: setOutputDevices setting same device {type:0x2} or null device, force=0, patch handle=5
11-03 17:48:05.760   636 15117 I APM::AudioOutputDescriptor: do not setVolume.
11-03 17:48:05.760   636 15117 I APM_AudioPolicyManager: checkAndSetVolume volumeSource 6, index 8, device 00000002, volumeDb -23.000000, output 13 
11-03 17:48:05.763   636   738 I stereoWidening_frame: SwsParamsSetFloat volumeDb = -23.000000
11-03 17:48:05.763   636   738 I HuaweiAudioFlinger: karaoke white list size=0
11-03 17:48:05.764   605 23049 I audio_hw_effect: get streamType fail: -2
11-03 17:48:05.764   605 23049 I audio_hw_effect: sws current device is speaker: 2
11-03 17:48:05.764   605 23049 I audio_hw_primary: update stream types 8
11-03 17:48:05.763  2169  2764 I PG_ash  : view add pid:26030 uid:10216
11-03 17:48:05.766   636   738 I HuaweiAudioFlinger: karaoke white list size=0
11-03 17:48:05.767   605 23049 I audio_hw_effect: voice enhance volume index value: 8
11-03 17:48:05.767   605 23049 I audio_hw_primary: update stream types 8
11-03 17:48:05.769   636 15117 D AudioPolicyManagerCustomImpl: virtual audio log:getDeviceForOutVirtualAudio,after instead  device 2
11-03 17:48:05.770   636   738 I HuaweiAudioFlinger: karaoke white list size=0
11-03 17:48:05.770  1364  9045 V WindowManager: addWindow: Window{f426fc4 u0 Toast}
11-03 17:48:05.771   605 23049 I audio_hw_effect: get streamType fail: -2
11-03 17:48:05.771   605 23049 I virtual_btn_hal: audio is run
11-03 17:48:05.772   636 15117 I APM_AudioPolicyManager: sendAudioCloseOrOpen changed isAudioOpen=1
11-03 17:48:05.772   636   776 I AudioMixer: Pid:636 add track, name 218
11-03 17:48:05.773 26030 26127 D OpenGLRenderer: disableOutlineDraw is true
11-03 17:48:05.774  2169  2347 I PGAudioState: AUDIO_ADD_ACTIVE_TRACK, track id : 218
11-03 17:48:05.774  2169  2347 I PGAudioState: not start audio out because audio inactive pid: 26030 uid:10216
11-03 17:48:05.776   605 17712 I audio_hw_primary: start_output_stream++:type=0, device=0x2,pcm=NULL, voice_pcm=NULL
11-03 17:48:05.777   605 17712 I audio_hw_primary: select_devices++ mode[0]
11-03 17:48:05.777   605 17712 I audio_hw_primary: soundtrigger_standing wakeup path no need to open, standby = 1, mode = 0
11-03 17:48:05.777   605 17712 I audio_hw_primary: input_source_id 0, output_device_id 0x2
11-03 17:48:05.777   605 17712 I audio_hw_primary: select_devices d:0x2 is:0 or:media-speaker ir:none id:0
11-03 17:48:05.777   605 17712 E spk_dev_interface_V2: _dev_power_off is :0x0 
11-03 17:48:05.777   605 17712 I dsp_common: dsp_common_control_algo:set device = 2
11-03 17:48:05.777   605 17712 D audio_route: Apply path: media-speaker
11-03 17:48:05.777   605 17712 I audio_hw_primary: soundtrigger_standing wakeup path no need to open, standby = 1, mode = 0
11-03 17:48:05.778   605 17712 D audio_route: Apply path: media-speaker
11-03 17:48:05.778   605 17712 I audio_hw_primary: soundtrigger_standing wakeup path no need to open, standby = 1, mode = 0
11-03 17:48:05.779 26030 26252 E FFMPEG  : audio 
11-03 17:48:05.779 26030 26252 E FFMPEG  : pop lock
11-03 17:48:05.779 26030 26252 E FFMPEG  : pop 取出-362901060 45
11-03 17:48:05.779 26030 26252 E FFMPEG  : pop unlock
11-03 17:48:05.779 26030 26254 D         : PlayerBase::stop() from IPlayer
11-03 17:48:05.779 26030 26254 D AudioTrack: stop(179): called with 0 frames delivered
11-03 17:48:05.780 26030 26252 E FFMPEG  : audio dataSize = 3700
11-03 17:48:05.781  1364  1364 D AudioManager: dispatching onPlaybackConfigChanged()
11-03 17:48:05.781 27015 28431 D AudioManager: dispatching onPlaybackConfigChanged()
11-03 17:48:05.782  1364  1364 D MediaSessionStack: updateMediaButtonSessionIfNeeded, callers=com.android.server.media.MediaSessionService.lambda$onStart$0$MediaSessionService:203 com.android.server.media.-$$Lambda$MediaSessionService$za_9dlUSlnaiZw6eCdPVEZq0XLw.onAudioPlayerActiveStateChanged:2 
11-03 17:48:05.785 26030 26247 E FFMPEG  : frames push 
11-03 17:48:05.785 26030 26247 E FFMPEG  : push lock
11-03 17:48:05.785 26030 26247 E FFMPEG  : size = -866829060 1
11-03 17:48:05.785 26030 26247 E FFMPEG  : push signal
11-03 17:48:05.785 26030 26247 E FFMPEG  : pop lock
11-03 17:48:05.785 26030 26247 E FFMPEG  : pop 取出-866829168 20
11-03 17:48:05.785 26030 26247 E FFMPEG  : pop unlock
11-03 17:48:05.785 26030 26250 E FFMPEG  : pop 取出-866829060 1
11-03 17:48:05.785 26030 26250 E FFMPEG  : pop unlock
--------- beginning of crash
11-03 17:48:05.786 26030 26247 F libc    : Fatal signal 11 (SIGSEGV), code 1 (SEGV_MAPERR), fault addr 0xffe3ffee in tid 26247 (Thread-3), pid 26030 (e.androidmkdemo)
11-03 17:48:05.790  1364 14540 I WindowManager: relayoutVisibleWindow: set isFormatChanged
11-03 17:48:05.799   605 17712 I dsp_common: dsp_common_control_algo:set device = 2
11-03 17:48:05.799   605 17712 E spk_dev_interface_V2: _dev_power_on is :0x0 
11-03 17:48:05.799   605 17712 I audio_hw_primary: select_devices--
11-03 17:48:05.799   605 17712 I audio_hw_primary: start_output_stream--
11-03 17:48:05.799   605 17712 I falling_pop_elim: pop_device_open succeed, falling num = 384, bytes = 3840, output_type = 0, format = 1
11-03 17:48:05.802 26030 26250 E zenglw  : home render
11-03 17:48:05.805   589   589 I GRALLOC : getCallingPid=640, shrFd=10,fmt=0x1,intFmt=0x1,btStrd=7680,size=8294400,pid=589 
11-03 17:48:05.805   589   589 I GRALLOC : 	 yuv=2,w=1920,h=1080,Stride u=0 v=0,offset u=0 v=0 
11-03 17:48:05.805   589   589 I GRALLOC : 	 iova_size=8294400,conUsg=0x906,proUsg=0x966,	 strd=1920,[afbc]HdrStrd=0 PyldStrd=0 Scrmbl=0,ionhnd = 0 
11-03 17:48:05.805 26030 26127 D mali_winsys: EGLint new_window_surface(egl_winsys_display *, void *, EGLSurface, EGLConfig, egl_winsys_surface **, EGLBoolean) returns 0x3000
11-03 17:48:05.806 26030 26250 E ion     : ioctl c0044901 failed with code -1: Not a typewriter
11-03 17:48:05.807   589   589 I GRALLOC : getCallingPid=640, shrFd=10,fmt=0x1,intFmt=0x1,btStrd=1280,size=192512,pid=589 
11-03 17:48:05.807   589   589 I GRALLOC : 	 yuv=2,w=312,h=147,Stride u=0 v=0,offset u=0 v=0 
11-03 17:48:05.807   589   589 I GRALLOC : 	 iova_size=192512,conUsg=0xb00,proUsg=0xb00,	 strd=320,[afbc]HdrStrd=0 PyldStrd=0 Scrmbl=0,ionhnd = 0 
11-03 17:48:05.809   589   589 I chatty  : uid=1000(system) allocator@2.0-s identical 1 line
11-03 17:48:05.810   589   589 I GRALLOC : getCallingPid=640, shrFd=10,fmt=0x1,intFmt=0x1,btStrd=1280,size=192512,pid=589 
11-03 17:48:05.810   589   589 I GRALLOC : 	 yuv=2,w=312,h=147,Stride u=0 v=0,offset u=0 v=0 
11-03 17:48:05.810   589   589 I GRALLOC : 	 iova_size=192512,conUsg=0xb00,proUsg=0xb00,	 strd=320,[afbc]HdrStrd=0 PyldStrd=0 Scrmbl=0,ionhnd = 0 
11-03 17:48:05.813 26030 26250 E FFMPEG  : pop lock
11-03 17:48:05.813 26030 26250 E FFMPEG  : pop wait
11-03 17:48:05.828 26030 26253 E FFMPEG  : 获取到的是视频流 0
11-03 17:48:05.828 26030 26253 E FFMPEG  : push lock
11-03 17:48:05.828 26030 26253 E FFMPEG  : size = -866829168 20
11-03 17:48:05.828 26030 26253 E FFMPEG  : push signal
11-03 17:48:05.828 26030 26253 E FFMPEG  : 获取到的是视频流 0
11-03 17:48:05.828 26030 26253 E FFMPEG  : push lock
11-03 17:48:05.828 26030 26253 E FFMPEG  : size = -866829168 21
11-03 17:48:05.828 26030 26253 E FFMPEG  : push signal
11-03 17:48:05.828 26030 26253 E FFMPEG  : 获取到的是视频流 0
11-03 17:48:05.828 26030 26253 E FFMPEG  : push lock
11-03 17:48:05.828 26030 26253 E FFMPEG  : size = -866829168 22
11-03 17:48:05.828 26030 26253 E FFMPEG  : push signal
11-03 17:48:05.828 26030 26253 E FFMPEG  : 获取到的是视频流 0
11-03 17:48:05.828 26030 26253 E FFMPEG  : push lock
11-03 17:48:05.828 26030 26253 E FFMPEG  : size = -866829168 23
11-03 17:48:05.828 26030 26253 E FFMPEG  : push signal
11-03 17:48:05.833   636   776 I AudioFlinger: stop output session(1841) pid(26030) 
11-03 17:48:05.833  1364  1710 D BatteryStatsService: begin noteStopAudio
11-03 17:48:05.833  1364  1710 D BatteryStatsService: end noteStopAudio
11-03 17:48:05.834   636   738 I HuaweiAudioFlinger: karaoke white list size=0
11-03 17:48:05.834   605 16916 I audio_hw_effect: get streamType fail: -2
11-03 17:48:05.834   605 16916 I audio_hw_primary: update stream types 0
11-03 17:48:05.834  2169  2347 I PGAudioState: AUDIO_REMOVE_ACTIVE_TRACK, trackId : 218
11-03 17:48:05.834   636   739 I APM_AudioPolicyManager: stopOutput() output 13, stream 3, session 1841, portId 179
11-03 17:48:05.834   636   739 I APM_AudioPolicyManager: getNewOutputDevices selected devices AUDIO_DEVICE_NONE connectdeDevices(10003)
11-03 17:48:05.834   636   739 I APM_AudioPolicyManager: setOutputDevices device AUDIO_DEVICE_NONE delayMs 80 force 0 outputDesc 13
11-03 17:48:05.835   636   739 D AudioPolicyManagerCustomImpl: virtual audio log:getDeviceForOutVirtualAudio,after instead  device 2
11-03 17:48:05.835   636   739 I APM_AudioPolicyManager: setOutputDevices setting same device AUDIO_DEVICE_NONE or null device, force=0, patch handle=5
11-03 17:48:05.835  2169  2347 I DeviceMonitor: last release audio mix uid:10216 pid:-2
11-03 17:48:05.835   636   739 D AudioPolicyManagerCustomImpl: virtual audio log:getDeviceForOutVirtualAudio,after instead  device 2
11-03 17:48:05.836   636   739 I APM_AudioPolicyManager: getNewOutputDevices selected devices AUDIO_DEVICE_NONE connectdeDevices(10003)
11-03 17:48:05.836   636   739 D APM::AudioOutputDescriptor: stop, profile name: primary out,  curActiveCount: 0
11-03 17:48:05.837   636   738 I HuaweiAudioFlinger: karaoke white list size=0
11-03 17:48:05.837   605 16916 I audio_hw_effect: get streamType fail: -2
11-03 17:48:05.837   605 16916 I virtual_btn_hal: audio is off
11-03 17:48:05.838   636   739 I APM_AudioPolicyManager: sendAudioCloseOrOpen changed isAudioOpen=0
11-03 17:48:05.851 26258 26258 I crash_dump32: obtaining output fd from tombstoned, type: kDebuggerdTombstone
11-03 17:48:05.854   885   885 I /system/bin/tombstoned: received crash request for pid 26247
11-03 17:48:05.855 26258 26258 I crash_dump32: performing dump of process 26030 (target tid = 26247)
11-03 17:48:05.867 26258 26258 F DEBUG   : *** *** *** *** *** *** *** *** *** *** *** *** *** *** *** ***
11-03 17:48:05.868 26258 26258 F DEBUG   : Build fingerprint: 'HONOR/HRY-AL00a/HWHRY-HF:10/HONORHRY-AL00a/10.0.0.168C00:user/release-keys'
11-03 17:48:05.868 26258 26258 F DEBUG   : Revision: '0'
11-03 17:48:05.868 26258 26258 F DEBUG   : ABI: 'arm'
11-03 17:48:05.868 26258 26258 F DEBUG   : Timestamp: 2020-11-03 17:48:05+0800
11-03 17:48:05.868 26258 26258 F DEBUG   : pid: 26030, tid: 26247, name: Thread-3  >>> com.example.androidmkdemo <<<
11-03 17:48:05.868 26258 26258 F DEBUG   : uid: 10216
11-03 17:48:05.868 26258 26258 F DEBUG   : signal 11 (SIGSEGV), code 1 (SEGV_MAPERR), fault addr 0xffe3ffee
11-03 17:48:05.868 26258 26258 F DEBUG   :     r0  ffe3ffe6  r1  cc54b2f0  r2  00000002  r3  baf2c458
11-03 17:48:05.868 26258 26258 F DEBUG   :     r4  00000000  r5  cc54b2f0  r6  ffe3ffe6  r7  bb0f6d80
11-03 17:48:05.868 26258 26258 F DEBUG   :     r8  00006680  r9  000065ae  r10 b7856490  r11 bb88f230
11-03 17:48:05.868 26258 26258 F DEBUG   :     ip  b9643ef0  sp  bb88f1a0  lr  b908e4cd  pc  b9081532
11-03 17:48:05.869 26258 26258 F DEBUG   : 
11-03 17:48:05.869 26258 26258 F DEBUG   : backtrace:
11-03 17:48:05.869 26258 26258 F DEBUG   :       #00 pc 0015b532  /data/app/com.example.androidmkdemo-H2n6UUPR2hh9SeP0FZR5fg==/lib/arm/libtestffmpeg.so (av_bsf_send_packet+6) (BuildId: 1e8ab96ef83439313a6228a683fbac33e7e5d281)
11-03 17:48:05.869 26258 26258 F DEBUG   :       #01 pc 001684c9  /data/app/com.example.androidmkdemo-H2n6UUPR2hh9SeP0FZR5fg==/lib/arm/libtestffmpeg.so (avcodec_send_packet+64) (BuildId: 1e8ab96ef83439313a6228a683fbac33e7e5d281)
11-03 17:48:05.869 26258 26258 F DEBUG   :       #02 pc 000b45f3  /data/app/com.example.androidmkdemo-H2n6UUPR2hh9SeP0FZR5fg==/lib/arm/libtestffmpeg.so (VideoChannel::decode()+90) (BuildId: 1e8ab96ef83439313a6228a683fbac33e7e5d281)
11-03 17:48:05.869 26258 26258 F DEBUG   :       #03 pc 000b4585  /data/app/com.example.androidmkdemo-H2n6UUPR2hh9SeP0FZR5fg==/lib/arm/libtestffmpeg.so (decode_task(void*)+44) (BuildId: 1e8ab96ef83439313a6228a683fbac33e7e5d281)
11-03 17:48:05.869 26258 26258 F DEBUG   :       #04 pc 0009c1b7  /apex/com.android.runtime/lib/bionic/libc.so (__pthread_start(void*)+20) (BuildId: a4512dbc201a034f375ebdf7a21495c8)
11-03 17:48:05.869 26258 26258 F DEBUG   :       #05 pc 00055657  /apex/com.android.runtime/lib/bionic/libc.so (__start_thread+30) (BuildId: a4512dbc201a034f375ebdf7a21495c8)
11-03 17:48:05.930  1364  1483 I DebugKeepScreenOn: setHoldScreenLocked newHoldScreen:Session{6b791ba 26030:u0a10216} currentHoldScreen:null wakeLockState:false
11-03 17:48:05.930  1364  1483 I DebugKeepScreenOn: Acquiring screen wakelock due to Window{f426fc4 u0 Toast}
11-03 17:48:05.954  1364  1682 I HwAudioServiceEx: restart dms isMusicActive : false, isRingActive : false, isAlarmActive : false
11-03 17:48:05.995   884  3249 E LOGSERVER_UTILS: [ERecovery]ReadEvent: ERecoveryEventManager ReadEvent 0
11-03 17:48:06.031 26030 26253 E FFMPEG  : 获取到的是视频流 0
11-03 17:48:06.031 26030 26253 E FFMPEG  : push lock
11-03 17:48:06.031 26030 26253 E FFMPEG  : size = -866829168 24
11-03 17:48:06.031 26030 26253 E FFMPEG  : push signal
11-03 17:48:06.032 26030 26253 E FFMPEG  : 获取音频流 1
11-03 17:48:06.032 26030 26253 E FFMPEG  : push lock
11-03 17:48:06.032 26030 26253 E FFMPEG  : size = -362901104 1
11-03 17:48:06.032 26030 26253 E FFMPEG  : push signal
11-03 17:48:06.032 26030 26253 E FFMPEG  : 获取音频流 1
11-03 17:48:06.032 26030 26251 E FFMPEG  : pop 取出-362901104 1
11-03 17:48:06.032 26030 26253 E FFMPEG  : push lock
11-03 17:48:06.032 26030 26251 E FFMPEG  : pop unlock
11-03 17:48:06.032 26030 26253 E FFMPEG  : size = -362901104 1
11-03 17:48:06.032 26030 26253 E FFMPEG  : push signal
11-03 17:48:06.032 26030 26253 E FFMPEG  : 获取音频流 1
11-03 17:48:06.032 26030 26253 E FFMPEG  : push lock
11-03 17:48:06.033 26030 26253 E FFMPEG  : size = -362901104 2
11-03 17:48:06.033 26030 26253 E FFMPEG  : push signal
11-03 17:48:06.033 26030 26253 E FFMPEG  : 获取音频流 1
11-03 17:48:06.033 26030 26253 E FFMPEG  : push lock
11-03 17:48:06.033 26030 26253 E FFMPEG  : size = -362901104 3
11-03 17:48:06.033 26030 26253 E FFMPEG  : push signal
11-03 17:48:06.033 26030 26253 E FFMPEG  : 获取音频流 1
11-03 17:48:06.033 26030 26253 E FFMPEG  : push lock
11-03 17:48:06.033 26030 26253 E FFMPEG  : size = -362901104 4
11-03 17:48:06.033 26030 26253 E FFMPEG  : push signal
11-03 17:48:06.033 26030 26253 E FFMPEG  : 获取音频流 1
11-03 17:48:06.033 26030 26253 E FFMPEG  : push lock
11-03 17:48:06.033 26030 26253 E FFMPEG  : size = -362901104 5
11-03 17:48:06.033 26030 26253 E FFMPEG  : push signal
11-03 17:48:06.033 26030 26253 E FFMPEG  : 获取音频流 1
11-03 17:48:06.033 26030 26253 E FFMPEG  : push lock
11-03 17:48:06.033 26030 26253 E FFMPEG  : size = -362901104 6
11-03 17:48:06.033 26030 26253 E FFMPEG  : push signal
11-03 17:48:06.033 26030 26253 E FFMPEG  : 获取音频流 1
11-03 17:48:06.033 26030 26253 E FFMPEG  : push lock
11-03 17:48:06.033 26030 26253 E FFMPEG  : size = -362901104 7
11-03 17:48:06.034 26030 26253 E FFMPEG  : push signal
11-03 17:48:06.034 26030 26253 E FFMPEG  : 获取到的是视频流 0
11-03 17:48:06.034 26030 26253 E FFMPEG  : push lock
11-03 17:48:06.034 26030 26253 E FFMPEG  : size = -866829168 25
11-03 17:48:06.034 26030 26253 E FFMPEG  : push signal
11-03 17:48:06.035 26030 26253 E FFMPEG  : 获取到的是视频流 0
11-03 17:48:06.035 26030 26253 E FFMPEG  : push lock
11-03 17:48:06.035 26030 26253 E FFMPEG  : size = -866829168 26
11-03 17:48:06.035 26030 26253 E FFMPEG  : push signal
11-03 17:48:06.111  2195  2195 E HwModemCapability: isCapabilitySupport java.lang.StringIndexOutOfBoundsException: length=7; index=7
11-03 17:48:06.119  1364  1710 E HwModemCapability: isCapabilitySupport java.lang.StringIndexOutOfBoundsException: length=7; index=7
11-03 17:48:06.170 26030 26253 E FFMPEG  : 获取到的是视频流 0
11-03 17:48:06.170 26030 26253 E FFMPEG  : push lock
11-03 17:48:06.170 26030 26253 E FFMPEG  : size = -866829168 27
11-03 17:48:06.170 26030 26253 E FFMPEG  : push signal
11-03 17:48:06.170 26030 26253 E FFMPEG  : 获取到的是视频流 0
11-03 17:48:06.170 26030 26253 E FFMPEG  : push lock
11-03 17:48:06.170 26030 26253 E FFMPEG  : size = -866829168 28
11-03 17:48:06.170 26030 26253 E FFMPEG  : push signal
11-03 17:48:06.171 26030 26253 E FFMPEG  : 获取音频流 1
11-03 17:48:06.171 26030 26253 E FFMPEG  : push lock
11-03 17:48:06.171 26030 26253 E FFMPEG  : size = -362901104 8
11-03 17:48:06.171 26030 26253 E FFMPEG  : push signal
11-03 17:48:06.171 26030 26253 E FFMPEG  : 获取音频流 1
11-03 17:48:06.171 26030 26253 E FFMPEG  : push lock
11-03 17:48:06.171 26030 26253 E FFMPEG  : size = -362901104 9
11-03 17:48:06.171 26030 26253 E FFMPEG  : push signal
11-03 17:48:06.171 26030 26253 E FFMPEG  : 获取音频流 1
11-03 17:48:06.171 26030 26253 E FFMPEG  : push lock
11-03 17:48:06.171 26030 26253 E FFMPEG  : size = -362901104 10
11-03 17:48:06.171 26030 26253 E FFMPEG  : push signal
11-03 17:48:06.171 26030 26253 E FFMPEG  : 获取音频流 1
11-03 17:48:06.171 26030 26253 E FFMPEG  : push lock
11-03 17:48:06.171 26030 26253 E FFMPEG  : size = -362901104 11
11-03 17:48:06.171 26030 26253 E FFMPEG  : push signal
11-03 17:48:06.171 26030 26253 E FFMPEG  : 获取音频流 1
11-03 17:48:06.171 26030 26253 E FFMPEG  : push lock
11-03 17:48:06.171 26030 26253 E FFMPEG  : size = -362901104 12
11-03 17:48:06.171 26030 26253 E FFMPEG  : push signal
11-03 17:48:06.172 26030 26253 E FFMPEG  : 获取音频流 1
11-03 17:48:06.172 26030 26253 E FFMPEG  : push lock
11-03 17:48:06.172 26030 26253 E FFMPEG  : size = -362901104 13
11-03 17:48:06.172 26030 26253 E FFMPEG  : push signal
11-03 17:48:06.172 26030 26253 E FFMPEG  : 获取音频流 1
11-03 17:48:06.172 26030 26253 E FFMPEG  : push lock
11-03 17:48:06.172 26030 26253 E FFMPEG  : size = -362901104 14
11-03 17:48:06.172 26030 26253 E FFMPEG  : push signal
11-03 17:48:06.172 26030 26253 E FFMPEG  : 获取音频流 1
11-03 17:48:06.172 26030 26253 E FFMPEG  : push lock
11-03 17:48:06.172 26030 26253 E FFMPEG  : size = -362901104 15
11-03 17:48:06.172 26030 26253 E FFMPEG  : push signal
11-03 17:48:06.305 26030 26253 E FFMPEG  : 获取到的是视频流 0
11-03 17:48:06.305 26030 26253 E FFMPEG  : push lock
11-03 17:48:06.305 26030 26253 E FFMPEG  : size = -866829168 29
11-03 17:48:06.305 26030 26253 E FFMPEG  : push signal
11-03 17:48:06.305 26030 26253 E FFMPEG  : 获取到的是视频流 0
11-03 17:48:06.305 26030 26253 E FFMPEG  : push lock
11-03 17:48:06.305 26030 26253 E FFMPEG  : size = -866829168 30
11-03 17:48:06.305 26030 26253 E FFMPEG  : push signal
11-03 17:48:06.305 26030 26253 E FFMPEG  : 获取到的是视频流 0
11-03 17:48:06.305 26030 26253 E FFMPEG  : push lock
11-03 17:48:06.305 26030 26253 E FFMPEG  : size = -866829168 31
11-03 17:48:06.305 26030 26253 E FFMPEG  : push signal
11-03 17:48:06.351  1364 26261 W ActivityTaskManager:   finishTopCrashedActivityLocked Force finishing activity com.example.androidmkdemo/.MainActivity
11-03 17:48:06.351  1364 26262 I DropBoxManagerService: add tag=data_app_native_crash isTagEnabled=true flags=0x2
11-03 17:48:06.351   885   885 E /system/bin/tombstoned: Tombstone written to: /data/tombstones/tombstone_01
11-03 17:48:06.351  1364 26261 V ActivityTaskManager: positionChild stackId=0 to top.
11-03 17:48:06.352  1364 26261 W HwActivityTaskManagerServiceEx: setResumedActivityUncheckLocked start call, from: ActivityRecord{2b277ad u0 com.example.androidmkdemo/.MainActivity t822 f}, to: ActivityRecord{7162dad u0 com.huawei.android.launcher/.unihome.UniHomeLauncher t1}
11-03 17:48:06.352  1364 26261 W HwActivityTaskManagerServiceEx: appSwitch from: com.example.androidmkdemo to: com.huawei.android.launcher
11-03 17:48:06.354  1364 26261 D ZrHung.AppEyeFocusWindow: FocusWindowErrorScene CheckFreezeScreen
11-03 17:48:06.355  2041 23504 D AssistantService-1011301: registerHwActivityNotifier call fromPackage:com.example.androidmkdemo, toPackage:com.huawei.android.launcher
11-03 17:48:06.357  1364  1491 D HwGameAssistantController: UPDATE: mCurFgPkg=com.huawei.android.launcher, mCurFgPid=28709, mCurIsGame=false
11-03 17:48:06.358  2041 10431 D AssistantService-1011301: handleMessage app switch fromPackage:com.example.androidmkdemo, toPackage:com.huawei.android.launcher
11-03 17:48:06.359  2041 10431 D AssistantService-1011301: package:com.example.androidmkdemo inAppAssistant:false
11-03 17:48:06.363  2041 10431 D AssistantService-1011301: package:com.huawei.android.launcher inAppAssistant:false
11-03 17:48:06.374  2169  3447 E AwareLog: SPKSchedFeature: Uid has been sent, ignore.
11-03 17:48:06.375  1364  1480 W ActivityManager: Skipping native crash dialog of ProcessRecord{8107242 26030:com.example.androidmkdemo/u0a216}
11-03 17:48:06.376   884  3110 E iMonitor: FaultDetect: DumptoolPrintf return.
11-03 17:48:06.376   884  3111 E iMonitor: FaultDetect: FaultEngineTracePrintf return.
11-03 17:48:06.377   884  3110 E iMonitor: FaultDetect: DumptoolPrintf return.
11-03 17:48:06.379  2169  2347 D ScenarioService: front pkg : com.huawei.android.launcher launcher: true
11-03 17:48:06.379  2169  2347 I AppManager: handleAppFrontEvent: com.huawei.android.launcher
11-03 17:48:06.379  2169  2764 I PG_ash  : front pkg : com.huawei.android.launcher launcher: true
11-03 17:48:06.379  2169  2347 I AppsUsage: scnOff:false FgAPP:com.huawei.android.launcher BgAPP:com.example.androidmkdemo
11-03 17:48:06.379  2169  2764 I PG_ash  : keep window pkg front laucher, multiWin: null , pipWim:null
11-03 17:48:06.379  2169  2910 I PGServer: report state:10000 event type:2 pid:0 uid:0 pkg:com.example.androidmkdemo to pid: 2041
11-03 17:48:06.379  1364  2112 V WindowManager: notifyAppResumed: wasStopped=true AppWindowToken{794f7a9 token=Token{b67f30 ActivityRecord{7162dad u0 com.huawei.android.launcher/.unihome.UniHomeLauncher t1}}}
11-03 17:48:06.379  2169  2910 I PGServer: report state:10000 event type:2 pid:0 uid:0 pkg:com.example.androidmkdemo to pid: 2169
11-03 17:48:06.379  2169  2910 I SceneReceiver: state type: 10000 eventType:2 pid:0 uid:0 pkg:com.example.androidmkdemo
11-03 17:48:06.385  2169  2910 I PGServer: report state:10000 event type:2 pid:0 uid:0 pkg:com.example.androidmkdemo to pid: 1364
11-03 17:48:06.386  2169  2910 I PGServer: report state:10010 event type:1 pid:0 uid:0 pkg:com.huawei.android.launcher to pid: 2041
11-03 17:48:06.386  2041 23504 D HicomMonitor: notifyForegroundAppChanged: pkg:com.huawei.android.launcher
11-03 17:48:06.386  2041 23504 D Hicom_EmcomManagerService: onForegroundAppChanged, pkgName:com.huawei.android.launcher
11-03 17:48:06.386  2041 23504 D SmartcareProc: onForegroundAppChanged, pkgName:com.huawei.android.launcher
11-03 17:48:06.387  2041 23504 W FIControl: Failed to find configuration for com.huawei.android.launcher
11-03 17:48:06.387  2041 23504 D Hicom_SysEnvMonitor: onForegroundAppChanged, pkgName: com.huawei.android.launcher
11-03 17:48:06.389  1364  1490 W SecurityProfileService: Activity life state callback extras get package null!
