11-07 18:07:46.733  1364  1659 D UntrustedWifiNetworkFactory: got request NetworkRequest [ TRACK_DEFAULT id=2894, [ Capabilities: INTERNET&NOT_RESTRICTED&TRUSTED Uid: 1001] ] with score 60 and serial -1
11-07 18:07:46.738  2195  2195 D PhoneSwitcherNetworkRequstListener: got request NetworkRequest [ TRACK_DEFAULT id=2894, [ Capabilities: INTERNET&NOT_RESTRICTED&TRUSTED Uid: 1001] ] with score 60 and serial -1
11-07 18:07:46.739  2195  2195 D Telephony-AccountEntry: isEmergencyPreferredAccount: subId=-1, activeData=-1
11-07 18:07:46.739  2195  2195 D Telephony-AccountEntry: isEmergencyPreferredAccount: Device does not require preference.
11-07 18:07:46.739  2195  2195 D Telephony-AccountEntry: isEmergencyPreferredAccount: subId=-1, activeData=-1
11-07 18:07:46.739  2195  2195 D Telephony-AccountEntry: isEmergencyPreferredAccount: Device does not require preference.
11-07 18:07:46.739  2195  2195 D Telephony-AccountEntry: isEmergencyPreferredAccount: subId=-1, activeData=-1
11-07 18:07:46.739  2195  2195 D Telephony-AccountEntry: isEmergencyPreferredAccount: Device does not require preference.
11-07 18:07:46.739  2195  2195 D Telephony-AccountEntry: isEmergencyPreferredAccount: subId=-1, activeData=-1
11-07 18:07:46.739  2195  2195 D Telephony-AccountEntry: isEmergencyPreferredAccount: Device does not require preference.
11-07 18:07:46.741  2041  2041 D DollieNetworkFactory: got request NetworkRequest [ TRACK_DEFAULT id=2894, [ Capabilities: INTERNET&NOT_RESTRICTED&TRUSTED Uid: 1001] ] with score 60 and serial -1
11-07 18:07:46.743  1364  1667 D ConnectivityService: Network NetworkAgentInfo [WIFI () - 667] was already satisfying request 27. No change.
11-07 18:07:46.744  1364  1667 D ConnectivityService: Network NetworkAgentInfo [WIFI () - 667] was already satisfying request 11. No change.
11-07 18:07:46.744  1364  1667 D ConnectivityService: Network NetworkAgentInfo [WIFI () - 667] was already satisfying request 7. No change.
11-07 18:07:46.744  1364  1659 D WifiNetworkFactory: got request NetworkRequest [ TRACK_DEFAULT id=2894, [ Capabilities: INTERNET&NOT_RESTRICTED&TRUSTED Uid: 1001] ] with score 60 and serial -1
11-07 18:07:46.744  1364  1667 D ConnectivityService: Network NetworkAgentInfo [WIFI () - 667] was already satisfying request 4. No change.
11-07 18:07:46.744  1364  1667 D ConnectivityService: Network NetworkAgentInfo [WIFI () - 667] was already satisfying request 1. No change.
11-07 18:07:46.744  1364  1667 D ConnectivityService: Network NetworkAgentInfo [WIFI () - 667] was already satisfying request 8. No change.
11-07 18:07:46.744  1364  1667 D ConnectivityService: Network NetworkAgentInfo [WIFI () - 667] was already satisfying request 29. No change.
11-07 18:07:46.744  1364  1667 D ConnectivityService: Network NetworkAgentInfo [WIFI () - 667] was already satisfying request 22. No change.
11-07 18:07:46.748  1364  1667 D ConnectivityService: Network NetworkAgentInfo [WIFI () - 667] was already satisfying request 25. No change.
11-07 18:07:46.756  1364  2230 D StubTelephonyRegistry: uid:1001 pid:23465 PhoneStateListener.LISTEN_CELL_LOCATION:16 events:256
11-07 18:07:46.769 23465 23465 D ConnectivityManager: requestNetwork and the calling app is: com.huawei.hwvoipservice
11-07 18:07:46.771  1364  2230 D ConnectivityService: requestNetwork for uid/pid:1001/23465 NetworkRequest [ TRACK_DEFAULT id=2895, [ Capabilities: INTERNET&NOT_RESTRICTED&TRUSTED Uid: 1001] ]
11-07 18:07:46.772  1364  1667 D ConnectivityService: rematching NetworkAgentInfo [WIFI () - 667]
11-07 18:07:46.772  1364  1667 D ConnectivityService: currentScore = 0, newScore = 60
11-07 18:07:46.772  1364  1667 D ConnectivityService: rematch for NetworkAgentInfo [WIFI () - 667]
11-07 18:07:46.772  1364  1667 D ConnectivityService:    accepting network in place of null
11-07 18:07:46.773  1364  1667 D ConnectivityService: sending new Min Network Score(60): NetworkRequest [ TRACK_DEFAULT id=2895, [ Capabilities: INTERNET&NOT_RESTRICTED&TRUSTED Uid: 1001] ]
11-07 18:07:46.773  1364  1728 D Ethernet: got request NetworkRequest [ TRACK_DEFAULT id=2895, [ Capabilities: INTERNET&NOT_RESTRICTED&TRUSTED Uid: 1001] ] with score 60 and serial -1
11-07 18:07:46.774  1364  1667 D ConnectivityService: Network NetworkAgentInfo [WIFI () - 667] was already satisfying request 10. No change.
11-07 18:07:46.774  1364  1659 D UntrustedWifiNetworkFactory: got request NetworkRequest [ TRACK_DEFAULT id=2895, [ Capabilities: INTERNET&NOT_RESTRICTED&TRUSTED Uid: 1001] ] with score 60 and serial -1
11-07 18:07:46.774  1364  1667 D ConnectivityService: Network NetworkAgentInfo [WIFI () - 667] was already satisfying request 14. No change.
11-07 18:07:46.774  1364  1667 D ConnectivityService: Network NetworkAgentInfo [WIFI () - 667] was already satisfying request 35. No change.
11-07 18:07:46.774  1364  1659 D WifiNetworkFactory: got request NetworkRequest [ TRACK_DEFAULT id=2895, [ Capabilities: INTERNET&NOT_RESTRICTED&TRUSTED Uid: 1001] ] with score 60 and serial -1
11-07 18:07:46.774  1364  1667 D ConnectivityService: Network NetworkAgentInfo [WIFI () - 667] was already satisfying request 2894. No change.
11-07 18:07:46.774  1364  1667 D ConnectivityService: Network NetworkAgentInfo [WIFI () - 667] was already satisfying request 27. No change.
11-07 18:07:46.774  1364  1667 D ConnectivityService: Network NetworkAgentInfo [WIFI () - 667] was already satisfying request 11. No change.
11-07 18:07:46.774  1364  1667 D ConnectivityService: Network NetworkAgentInfo [WIFI () - 667] was already satisfying request 7. No change.
11-07 18:07:46.774  1364  1667 D ConnectivityService: Network NetworkAgentInfo [WIFI () - 667] was already satisfying request 4. No change.
11-07 18:07:46.774  1364  1667 D ConnectivityService: Network NetworkAgentInfo [WIFI () - 667] was already satisfying request 1. No change.
11-07 18:07:46.774  1364  1667 D ConnectivityService: Network NetworkAgentInfo [WIFI () - 667] was already satisfying request 8. No change.
11-07 18:07:46.774  1364  1667 D ConnectivityService: Network NetworkAgentInfo [WIFI () - 667] was already satisfying request 29. No change.
11-07 18:07:46.774  1364  1667 D ConnectivityService: Network NetworkAgentInfo [WIFI () - 667] was already satisfying request 22. No change.
11-07 18:07:46.775  1364  1667 D ConnectivityService: Network NetworkAgentInfo [WIFI () - 667] was already satisfying request 25. No change.
11-07 18:07:46.776  2041  2041 D DollieNetworkFactory: got request NetworkRequest [ TRACK_DEFAULT id=2895, [ Capabilities: INTERNET&NOT_RESTRICTED&TRUSTED Uid: 1001] ] with score 60 and serial -1
11-07 18:07:46.778 23397 23457 W ndroid.contact: resources.arsc in APK '/data/app/com.wandoujia.phoenix2-l9K29NFzXnE5Xz8aNj_8Aw==/base.apk' is compressed.
11-07 18:07:46.778  2195  2195 D PhoneSwitcherNetworkRequstListener: got request NetworkRequest [ TRACK_DEFAULT id=2895, [ Capabilities: INTERNET&NOT_RESTRICTED&TRUSTED Uid: 1001] ] with score 60 and serial -1
11-07 18:07:46.783  1364  2230 D ConnectivityService: get Network state from cache, cacheBlock is 0
11-07 18:07:46.785  2195  2195 D Telephony-AccountEntry: isEmergencyPreferredAccount: subId=-1, activeData=-1
11-07 18:07:46.785  2195  2195 D Telephony-AccountEntry: isEmergencyPreferredAccount: Device does not require preference.
11-07 18:07:46.785  2195  2195 D Telephony-AccountEntry: isEmergencyPreferredAccount: subId=-1, activeData=-1
11-07 18:07:46.786  2195  2195 D Telephony-AccountEntry: isEmergencyPreferredAccount: Device does not require preference.
11-07 18:07:46.787  2195  2195 D Telephony-AccountEntry: isEmergencyPreferredAccount: subId=-1, activeData=-1
11-07 18:07:46.787  2195  2195 D Telephony-AccountEntry: isEmergencyPreferredAccount: Device does not require preference.
11-07 18:07:46.787  2195  2195 D Telephony-AccountEntry: isEmergencyPreferredAccount: subId=-1, activeData=-1
11-07 18:07:46.787  2195  2195 D Telephony-AccountEntry: isEmergencyPreferredAccount: Device does not require preference.
11-07 18:07:46.789  1364  1428 D ConnectivityService: get Network state from cache, cacheBlock is 0
11-07 18:07:46.778  2195  2195 D PhoneSwitcherNetworkRequstListener: got request NetworkRequest [ TRACK_DEFAULT id=2895, [ Capabilities: INTERNET&NOT_RESTRICTED&TRUSTED Uid: 1001] ] with score 60 and serial -1
11-07 18:07:46.792 23397 23487 V StubController: hsm should not control this permission: 1
11-07 18:07:46.803 23465 23465 D SharedPreferencesUtils: clearInvalidData
11-07 18:07:46.808 23465 23519 D CaasLogUtils: log level is 0
11-07 18:07:46.812 23465 23465 I HwVoipManager: create HwVoipManager.
11-07 18:07:46.815 23465 23519 D CaasLogUtils: setSDKLog: false
11-07 18:07:46.820 23465 23465 I HwPhoneApplication: app version:10.0.2.329
11-07 18:07:46.830 23465 23465 I HwPhoneApplication: package name:com.huawei.hwvoipservice
11-07 18:07:46.831 23465 23465 I HwPhoneApplication: emui version:10.0.0
11-07 18:07:46.831 23465 23465 I HwCaasUtil: emui version:10.0.0
11-07 18:07:46.832 23465 23465 I HwCaasUtil: package name:com.huawei.hwvoipservice
11-07 18:07:46.837 23397 23457 W ndroid.contact: resources.arsc in APK '/data/app/com.ss.android.article.lite-XgrrfqezFxJgZSJQ-NxEzw==/base.apk' is compressed.
11-07 18:07:46.849 23465 23465 I EventHandler: startUploadStaticsJob interval:63772072
11-07 18:07:46.853 23465 23465 I EventHandler: schedule upload statics event job, result: 1
11-07 18:07:46.857 23465 23465 I com.huawei.mediaeffect.util.EffectConfigParser: parseEffectModeTag, tagname beauty_config
11-07 18:07:46.857 23465 23465 I com.huawei.mediaeffect.util.EffectConfigParser: parseBeautyEffectModeInfo, tagname enable_type
11-07 18:07:46.857 23465 23465 I com.huawei.mediaeffect.util.EffectConfigParser: parseBeautyEffectModeInfo, tagname resolution_1080p_product
11-07 18:07:46.857 23465 23465 I com.huawei.mediaeffect.util.EffectConfigParser: parseEffectModeTag, tagname night_config
11-07 18:07:46.858 23465 23465 I com.huawei.mediaeffect.util.EffectConfigParser: find right chipset: kirin710
11-07 18:07:46.858 23465 23465 I com.huawei.mediaeffect.util.EffectConfigParser: parseEffectModeTag, tagname super_resolution_config
11-07 18:07:46.858 23465 23465 I com.huawei.mediaeffect.util.EffectConfigParser: parseEffectModeTag, tagname scene_replace_config
11-07 18:07:46.858 23465 23465 I com.huawei.mediaeffect.util.EffectConfigParser: isBeauty1080pEnable false
11-07 18:07:46.858 23465 23465 I com.huawei.mediaeffect.util.EffectConfigParser: isNightEnable true
11-07 18:07:46.858 23465 23465 I com.huawei.mediaeffect.util.EffectConfigParser: isSuperResolutionEnable false
11-07 18:07:46.859 23465 23465 I iGraphics: [0020080c] pn: com.huawei.hwvoipservice, p: 23465
11-07 18:07:46.859 23465 23465 I iGraphics: [0030080c] no spt app: com.huawei.hwvoipservice
11-07 18:07:46.882 23465 23465 D Media_effect:VideoSize: getThermalPara boardname = kirin710
11-07 18:07:46.921 23397 23457 V StubController: hsm should not control this permission: 1
11-07 18:07:46.924 23465 23465 I iVision : hardware = kirin710
11-07 18:07:46.925 23465 23465 I iVision : GetSupportPlatform = 0
11-07 18:07:46.926 23465 23465 D Media_effect:ThermalDetect: IAwareSdkService on
11-07 18:07:46.927 23465 23465 D Media_effect:MediaEffectAdapter: MediaEffectAdapter init
11-07 18:07:46.927 23465 23465 D Media_effect:VideoSize: getThermalPara boardname = kirin710
11-07 18:07:46.929 23465 23465 I CameraManagerGlobal: Connecting to camera service
11-07 18:07:46.931 23465 23492 I Media_effect:ThermalDetect: THERMAL_REPORT_CALLBACK level : 0prelevel: 0
11-07 18:07:46.932 23465 23492 I Media_effect:ThermalDetect: Thermal notify level : 0, delay: 10000
11-07 18:07:46.950 23465 23465 I Media_effect:VideoCapture: setFrameRate: 15 - 15
11-07 18:07:46.951 23465 23465 I Media_effect:MediaEffectAdapter: setCaptureSize width is 1920, height is 1080
11-07 18:07:46.951 23465 23465 D Media_effect:MediaEffectAdapter: setCaptureSize boardWidth = 1280; boradheight = 720
11-07 18:07:46.951 23465 23465 I Media_effect:ArgbBuffer: init
11-07 18:07:46.951 23465 23465 I Media_effect:PreviewRender: setCaptureSize: 1280x720
11-07 18:07:46.962 23465 23465 I LoginUtils: getHiCallEnableState : false
11-07 18:07:46.977 23465 23465 D ConnectivityManager: requestNetwork and the calling app is: com.huawei.hwvoipservice
11-07 18:07:46.852  1364  1428 I chatty  : uid=1000(system) Binder:1364_1 identical 1 line
11-07 18:07:46.852  1364  1428 D ConnectivityService: get Network state from cache, cacheBlock is 0
11-07 18:07:46.979  1364  1428 D ConnectivityService: requestNetwork for uid/pid:1001/23465 NetworkRequest [ TRACK_DEFAULT id=2896, [ Capabilities: INTERNET&NOT_RESTRICTED&TRUSTED Uid: 1001] ]
11-07 18:07:46.980  1364  1667 D ConnectivityService: rematching NetworkAgentInfo [WIFI () - 667]
11-07 18:07:46.980 23465 23465 D CloudAccountUtils: init
11-07 18:07:46.981  1364  1667 D ConnectivityService: Network NetworkAgentInfo [WIFI () - 667] was already satisfying request 2895. No change.
11-07 18:07:46.981  1364  1667 D ConnectivityService: Network NetworkAgentInfo [WIFI () - 667] was already satisfying request 10. No change.
11-07 18:07:46.981  1364  1667 D ConnectivityService: Network NetworkAgentInfo [WIFI () - 667] was already satisfying request 14. No change.
11-07 18:07:46.981  1364  1667 D ConnectivityService: Network NetworkAgentInfo [WIFI () - 667] was already satisfying request 35. No change.
11-07 18:07:46.981  1364  1667 D ConnectivityService: Network NetworkAgentInfo [WIFI () - 667] was already satisfying request 2894. No change.
11-07 18:07:46.981  1364  1667 D ConnectivityService: Network NetworkAgentInfo [WIFI () - 667] was already satisfying request 27. No change.
11-07 18:07:46.981  1364  1667 D ConnectivityService: Network NetworkAgentInfo [WIFI () - 667] was already satisfying request 11. No change.
11-07 18:07:46.981  1364  1667 D ConnectivityService: Network NetworkAgentInfo [WIFI () - 667] was already satisfying request 7. No change.
11-07 18:07:46.981  1364  1667 D ConnectivityService: Network NetworkAgentInfo [WIFI () - 667] was already satisfying request 4. No change.
11-07 18:07:46.981  1364  1667 D ConnectivityService: Network NetworkAgentInfo [WIFI () - 667] was already satisfying request 1. No change.
11-07 18:07:46.981  1364  1667 D ConnectivityService: Network NetworkAgentInfo [WIFI () - 667] was already satisfying request 8. No change.
11-07 18:07:46.981  1364  1667 D ConnectivityService: Network NetworkAgentInfo [WIFI () - 667] was already satisfying request 29. No change.
11-07 18:07:46.981  1364  1667 D ConnectivityService: currentScore = 0, newScore = 60
11-07 18:07:46.981  1364  1667 D ConnectivityService: rematch for NetworkAgentInfo [WIFI () - 667]
11-07 18:07:46.981  1364  1667 D ConnectivityService:    accepting network in place of null
11-07 18:07:46.981  1364  1667 D ConnectivityService: sending new Min Network Score(60): NetworkRequest [ TRACK_DEFAULT id=2896, [ Capabilities: INTERNET&NOT_RESTRICTED&TRUSTED Uid: 1001] ]
11-07 18:07:46.982  1364  1667 D ConnectivityService: Network NetworkAgentInfo [WIFI () - 667] was already satisfying request 22. No change.
11-07 18:07:46.982  2195  2195 D PhoneSwitcherNetworkRequstListener: got request NetworkRequest [ TRACK_DEFAULT id=2896, [ Capabilities: INTERNET&NOT_RESTRICTED&TRUSTED Uid: 1001] ] with score 60 and serial -1
11-07 18:07:46.983  1364  1667 D ConnectivityService: Network NetworkAgentInfo [WIFI () - 667] was already satisfying request 25. No change.
11-07 18:07:46.983  2195  2195 D PhoneSwitcherNetworkRequstListener: got request NetworkRequest [ TRACK_DEFAULT id=2896, [ Capabilities: INTERNET&NOT_RESTRICTED&TRUSTED Uid: 1001] ] with score 60 and serial -1
11-07 18:07:46.984  1364  1728 D Ethernet: got request NetworkRequest [ TRACK_DEFAULT id=2896, [ Capabilities: INTERNET&NOT_RESTRICTED&TRUSTED Uid: 1001] ] with score 60 and serial -1
11-07 18:07:46.985  1364  1428 D ConnectivityService: get Network state from cache, cacheBlock is 0
11-07 18:07:46.986  1364  1659 D UntrustedWifiNetworkFactory: got request NetworkRequest [ TRACK_DEFAULT id=2896, [ Capabilities: INTERNET&NOT_RESTRICTED&TRUSTED Uid: 1001] ] with score 60 and serial -1
11-07 18:07:46.986  1364  1659 D WifiNetworkFactory: got request NetworkRequest [ TRACK_DEFAULT id=2896, [ Capabilities: INTERNET&NOT_RESTRICTED&TRUSTED Uid: 1001] ] with score 60 and serial -1
11-07 18:07:46.987 23465 23465 V PowerKitApi: Powerkit service connected
11-07 18:07:46.987  2041  2041 D DollieNetworkFactory: got request NetworkRequest [ TRACK_DEFAULT id=2896, [ Capabilities: INTERNET&NOT_RESTRICTED&TRUSTED Uid: 1001] ] with score 60 and serial -1
11-07 18:07:46.989  1364  1428 D ConnectivityService: get Network state from cache, cacheBlock is 0
11-07 18:07:46.995  2195  2195 D Telephony-AccountEntry: isEmergencyPreferredAccount: subId=-1, activeData=-1
11-07 18:07:46.996  2195  2195 D Telephony-AccountEntry: isEmergencyPreferredAccount: Device does not require preference.
11-07 18:07:46.996  2195  2195 D Telephony-AccountEntry: isEmergencyPreferredAccount: subId=-1, activeData=-1
11-07 18:07:46.996  2195  2195 D Telephony-AccountEntry: isEmergencyPreferredAccount: Device does not require preference.
11-07 18:07:46.997  2195  2195 D Telephony-AccountEntry: isEmergencyPreferredAccount: subId=-1, activeData=-1
11-07 18:07:46.997  2195  2195 D Telephony-AccountEntry: isEmergencyPreferredAccount: Device does not require preference.
11-07 18:07:46.997 23465 23537 I HiCallProfileTracker: updateHiCallProfile
11-07 18:07:46.998  2195  2195 D Telephony-AccountEntry: isEmergencyPreferredAccount: subId=-1, activeData=-1
11-07 18:07:46.998  2195  2195 D Telephony-AccountEntry: isEmergencyPreferredAccount: Device does not require preference.
11-07 18:07:46.998 23465 23537 I HiCallProfileTracker: updateHiCallProfileInternal get hmsinfo success
11-07 18:07:47.010  1364  1428 D CountryDetector: isValidCountryIso: CN
11-07 18:07:47.004 23465 23537 W CaasUtil: cached user profile is null!
11-07 18:07:47.012 23465 23537 I HiCallProfileTracker: updateHiCallProfile isHiCallEnable:false, isSupportProfilefalse
11-07 18:07:47.012  1364  1428 D ConnectivityService: get Network state from cache, cacheBlock is 0
11-07 18:07:47.014 23465 23537 W CaasUtil: cached user profile is null!
11-07 18:07:47.246 23465 23465 I HwPartBaseTelephonyFactory: add HwPartBaseTelephonyFactoryImpl to memory.
11-07 18:07:47.248 23465 23465 E HwModemCapability: isCapabilitySupport java.lang.StringIndexOutOfBoundsException: length=7; index=7
11-07 18:07:47.251 23465 23465 D HwPhoneApplication: msg: 3
11-07 18:07:47.251 23465 23465 I HiCallDeviceIdTracker: checkAndUpdateDeviceId, HiCall is not registered or enabled, return.
11-07 18:07:47.320   884  3249 E LOGSERVER_UTILS: [ERecovery]ReadEvent: ERecoveryEventManager ReadEvent 0
11-07 18:07:47.434  8491  8540 I HwNaturalBase: [CommonHandler]: 30028Kb ram is used.
11-07 18:07:47.472  1364  1658 I TrafficMonitor: update:rxPkts:43,txPkts:4,rxBytes:4593,txBytes:259
11-07 18:07:47.472  1364  1658 I TrafficMonitor: start expired. level:-1
11-07 18:07:47.472  1364  1658 I TrafficMonitor: gettimer:interval=2000
11-07 18:07:47.648   569 32655 I netd    : trafficSwapActiveStatsMap() <22.09ms>
11-07 18:07:47.663  2169  1914 I DownloadState: shareUid: 0 default_sk transmitting data speed : 52 bytes/s (rxB:264 txB:0 rxP:2 txP:0 iface:1) scroff: false
11-07 18:07:47.663  2169  1914 I DownloadState: shareUid: 1001 com.huawei.hwvoipservice transmitting data speed : 94 bytes/s (rxB:48 txB:425 rxP:1 txP:5 iface:1) scroff: false
11-07 18:07:47.691   842   842 E Thermal-daemon: [shell_frame] temp_new :31  temp_old :32
11-07 18:07:47.692  2169 26881 I ThermalTrace_ThermalRaise: Shell:-100,32,31,currentBatteryTemp:32
11-07 18:07:47.692   842   842 E Thermal-daemon: Report temperature: [shell_frame] temp :31  report_threshold:1
11-07 18:07:47.778  1364 22928 W AwareLog: AwareMem_Reclaim: generateCompressList procsGroups error!
11-07 18:07:47.780  1364 22928 W AwareLog: AwareMem_Reclaim: getPssForPid error skip! procName=com.huawei.hwid.persistent
11-07 18:07:47.780  1364 22928 W AwareLog: AwareMem_Reclaim: getPssForPid error skip! procName=com.huawei.hiai.engineservice
11-07 18:07:47.781   852   878 I         : HibSTrategy::HibStrategySwapCandidateProcessAdd packagename com.huawei.contentsensor
11-07 18:07:47.820  2169 26881 I PGServer: getTopFrontApp. calling pkg: android
11-07 18:07:47.860   852  3620 I         : HibStrategy::HibStrategySwapCandidateProcessRemove packagename is com.huawei.contentsensor
11-07 18:07:47.861   852  3620 I         : HiberManagerService::sendMessagetoHiberTask successful
11-07 18:07:47.901   852   878 I         : HibSTrategy::HibStrategySwapCandidateProcessAdd packagename android.ext.services
11-07 18:07:47.940  2169 26881 I PGServer: getTopFrontApp. calling pkg: android
11-07 18:07:47.965 23465 23465 I EventHandler: handleEvent:Event{, module='150', event='3', errCode='20002', errDesc='Device to change not found.', bundle='xxxxxx'}
11-07 18:07:47.965 23465 23465 I iMonitor: create: 907008004
11-07 18:07:47.965 23465 23465 D EventHandler: ver:1.2.106
11-07 18:07:47.966 23465 23465 I iMonitor: send: 907008004
11-07 18:07:47.967 23465 23465 E HiCallProfileTracker: modify device info fail, response is not success.
11-07 18:07:47.981   852  3620 I         : HibStrategy::HibStrategySwapCandidateProcessRemove packagename is android.ext.services
11-07 18:07:47.981   852  3620 I         : HiberManagerService::sendMessagetoHiberTask successful
11-07 18:07:48.021   852   878 I         : HibSTrategy::HibStrategySwapCandidateProcessAdd packagename com.huawei.gameassistant
11-07 18:07:48.060  2169 26881 I PGServer: getTopFrontApp. calling pkg: android
