11-07 16:39:45.698 10414 10540 D HeadsetService:  isAudioOn: The number of audio connected devices 0
11-07 16:39:45.698 10414 10540 D HeadsetService: isScoOrCallActive(): Call Active:falseCall is Ringing:falseSCO is Active:false
11-07 16:39:45.698 10414 10540 D HeadsetService:  isAudioOn: The number of audio connected devices 0
11-07 16:39:45.698 10414 10540 I Avrcp_ext: updatePlayStatusForDevice: device: null
11-07 16:39:45.698 10414 10540 V Avrcp_ext: updatePlaybackState (1): old=PlaybackState {state=2, position=-1, buffered position=0, speed=0.0, updated=1055153570, actions=0, custom actions=[], active item id=-1, error=null}(2), new=PlaybackState {state=2, position=-1, buffered position=0, speed=0.0, updated=1055154779, actions=0, custom actions=[], active item id=-1, error=null}(2)
11-07 16:39:45.698 10414 10540 I Avrcp_ext: Exit updatePlayStatusForDevice
11-07 16:39:45.698 10414 10540 D HeadsetService:  isAudioOn: The number of audio connected devices 0
11-07 16:39:45.698 10414 10540 D HeadsetService: isScoOrCallActive(): Call Active:falseCall is Ringing:falseSCO is Active:false
11-07 16:39:45.698 10414 10540 D HeadsetService:  isAudioOn: The number of audio connected devices 0
11-07 16:39:45.698 10414 10540 I Avrcp_ext: updatePlayStatusForDevice: device: null
11-07 16:39:45.698 10414 10540 V Avrcp_ext: updatePlaybackState (1): old=PlaybackState {state=2, position=-1, buffered position=0, speed=0.0, updated=1055153570, actions=0, custom actions=[], active item id=-1, error=null}(2), new=PlaybackState {state=2, position=-1, buffered position=0, speed=0.0, updated=1055154779, actions=0, custom actions=[], active item id=-1, error=null}(2)
11-07 16:39:45.698 10414 10540 I Avrcp_ext: Exit updatePlayStatusForDevice
11-07 16:39:45.698 10414 10540 D HeadsetService:  isAudioOn: The number of audio connected devices 0
11-07 16:39:45.698 10414 10540 D HeadsetService: isScoOrCallActive(): Call Active:falseCall is Ringing:falseSCO is Active:false
11-07 16:39:45.698 10414 10540 D HeadsetService:  isAudioOn: The number of audio connected devices 0
11-07 16:39:45.698 10414 10540 I Avrcp_ext: updatePlayStatusForDevice: device: null
11-07 16:39:45.698 10414 10540 V Avrcp_ext: updatePlaybackState (1): old=PlaybackState {state=2, position=-1, buffered position=0, speed=0.0, updated=1055153570, actions=0, custom actions=[], active item id=-1, error=null}(2), new=PlaybackState {state=2, position=-1, buffered position=0, speed=0.0, updated=1055154779, actions=0, custom actions=[], active item id=-1, error=null}(2)
11-07 16:39:45.698 10414 10540 I Avrcp_ext: Exit updatePlayStatusForDevice
11-07 16:39:45.699 10414 10540 D Avrcp_ext: Enter sendPlayPosNotificationRsp
11-07 16:39:45.699 10414 10540 D Avrcp_ext: sendPlayPosNotificationRsp: Not registered or requesting.
11-07 16:39:45.699 10414 10540 D Avrcp_ext: Enter sendPlayPosNotificationRsp
11-07 16:39:45.699 10414 10540 D Avrcp_ext: sendPlayPosNotificationRsp: Not registered or requesting.
11-07 16:39:45.699 10414 10540 D Avrcp_ext: Enter sendPlayPosNotificationRsp
11-07 16:39:45.699 10414 10540 D Avrcp_ext: sendPlayPosNotificationRsp: Not registered or requesting.
11-07 16:39:45.699 10414 10540 D Avrcp_ext: Enter sendPlayPosNotificationRsp
11-07 16:39:45.699 10414 10540 D Avrcp_ext: sendPlayPosNotificationRsp: Not registered or requesting.
11-07 16:39:45.699 10414 10540 D Avrcp_ext: Enter sendPlayPosNotificationRsp
11-07 16:39:45.699 10414 10540 D Avrcp_ext: sendPlayPosNotificationRsp: Not registered or requesting.
11-07 16:39:45.699 10414 10540 V Avrcp_ext: Exit updatePlayerStateAndPosition
11-07 16:39:45.699  4162  4162 D NavigationBarTransitions: applyDarkIntensity 0.9826073
11-07 16:39:45.700   965  5029 D SurfaceFlinger: getHBMOverlayAlpha backlight=1010, mFodSystemBacklight=902, mBrightnessBackup=1010, mode=2
11-07 16:39:45.700   965  5029 D SurfaceFlinger: brightness=1010; alpha=0.545802 mode=2
11-07 16:39:45.700   965  5029 D SurfaceFlinger: , previous mode:1
11-07 16:39:45.700   864   928 D DisplayFeatureHal: writeDCBacklight setting backlight to 504
11-07 16:39:45.705  1352  1790 D libsensor-B2SNotifier: Backlight2SlpiNotifier brightness = 504
11-07 16:39:45.705   864   928 D DisplayFeatureHal: successfully write 504 into /sys/class/backlight/panel0-backlight/brightness
11-07 16:39:45.709  1352  1790 D libsensor-B2SNotifier: Backlight2SlpiNotifier brightness = 504
11-07 16:39:45.714  4162  4162 D NavigationBarTransitions: applyDarkIntensity 0.9990056
11-07 16:39:45.716   965  5029 D SurfaceFlinger: getHBMOverlayAlpha backlight=1011, mFodSystemBacklight=902, mBrightnessBackup=1011, mode=2
11-07 16:39:45.716   864   928 D DisplayFeatureHal: writeDCBacklight setting backlight to 505
11-07 16:39:45.716   965  5029 D SurfaceFlinger: brightness=1011; alpha=0.545598 mode=2
11-07 16:39:45.716   965  5029 D SurfaceFlinger: , previous mode:1
11-07 16:39:45.716   683 25489 E ResolverController: No valid NAT64 prefix (259, <unspecified>/0)
11-07 16:39:45.720  5781 13160 W PSIUtils: MEMORY_FULL|32588137|476496327185985
11-07 16:39:45.722   864   928 D DisplayFeatureHal: successfully write 505 into /sys/class/backlight/panel0-backlight/brightness
11-07 16:39:45.722  1352  1790 D libsensor-B2SNotifier: Backlight2SlpiNotifier brightness = 505
11-07 16:39:45.731  4162  4162 D NavigationBarTransitions: applyDarkIntensity 1.0
11-07 16:39:45.734   965  5029 D SurfaceFlinger: getHBMOverlayAlpha backlight=1013, mFodSystemBacklight=902, mBrightnessBackup=1013, mode=2
11-07 16:39:45.734   965  5029 D SurfaceFlinger: brightness=1013; alpha=0.545189 mode=2
11-07 16:39:45.734   965  5029 D SurfaceFlinger: , previous mode:1
11-07 16:39:45.734   864   928 D DisplayFeatureHal: writeDCBacklight setting backlight to 506
11-07 16:39:45.739   864   928 D DisplayFeatureHal: successfully write 506 into /sys/class/backlight/panel0-backlight/brightness
11-07 16:39:45.739  1352  1790 D libsensor-B2SNotifier: Backlight2SlpiNotifier brightness = 506
11-07 16:39:45.749   965  5029 D SurfaceFlinger: getHBMOverlayAlpha backlight=1014, mFodSystemBacklight=902, mBrightnessBackup=1014, mode=2
11-07 16:39:45.749   965  5029 D SurfaceFlinger: brightness=1014; alpha=0.544985 mode=2
11-07 16:39:45.749   965  5029 D SurfaceFlinger: , previous mode:1
11-07 16:39:45.749   864   928 D DisplayFeatureHal: writeDCBacklight setting backlight to 506
11-07 16:39:45.755   864   928 D DisplayFeatureHal: successfully write 506 into /sys/class/backlight/panel0-backlight/brightness
11-07 16:39:45.755  1352  1790 D libsensor-B2SNotifier: Backlight2SlpiNotifier brightness = 506
11-07 16:39:45.760  1352  1790 D libsensor-B2SNotifier: Backlight2SlpiNotifier brightness = 506
11-07 16:39:45.766   965  5029 D SurfaceFlinger: getHBMOverlayAlpha backlight=1015, mFodSystemBacklight=902, mBrightnessBackup=1015, mode=2
11-07 16:39:45.766   965  5029 D SurfaceFlinger: brightness=1015; alpha=0.544781 mode=2
11-07 16:39:45.766   965  5029 D SurfaceFlinger: , previous mode:1
11-07 16:39:45.766   864   928 D DisplayFeatureHal: writeDCBacklight setting backlight to 507
11-07 16:39:45.772   864   928 D DisplayFeatureHal: successfully write 507 into /sys/class/backlight/panel0-backlight/brightness
11-07 16:39:45.772  1352  1790 D libsensor-B2SNotifier: Backlight2SlpiNotifier brightness = 507
11-07 16:39:45.775  1352  1790 D libsensor-B2SNotifier: Backlight2SlpiNotifier brightness = 507
11-07 16:39:45.782   965  5029 D SurfaceFlinger: getHBMOverlayAlpha backlight=1017, mFodSystemBacklight=902, mBrightnessBackup=1017, mode=2
11-07 16:39:45.782   965  5029 D SurfaceFlinger: brightness=1017; alpha=0.544374 mode=2
11-07 16:39:45.782   965  5029 D SurfaceFlinger: , previous mode:1
11-07 16:39:45.782   864   928 D DisplayFeatureHal: writeDCBacklight setting backlight to 508
11-07 16:39:45.786  1612  4041 W SystemPressureControl: Increase process clean interval: 50000
11-07 16:39:45.786 12409 23261 W StudioProfiler: Directory /proc/22027/task doesn't exist.
11-07 16:39:45.789   864   928 D DisplayFeatureHal: successfully write 508 into /sys/class/backlight/panel0-backlight/brightness
11-07 16:39:45.789  1352  1790 D libsensor-B2SNotifier: Backlight2SlpiNotifier brightness = 508
11-07 16:39:45.799   965  5029 D SurfaceFlinger: getHBMOverlayAlpha backlight=1018, mFodSystemBacklight=902, mBrightnessBackup=1018, mode=2
11-07 16:39:45.799   965  5029 D SurfaceFlinger: brightness=1018; alpha=0.544170 mode=2
11-07 16:39:45.799   965  5029 D SurfaceFlinger: , previous mode:1
11-07 16:39:45.799   864   928 D DisplayFeatureHal: writeDCBacklight setting backlight to 508
11-07 16:39:45.805  4162  4162 D NavBarTintController: onSampleCollected 1.0
11-07 16:39:45.805   864   928 D DisplayFeatureHal: successfully write 508 into /sys/class/backlight/panel0-backlight/brightness
11-07 16:39:45.805  1352  1790 D libsensor-B2SNotifier: Backlight2SlpiNotifier brightness = 508
11-07 16:39:45.808  1352  1790 D libsensor-B2SNotifier: Backlight2SlpiNotifier brightness = 508
11-07 16:39:45.815   965  5029 D SurfaceFlinger: getHBMOverlayAlpha backlight=1019, mFodSystemBacklight=902, mBrightnessBackup=1019, mode=2
11-07 16:39:45.815   965  5029 D SurfaceFlinger: brightness=1019; alpha=0.543967 mode=2
11-07 16:39:45.815   965  5029 D SurfaceFlinger: , previous mode:1
11-07 16:39:45.815   864   928 D DisplayFeatureHal: writeDCBacklight setting backlight to 509
11-07 16:39:45.822   864   928 D DisplayFeatureHal: successfully write 509 into /sys/class/backlight/panel0-backlight/brightness
11-07 16:39:45.822  1352  1790 D libsensor-B2SNotifier: Backlight2SlpiNotifier brightness = 509
11-07 16:39:45.833   965  5029 D SurfaceFlinger: getHBMOverlayAlpha backlight=1021, mFodSystemBacklight=902, mBrightnessBackup=1021, mode=2
11-07 16:39:45.833   965  5029 D SurfaceFlinger: brightness=1021; alpha=0.543560 mode=2
11-07 16:39:45.833   965  5029 D SurfaceFlinger: , previous mode:1
11-07 16:39:45.834   864   928 D DisplayFeatureHal: writeDCBacklight setting backlight to 510
11-07 16:39:45.839   864   928 D DisplayFeatureHal: successfully write 510 into /sys/class/backlight/panel0-backlight/brightness
11-07 16:39:45.839  1352  1790 D libsensor-B2SNotifier: Backlight2SlpiNotifier brightness = 510
11-07 16:39:45.849   965  5029 D SurfaceFlinger: getHBMOverlayAlpha backlight=1022, mFodSystemBacklight=902, mBrightnessBackup=1022, mode=2
11-07 16:39:45.849   965  5029 D SurfaceFlinger: brightness=1022; alpha=0.543357 mode=2
11-07 16:39:45.849   965  5029 D SurfaceFlinger: , previous mode:1
11-07 16:39:45.849   864   928 D DisplayFeatureHal: writeDCBacklight setting backlight to 510
11-07 16:39:45.856   864   928 D DisplayFeatureHal: successfully write 510 into /sys/class/backlight/panel0-backlight/brightness
11-07 16:39:45.856  1352  1790 D libsensor-B2SNotifier: Backlight2SlpiNotifier brightness = 510
11-07 16:39:45.858  1352  1790 D libsensor-B2SNotifier: Backlight2SlpiNotifier brightness = 510
11-07 16:39:45.866   965  5029 D SurfaceFlinger: getHBMOverlayAlpha backlight=1023, mFodSystemBacklight=902, mBrightnessBackup=1023, mode=2
11-07 16:39:45.866   965  5029 D SurfaceFlinger: brightness=1023; alpha=0.543154 mode=2
11-07 16:39:45.866   965  5029 D SurfaceFlinger: , previous mode:1
11-07 16:39:45.866   864   928 D DisplayFeatureHal: writeDCBacklight setting backlight to 511
11-07 16:39:45.872   864   928 D DisplayFeatureHal: successfully write 511 into /sys/class/backlight/panel0-backlight/brightness
11-07 16:39:45.872  1352  1790 D libsensor-B2SNotifier: Backlight2SlpiNotifier brightness = 511
11-07 16:39:45.882   965  5029 D SurfaceFlinger: getHBMOverlayAlpha backlight=1025, mFodSystemBacklight=902, mBrightnessBackup=1025, mode=2
11-07 16:39:45.882   965  5029 D SurfaceFlinger: brightness=1025; alpha=0.542748 mode=2
11-07 16:39:45.882   965  5029 D SurfaceFlinger: , previous mode:1
11-07 16:39:45.882   864   928 D DisplayFeatureHal: writeDCBacklight setting backlight to 512
11-07 16:39:45.889   864   928 D DisplayFeatureHal: successfully write 512 into /sys/class/backlight/panel0-backlight/brightness
11-07 16:39:45.889  1352  1790 D libsensor-B2SNotifier: Backlight2SlpiNotifier brightness = 512
11-07 16:39:45.891  1352  1790 D libsensor-B2SNotifier: Backlight2SlpiNotifier brightness = 512
11-07 16:39:45.899   965  5029 D SurfaceFlinger: getHBMOverlayAlpha backlight=1026, mFodSystemBacklight=902, mBrightnessBackup=1026, mode=2
11-07 16:39:45.899   965  5029 D SurfaceFlinger: brightness=1026; alpha=0.542545 mode=2
11-07 16:39:45.899   965  5029 D SurfaceFlinger: , previous mode:1
11-07 16:39:45.899   864   928 D DisplayFeatureHal: writeDCBacklight setting backlight to 512
11-07 16:39:45.905  4162  4162 D NavBarTintController: onSampleCollected 1.0
11-07 16:39:45.906  1352  1790 D libsensor-B2SNotifier: Backlight2SlpiNotifier brightness = 512
11-07 16:39:45.906   864   928 D DisplayFeatureHal: successfully write 512 into /sys/class/backlight/panel0-backlight/brightness
11-07 16:39:45.908  1352  1790 D libsensor-B2SNotifier: Backlight2SlpiNotifier brightness = 512
11-07 16:39:45.916   965  5029 D SurfaceFlinger: getHBMOverlayAlpha backlight=1027, mFodSystemBacklight=902, mBrightnessBackup=1027, mode=2
11-07 16:39:45.916   965  5029 D SurfaceFlinger: brightness=1027; alpha=0.542343 mode=2
11-07 16:39:45.916   965  5029 D SurfaceFlinger: , previous mode:1
11-07 16:39:45.916   864   928 D DisplayFeatureHal: writeDCBacklight setting backlight to 513
11-07 16:39:45.922  1352  1790 D libsensor-B2SNotifier: Backlight2SlpiNotifier brightness = 513
11-07 16:39:45.922   864   928 D DisplayFeatureHal: successfully write 513 into /sys/class/backlight/panel0-backlight/brightness
11-07 16:39:45.925  1352  1790 D libsensor-B2SNotifier: Backlight2SlpiNotifier brightness = 513
11-07 16:39:45.929  6537  8817 D com.xiaomi.common.Network: Http POST Response Code: 200
11-07 16:39:45.930 13857 25487 W BpBinder: Slow Binder: BpBinder transact took 247 ms, interface=com.xiaomi.xmsf.push.service.IHttpService, code=1 oneway=false
11-07 16:39:45.931   552   552 I hwservicemanager: getTransport: Cannot find entry vendor.qti.hardware.servicetracker@1.0::IServicetracker/default in either framework or device manifest.
11-07 16:39:45.932   552   552 I hwservicemanager: getTransport: Cannot find entry vendor.qti.hardware.servicetracker@1.0::IServicetracker/default in either framework or device manifest.
11-07 16:39:45.932   965  5029 D SurfaceFlinger: getHBMOverlayAlpha backlight=1029, mFodSystemBacklight=902, mBrightnessBackup=1029, mode=2
11-07 16:39:45.933   965  5029 D SurfaceFlinger: brightness=1029; alpha=0.541938 mode=2
11-07 16:39:45.933   965  5029 D SurfaceFlinger: , previous mode:1
11-07 16:39:45.933   864   928 D DisplayFeatureHal: writeDCBacklight setting backlight to 514
11-07 16:39:45.939   864   928 D DisplayFeatureHal: successfully write 514 into /sys/class/backlight/panel0-backlight/brightness
11-07 16:39:45.939  1352  1790 D libsensor-B2SNotifier: Backlight2SlpiNotifier brightness = 514
11-07 16:39:45.942  1352  1790 D libsensor-B2SNotifier: Backlight2SlpiNotifier brightness = 514
11-07 16:39:45.949   965  5029 D SurfaceFlinger: getHBMOverlayAlpha backlight=1030, mFodSystemBacklight=902, mBrightnessBackup=1030, mode=2
11-07 16:39:45.949   965  5029 D SurfaceFlinger: brightness=1030; alpha=0.541736 mode=2
11-07 16:39:45.949   965  5029 D SurfaceFlinger: , previous mode:1
11-07 16:39:45.949   864   928 D DisplayFeatureHal: writeDCBacklight setting backlight to 514
11-07 16:39:45.955   864   928 D DisplayFeatureHal: successfully write 514 into /sys/class/backlight/panel0-backlight/brightness
11-07 16:39:45.955  1352  1790 D libsensor-B2SNotifier: Backlight2SlpiNotifier brightness = 514
11-07 16:39:45.966   965  5029 D SurfaceFlinger: getHBMOverlayAlpha backlight=1031, mFodSystemBacklight=902, mBrightnessBackup=1031, mode=2
11-07 16:39:45.966   965  5029 D SurfaceFlinger: brightness=1031; alpha=0.541534 mode=2
11-07 16:39:45.966   965  5029 D SurfaceFlinger: , previous mode:1
11-07 16:39:45.966   864   928 D DisplayFeatureHal: writeDCBacklight setting backlight to 515
11-07 16:39:45.966  1612  4009 I MiuiNetworkPolicy: bandwidth: 5 KB/s, Max bandwidth: 919 KB/s
11-07 16:39:45.972   864   928 D DisplayFeatureHal: successfully write 515 into /sys/class/backlight/panel0-backlight/brightness
11-07 16:39:45.972  1352  1790 D libsensor-B2SNotifier: Backlight2SlpiNotifier brightness = 515
11-07 16:39:45.981  1612  1701 I Timeline: Timeline: Activity_windows_visible id: ActivityRecord{6872d7e u0 com.example.androidmkdemo/.MainActivity t16179} time:476500641
11-07 16:39:45.975  1352  1790 D libsensor-B2SNotifier: Backlight2SlpiNotifier brightness = 515
11-07 16:39:45.982  4162  4162 D EventBus: [4162, u0] send(AppTransitionFinishedEvent)
11-07 16:39:45.982  4162  4162 D EventBus: [4162, u0]  -> ForcedResizableInfoActivityController [0x40ab8c0, P1] onBusEvent(AppTransitionFinishedEvent)
11-07 16:39:45.982  4162  4162 D EventBus: [4162, u0] onBusEvent(AppTransitionFinishedEvent) duration: 8 microseconds, avg: 126
11-07 16:39:45.982   965  5029 D SurfaceFlinger: getHBMOverlayAlpha backlight=1033, mFodSystemBacklight=902, mBrightnessBackup=1033, mode=2
11-07 16:39:45.982   965  5029 D SurfaceFlinger: brightness=1033; alpha=0.541129 mode=2
11-07 16:39:45.982   965  5029 D SurfaceFlinger: , previous mode:1
11-07 16:39:45.983   864   928 D DisplayFeatureHal: writeDCBacklight setting backlight to 516
11-07 16:39:45.983  1612  1701 I Timeline: Timeline: App_transition_stopped time:476500643
11-07 16:39:45.986 12409 23261 W StudioProfiler: Directory /proc/22027/task doesn't exist.
11-07 16:39:45.989   864   928 D DisplayFeatureHal: successfully write 516 into /sys/class/backlight/panel0-backlight/brightness
11-07 16:39:45.989  1352  1790 D libsensor-B2SNotifier: Backlight2SlpiNotifier brightness = 516
11-07 16:39:45.999   965  5029 D SurfaceFlinger: getHBMOverlayAlpha backlight=1034, mFodSystemBacklight=902, mBrightnessBackup=1034, mode=2
11-07 16:39:45.999   965  5029 D SurfaceFlinger: brightness=1034; alpha=0.540928 mode=2
11-07 16:39:45.999   965  5029 D SurfaceFlinger: , previous mode:1
11-07 16:39:45.999   864   928 D DisplayFeatureHal: writeDCBacklight setting backlight to 516
11-07 16:39:46.005   864   928 D DisplayFeatureHal: successfully write 516 into /sys/class/backlight/panel0-backlight/brightness
11-07 16:39:46.006  1352  1790 D libsensor-B2SNotifier: Backlight2SlpiNotifier brightness = 516
11-07 16:39:46.016   965  5029 D SurfaceFlinger: getHBMOverlayAlpha backlight=1035, mFodSystemBacklight=902, mBrightnessBackup=1035, mode=2
11-07 16:39:46.016   965  5029 D SurfaceFlinger: brightness=1035; alpha=0.540726 mode=2
11-07 16:39:46.016   965  5029 D SurfaceFlinger: , previous mode:1
11-07 16:39:46.016   864   928 D DisplayFeatureHal: writeDCBacklight setting backlight to 517
11-07 16:39:46.020  4162  4162 D NavBarTintController: onSampleCollected 1.0
11-07 16:39:46.022   864   928 D DisplayFeatureHal: successfully write 517 into /sys/class/backlight/panel0-backlight/brightness
11-07 16:39:46.022  1352  1790 D libsensor-B2SNotifier: Backlight2SlpiNotifier brightness = 517
11-07 16:39:46.033   965  5029 D SurfaceFlinger: getHBMOverlayAlpha backlight=1037, mFodSystemBacklight=902, mBrightnessBackup=1037, mode=2
11-07 16:39:46.033   965  5029 D SurfaceFlinger: brightness=1037; alpha=0.540323 mode=2
11-07 16:39:46.033   965  5029 D SurfaceFlinger: , previous mode:1
11-07 16:39:46.033   864   928 D DisplayFeatureHal: writeDCBacklight setting backlight to 518
11-07 16:39:46.039   864   928 D DisplayFeatureHal: successfully write 518 into /sys/class/backlight/panel0-backlight/brightness
11-07 16:39:46.039  1352  1790 D libsensor-B2SNotifier: Backlight2SlpiNotifier brightness = 518
11-07 16:39:46.049   965  5029 D SurfaceFlinger: getHBMOverlayAlpha backlight=1038, mFodSystemBacklight=902, mBrightnessBackup=1038, mode=2
11-07 16:39:46.049   965  5029 D SurfaceFlinger: brightness=1038; alpha=0.540121 mode=2
11-07 16:39:46.049   965  5029 D SurfaceFlinger: , previous mode:1
11-07 16:39:46.049   864   928 D DisplayFeatureHal: writeDCBacklight setting backlight to 518
11-07 16:39:46.056   864   928 D DisplayFeatureHal: successfully write 518 into /sys/class/backlight/panel0-backlight/brightness
11-07 16:39:46.056  1352  1790 D libsensor-B2SNotifier: Backlight2SlpiNotifier brightness = 518
11-07 16:39:46.066   965  5029 D SurfaceFlinger: getHBMOverlayAlpha backlight=1039, mFodSystemBacklight=902, mBrightnessBackup=1039, mode=2
11-07 16:39:46.066  1352  1790 D libsensor-B2SNotifier: Backlight2SlpiNotifier brightness = 519
11-07 16:39:46.066   965  5029 D SurfaceFlinger: brightness=1039; alpha=0.539920 mode=2
11-07 16:39:46.066   965  5029 D SurfaceFlinger: , previous mode:1
11-07 16:39:46.066   864   928 D DisplayFeatureHal: writeDCBacklight setting backlight to 519
11-07 16:39:46.067   864   928 D DisplayFeatureHal: successfully write 519 into /sys/class/backlight/panel0-backlight/brightness
11-07 16:39:46.069  1352  1790 D libsensor-B2SNotifier: Backlight2SlpiNotifier brightness = 519
11-07 16:39:46.083   965  5029 D SurfaceFlinger: getHBMOverlayAlpha backlight=1041, mFodSystemBacklight=902, mBrightnessBackup=1041, mode=2
11-07 16:39:46.083  1352  1790 D libsensor-B2SNotifier: Backlight2SlpiNotifier brightness = 520
11-07 16:39:46.083   965  5029 D SurfaceFlinger: brightness=1041; alpha=0.539518 mode=2
11-07 16:39:46.083   965  5029 D SurfaceFlinger: , previous mode:1
11-07 16:39:46.083   864   928 D DisplayFeatureHal: writeDCBacklight setting backlight to 520
11-07 16:39:46.083   864   928 D DisplayFeatureHal: successfully write 520 into /sys/class/backlight/panel0-backlight/brightness
11-07 16:39:46.085  1352  1790 D libsensor-B2SNotifier: Backlight2SlpiNotifier brightness = 520
11-07 16:39:46.099   965  5029 D SurfaceFlinger: getHBMOverlayAlpha backlight=1042, mFodSystemBacklight=902, mBrightnessBackup=1042, mode=2
11-07 16:39:46.099  1352  1790 D libsensor-B2SNotifier: Backlight2SlpiNotifier brightness = 520
11-07 16:39:46.099   965  5029 D SurfaceFlinger: brightness=1042; alpha=0.539317 mode=2
11-07 16:39:46.099   965  5029 D SurfaceFlinger: , previous mode:1
11-07 16:39:46.099   864   928 D DisplayFeatureHal: writeDCBacklight setting backlight to 520
11-07 16:39:46.100   864   928 D DisplayFeatureHal: successfully write 520 into /sys/class/backlight/panel0-backlight/brightness
11-07 16:39:46.102  1352  1790 D libsensor-B2SNotifier: Backlight2SlpiNotifier brightness = 520
11-07 16:39:46.116   965  5029 D SurfaceFlinger: getHBMOverlayAlpha backlight=1043, mFodSystemBacklight=902, mBrightnessBackup=1043, mode=2
11-07 16:39:46.116   965  5029 D SurfaceFlinger: brightness=1043; alpha=0.539116 mode=2
11-07 16:39:46.116   965  5029 D SurfaceFlinger: , previous mode:1
11-07 16:39:46.116   864   928 D DisplayFeatureHal: writeDCBacklight setting backlight to 521
11-07 16:39:46.118  1352  1790 D libsensor-B2SNotifier: Backlight2SlpiNotifier brightness = 521
11-07 16:39:46.120   864   928 D DisplayFeatureHal: successfully write 521 into /sys/class/backlight/panel0-backlight/brightness
11-07 16:39:46.121  1352  1790 D libsensor-B2SNotifier: Backlight2SlpiNotifier brightness = 521
11-07 16:39:46.133   965  5029 D SurfaceFlinger: getHBMOverlayAlpha backlight=1045, mFodSystemBacklight=902, mBrightnessBackup=1045, mode=2
11-07 16:39:46.133   965  5029 D SurfaceFlinger: brightness=1045; alpha=0.538714 mode=2
11-07 16:39:46.133   965  5029 D SurfaceFlinger: , previous mode:1
11-07 16:39:46.133   864   928 D DisplayFeatureHal: writeDCBacklight setting backlight to 522
11-07 16:39:46.135  1352  1790 D libsensor-B2SNotifier: Backlight2SlpiNotifier brightness = 522
11-07 16:39:46.136   864   928 D DisplayFeatureHal: successfully write 522 into /sys/class/backlight/panel0-backlight/brightness
11-07 16:39:46.137  1352  1790 D libsensor-B2SNotifier: Backlight2SlpiNotifier brightness = 522
11-07 16:39:46.146  4162  4162 D NavBarTintController: onSampleCollected 1.0
11-07 16:39:46.149   965  5029 D SurfaceFlinger: getHBMOverlayAlpha backlight=1046, mFodSystemBacklight=902, mBrightnessBackup=1046, mode=2
11-07 16:39:46.149   965  5029 D SurfaceFlinger: brightness=1046; alpha=0.538514 mode=2
11-07 16:39:46.149   965  5029 D SurfaceFlinger: , previous mode:1
11-07 16:39:46.149   864   928 D DisplayFeatureHal: writeDCBacklight setting backlight to 522
11-07 16:39:46.151  1352  1790 D libsensor-B2SNotifier: Backlight2SlpiNotifier brightness = 522
11-07 16:39:46.153   864   928 D DisplayFeatureHal: successfully write 522 into /sys/class/backlight/panel0-backlight/brightness
11-07 16:39:46.156  1352  1790 D libsensor-B2SNotifier: Backlight2SlpiNotifier brightness = 522
11-07 16:39:46.166   965  5029 D SurfaceFlinger: getHBMOverlayAlpha backlight=1047, mFodSystemBacklight=902, mBrightnessBackup=1047, mode=2
11-07 16:39:46.166   965  5029 D SurfaceFlinger: brightness=1047; alpha=0.538313 mode=2
11-07 16:39:46.166   965  5029 D SurfaceFlinger: , previous mode:1
11-07 16:39:46.166   864   928 D DisplayFeatureHal: writeDCBacklight setting backlight to 523
11-07 16:39:46.168  1352  1790 D libsensor-B2SNotifier: Backlight2SlpiNotifier brightness = 523
11-07 16:39:46.169   864   928 D DisplayFeatureHal: successfully write 523 into /sys/class/backlight/panel0-backlight/brightness
11-07 16:39:46.171  1352  1790 D libsensor-B2SNotifier: Backlight2SlpiNotifier brightness = 523
11-07 16:39:46.183   965  5029 D SurfaceFlinger: getHBMOverlayAlpha backlight=1049, mFodSystemBacklight=902, mBrightnessBackup=1049, mode=2
11-07 16:39:46.183   965  5029 D SurfaceFlinger: brightness=1049; alpha=0.537912 mode=2
11-07 16:39:46.183   965  5029 D SurfaceFlinger: , previous mode:1
11-07 16:39:46.183   864   928 D DisplayFeatureHal: writeDCBacklight setting backlight to 524
11-07 16:39:46.185  1352  1790 D libsensor-B2SNotifier: Backlight2SlpiNotifier brightness = 524
11-07 16:39:46.186 12409 23261 W StudioProfiler: Directory /proc/22027/task doesn't exist.
11-07 16:39:46.186   864   928 D DisplayFeatureHal: successfully write 524 into /sys/class/backlight/panel0-backlight/brightness
11-07 16:39:46.187  1352  1790 D libsensor-B2SNotifier: Backlight2SlpiNotifier brightness = 524
11-07 16:39:46.199 10414 10540 V Avrcp_ext: AvrcpMessageHandler: received message=29
11-07 16:39:46.199 10414 10540 V Avrcp_ext: updateCurrentMediaState: mMediaController: null
11-07 16:39:46.199   965  5029 D SurfaceFlinger: getHBMOverlayAlpha backlight=1050, mFodSystemBacklight=902, mBrightnessBackup=1050, mode=2
11-07 16:39:46.199   965  5029 D SurfaceFlinger: brightness=1050; alpha=0.537712 mode=2
11-07 16:39:46.199   965  5029 D SurfaceFlinger: , previous mode:1
11-07 16:39:46.199   864   928 D DisplayFeatureHal: writeDCBacklight setting backlight to 524
11-07 16:39:46.199 10414 10540 V Avrcp_ext: isMusicActive: false getBluetoothPlayState: 2
11-07 16:39:46.199 10414 10540 V Avrcp_ext: updateCurrentMediaState: isPlaying = false
11-07 16:39:46.199 10414 10540 V Avrcp_ext: updateCurrentMediaState: mMediaController or getPlaybackState() null
11-07 16:39:46.199 10414 10540 V Avrcp_ext: Media update: id -1-1? [MediaAttributes: none] : [MediaAttributes: none]
11-07 16:39:46.199 10414 10540 V Avrcp_ext: newPlayStatus:2mReportedPlayStatus:-1
11-07 16:39:46.199 10414 10540 V Avrcp_ext: updatePlaybackState, state: PlaybackState {state=2, position=-1, buffered position=0, speed=0.0, updated=1055155282, actions=0, custom actions=[], active item id=-1, error=null} device: null
11-07 16:39:46.199 10414 10540 V Avrcp_ext: Device: no name: 
11-07 16:39:46.199 10414 10540 I chatty  : uid=1002(bluetooth) BluetoothAvrcpH identical 3 lines
11-07 16:39:46.199 10414 10540 V Avrcp_ext: Device: no name: 
11-07 16:39:46.199 10414 10540 V Avrcp_ext: updatePlayerStateAndPosition, old=PlaybackState {state=2, position=-1, buffered position=0, speed=0.0, updated=1055154779, actions=0, custom actions=[], active item id=-1, error=null}, state=PlaybackState {state=2, position=-1, buffered position=0, speed=0.0, updated=1055155282, actions=0, custom actions=[], active item id=-1, error=null}
11-07 16:39:46.200 10414 10540 V Avrcp_ext: old state = PlaybackState {state=2, position=-1, buffered position=0, speed=0.0, updated=1055154779, actions=0, custom actions=[], active item id=-1, error=null}, new state= PlaybackState {state=2, position=-1, buffered position=0, speed=0.0, updated=1055155282, actions=0, custom actions=[], active item id=-1, error=null}
11-07 16:39:46.200 10414 10540 D HeadsetService: getHeadsetService(): returning com.android.bluetooth.hfp.HeadsetService@8af3d6c
11-07 16:39:46.200 10414 10540 D HeadsetService:  isAudioOn: The number of audio connected devices 0
11-07 16:39:46.200 10414 10540 D HeadsetService: isScoOrCallActive(): Call Active:falseCall is Ringing:falseSCO is Active:false
11-07 16:39:46.200 10414 10540 D HeadsetService:  isAudioOn: The number of audio connected devices 0
11-07 16:39:46.200 10414 10540 I Avrcp_ext: updatePlayStatusForDevice: device: null
11-07 16:39:46.200 10414 10540 V Avrcp_ext: updatePlaybackState (1): old=PlaybackState {state=2, position=-1, buffered position=0, speed=0.0, updated=1055154779, actions=0, custom actions=[], active item id=-1, error=null}(2), new=PlaybackState {state=2, position=-1, buffered position=0, speed=0.0, updated=1055155282, actions=0, custom actions=[], active item id=-1, error=null}(2)
11-07 16:39:46.200 10414 10540 I Avrcp_ext: Exit updatePlayStatusForDevice
11-07 16:39:46.200 10414 10540 D HeadsetService:  isAudioOn: The number of audio connected devices 0
11-07 16:39:46.200 10414 10540 D HeadsetService: isScoOrCallActive(): Call Active:falseCall is Ringing:falseSCO is Active:false
11-07 16:39:46.200 10414 10540 D HeadsetService:  isAudioOn: The number of audio connected devices 0
11-07 16:39:46.200 10414 10540 I Avrcp_ext: updatePlayStatusForDevice: device: null
11-07 16:39:46.200 10414 10540 V Avrcp_ext: updatePlaybackState (1): old=PlaybackState {state=2, position=-1, buffered position=0, speed=0.0, updated=1055154779, actions=0, custom actions=[], active item id=-1, error=null}(2), new=PlaybackState {state=2, position=-1, buffered position=0, speed=0.0, updated=1055155282, actions=0, custom actions=[], active item id=-1, error=null}(2)
11-07 16:39:46.200 10414 10540 I Avrcp_ext: Exit updatePlayStatusForDevice
11-07 16:39:46.200 10414 10540 D HeadsetService:  isAudioOn: The number of audio connected devices 0
11-07 16:39:46.200 10414 10540 D HeadsetService: isScoOrCallActive(): Call Active:falseCall is Ringing:falseSCO is Active:false
11-07 16:39:46.201 10414 10540 D HeadsetService:  isAudioOn: The number of audio connected devices 0
11-07 16:39:46.201 10414 10540 I Avrcp_ext: updatePlayStatusForDevice: device: null
11-07 16:39:46.201 10414 10540 V Avrcp_ext: updatePlaybackState (1): old=PlaybackState {state=2, position=-1, buffered position=0, speed=0.0, updated=1055154779, actions=0, custom actions=[], active item id=-1, error=null}(2), new=PlaybackState {state=2, position=-1, buffered position=0, speed=0.0, updated=1055155282, actions=0, custom actions=[], active item id=-1, error=null}(2)
11-07 16:39:46.201 10414 10540 I Avrcp_ext: Exit updatePlayStatusForDevice
11-07 16:39:46.201 10414 10540 D HeadsetService:  isAudioOn: The number of audio connected devices 0
11-07 16:39:46.201 10414 10540 D HeadsetService: isScoOrCallActive(): Call Active:falseCall is Ringing:falseSCO is Active:false
11-07 16:39:46.201 10414 10540 D HeadsetService:  isAudioOn: The number of audio connected devices 0
11-07 16:39:46.201 10414 10540 I Avrcp_ext: updatePlayStatusForDevice: device: null
11-07 16:39:46.201 10414 10540 V Avrcp_ext: updatePlaybackState (1): old=PlaybackState {state=2, position=-1, buffered position=0, speed=0.0, updated=1055154779, actions=0, custom actions=[], active item id=-1, error=null}(2), new=PlaybackState {state=2, position=-1, buffered position=0, speed=0.0, updated=1055155282, actions=0, custom actions=[], active item id=-1, error=null}(2)
11-07 16:39:46.201 10414 10540 I Avrcp_ext: Exit updatePlayStatusForDevice
11-07 16:39:46.201 10414 10540 D HeadsetService:  isAudioOn: The number of audio connected devices 0
11-07 16:39:46.201 10414 10540 D HeadsetService: isScoOrCallActive(): Call Active:falseCall is Ringing:falseSCO is Active:false
11-07 16:39:46.201  1352  1790 D libsensor-B2SNotifier: Backlight2SlpiNotifier brightness = 524
11-07 16:39:46.201 10414 10540 D HeadsetService:  isAudioOn: The number of audio connected devices 0
11-07 16:39:46.201 10414 10540 I Avrcp_ext: updatePlayStatusForDevice: device: null
11-07 16:39:46.201 10414 10540 V Avrcp_ext: updatePlaybackState (1): old=PlaybackState {state=2, position=-1, buffered position=0, speed=0.0, updated=1055154779, actions=0, custom actions=[], active item id=-1, error=null}(2), new=PlaybackState {state=2, position=-1, buffered position=0, speed=0.0, updated=1055155282, actions=0, custom actions=[], active item id=-1, error=null}(2)
11-07 16:39:46.201 10414 10540 I Avrcp_ext: Exit updatePlayStatusForDevice
11-07 16:39:46.201 10414 10540 D Avrcp_ext: Enter sendPlayPosNotificationRsp
11-07 16:39:46.201 10414 10540 D Avrcp_ext: sendPlayPosNotificationRsp: Not registered or requesting.
11-07 16:39:46.201 10414 10540 D Avrcp_ext: Enter sendPlayPosNotificationRsp
11-07 16:39:46.201 10414 10540 D Avrcp_ext: sendPlayPosNotificationRsp: Not registered or requesting.
11-07 16:39:46.201 10414 10540 D Avrcp_ext: Enter sendPlayPosNotificationRsp
11-07 16:39:46.201 10414 10540 D Avrcp_ext: sendPlayPosNotificationRsp: Not registered or requesting.
11-07 16:39:46.201 10414 10540 D Avrcp_ext: Enter sendPlayPosNotificationRsp
11-07 16:39:46.201 10414 10540 D Avrcp_ext: sendPlayPosNotificationRsp: Not registered or requesting.
11-07 16:39:46.201 10414 10540 D Avrcp_ext: Enter sendPlayPosNotificationRsp
11-07 16:39:46.202 10414 10540 D Avrcp_ext: sendPlayPosNotificationRsp: Not registered or requesting.
11-07 16:39:46.202 10414 10540 V Avrcp_ext: Exit updatePlayerStateAndPosition
11-07 16:39:46.202 10414 10540 V Avrcp_ext: Exit handleMessage
11-07 16:39:46.203   864   928 D DisplayFeatureHal: successfully write 524 into /sys/class/backlight/panel0-backlight/brightness
11-07 16:39:46.205  1352  1790 D libsensor-B2SNotifier: Backlight2SlpiNotifier brightness = 524
11-07 16:39:46.216   965  5029 D SurfaceFlinger: getHBMOverlayAlpha backlight=1051, mFodSystemBacklight=902, mBrightnessBackup=1051, mode=2
11-07 16:39:46.216   965  5029 D SurfaceFlinger: brightness=1051; alpha=0.537512 mode=2
11-07 16:39:46.216   965  5029 D SurfaceFlinger: , previous mode:1
11-07 16:39:46.216   864   928 D DisplayFeatureHal: writeDCBacklight setting backlight to 525
11-07 16:39:46.219  1352  1790 D libsensor-B2SNotifier: Backlight2SlpiNotifier brightness = 525
11-07 16:39:46.222   864   928 D DisplayFeatureHal: successfully write 525 into /sys/class/backlight/panel0-backlight/brightness
11-07 16:39:46.222  1352  1790 D libsensor-B2SNotifier: Backlight2SlpiNotifier brightness = 525
11-07 16:39:46.233   965  5029 D SurfaceFlinger: getHBMOverlayAlpha backlight=1053, mFodSystemBacklight=902, mBrightnessBackup=1053, mode=2
11-07 16:39:46.233   965  5029 D SurfaceFlinger: brightness=1053; alpha=0.537112 mode=2
11-07 16:39:46.233   965  5029 D SurfaceFlinger: , previous mode:1
11-07 16:39:46.233   864   928 D DisplayFeatureHal: writeDCBacklight setting backlight to 526
11-07 16:39:46.236  1352  1790 D libsensor-B2SNotifier: Backlight2SlpiNotifier brightness = 526
11-07 16:39:46.238   864   928 D DisplayFeatureHal: successfully write 526 into /sys/class/backlight/panel0-backlight/brightness
11-07 16:39:46.238  1352  1790 D libsensor-B2SNotifier: Backlight2SlpiNotifier brightness = 526
11-07 16:39:46.249   965  5029 D SurfaceFlinger: getHBMOverlayAlpha backlight=1054, mFodSystemBacklight=902, mBrightnessBackup=1054, mode=2
11-07 16:39:46.249   965  5029 D SurfaceFlinger: brightness=1054; alpha=0.536913 mode=2
11-07 16:39:46.249   965  5029 D SurfaceFlinger: , previous mode:1
11-07 16:39:46.249   864   928 D DisplayFeatureHal: writeDCBacklight setting backlight to 526
11-07 16:39:46.252  1352  1790 D libsensor-B2SNotifier: Backlight2SlpiNotifier brightness = 526
11-07 16:39:46.255   864   928 D DisplayFeatureHal: successfully write 526 into /sys/class/backlight/panel0-backlight/brightness
11-07 16:39:46.255  1352  1790 D libsensor-B2SNotifier: Backlight2SlpiNotifier brightness = 526
11-07 16:39:46.266   965  5029 D SurfaceFlinger: getHBMOverlayAlpha backlight=1055, mFodSystemBacklight=902, mBrightnessBackup=1055, mode=2
11-07 16:39:46.266   965  5029 D SurfaceFlinger: brightness=1055; alpha=0.536713 mode=2
11-07 16:39:46.266   965  5029 D SurfaceFlinger: , previous mode:1
11-07 16:39:46.266   864   928 D DisplayFeatureHal: writeDCBacklight setting backlight to 527
11-07 16:39:46.269  1352  1790 D libsensor-B2SNotifier: Backlight2SlpiNotifier brightness = 527
11-07 16:39:46.272   864   928 D DisplayFeatureHal: successfully write 527 into /sys/class/backlight/panel0-backlight/brightness
11-07 16:39:46.272  1352  1790 D libsensor-B2SNotifier: Backlight2SlpiNotifier brightness = 527
11-07 16:39:46.283   965  5029 D SurfaceFlinger: getHBMOverlayAlpha backlight=1057, mFodSystemBacklight=902, mBrightnessBackup=1057, mode=2
11-07 16:39:46.283   965  5029 D SurfaceFlinger: brightness=1057; alpha=0.536314 mode=2
11-07 16:39:46.283   965  5029 D SurfaceFlinger: , previous mode:1
11-07 16:39:46.283   864   928 D DisplayFeatureHal: writeDCBacklight setting backlight to 528
11-07 16:39:46.286  1352  1790 D libsensor-B2SNotifier: Backlight2SlpiNotifier brightness = 528
11-07 16:39:46.289   864   928 D DisplayFeatureHal: successfully write 528 into /sys/class/backlight/panel0-backlight/brightness
11-07 16:39:46.289  1352  1790 D libsensor-B2SNotifier: Backlight2SlpiNotifier brightness = 528
11-07 16:39:46.299   965  5029 D SurfaceFlinger: getHBMOverlayAlpha backlight=1058, mFodSystemBacklight=902, mBrightnessBackup=1058, mode=2
11-07 16:39:46.299   965  5029 D SurfaceFlinger: brightness=1058; alpha=0.536115 mode=2
11-07 16:39:46.299   965  5029 D SurfaceFlinger: , previous mode:1
11-07 16:39:46.299   864   928 D DisplayFeatureHal: writeDCBacklight setting backlight to 528
11-07 16:39:46.303  1352  1790 D libsensor-B2SNotifier: Backlight2SlpiNotifier brightness = 528
11-07 16:39:46.306   864   928 D DisplayFeatureHal: successfully write 528 into /sys/class/backlight/panel0-backlight/brightness
11-07 16:39:46.306  1352  1790 D libsensor-B2SNotifier: Backlight2SlpiNotifier brightness = 528
11-07 16:39:46.316   965  5029 D SurfaceFlinger: getHBMOverlayAlpha backlight=1060, mFodSystemBacklight=902, mBrightnessBackup=1060, mode=2
11-07 16:39:46.316   965  5029 D SurfaceFlinger: brightness=1060; alpha=0.535716 mode=2
11-07 16:39:46.316   965  5029 D SurfaceFlinger: , previous mode:1
11-07 16:39:46.316   864   928 D DisplayFeatureHal: writeDCBacklight setting backlight to 529
11-07 16:39:46.320  1352  1790 D libsensor-B2SNotifier: Backlight2SlpiNotifier brightness = 529
11-07 16:39:46.322   864   928 D DisplayFeatureHal: successfully write 529 into /sys/class/backlight/panel0-backlight/brightness
11-07 16:39:46.322  1352  1790 D libsensor-B2SNotifier: Backlight2SlpiNotifier brightness = 529
11-07 16:39:46.333   965  5029 D SurfaceFlinger: getHBMOverlayAlpha backlight=1061, mFodSystemBacklight=902, mBrightnessBackup=1061, mode=2
11-07 16:39:46.333   965  5029 D SurfaceFlinger: brightness=1061; alpha=0.535517 mode=2
11-07 16:39:46.333   965  5029 D SurfaceFlinger: , previous mode:1
11-07 16:39:46.333   864   928 D DisplayFeatureHal: writeDCBacklight setting backlight to 530
11-07 16:39:46.336  1352  1790 D libsensor-B2SNotifier: Backlight2SlpiNotifier brightness = 530
11-07 16:39:46.338   864   928 D DisplayFeatureHal: successfully write 530 into /sys/class/backlight/panel0-backlight/brightness
11-07 16:39:46.339  1352  1790 D libsensor-B2SNotifier: Backlight2SlpiNotifier brightness = 530
11-07 16:39:46.349   965  5029 D SurfaceFlinger: getHBMOverlayAlpha backlight=1062, mFodSystemBacklight=902, mBrightnessBackup=1062, mode=2
11-07 16:39:46.349   965  5029 D SurfaceFlinger: brightness=1062; alpha=0.535318 mode=2
11-07 16:39:46.349   965  5029 D SurfaceFlinger: , previous mode:1
11-07 16:39:46.349   864   928 D DisplayFeatureHal: writeDCBacklight setting backlight to 530
11-07 16:39:46.353  1352  1790 D libsensor-B2SNotifier: Backlight2SlpiNotifier brightness = 530
11-07 16:39:46.353  1612  4009 I MiuiNetworkPolicy: updateUidState uid = 10063, uidState = 16
11-07 16:39:46.359   864   928 D DisplayFeatureHal: successfully write 530 into /sys/class/backlight/panel0-backlight/brightness
11-07 16:39:46.359  1352  1790 D libsensor-B2SNotifier: Backlight2SlpiNotifier brightness = 530
11-07 16:39:46.366   965  5029 D SurfaceFlinger: getHBMOverlayAlpha backlight=1064, mFodSystemBacklight=902, mBrightnessBackup=1064, mode=2
11-07 16:39:46.366   965  5029 D SurfaceFlinger: brightness=1064; alpha=0.534921 mode=2
11-07 16:39:46.366   965  5029 D SurfaceFlinger: , previous mode:1
11-07 16:39:46.366   864   928 D DisplayFeatureHal: writeDCBacklight setting backlight to 531
11-07 16:39:46.369  1352  1790 D libsensor-B2SNotifier: Backlight2SlpiNotifier brightness = 531
11-07 16:39:46.372   864   928 D DisplayFeatureHal: successfully write 531 into /sys/class/backlight/panel0-backlight/brightness
11-07 16:39:46.372  1352  1790 D libsensor-B2SNotifier: Backlight2SlpiNotifier brightness = 531
11-07 16:39:46.383   965  5029 D SurfaceFlinger: getHBMOverlayAlpha backlight=1065, mFodSystemBacklight=902, mBrightnessBackup=1065, mode=2
11-07 16:39:46.383   965  5029 D SurfaceFlinger: brightness=1065; alpha=0.534722 mode=2
11-07 16:39:46.383   965  5029 D SurfaceFlinger: , previous mode:1
11-07 16:39:46.383   864   928 D DisplayFeatureHal: writeDCBacklight setting backlight to 532
11-07 16:39:46.386  1352  1790 D libsensor-B2SNotifier: Backlight2SlpiNotifier brightness = 532
11-07 16:39:46.386 12409 23261 W StudioProfiler: Directory /proc/22027/task doesn't exist.
11-07 16:39:46.389   864   928 D DisplayFeatureHal: successfully write 532 into /sys/class/backlight/panel0-backlight/brightness
11-07 16:39:46.389  1352  1790 D libsensor-B2SNotifier: Backlight2SlpiNotifier brightness = 532
11-07 16:39:46.399   965  5029 D SurfaceFlinger: getHBMOverlayAlpha backlight=1066, mFodSystemBacklight=902, mBrightnessBackup=1066, mode=2
11-07 16:39:46.400   965  5029 D SurfaceFlinger: brightness=1066; alpha=0.534523 mode=2
11-07 16:39:46.400   965  5029 D SurfaceFlinger: , previous mode:1
11-07 16:39:46.400   864   928 D DisplayFeatureHal: writeDCBacklight setting backlight to 532
11-07 16:39:46.402  1352  1790 D libsensor-B2SNotifier: Backlight2SlpiNotifier brightness = 532
11-07 16:39:46.405   864   928 D DisplayFeatureHal: successfully write 532 into /sys/class/backlight/panel0-backlight/brightness
11-07 16:39:46.405  1352  1790 D libsensor-B2SNotifier: Backlight2SlpiNotifier brightness = 532
11-07 16:39:46.416   965  5029 D SurfaceFlinger: getHBMOverlayAlpha backlight=1068, mFodSystemBacklight=902, mBrightnessBackup=1068, mode=2
11-07 16:39:46.416   965  5029 D SurfaceFlinger: brightness=1068; alpha=0.534127 mode=2
11-07 16:39:46.416   965  5029 D SurfaceFlinger: , previous mode:1
11-07 16:39:46.416   864   928 D DisplayFeatureHal: writeDCBacklight setting backlight to 533
11-07 16:39:46.419  1352  1790 D libsensor-B2SNotifier: Backlight2SlpiNotifier brightness = 533
11-07 16:39:46.422   864   928 D DisplayFeatureHal: successfully write 533 into /sys/class/backlight/panel0-backlight/brightness
11-07 16:39:46.422  1352  1790 D libsensor-B2SNotifier: Backlight2SlpiNotifier brightness = 533
11-07 16:39:46.433   965  5029 D SurfaceFlinger: getHBMOverlayAlpha backlight=1069, mFodSystemBacklight=902, mBrightnessBackup=1069, mode=2
11-07 16:39:46.433   965  5029 D SurfaceFlinger: brightness=1069; alpha=0.533928 mode=2
11-07 16:39:46.433   965  5029 D SurfaceFlinger: , previous mode:1
11-07 16:39:46.433   864   928 D DisplayFeatureHal: writeDCBacklight setting backlight to 534
11-07 16:39:46.436  1352  1790 D libsensor-B2SNotifier: Backlight2SlpiNotifier brightness = 534
11-07 16:39:46.440   864   928 D DisplayFeatureHal: successfully write 534 into /sys/class/backlight/panel0-backlight/brightness
11-07 16:39:46.440  1352  1790 D libsensor-B2SNotifier: Backlight2SlpiNotifier brightness = 534
11-07 16:39:46.449   965  5029 D SurfaceFlinger: getHBMOverlayAlpha backlight=1071, mFodSystemBacklight=902, mBrightnessBackup=1071, mode=2
11-07 16:39:46.449   965  5029 D SurfaceFlinger: brightness=1071; alpha=0.533532 mode=2
11-07 16:39:46.449   965  5029 D SurfaceFlinger: , previous mode:1
11-07 16:39:46.450   864   928 D DisplayFeatureHal: writeDCBacklight setting backlight to 535
11-07 16:39:46.452  1352  1790 D libsensor-B2SNotifier: Backlight2SlpiNotifier brightness = 535
11-07 16:39:46.455   864   928 D DisplayFeatureHal: successfully write 535 into /sys/class/backlight/panel0-backlight/brightness
11-07 16:39:46.455  1352  1790 D libsensor-B2SNotifier: Backlight2SlpiNotifier brightness = 535
11-07 16:39:46.466   965  5029 D SurfaceFlinger: getHBMOverlayAlpha backlight=1072, mFodSystemBacklight=902, mBrightnessBackup=1072, mode=2
11-07 16:39:46.466   965  5029 D SurfaceFlinger: brightness=1072; alpha=0.533334 mode=2
11-07 16:39:46.466   965  5029 D SurfaceFlinger: , previous mode:1
11-07 16:39:46.466   864   928 D DisplayFeatureHal: writeDCBacklight setting backlight to 535
11-07 16:39:46.469  1352  1790 D libsensor-B2SNotifier: Backlight2SlpiNotifier brightness = 535
11-07 16:39:46.473   864   928 D DisplayFeatureHal: successfully write 535 into /sys/class/backlight/panel0-backlight/brightness
11-07 16:39:46.473  1352  1790 D libsensor-B2SNotifier: Backlight2SlpiNotifier brightness = 535
11-07 16:39:46.483   965  5029 D SurfaceFlinger: getHBMOverlayAlpha backlight=1073, mFodSystemBacklight=902, mBrightnessBackup=1073, mode=2
11-07 16:39:46.483   965  5029 D SurfaceFlinger: brightness=1073; alpha=0.533137 mode=2
11-07 16:39:46.483   965  5029 D SurfaceFlinger: , previous mode:1
11-07 16:39:46.483   864   928 D DisplayFeatureHal: writeDCBacklight setting backlight to 536
11-07 16:39:46.486  1352  1790 D libsensor-B2SNotifier: Backlight2SlpiNotifier brightness = 536
11-07 16:39:46.489   864   928 D DisplayFeatureHal: successfully write 536 into /sys/class/backlight/panel0-backlight/brightness
11-07 16:39:46.489  1352  1790 D libsensor-B2SNotifier: Backlight2SlpiNotifier brightness = 536
11-07 16:39:46.500   965  5029 D SurfaceFlinger: getHBMOverlayAlpha backlight=1075, mFodSystemBacklight=902, mBrightnessBackup=1075, mode=2
11-07 16:39:46.500   965  5029 D SurfaceFlinger: brightness=1075; alpha=0.532741 mode=2
11-07 16:39:46.500   965  5029 D SurfaceFlinger: , previous mode:1
11-07 16:39:46.500   864   928 D DisplayFeatureHal: writeDCBacklight setting backlight to 537
11-07 16:39:46.503  1352  1790 D libsensor-B2SNotifier: Backlight2SlpiNotifier brightness = 537
11-07 16:39:46.506   864   928 D DisplayFeatureHal: successfully write 537 into /sys/class/backlight/panel0-backlight/brightness
11-07 16:39:46.506  1352  1790 D libsensor-B2SNotifier: Backlight2SlpiNotifier brightness = 537
11-07 16:39:46.516   965  5029 D SurfaceFlinger: getHBMOverlayAlpha backlight=1076, mFodSystemBacklight=902, mBrightnessBackup=1076, mode=2
11-07 16:39:46.516   965  5029 D SurfaceFlinger: brightness=1076; alpha=0.532544 mode=2
11-07 16:39:46.516   965  5029 D SurfaceFlinger: , previous mode:1
11-07 16:39:46.516   864   928 D DisplayFeatureHal: writeDCBacklight setting backlight to 537
11-07 16:39:46.519  1352  1790 D libsensor-B2SNotifier: Backlight2SlpiNotifier brightness = 537
11-07 16:39:46.519   683 13268 I netd    : trafficSwapActiveStatsMap() <0.41ms>
11-07 16:39:46.521   683 13268 I netd    : tetherGetStats() <0.55ms>
11-07 16:39:46.524   683 13268 I netd    : trafficSwapActiveStatsMap() <0.10ms>
11-07 16:39:46.524   864   928 D DisplayFeatureHal: successfully write 537 into /sys/class/backlight/panel0-backlight/brightness
11-07 16:39:46.524  1352  1790 D libsensor-B2SNotifier: Backlight2SlpiNotifier brightness = 537
11-07 16:39:46.525   683 13268 I netd    : tetherGetStats() <0.51ms>
11-07 16:39:46.533   864   928 D DisplayFeatureHal: writeDCBacklight setting backlight to 538
11-07 16:39:46.533   965  5029 D SurfaceFlinger: getHBMOverlayAlpha backlight=1077, mFodSystemBacklight=902, mBrightnessBackup=1077, mode=2
11-07 16:39:46.533   965  5029 D SurfaceFlinger: brightness=1077; alpha=0.532346 mode=2
11-07 16:39:46.533   965  5029 D SurfaceFlinger: , previous mode:1
11-07 16:39:46.536  1352  1790 D libsensor-B2SNotifier: Backlight2SlpiNotifier brightness = 538
11-07 16:39:46.539   864   928 D DisplayFeatureHal: successfully write 538 into /sys/class/backlight/panel0-backlight/brightness
11-07 16:39:46.539  1352  1790 D libsensor-B2SNotifier: Backlight2SlpiNotifier brightness = 538
11-07 16:39:46.549   965  5029 D SurfaceFlinger: getHBMOverlayAlpha backlight=1079, mFodSystemBacklight=902, mBrightnessBackup=1079, mode=2
11-07 16:39:46.549   965  5029 D SurfaceFlinger: brightness=1079; alpha=0.531952 mode=2
11-07 16:39:46.549   965  5029 D SurfaceFlinger: , previous mode:1
11-07 16:39:46.549   864   928 D DisplayFeatureHal: writeDCBacklight setting backlight to 539
11-07 16:39:46.552  1352  1790 D libsensor-B2SNotifier: Backlight2SlpiNotifier brightness = 539
11-07 16:39:46.556   864   928 D DisplayFeatureHal: successfully write 539 into /sys/class/backlight/panel0-backlight/brightness
11-07 16:39:46.556  1352  1790 D libsensor-B2SNotifier: Backlight2SlpiNotifier brightness = 539
11-07 16:39:46.566   965  5029 D SurfaceFlinger: getHBMOverlayAlpha backlight=1080, mFodSystemBacklight=902, mBrightnessBackup=1080, mode=2
11-07 16:39:46.566   965  5029 D SurfaceFlinger: brightness=1080; alpha=0.531755 mode=2
